2026-08-24 13:30:48,490 [INFO] === Auto Council Pipeline  ===
2026-08-24 13:30:48,490 [INFO] Scanning for new council agendas...
2026-08-24 13:30:48,490 [INFO] Running: scan_agendas
2026-08-24 13:30:48,490 [DEBUG]   Command: /opt/hostedtoolcache/Python/3.12.14/x64/bin/python /home/runner/work/context-engine/context-engine/scripts/scan_agendas.py
2026-08-24 13:32:22,764 [INFO] Checking for new council meeting videos...
2026-08-24 13:32:23,960 [INFO] Found 10 new video(s):
2026-08-24 13:32:23,961 [INFO]   sFGgWJYzEEc — Common Council Study Session 08-19-26 (85 min)
2026-08-24 13:32:23,961 [INFO]   u_bzDAQv-yg — Public Safety Committee Meeting 08-11-26 (41 min)
2026-08-24 13:32:23,961 [INFO]   TsFjOF3xXLo — Public Works & Infrastructure Committee Meeting 08-05-26 (72 min)
2026-08-24 13:32:23,961 [INFO]   PX0wBKS9cTE — Common Council Study Session 08-03-26 (29 min)
2026-08-24 13:32:23,961 [INFO]   tFysHY6D5Yo — Common Council Regular Meeting 08-03-26 (63 min)
2026-08-24 13:32:23,961 [INFO]   W6AoaMA2rAI — Public Safety Committee Meeting 07-29-26 (83 min)
2026-08-24 13:32:23,961 [INFO]   vEVMFf6pT_s — Common Council Study Session 07-29-26 (119 min)
2026-08-24 13:32:23,961 [INFO]   V-dzIOEUJeo — Public Transportation Committee Meeting 07-15-26 (88 min)
2026-08-24 13:32:23,961 [INFO]   0eNTmfjT_y8 — Common Council Regular Meeting 07-13-26 (48 min)
2026-08-24 13:32:23,961 [INFO]   3y1QW5GaJ2w — Common Council Regular Meeting 07-13-26 (58 min)
2026-08-24 13:32:23,961 [INFO] Limiting to 5 video(s)
2026-08-24 13:32:23,961 [INFO] Processing: Common Council Study Session 08-19-26 (sFGgWJYzEEc)
2026-08-24 13:32:23,961 [INFO] Running: pull_transcript (sFGgWJYzEEc)
2026-08-24 13:32:23,961 [DEBUG]   Command: /opt/hostedtoolcache/Python/3.12.14/x64/bin/python /home/runner/work/context-engine/context-engine/scripts/pull_transcript.py sFGgWJYzEEc
2026-08-24 13:32:24,680 [DEBUG]   Video ID: sFGgWJYzEEc
2026-08-24 13:32:24,680 [DEBUG]   Fetching transcript...
2026-08-24 13:32:24,680 [DEBUG]   Error fetching transcript: 
2026-08-24 13:32:24,680 [DEBUG]   Could not retrieve a transcript for the video https://www.youtube.com/watch?v=sFGgWJYzEEc! This is most likely caused by:
2026-08-24 13:32:24,680 [DEBUG]   
2026-08-24 13:32:24,680 [DEBUG]   YouTube is blocking requests from your IP. This usually is due to one of the following reasons:
2026-08-24 13:32:24,680 [DEBUG]   - You have done too many requests and your IP has been blocked by YouTube
2026-08-24 13:32:24,680 [DEBUG]   - You are doing requests from an IP belonging to a cloud provider (like AWS, Google Cloud Platform, Azure, etc.). Unfortunately, most IPs from cloud providers are blocked by YouTube.
2026-08-24 13:32:24,680 [DEBUG]   
2026-08-24 13:32:24,680 [DEBUG]   Ways to work around this are explained in the "Working around IP bans" section of the README (https://github.com/jdepoix/youtube-transcript-api?tab=readme-ov-file#working-around-ip-bans-requestblocked-or-ipblocked-exception).
2026-08-24 13:32:24,680 [DEBUG]   
2026-08-24 13:32:24,680 [DEBUG]   
2026-08-24 13:32:24,681 [DEBUG]   If you are sure that the described cause is not responsible for this error and that a transcript should be retrievable, please create an issue at https://github.com/jdepoix/youtube-transcript-api/issues. Please add which version of youtube_transcript_api you are using and provide the information needed to replicate the error. Also make sure that there are no open issues which already describe your problem!
2026-08-24 13:32:24,681 [ERROR]   pull_transcript (sFGgWJYzEEc) failed (exit 1)
2026-08-24 13:32:24,681 [INFO] Processing: Public Safety Committee Meeting 08-11-26 (u_bzDAQv-yg)
2026-08-24 13:32:24,681 [INFO] Running: pull_transcript (u_bzDAQv-yg)
2026-08-24 13:32:24,681 [DEBUG]   Command: /opt/hostedtoolcache/Python/3.12.14/x64/bin/python /home/runner/work/context-engine/context-engine/scripts/pull_transcript.py u_bzDAQv-yg
2026-08-24 13:32:25,216 [DEBUG]   Video ID: u_bzDAQv-yg
2026-08-24 13:32:25,216 [DEBUG]   Fetching transcript...
2026-08-24 13:32:25,216 [DEBUG]   Error fetching transcript: 
2026-08-24 13:32:25,216 [DEBUG]   Could not retrieve a transcript for the video https://www.youtube.com/watch?v=u_bzDAQv-yg! This is most likely caused by:
2026-08-24 13:32:25,216 [DEBUG]   
2026-08-24 13:32:25,216 [DEBUG]   YouTube is blocking requests from your IP. This usually is due to one of the following reasons:
2026-08-24 13:32:25,216 [DEBUG]   - You have done too many requests and your IP has been blocked by YouTube
2026-08-24 13:32:25,216 [DEBUG]   - You are doing requests from an IP belonging to a cloud provider (like AWS, Google Cloud Platform, Azure, etc.). Unfortunately, most IPs from cloud providers are blocked by YouTube.
2026-08-24 13:32:25,216 [DEBUG]   
2026-08-24 13:32:25,216 [DEBUG]   Ways to work around this are explained in the "Working around IP bans" section of the README (https://github.com/jdepoix/youtube-transcript-api?tab=readme-ov-file#working-around-ip-bans-requestblocked-or-ipblocked-exception).
2026-08-24 13:32:25,216 [DEBUG]   
2026-08-24 13:32:25,216 [DEBUG]   
2026-08-24 13:32:25,216 [DEBUG]   If you are sure that the described cause is not responsible for this error and that a transcript should be retrievable, please create an issue at https://github.com/jdepoix/youtube-transcript-api/issues. Please add which version of youtube_transcript_api you are using and provide the information needed to replicate the error. Also make sure that there are no open issues which already describe your problem!
2026-08-24 13:32:25,216 [ERROR]   pull_transcript (u_bzDAQv-yg) failed (exit 1)
2026-08-24 13:32:25,216 [INFO] Processing: Public Works & Infrastructure Committee Meeting 08-05-26 (TsFjOF3xXLo)
2026-08-24 13:32:25,216 [INFO] Running: pull_transcript (TsFjOF3xXLo)
2026-08-24 13:32:25,216 [DEBUG]   Command: /opt/hostedtoolcache/Python/3.12.14/x64/bin/python /home/runner/work/context-engine/context-engine/scripts/pull_transcript.py TsFjOF3xXLo
2026-08-24 13:32:25,815 [DEBUG]   Video ID: TsFjOF3xXLo
2026-08-24 13:32:25,815 [DEBUG]   Fetching transcript...
2026-08-24 13:32:25,815 [DEBUG]   Error fetching transcript: 
2026-08-24 13:32:25,815 [DEBUG]   Could not retrieve a transcript for the video https://www.youtube.com/watch?v=TsFjOF3xXLo! This is most likely caused by:
2026-08-24 13:32:25,815 [DEBUG]   
2026-08-24 13:32:25,815 [DEBUG]   YouTube is blocking requests from your IP. This usually is due to one of the following reasons:
2026-08-24 13:32:25,815 [DEBUG]   - You have done too many requests and your IP has been blocked by YouTube
2026-08-24 13:32:25,815 [DEBUG]   - You are doing requests from an IP belonging to a cloud provider (like AWS, Google Cloud Platform, Azure, etc.). Unfortunately, most IPs from cloud providers are blocked by YouTube.
2026-08-24 13:32:25,815 [DEBUG]   
2026-08-24 13:32:25,815 [DEBUG]   Ways to work around this are explained in the "Working around IP bans" section of the README (https://github.com/jdepoix/youtube-transcript-api?tab=readme-ov-file#working-around-ip-bans-requestblocked-or-ipblocked-exception).
2026-08-24 13:32:25,815 [DEBUG]   
2026-08-24 13:32:25,815 [DEBUG]   
2026-08-24 13:32:25,815 [DEBUG]   If you are sure that the described cause is not responsible for this error and that a transcript should be retrievable, please create an issue at https://github.com/jdepoix/youtube-transcript-api/issues. Please add which version of youtube_transcript_api you are using and provide the information needed to replicate the error. Also make sure that there are no open issues which already describe your problem!
2026-08-24 13:32:25,815 [ERROR]   pull_transcript (TsFjOF3xXLo) failed (exit 1)
2026-08-24 13:32:25,815 [INFO] Processing: Common Council Study Session 08-03-26 (PX0wBKS9cTE)
2026-08-24 13:32:25,815 [INFO] Running: pull_transcript (PX0wBKS9cTE)
2026-08-24 13:32:25,815 [DEBUG]   Command: /opt/hostedtoolcache/Python/3.12.14/x64/bin/python /home/runner/work/context-engine/context-engine/scripts/pull_transcript.py PX0wBKS9cTE
2026-08-24 13:32:26,532 [DEBUG]   Video ID: PX0wBKS9cTE
2026-08-24 13:32:26,533 [DEBUG]   Fetching transcript...
2026-08-24 13:32:26,533 [DEBUG]   Error fetching transcript: 
2026-08-24 13:32:26,533 [DEBUG]   Could not retrieve a transcript for the video https://www.youtube.com/watch?v=PX0wBKS9cTE! This is most likely caused by:
2026-08-24 13:32:26,533 [DEBUG]   
2026-08-24 13:32:26,533 [DEBUG]   YouTube is blocking requests from your IP. This usually is due to one of the following reasons:
2026-08-24 13:32:26,533 [DEBUG]   - You have done too many requests and your IP has been blocked by YouTube
2026-08-24 13:32:26,533 [DEBUG]   - You are doing requests from an IP belonging to a cloud provider (like AWS, Google Cloud Platform, Azure, etc.). Unfortunately, most IPs from cloud providers are blocked by YouTube.
2026-08-24 13:32:26,533 [DEBUG]   
2026-08-24 13:32:26,533 [DEBUG]   Ways to work around this are explained in the "Working around IP bans" section of the README (https://github.com/jdepoix/youtube-transcript-api?tab=readme-ov-file#working-around-ip-bans-requestblocked-or-ipblocked-exception).
2026-08-24 13:32:26,533 [DEBUG]   
2026-08-24 13:32:26,533 [DEBUG]   
2026-08-24 13:32:26,533 [DEBUG]   If you are sure that the described cause is not responsible for this error and that a transcript should be retrievable, please create an issue at https://github.com/jdepoix/youtube-transcript-api/issues. Please add which version of youtube_transcript_api you are using and provide the information needed to replicate the error. Also make sure that there are no open issues which already describe your problem!
2026-08-24 13:32:26,533 [ERROR]   pull_transcript (PX0wBKS9cTE) failed (exit 1)
2026-08-24 13:32:26,533 [INFO] Processing: Common Council Regular Meeting 08-03-26 (tFysHY6D5Yo)
2026-08-24 13:32:26,533 [INFO] Running: pull_transcript (tFysHY6D5Yo)
2026-08-24 13:32:26,533 [DEBUG]   Command: /opt/hostedtoolcache/Python/3.12.14/x64/bin/python /home/runner/work/context-engine/context-engine/scripts/pull_transcript.py tFysHY6D5Yo
2026-08-24 13:32:27,055 [DEBUG]   Video ID: tFysHY6D5Yo
2026-08-24 13:32:27,055 [DEBUG]   Fetching transcript...
2026-08-24 13:32:27,055 [DEBUG]   Error fetching transcript: 
2026-08-24 13:32:27,055 [DEBUG]   Could not retrieve a transcript for the video https://www.youtube.com/watch?v=tFysHY6D5Yo! This is most likely caused by:
2026-08-24 13:32:27,055 [DEBUG]   
2026-08-24 13:32:27,055 [DEBUG]   YouTube is blocking requests from your IP. This usually is due to one of the following reasons:
2026-08-24 13:32:27,055 [DEBUG]   - You have done too many requests and your IP has been blocked by YouTube
2026-08-24 13:32:27,055 [DEBUG]   - You are doing requests from an IP belonging to a cloud provider (like AWS, Google Cloud Platform, Azure, etc.). Unfortunately, most IPs from cloud providers are blocked by YouTube.
2026-08-24 13:32:27,055 [DEBUG]   
2026-08-24 13:32:27,055 [DEBUG]   Ways to work around this are explained in the "Working around IP bans" section of the README (https://github.com/jdepoix/youtube-transcript-api?tab=readme-ov-file#working-around-ip-bans-requestblocked-or-ipblocked-exception).
2026-08-24 13:32:27,055 [DEBUG]   
2026-08-24 13:32:27,055 [DEBUG]   
2026-08-24 13:32:27,055 [DEBUG]   If you are sure that the described cause is not responsible for this error and that a transcript should be retrievable, please create an issue at https://github.com/jdepoix/youtube-transcript-api/issues. Please add which version of youtube_transcript_api you are using and provide the information needed to replicate the error. Also make sure that there are no open issues which already describe your problem!
2026-08-24 13:32:27,055 [ERROR]   pull_transcript (tFysHY6D5Yo) failed (exit 1)
2026-08-24 13:32:27,055 [INFO] 
==================================================
2026-08-24 13:32:27,055 [INFO] PIPELINE SUMMARY 
2026-08-24 13:32:27,055 [INFO]   Videos detected: 5
2026-08-24 13:32:27,055 [INFO]   Successful: 0
2026-08-24 13:32:27,055 [INFO]   Failed: 5
2026-08-24 13:32:27,055 [ERROR]   FAILED: sFGgWJYzEEc — pull_transcript failed
2026-08-24 13:32:27,056 [ERROR]   FAILED: u_bzDAQv-yg — pull_transcript failed
2026-08-24 13:32:27,056 [ERROR]   FAILED: TsFjOF3xXLo — pull_transcript failed
2026-08-24 13:32:27,056 [ERROR]   FAILED: PX0wBKS9cTE — pull_transcript failed
2026-08-24 13:32:27,056 [ERROR]   FAILED: tFysHY6D5Yo — pull_transcript failed
