2026-08-21 13:26:27,744 [INFO] === Auto Council Pipeline  ===
2026-08-21 13:26:27,744 [INFO] Scanning for new council agendas...
2026-08-21 13:26:27,744 [INFO] Running: scan_agendas
2026-08-21 13:26:27,745 [DEBUG]   Command: /opt/hostedtoolcache/Python/3.12.14/x64/bin/python /home/runner/work/context-engine/context-engine/scripts/scan_agendas.py
2026-08-21 13:28:29,910 [INFO] Checking for new council meeting videos...
2026-08-21 13:28:30,780 [INFO] Found 10 new video(s):
2026-08-21 13:28:30,780 [INFO]   sFGgWJYzEEc — Common Council Study Session 08-19-26 (85 min)
2026-08-21 13:28:30,780 [INFO]   u_bzDAQv-yg — Public Safety Committee Meeting 08-11-26 (41 min)
2026-08-21 13:28:30,780 [INFO]   TsFjOF3xXLo — Public Works & Infrastructure Committee Meeting 08-05-26 (72 min)
2026-08-21 13:28:30,780 [INFO]   PX0wBKS9cTE — Common Council Study Session 08-03-26 (29 min)
2026-08-21 13:28:30,780 [INFO]   tFysHY6D5Yo — Common Council Regular Meeting 08-03-26 (63 min)
2026-08-21 13:28:30,781 [INFO]   W6AoaMA2rAI — Public Safety Committee Meeting 07-29-26 (83 min)
2026-08-21 13:28:30,781 [INFO]   vEVMFf6pT_s — Common Council Study Session 07-29-26 (119 min)
2026-08-21 13:28:30,781 [INFO]   V-dzIOEUJeo — Public Transportation Committee Meeting 07-15-26 (88 min)
2026-08-21 13:28:30,781 [INFO]   0eNTmfjT_y8 — Common Council Regular Meeting 07-13-26 (48 min)
2026-08-21 13:28:30,781 [INFO]   3y1QW5GaJ2w — Common Council Regular Meeting 07-13-26 (58 min)
2026-08-21 13:28:30,781 [INFO] Limiting to 5 video(s)
2026-08-21 13:28:30,781 [INFO] Processing: Common Council Study Session 08-19-26 (sFGgWJYzEEc)
2026-08-21 13:28:30,781 [INFO] Running: pull_transcript (sFGgWJYzEEc)
2026-08-21 13:28:30,781 [DEBUG]   Command: /opt/hostedtoolcache/Python/3.12.14/x64/bin/python /home/runner/work/context-engine/context-engine/scripts/pull_transcript.py sFGgWJYzEEc
2026-08-21 13:28:31,665 [DEBUG]   Video ID: sFGgWJYzEEc
2026-08-21 13:28:31,665 [DEBUG]   Fetching transcript...
2026-08-21 13:28:31,665 [DEBUG]   Error fetching transcript: 
2026-08-21 13:28:31,665 [DEBUG]   Could not retrieve a transcript for the video https://www.youtube.com/watch?v=sFGgWJYzEEc! This is most likely caused by:
2026-08-21 13:28:31,665 [DEBUG]   
2026-08-21 13:28:31,665 [DEBUG]   YouTube is blocking requests from your IP. This usually is due to one of the following reasons:
2026-08-21 13:28:31,665 [DEBUG]   - You have done too many requests and your IP has been blocked by YouTube
2026-08-21 13:28:31,665 [DEBUG]   - You are doing requests from an IP belonging to a cloud provider (like AWS, Google Cloud Platform, Azure, etc.). Unfortunately, most IPs from cloud providers are blocked by YouTube.
2026-08-21 13:28:31,665 [DEBUG]   
2026-08-21 13:28:31,665 [DEBUG]   There are two things you can do to work around this:
2026-08-21 13:28:31,665 [DEBUG]   1. Use proxies to hide your IP address, as explained in the "Working around IP bans" section of the README (https://github.com/jdepoix/youtube-transcript-api?tab=readme-ov-file#working-around-ip-bans-requestblocked-or-ipblocked-exception).
2026-08-21 13:28:31,665 [DEBUG]   2. (NOT RECOMMENDED) If you authenticate your requests using cookies, you will be able to continue doing requests for a while. However, YouTube will eventually permanently ban the account that you have used to authenticate with! So only do this if you don't mind your account being banned!
2026-08-21 13:28:31,665 [DEBUG]   
2026-08-21 13:28:31,665 [DEBUG]   If you are sure that the described cause is not responsible for this error and that a transcript should be retrievable, please create an issue at https://github.com/jdepoix/youtube-transcript-api/issues. Please add which version of youtube_transcript_api you are using and provide the information needed to replicate the error. Also make sure that there are no open issues which already describe your problem!
2026-08-21 13:28:31,665 [ERROR]   pull_transcript (sFGgWJYzEEc) failed (exit 1)
2026-08-21 13:28:31,665 [INFO] Processing: Public Safety Committee Meeting 08-11-26 (u_bzDAQv-yg)
2026-08-21 13:28:31,666 [INFO] Running: pull_transcript (u_bzDAQv-yg)
2026-08-21 13:28:31,666 [DEBUG]   Command: /opt/hostedtoolcache/Python/3.12.14/x64/bin/python /home/runner/work/context-engine/context-engine/scripts/pull_transcript.py u_bzDAQv-yg
2026-08-21 13:28:32,452 [DEBUG]   Video ID: u_bzDAQv-yg
2026-08-21 13:28:32,452 [DEBUG]   Fetching transcript...
2026-08-21 13:28:32,452 [DEBUG]   Error fetching transcript: 
2026-08-21 13:28:32,452 [DEBUG]   Could not retrieve a transcript for the video https://www.youtube.com/watch?v=u_bzDAQv-yg! This is most likely caused by:
2026-08-21 13:28:32,452 [DEBUG]   
2026-08-21 13:28:32,452 [DEBUG]   YouTube is blocking requests from your IP. This usually is due to one of the following reasons:
2026-08-21 13:28:32,452 [DEBUG]   - You have done too many requests and your IP has been blocked by YouTube
2026-08-21 13:28:32,452 [DEBUG]   - You are doing requests from an IP belonging to a cloud provider (like AWS, Google Cloud Platform, Azure, etc.). Unfortunately, most IPs from cloud providers are blocked by YouTube.
2026-08-21 13:28:32,452 [DEBUG]   
2026-08-21 13:28:32,452 [DEBUG]   There are two things you can do to work around this:
2026-08-21 13:28:32,452 [DEBUG]   1. Use proxies to hide your IP address, as explained in the "Working around IP bans" section of the README (https://github.com/jdepoix/youtube-transcript-api?tab=readme-ov-file#working-around-ip-bans-requestblocked-or-ipblocked-exception).
2026-08-21 13:28:32,452 [DEBUG]   2. (NOT RECOMMENDED) If you authenticate your requests using cookies, you will be able to continue doing requests for a while. However, YouTube will eventually permanently ban the account that you have used to authenticate with! So only do this if you don't mind your account being banned!
2026-08-21 13:28:32,452 [DEBUG]   
2026-08-21 13:28:32,452 [DEBUG]   If you are sure that the described cause is not responsible for this error and that a transcript should be retrievable, please create an issue at https://github.com/jdepoix/youtube-transcript-api/issues. Please add which version of youtube_transcript_api you are using and provide the information needed to replicate the error. Also make sure that there are no open issues which already describe your problem!
2026-08-21 13:28:32,452 [ERROR]   pull_transcript (u_bzDAQv-yg) failed (exit 1)
2026-08-21 13:28:32,452 [INFO] Processing: Public Works & Infrastructure Committee Meeting 08-05-26 (TsFjOF3xXLo)
2026-08-21 13:28:32,452 [INFO] Running: pull_transcript (TsFjOF3xXLo)
2026-08-21 13:28:32,452 [DEBUG]   Command: /opt/hostedtoolcache/Python/3.12.14/x64/bin/python /home/runner/work/context-engine/context-engine/scripts/pull_transcript.py TsFjOF3xXLo
2026-08-21 13:28:33,499 [DEBUG]   Video ID: TsFjOF3xXLo
2026-08-21 13:28:33,500 [DEBUG]   Fetching transcript...
2026-08-21 13:28:33,500 [DEBUG]   Error fetching transcript: 
2026-08-21 13:28:33,500 [DEBUG]   Could not retrieve a transcript for the video https://www.youtube.com/watch?v=TsFjOF3xXLo! This is most likely caused by:
2026-08-21 13:28:33,500 [DEBUG]   
2026-08-21 13:28:33,500 [DEBUG]   YouTube is blocking requests from your IP. This usually is due to one of the following reasons:
2026-08-21 13:28:33,500 [DEBUG]   - You have done too many requests and your IP has been blocked by YouTube
2026-08-21 13:28:33,500 [DEBUG]   - You are doing requests from an IP belonging to a cloud provider (like AWS, Google Cloud Platform, Azure, etc.). Unfortunately, most IPs from cloud providers are blocked by YouTube.
2026-08-21 13:28:33,500 [DEBUG]   
2026-08-21 13:28:33,500 [DEBUG]   There are two things you can do to work around this:
2026-08-21 13:28:33,500 [DEBUG]   1. Use proxies to hide your IP address, as explained in the "Working around IP bans" section of the README (https://github.com/jdepoix/youtube-transcript-api?tab=readme-ov-file#working-around-ip-bans-requestblocked-or-ipblocked-exception).
2026-08-21 13:28:33,500 [DEBUG]   2. (NOT RECOMMENDED) If you authenticate your requests using cookies, you will be able to continue doing requests for a while. However, YouTube will eventually permanently ban the account that you have used to authenticate with! So only do this if you don't mind your account being banned!
2026-08-21 13:28:33,500 [DEBUG]   
2026-08-21 13:28:33,500 [DEBUG]   If you are sure that the described cause is not responsible for this error and that a transcript should be retrievable, please create an issue at https://github.com/jdepoix/youtube-transcript-api/issues. Please add which version of youtube_transcript_api you are using and provide the information needed to replicate the error. Also make sure that there are no open issues which already describe your problem!
2026-08-21 13:28:33,500 [ERROR]   pull_transcript (TsFjOF3xXLo) failed (exit 1)
2026-08-21 13:28:33,500 [INFO] Processing: Common Council Study Session 08-03-26 (PX0wBKS9cTE)
2026-08-21 13:28:33,500 [INFO] Running: pull_transcript (PX0wBKS9cTE)
2026-08-21 13:28:33,500 [DEBUG]   Command: /opt/hostedtoolcache/Python/3.12.14/x64/bin/python /home/runner/work/context-engine/context-engine/scripts/pull_transcript.py PX0wBKS9cTE
2026-08-21 13:28:34,352 [DEBUG]   Video ID: PX0wBKS9cTE
2026-08-21 13:28:34,352 [DEBUG]   Fetching transcript...
2026-08-21 13:28:34,352 [DEBUG]   Error fetching transcript: 
2026-08-21 13:28:34,352 [DEBUG]   Could not retrieve a transcript for the video https://www.youtube.com/watch?v=PX0wBKS9cTE! This is most likely caused by:
2026-08-21 13:28:34,352 [DEBUG]   
2026-08-21 13:28:34,352 [DEBUG]   YouTube is blocking requests from your IP. This usually is due to one of the following reasons:
2026-08-21 13:28:34,352 [DEBUG]   - You have done too many requests and your IP has been blocked by YouTube
2026-08-21 13:28:34,352 [DEBUG]   - You are doing requests from an IP belonging to a cloud provider (like AWS, Google Cloud Platform, Azure, etc.). Unfortunately, most IPs from cloud providers are blocked by YouTube.
2026-08-21 13:28:34,352 [DEBUG]   
2026-08-21 13:28:34,352 [DEBUG]   There are two things you can do to work around this:
2026-08-21 13:28:34,352 [DEBUG]   1. Use proxies to hide your IP address, as explained in the "Working around IP bans" section of the README (https://github.com/jdepoix/youtube-transcript-api?tab=readme-ov-file#working-around-ip-bans-requestblocked-or-ipblocked-exception).
2026-08-21 13:28:34,352 [DEBUG]   2. (NOT RECOMMENDED) If you authenticate your requests using cookies, you will be able to continue doing requests for a while. However, YouTube will eventually permanently ban the account that you have used to authenticate with! So only do this if you don't mind your account being banned!
2026-08-21 13:28:34,352 [DEBUG]   
2026-08-21 13:28:34,352 [DEBUG]   If you are sure that the described cause is not responsible for this error and that a transcript should be retrievable, please create an issue at https://github.com/jdepoix/youtube-transcript-api/issues. Please add which version of youtube_transcript_api you are using and provide the information needed to replicate the error. Also make sure that there are no open issues which already describe your problem!
2026-08-21 13:28:34,352 [ERROR]   pull_transcript (PX0wBKS9cTE) failed (exit 1)
2026-08-21 13:28:34,352 [INFO] Processing: Common Council Regular Meeting 08-03-26 (tFysHY6D5Yo)
2026-08-21 13:28:34,352 [INFO] Running: pull_transcript (tFysHY6D5Yo)
2026-08-21 13:28:34,353 [DEBUG]   Command: /opt/hostedtoolcache/Python/3.12.14/x64/bin/python /home/runner/work/context-engine/context-engine/scripts/pull_transcript.py tFysHY6D5Yo
2026-08-21 13:28:35,286 [DEBUG]   Video ID: tFysHY6D5Yo
2026-08-21 13:28:35,286 [DEBUG]   Fetching transcript...
2026-08-21 13:28:35,286 [DEBUG]   Error fetching transcript: 
2026-08-21 13:28:35,286 [DEBUG]   Could not retrieve a transcript for the video https://www.youtube.com/watch?v=tFysHY6D5Yo! This is most likely caused by:
2026-08-21 13:28:35,286 [DEBUG]   
2026-08-21 13:28:35,286 [DEBUG]   YouTube is blocking requests from your IP. This usually is due to one of the following reasons:
2026-08-21 13:28:35,287 [DEBUG]   - You have done too many requests and your IP has been blocked by YouTube
2026-08-21 13:28:35,287 [DEBUG]   - You are doing requests from an IP belonging to a cloud provider (like AWS, Google Cloud Platform, Azure, etc.). Unfortunately, most IPs from cloud providers are blocked by YouTube.
2026-08-21 13:28:35,287 [DEBUG]   
2026-08-21 13:28:35,287 [DEBUG]   There are two things you can do to work around this:
2026-08-21 13:28:35,287 [DEBUG]   1. Use proxies to hide your IP address, as explained in the "Working around IP bans" section of the README (https://github.com/jdepoix/youtube-transcript-api?tab=readme-ov-file#working-around-ip-bans-requestblocked-or-ipblocked-exception).
2026-08-21 13:28:35,287 [DEBUG]   2. (NOT RECOMMENDED) If you authenticate your requests using cookies, you will be able to continue doing requests for a while. However, YouTube will eventually permanently ban the account that you have used to authenticate with! So only do this if you don't mind your account being banned!
2026-08-21 13:28:35,287 [DEBUG]   
2026-08-21 13:28:35,287 [DEBUG]   If you are sure that the described cause is not responsible for this error and that a transcript should be retrievable, please create an issue at https://github.com/jdepoix/youtube-transcript-api/issues. Please add which version of youtube_transcript_api you are using and provide the information needed to replicate the error. Also make sure that there are no open issues which already describe your problem!
2026-08-21 13:28:35,287 [ERROR]   pull_transcript (tFysHY6D5Yo) failed (exit 1)
2026-08-21 13:28:35,287 [INFO] 
==================================================
2026-08-21 13:28:35,287 [INFO] PIPELINE SUMMARY 
2026-08-21 13:28:35,287 [INFO]   Videos detected: 5
2026-08-21 13:28:35,287 [INFO]   Successful: 0
2026-08-21 13:28:35,287 [INFO]   Failed: 5
2026-08-21 13:28:35,287 [ERROR]   FAILED: sFGgWJYzEEc — pull_transcript failed
2026-08-21 13:28:35,287 [ERROR]   FAILED: u_bzDAQv-yg — pull_transcript failed
2026-08-21 13:28:35,287 [ERROR]   FAILED: TsFjOF3xXLo — pull_transcript failed
2026-08-21 13:28:35,287 [ERROR]   FAILED: PX0wBKS9cTE — pull_transcript failed
2026-08-21 13:28:35,287 [ERROR]   FAILED: tFysHY6D5Yo — pull_transcript failed
