2026-08-31 19:12:27,328 [INFO] === Auto Council Pipeline  ===
2026-08-31 19:12:27,328 [INFO] Scanning for new council agendas...
2026-08-31 19:12:27,328 [INFO] Running: scan_agendas
2026-08-31 19:12:27,328 [DEBUG]   Command: /opt/hostedtoolcache/Python/3.12.14/x64/bin/python /home/runner/work/context-engine/context-engine/scripts/scan_agendas.py
2026-08-31 19:14:06,048 [INFO] Checking for new council meeting videos...
2026-08-31 19:14:07,073 [INFO] Found 9 new video(s):
2026-08-31 19:14:07,073 [INFO]   2hiR6u9Yer8 — Common Council Regular Meeting 08-24-26 (34 min)
2026-08-31 19:14:07,073 [INFO]   oaAKfzScpdM — Common Council Study Session 08-24-26 (26 min)
2026-08-31 19:14:07,073 [INFO]   sFGgWJYzEEc — Common Council Study Session 08-19-26 (85 min)
2026-08-31 19:14:07,073 [INFO]   u_bzDAQv-yg — Public Safety Committee Meeting 08-11-26 (41 min)
2026-08-31 19:14:07,073 [INFO]   TsFjOF3xXLo — Public Works & Infrastructure Committee Meeting 08-05-26 (72 min)
2026-08-31 19:14:07,073 [INFO]   PX0wBKS9cTE — Common Council Study Session 08-03-26 (29 min)
2026-08-31 19:14:07,073 [INFO]   tFysHY6D5Yo — Common Council Regular Meeting 08-03-26 (63 min)
2026-08-31 19:14:07,073 [INFO]   W6AoaMA2rAI — Public Safety Committee Meeting 07-29-26 (83 min)
2026-08-31 19:14:07,073 [INFO]   vEVMFf6pT_s — Common Council Study Session 07-29-26 (119 min)
2026-08-31 19:14:07,074 [INFO] Limiting to 5 video(s)
2026-08-31 19:14:07,074 [INFO] Processing: Common Council Regular Meeting 08-24-26 (2hiR6u9Yer8)
2026-08-31 19:14:07,074 [INFO] Running: pull_transcript (2hiR6u9Yer8)
2026-08-31 19:14:07,074 [DEBUG]   Command: /opt/hostedtoolcache/Python/3.12.14/x64/bin/python /home/runner/work/context-engine/context-engine/scripts/pull_transcript.py 2hiR6u9Yer8
2026-08-31 19:14:08,100 [DEBUG]   Video ID: 2hiR6u9Yer8
2026-08-31 19:14:08,100 [DEBUG]   Fetching transcript...
2026-08-31 19:14:08,100 [DEBUG]   Error fetching transcript: 
2026-08-31 19:14:08,100 [DEBUG]   Could not retrieve a transcript for the video https://www.youtube.com/watch?v=2hiR6u9Yer8! This is most likely caused by:
2026-08-31 19:14:08,100 [DEBUG]   
2026-08-31 19:14:08,100 [DEBUG]   YouTube is blocking requests from your IP. This usually is due to one of the following reasons:
2026-08-31 19:14:08,100 [DEBUG]   - You have done too many requests and your IP has been blocked by YouTube
2026-08-31 19:14:08,100 [DEBUG]   - You are doing requests from an IP belonging to a cloud provider (like AWS, Google Cloud Platform, Azure, etc.). Unfortunately, most IPs from cloud providers are blocked by YouTube.
2026-08-31 19:14:08,101 [DEBUG]   
2026-08-31 19:14:08,101 [DEBUG]   There are two things you can do to work around this:
2026-08-31 19:14:08,101 [DEBUG]   1. Use proxies to hide your IP address, as explained in the "Working around IP bans" section of the README (https://github.com/jdepoix/youtube-transcript-api?tab=readme-ov-file#working-around-ip-bans-requestblocked-or-ipblocked-exception).
2026-08-31 19:14:08,101 [DEBUG]   2. (NOT RECOMMENDED) If you authenticate your requests using cookies, you will be able to continue doing requests for a while. However, YouTube will eventually permanently ban the account that you have used to authenticate with! So only do this if you don't mind your account being banned!
2026-08-31 19:14:08,101 [DEBUG]   
2026-08-31 19:14:08,101 [DEBUG]   If you are sure that the described cause is not responsible for this error and that a transcript should be retrievable, please create an issue at https://github.com/jdepoix/youtube-transcript-api/issues. Please add which version of youtube_transcript_api you are using and provide the information needed to replicate the error. Also make sure that there are no open issues which already describe your problem!
2026-08-31 19:14:08,101 [ERROR]   pull_transcript (2hiR6u9Yer8) failed (exit 1)
2026-08-31 19:14:08,101 [INFO] Processing: Common Council Study Session 08-24-26 (oaAKfzScpdM)
2026-08-31 19:14:08,101 [INFO] Running: pull_transcript (oaAKfzScpdM)
2026-08-31 19:14:08,101 [DEBUG]   Command: /opt/hostedtoolcache/Python/3.12.14/x64/bin/python /home/runner/work/context-engine/context-engine/scripts/pull_transcript.py oaAKfzScpdM
2026-08-31 19:14:09,057 [DEBUG]   Video ID: oaAKfzScpdM
2026-08-31 19:14:09,058 [DEBUG]   Fetching transcript...
2026-08-31 19:14:09,058 [DEBUG]   Error fetching transcript: 
2026-08-31 19:14:09,058 [DEBUG]   Could not retrieve a transcript for the video https://www.youtube.com/watch?v=oaAKfzScpdM! This is most likely caused by:
2026-08-31 19:14:09,058 [DEBUG]   
2026-08-31 19:14:09,058 [DEBUG]   YouTube is blocking requests from your IP. This usually is due to one of the following reasons:
2026-08-31 19:14:09,058 [DEBUG]   - You have done too many requests and your IP has been blocked by YouTube
2026-08-31 19:14:09,058 [DEBUG]   - You are doing requests from an IP belonging to a cloud provider (like AWS, Google Cloud Platform, Azure, etc.). Unfortunately, most IPs from cloud providers are blocked by YouTube.
2026-08-31 19:14:09,058 [DEBUG]   
2026-08-31 19:14:09,058 [DEBUG]   There are two things you can do to work around this:
2026-08-31 19:14:09,058 [DEBUG]   1. Use proxies to hide your IP address, as explained in the "Working around IP bans" section of the README (https://github.com/jdepoix/youtube-transcript-api?tab=readme-ov-file#working-around-ip-bans-requestblocked-or-ipblocked-exception).
2026-08-31 19:14:09,058 [DEBUG]   2. (NOT RECOMMENDED) If you authenticate your requests using cookies, you will be able to continue doing requests for a while. However, YouTube will eventually permanently ban the account that you have used to authenticate with! So only do this if you don't mind your account being banned!
2026-08-31 19:14:09,058 [DEBUG]   
2026-08-31 19:14:09,058 [DEBUG]   If you are sure that the described cause is not responsible for this error and that a transcript should be retrievable, please create an issue at https://github.com/jdepoix/youtube-transcript-api/issues. Please add which version of youtube_transcript_api you are using and provide the information needed to replicate the error. Also make sure that there are no open issues which already describe your problem!
2026-08-31 19:14:09,058 [ERROR]   pull_transcript (oaAKfzScpdM) failed (exit 1)
2026-08-31 19:14:09,058 [INFO] Processing: Common Council Study Session 08-19-26 (sFGgWJYzEEc)
2026-08-31 19:14:09,058 [INFO] Running: pull_transcript (sFGgWJYzEEc)
2026-08-31 19:14:09,058 [DEBUG]   Command: /opt/hostedtoolcache/Python/3.12.14/x64/bin/python /home/runner/work/context-engine/context-engine/scripts/pull_transcript.py sFGgWJYzEEc
2026-08-31 19:14:10,381 [DEBUG]   Video ID: sFGgWJYzEEc
2026-08-31 19:14:10,381 [DEBUG]   Fetching transcript...
2026-08-31 19:14:10,381 [DEBUG]   Error fetching transcript: 
2026-08-31 19:14:10,381 [DEBUG]   Could not retrieve a transcript for the video https://www.youtube.com/watch?v=sFGgWJYzEEc! This is most likely caused by:
2026-08-31 19:14:10,381 [DEBUG]   
2026-08-31 19:14:10,381 [DEBUG]   YouTube is blocking requests from your IP. This usually is due to one of the following reasons:
2026-08-31 19:14:10,381 [DEBUG]   - You have done too many requests and your IP has been blocked by YouTube
2026-08-31 19:14:10,381 [DEBUG]   - You are doing requests from an IP belonging to a cloud provider (like AWS, Google Cloud Platform, Azure, etc.). Unfortunately, most IPs from cloud providers are blocked by YouTube.
2026-08-31 19:14:10,381 [DEBUG]   
2026-08-31 19:14:10,381 [DEBUG]   There are two things you can do to work around this:
2026-08-31 19:14:10,381 [DEBUG]   1. Use proxies to hide your IP address, as explained in the "Working around IP bans" section of the README (https://github.com/jdepoix/youtube-transcript-api?tab=readme-ov-file#working-around-ip-bans-requestblocked-or-ipblocked-exception).
2026-08-31 19:14:10,381 [DEBUG]   2. (NOT RECOMMENDED) If you authenticate your requests using cookies, you will be able to continue doing requests for a while. However, YouTube will eventually permanently ban the account that you have used to authenticate with! So only do this if you don't mind your account being banned!
2026-08-31 19:14:10,381 [DEBUG]   
2026-08-31 19:14:10,381 [DEBUG]   If you are sure that the described cause is not responsible for this error and that a transcript should be retrievable, please create an issue at https://github.com/jdepoix/youtube-transcript-api/issues. Please add which version of youtube_transcript_api you are using and provide the information needed to replicate the error. Also make sure that there are no open issues which already describe your problem!
2026-08-31 19:14:10,381 [ERROR]   pull_transcript (sFGgWJYzEEc) failed (exit 1)
2026-08-31 19:14:10,381 [INFO] Processing: Public Safety Committee Meeting 08-11-26 (u_bzDAQv-yg)
2026-08-31 19:14:10,381 [INFO] Running: pull_transcript (u_bzDAQv-yg)
2026-08-31 19:14:10,381 [DEBUG]   Command: /opt/hostedtoolcache/Python/3.12.14/x64/bin/python /home/runner/work/context-engine/context-engine/scripts/pull_transcript.py u_bzDAQv-yg
2026-08-31 19:14:11,357 [DEBUG]   Video ID: u_bzDAQv-yg
2026-08-31 19:14:11,357 [DEBUG]   Fetching transcript...
2026-08-31 19:14:11,357 [DEBUG]   Error fetching transcript: 
2026-08-31 19:14:11,357 [DEBUG]   Could not retrieve a transcript for the video https://www.youtube.com/watch?v=u_bzDAQv-yg! This is most likely caused by:
2026-08-31 19:14:11,357 [DEBUG]   
2026-08-31 19:14:11,357 [DEBUG]   YouTube is blocking requests from your IP. This usually is due to one of the following reasons:
2026-08-31 19:14:11,357 [DEBUG]   - You have done too many requests and your IP has been blocked by YouTube
2026-08-31 19:14:11,357 [DEBUG]   - You are doing requests from an IP belonging to a cloud provider (like AWS, Google Cloud Platform, Azure, etc.). Unfortunately, most IPs from cloud providers are blocked by YouTube.
2026-08-31 19:14:11,357 [DEBUG]   
2026-08-31 19:14:11,357 [DEBUG]   There are two things you can do to work around this:
2026-08-31 19:14:11,357 [DEBUG]   1. Use proxies to hide your IP address, as explained in the "Working around IP bans" section of the README (https://github.com/jdepoix/youtube-transcript-api?tab=readme-ov-file#working-around-ip-bans-requestblocked-or-ipblocked-exception).
2026-08-31 19:14:11,357 [DEBUG]   2. (NOT RECOMMENDED) If you authenticate your requests using cookies, you will be able to continue doing requests for a while. However, YouTube will eventually permanently ban the account that you have used to authenticate with! So only do this if you don't mind your account being banned!
2026-08-31 19:14:11,357 [DEBUG]   
2026-08-31 19:14:11,357 [DEBUG]   If you are sure that the described cause is not responsible for this error and that a transcript should be retrievable, please create an issue at https://github.com/jdepoix/youtube-transcript-api/issues. Please add which version of youtube_transcript_api you are using and provide the information needed to replicate the error. Also make sure that there are no open issues which already describe your problem!
2026-08-31 19:14:11,357 [ERROR]   pull_transcript (u_bzDAQv-yg) failed (exit 1)
2026-08-31 19:14:11,357 [INFO] Processing: Public Works & Infrastructure Committee Meeting 08-05-26 (TsFjOF3xXLo)
2026-08-31 19:14:11,357 [INFO] Running: pull_transcript (TsFjOF3xXLo)
2026-08-31 19:14:11,357 [DEBUG]   Command: /opt/hostedtoolcache/Python/3.12.14/x64/bin/python /home/runner/work/context-engine/context-engine/scripts/pull_transcript.py TsFjOF3xXLo
2026-08-31 19:14:12,428 [DEBUG]   Video ID: TsFjOF3xXLo
2026-08-31 19:14:12,428 [DEBUG]   Fetching transcript...
2026-08-31 19:14:12,428 [DEBUG]   Error fetching transcript: 
2026-08-31 19:14:12,428 [DEBUG]   Could not retrieve a transcript for the video https://www.youtube.com/watch?v=TsFjOF3xXLo! This is most likely caused by:
2026-08-31 19:14:12,428 [DEBUG]   
2026-08-31 19:14:12,428 [DEBUG]   YouTube is blocking requests from your IP. This usually is due to one of the following reasons:
2026-08-31 19:14:12,428 [DEBUG]   - You have done too many requests and your IP has been blocked by YouTube
2026-08-31 19:14:12,428 [DEBUG]   - You are doing requests from an IP belonging to a cloud provider (like AWS, Google Cloud Platform, Azure, etc.). Unfortunately, most IPs from cloud providers are blocked by YouTube.
2026-08-31 19:14:12,428 [DEBUG]   
2026-08-31 19:14:12,428 [DEBUG]   There are two things you can do to work around this:
2026-08-31 19:14:12,428 [DEBUG]   1. Use proxies to hide your IP address, as explained in the "Working around IP bans" section of the README (https://github.com/jdepoix/youtube-transcript-api?tab=readme-ov-file#working-around-ip-bans-requestblocked-or-ipblocked-exception).
2026-08-31 19:14:12,428 [DEBUG]   2. (NOT RECOMMENDED) If you authenticate your requests using cookies, you will be able to continue doing requests for a while. However, YouTube will eventually permanently ban the account that you have used to authenticate with! So only do this if you don't mind your account being banned!
2026-08-31 19:14:12,428 [DEBUG]   
2026-08-31 19:14:12,428 [DEBUG]   If you are sure that the described cause is not responsible for this error and that a transcript should be retrievable, please create an issue at https://github.com/jdepoix/youtube-transcript-api/issues. Please add which version of youtube_transcript_api you are using and provide the information needed to replicate the error. Also make sure that there are no open issues which already describe your problem!
2026-08-31 19:14:12,428 [ERROR]   pull_transcript (TsFjOF3xXLo) failed (exit 1)
2026-08-31 19:14:12,428 [INFO] 
==================================================
2026-08-31 19:14:12,428 [INFO] PIPELINE SUMMARY 
2026-08-31 19:14:12,428 [INFO]   Videos detected: 5
2026-08-31 19:14:12,428 [INFO]   Successful: 0
2026-08-31 19:14:12,428 [INFO]   Failed: 5
2026-08-31 19:14:12,428 [ERROR]   FAILED: 2hiR6u9Yer8 — pull_transcript failed
2026-08-31 19:14:12,428 [ERROR]   FAILED: oaAKfzScpdM — pull_transcript failed
2026-08-31 19:14:12,428 [ERROR]   FAILED: sFGgWJYzEEc — pull_transcript failed
2026-08-31 19:14:12,428 [ERROR]   FAILED: u_bzDAQv-yg — pull_transcript failed
2026-08-31 19:14:12,428 [ERROR]   FAILED: TsFjOF3xXLo — pull_transcript failed
