2026-08-11 13:54:37,925 [INFO] === Auto Council Pipeline  ===
2026-08-11 13:54:37,925 [INFO] Scanning for new council agendas...
2026-08-11 13:54:37,925 [INFO] Running: scan_agendas
2026-08-11 13:54:37,926 [DEBUG]   Command: /opt/hostedtoolcache/Python/3.12.13/x64/bin/python /home/runner/work/context-engine/context-engine/scripts/scan_agendas.py
2026-08-11 13:56:16,559 [INFO] Checking for new council meeting videos...
2026-08-11 13:56:17,719 [INFO] Found 10 new video(s):
2026-08-11 13:56:17,719 [INFO]   TsFjOF3xXLo — Public Works & Infrastructure Committee Meeting 08-05-26 (72 min)
2026-08-11 13:56:17,719 [INFO]   PX0wBKS9cTE — Common Council Study Session 08-03-26 (29 min)
2026-08-11 13:56:17,719 [INFO]   tFysHY6D5Yo — Common Council Regular Meeting 08-03-26 (63 min)
2026-08-11 13:56:17,719 [INFO]   W6AoaMA2rAI — Public Safety Committee Meeting 07-29-26 (83 min)
2026-08-11 13:56:17,719 [INFO]   vEVMFf6pT_s — Common Council Study Session 07-29-26 (119 min)
2026-08-11 13:56:17,720 [INFO]   V-dzIOEUJeo — Public Transportation Committee Meeting 07-15-26 (88 min)
2026-08-11 13:56:17,720 [INFO]   0eNTmfjT_y8 — Common Council Regular Meeting 07-13-26 (48 min)
2026-08-11 13:56:17,720 [INFO]   3y1QW5GaJ2w — Common Council Regular Meeting 07-13-26 (58 min)
2026-08-11 13:56:17,720 [INFO]   ze9KTSimCGY — Common Council Study Session 07-08-26 (99 min)
2026-08-11 13:56:17,720 [INFO]   W2D5dJigVnM — Common Council Public Hearing 02, Monday 7/6/26 (10 min)
2026-08-11 13:56:17,720 [INFO] Limiting to 5 video(s)
2026-08-11 13:56:17,720 [INFO] Processing: Public Works & Infrastructure Committee Meeting 08-05-26 (TsFjOF3xXLo)
2026-08-11 13:56:17,720 [INFO] Running: pull_transcript (TsFjOF3xXLo)
2026-08-11 13:56:17,720 [DEBUG]   Command: /opt/hostedtoolcache/Python/3.12.13/x64/bin/python /home/runner/work/context-engine/context-engine/scripts/pull_transcript.py TsFjOF3xXLo
2026-08-11 13:56:19,098 [DEBUG]   Video ID: TsFjOF3xXLo
2026-08-11 13:56:19,098 [DEBUG]   Fetching transcript...
2026-08-11 13:56:19,098 [DEBUG]   Error fetching transcript: 
2026-08-11 13:56:19,098 [DEBUG]   Could not retrieve a transcript for the video https://www.youtube.com/watch?v=TsFjOF3xXLo! This is most likely caused by:
2026-08-11 13:56:19,098 [DEBUG]   
2026-08-11 13:56:19,098 [DEBUG]   YouTube is blocking requests from your IP. This usually is due to one of the following reasons:
2026-08-11 13:56:19,098 [DEBUG]   - You have done too many requests and your IP has been blocked by YouTube
2026-08-11 13:56:19,098 [DEBUG]   - You are doing requests from an IP belonging to a cloud provider (like AWS, Google Cloud Platform, Azure, etc.). Unfortunately, most IPs from cloud providers are blocked by YouTube.
2026-08-11 13:56:19,098 [DEBUG]   
2026-08-11 13:56:19,098 [DEBUG]   There are two things you can do to work around this:
2026-08-11 13:56:19,098 [DEBUG]   1. Use proxies to hide your IP address, as explained in the "Working around IP bans" section of the README (https://github.com/jdepoix/youtube-transcript-api?tab=readme-ov-file#working-around-ip-bans-requestblocked-or-ipblocked-exception).
2026-08-11 13:56:19,098 [DEBUG]   2. (NOT RECOMMENDED) If you authenticate your requests using cookies, you will be able to continue doing requests for a while. However, YouTube will eventually permanently ban the account that you have used to authenticate with! So only do this if you don't mind your account being banned!
2026-08-11 13:56:19,098 [DEBUG]   
2026-08-11 13:56:19,098 [DEBUG]   If you are sure that the described cause is not responsible for this error and that a transcript should be retrievable, please create an issue at https://github.com/jdepoix/youtube-transcript-api/issues. Please add which version of youtube_transcript_api you are using and provide the information needed to replicate the error. Also make sure that there are no open issues which already describe your problem!
2026-08-11 13:56:19,098 [ERROR]   pull_transcript (TsFjOF3xXLo) failed (exit 1)
2026-08-11 13:56:19,098 [INFO] Processing: Common Council Study Session 08-03-26 (PX0wBKS9cTE)
2026-08-11 13:56:19,099 [INFO] Running: pull_transcript (PX0wBKS9cTE)
2026-08-11 13:56:19,099 [DEBUG]   Command: /opt/hostedtoolcache/Python/3.12.13/x64/bin/python /home/runner/work/context-engine/context-engine/scripts/pull_transcript.py PX0wBKS9cTE
2026-08-11 13:56:20,552 [DEBUG]   Video ID: PX0wBKS9cTE
2026-08-11 13:56:20,552 [DEBUG]   Fetching transcript...
2026-08-11 13:56:20,552 [DEBUG]   Error fetching transcript: 
2026-08-11 13:56:20,552 [DEBUG]   Could not retrieve a transcript for the video https://www.youtube.com/watch?v=PX0wBKS9cTE! This is most likely caused by:
2026-08-11 13:56:20,552 [DEBUG]   
2026-08-11 13:56:20,552 [DEBUG]   YouTube is blocking requests from your IP. This usually is due to one of the following reasons:
2026-08-11 13:56:20,552 [DEBUG]   - You have done too many requests and your IP has been blocked by YouTube
2026-08-11 13:56:20,552 [DEBUG]   - You are doing requests from an IP belonging to a cloud provider (like AWS, Google Cloud Platform, Azure, etc.). Unfortunately, most IPs from cloud providers are blocked by YouTube.
2026-08-11 13:56:20,552 [DEBUG]   
2026-08-11 13:56:20,552 [DEBUG]   There are two things you can do to work around this:
2026-08-11 13:56:20,552 [DEBUG]   1. Use proxies to hide your IP address, as explained in the "Working around IP bans" section of the README (https://github.com/jdepoix/youtube-transcript-api?tab=readme-ov-file#working-around-ip-bans-requestblocked-or-ipblocked-exception).
2026-08-11 13:56:20,552 [DEBUG]   2. (NOT RECOMMENDED) If you authenticate your requests using cookies, you will be able to continue doing requests for a while. However, YouTube will eventually permanently ban the account that you have used to authenticate with! So only do this if you don't mind your account being banned!
2026-08-11 13:56:20,552 [DEBUG]   
2026-08-11 13:56:20,552 [DEBUG]   If you are sure that the described cause is not responsible for this error and that a transcript should be retrievable, please create an issue at https://github.com/jdepoix/youtube-transcript-api/issues. Please add which version of youtube_transcript_api you are using and provide the information needed to replicate the error. Also make sure that there are no open issues which already describe your problem!
2026-08-11 13:56:20,552 [ERROR]   pull_transcript (PX0wBKS9cTE) failed (exit 1)
2026-08-11 13:56:20,552 [INFO] Processing: Common Council Regular Meeting 08-03-26 (tFysHY6D5Yo)
2026-08-11 13:56:20,553 [INFO] Running: pull_transcript (tFysHY6D5Yo)
2026-08-11 13:56:20,553 [DEBUG]   Command: /opt/hostedtoolcache/Python/3.12.13/x64/bin/python /home/runner/work/context-engine/context-engine/scripts/pull_transcript.py tFysHY6D5Yo
2026-08-11 13:56:21,756 [DEBUG]   Video ID: tFysHY6D5Yo
2026-08-11 13:56:21,756 [DEBUG]   Fetching transcript...
2026-08-11 13:56:21,756 [DEBUG]   Error fetching transcript: 
2026-08-11 13:56:21,756 [DEBUG]   Could not retrieve a transcript for the video https://www.youtube.com/watch?v=tFysHY6D5Yo! This is most likely caused by:
2026-08-11 13:56:21,756 [DEBUG]   
2026-08-11 13:56:21,756 [DEBUG]   YouTube is blocking requests from your IP. This usually is due to one of the following reasons:
2026-08-11 13:56:21,756 [DEBUG]   - You have done too many requests and your IP has been blocked by YouTube
2026-08-11 13:56:21,756 [DEBUG]   - You are doing requests from an IP belonging to a cloud provider (like AWS, Google Cloud Platform, Azure, etc.). Unfortunately, most IPs from cloud providers are blocked by YouTube.
2026-08-11 13:56:21,756 [DEBUG]   
2026-08-11 13:56:21,756 [DEBUG]   There are two things you can do to work around this:
2026-08-11 13:56:21,756 [DEBUG]   1. Use proxies to hide your IP address, as explained in the "Working around IP bans" section of the README (https://github.com/jdepoix/youtube-transcript-api?tab=readme-ov-file#working-around-ip-bans-requestblocked-or-ipblocked-exception).
2026-08-11 13:56:21,756 [DEBUG]   2. (NOT RECOMMENDED) If you authenticate your requests using cookies, you will be able to continue doing requests for a while. However, YouTube will eventually permanently ban the account that you have used to authenticate with! So only do this if you don't mind your account being banned!
2026-08-11 13:56:21,756 [DEBUG]   
2026-08-11 13:56:21,756 [DEBUG]   If you are sure that the described cause is not responsible for this error and that a transcript should be retrievable, please create an issue at https://github.com/jdepoix/youtube-transcript-api/issues. Please add which version of youtube_transcript_api you are using and provide the information needed to replicate the error. Also make sure that there are no open issues which already describe your problem!
2026-08-11 13:56:21,757 [ERROR]   pull_transcript (tFysHY6D5Yo) failed (exit 1)
2026-08-11 13:56:21,757 [INFO] Processing: Public Safety Committee Meeting 07-29-26 (W6AoaMA2rAI)
2026-08-11 13:56:21,757 [INFO] Running: pull_transcript (W6AoaMA2rAI)
2026-08-11 13:56:21,757 [DEBUG]   Command: /opt/hostedtoolcache/Python/3.12.13/x64/bin/python /home/runner/work/context-engine/context-engine/scripts/pull_transcript.py W6AoaMA2rAI
2026-08-11 13:56:23,025 [DEBUG]   Video ID: W6AoaMA2rAI
2026-08-11 13:56:23,026 [DEBUG]   Fetching transcript...
2026-08-11 13:56:23,026 [DEBUG]   Error fetching transcript: 
2026-08-11 13:56:23,026 [DEBUG]   Could not retrieve a transcript for the video https://www.youtube.com/watch?v=W6AoaMA2rAI! This is most likely caused by:
2026-08-11 13:56:23,026 [DEBUG]   
2026-08-11 13:56:23,026 [DEBUG]   YouTube is blocking requests from your IP. This usually is due to one of the following reasons:
2026-08-11 13:56:23,026 [DEBUG]   - You have done too many requests and your IP has been blocked by YouTube
2026-08-11 13:56:23,026 [DEBUG]   - You are doing requests from an IP belonging to a cloud provider (like AWS, Google Cloud Platform, Azure, etc.). Unfortunately, most IPs from cloud providers are blocked by YouTube.
2026-08-11 13:56:23,026 [DEBUG]   
2026-08-11 13:56:23,026 [DEBUG]   There are two things you can do to work around this:
2026-08-11 13:56:23,026 [DEBUG]   1. Use proxies to hide your IP address, as explained in the "Working around IP bans" section of the README (https://github.com/jdepoix/youtube-transcript-api?tab=readme-ov-file#working-around-ip-bans-requestblocked-or-ipblocked-exception).
2026-08-11 13:56:23,026 [DEBUG]   2. (NOT RECOMMENDED) If you authenticate your requests using cookies, you will be able to continue doing requests for a while. However, YouTube will eventually permanently ban the account that you have used to authenticate with! So only do this if you don't mind your account being banned!
2026-08-11 13:56:23,026 [DEBUG]   
2026-08-11 13:56:23,026 [DEBUG]   If you are sure that the described cause is not responsible for this error and that a transcript should be retrievable, please create an issue at https://github.com/jdepoix/youtube-transcript-api/issues. Please add which version of youtube_transcript_api you are using and provide the information needed to replicate the error. Also make sure that there are no open issues which already describe your problem!
2026-08-11 13:56:23,026 [ERROR]   pull_transcript (W6AoaMA2rAI) failed (exit 1)
2026-08-11 13:56:23,026 [INFO] Processing: Common Council Study Session 07-29-26 (vEVMFf6pT_s)
2026-08-11 13:56:23,026 [INFO] Running: pull_transcript (vEVMFf6pT_s)
2026-08-11 13:56:23,026 [DEBUG]   Command: /opt/hostedtoolcache/Python/3.12.13/x64/bin/python /home/runner/work/context-engine/context-engine/scripts/pull_transcript.py vEVMFf6pT_s
2026-08-11 13:56:24,160 [DEBUG]   Video ID: vEVMFf6pT_s
2026-08-11 13:56:24,161 [DEBUG]   Fetching transcript...
2026-08-11 13:56:24,161 [DEBUG]   Error fetching transcript: 
2026-08-11 13:56:24,161 [DEBUG]   Could not retrieve a transcript for the video https://www.youtube.com/watch?v=vEVMFf6pT_s! This is most likely caused by:
2026-08-11 13:56:24,161 [DEBUG]   
2026-08-11 13:56:24,161 [DEBUG]   YouTube is blocking requests from your IP. This usually is due to one of the following reasons:
2026-08-11 13:56:24,161 [DEBUG]   - You have done too many requests and your IP has been blocked by YouTube
2026-08-11 13:56:24,161 [DEBUG]   - You are doing requests from an IP belonging to a cloud provider (like AWS, Google Cloud Platform, Azure, etc.). Unfortunately, most IPs from cloud providers are blocked by YouTube.
2026-08-11 13:56:24,161 [DEBUG]   
2026-08-11 13:56:24,161 [DEBUG]   There are two things you can do to work around this:
2026-08-11 13:56:24,161 [DEBUG]   1. Use proxies to hide your IP address, as explained in the "Working around IP bans" section of the README (https://github.com/jdepoix/youtube-transcript-api?tab=readme-ov-file#working-around-ip-bans-requestblocked-or-ipblocked-exception).
2026-08-11 13:56:24,161 [DEBUG]   2. (NOT RECOMMENDED) If you authenticate your requests using cookies, you will be able to continue doing requests for a while. However, YouTube will eventually permanently ban the account that you have used to authenticate with! So only do this if you don't mind your account being banned!
2026-08-11 13:56:24,161 [DEBUG]   
2026-08-11 13:56:24,161 [DEBUG]   If you are sure that the described cause is not responsible for this error and that a transcript should be retrievable, please create an issue at https://github.com/jdepoix/youtube-transcript-api/issues. Please add which version of youtube_transcript_api you are using and provide the information needed to replicate the error. Also make sure that there are no open issues which already describe your problem!
2026-08-11 13:56:24,161 [ERROR]   pull_transcript (vEVMFf6pT_s) failed (exit 1)
2026-08-11 13:56:24,161 [INFO] 
==================================================
2026-08-11 13:56:24,161 [INFO] PIPELINE SUMMARY 
2026-08-11 13:56:24,161 [INFO]   Videos detected: 5
2026-08-11 13:56:24,161 [INFO]   Successful: 0
2026-08-11 13:56:24,161 [INFO]   Failed: 5
2026-08-11 13:56:24,161 [ERROR]   FAILED: TsFjOF3xXLo — pull_transcript failed
2026-08-11 13:56:24,161 [ERROR]   FAILED: PX0wBKS9cTE — pull_transcript failed
2026-08-11 13:56:24,161 [ERROR]   FAILED: tFysHY6D5Yo — pull_transcript failed
2026-08-11 13:56:24,161 [ERROR]   FAILED: W6AoaMA2rAI — pull_transcript failed
2026-08-11 13:56:24,162 [ERROR]   FAILED: vEVMFf6pT_s — pull_transcript failed
