2026-08-03 15:25:28,783 [INFO] === Auto Council Pipeline  ===
2026-08-03 15:25:28,783 [INFO] Scanning for new council agendas...
2026-08-03 15:25:28,783 [INFO] Running: scan_agendas
2026-08-03 15:25:28,783 [DEBUG]   Command: /opt/hostedtoolcache/Python/3.12.13/x64/bin/python /home/runner/work/context-engine/context-engine/scripts/scan_agendas.py
2026-08-03 15:27:12,797 [INFO] Checking for new council meeting videos...
2026-08-03 15:27:13,610 [INFO] Found 11 new video(s):
2026-08-03 15:27:13,611 [INFO]   W6AoaMA2rAI — Public Safety Committee Meeting 07-29-26 (83 min)
2026-08-03 15:27:13,611 [INFO]   vEVMFf6pT_s — Common Council Study Session 07-29-26 (119 min)
2026-08-03 15:27:13,611 [INFO]   V-dzIOEUJeo — Public Transportation Committee Meeting 07-15-26 (88 min)
2026-08-03 15:27:13,611 [INFO]   0eNTmfjT_y8 — Common Council Regular Meeting 07-13-26 (48 min)
2026-08-03 15:27:13,611 [INFO]   3y1QW5GaJ2w — Common Council Regular Meeting 07-13-26 (58 min)
2026-08-03 15:27:13,611 [INFO]   ze9KTSimCGY — Common Council Study Session 07-08-26 (99 min)
2026-08-03 15:27:13,611 [INFO]   W2D5dJigVnM — Common Council Public Hearing 02, Monday 7/6/26 (10 min)
2026-08-03 15:27:13,611 [INFO]   _5vRT2eG3E4 — Common Council Public Hearing, Monday 7/6/26 (9 min)
2026-08-03 15:27:13,611 [INFO]   R2f0r3EAPnA — Parks, Recreation, & Youth Programs Committee Meeting, Wednesday 07-01-26 (67 min)
2026-08-03 15:27:13,611 [INFO]   rOXs-Xa5A4I — Common Council Regular Meeting 06-29-26 (26 min)
2026-08-03 15:27:13,611 [INFO]   _SVOB78ZFo4 — Common Council Study Session 06-29-26 (15 min)
2026-08-03 15:27:13,611 [INFO] Limiting to 5 video(s)
2026-08-03 15:27:13,611 [INFO] Processing: Public Safety Committee Meeting 07-29-26 (W6AoaMA2rAI)
2026-08-03 15:27:13,611 [INFO] Running: pull_transcript (W6AoaMA2rAI)
2026-08-03 15:27:13,611 [DEBUG]   Command: /opt/hostedtoolcache/Python/3.12.13/x64/bin/python /home/runner/work/context-engine/context-engine/scripts/pull_transcript.py W6AoaMA2rAI
2026-08-03 15:27:14,601 [DEBUG]   Video ID: W6AoaMA2rAI
2026-08-03 15:27:14,602 [DEBUG]   Fetching transcript...
2026-08-03 15:27:14,602 [DEBUG]   Error fetching transcript: 
2026-08-03 15:27:14,602 [DEBUG]   Could not retrieve a transcript for the video https://www.youtube.com/watch?v=W6AoaMA2rAI! This is most likely caused by:
2026-08-03 15:27:14,602 [DEBUG]   
2026-08-03 15:27:14,602 [DEBUG]   YouTube is blocking requests from your IP. This usually is due to one of the following reasons:
2026-08-03 15:27:14,602 [DEBUG]   - You have done too many requests and your IP has been blocked by YouTube
2026-08-03 15:27:14,602 [DEBUG]   - You are doing requests from an IP belonging to a cloud provider (like AWS, Google Cloud Platform, Azure, etc.). Unfortunately, most IPs from cloud providers are blocked by YouTube.
2026-08-03 15:27:14,602 [DEBUG]   
2026-08-03 15:27:14,602 [DEBUG]   There are two things you can do to work around this:
2026-08-03 15:27:14,602 [DEBUG]   1. Use proxies to hide your IP address, as explained in the "Working around IP bans" section of the README (https://github.com/jdepoix/youtube-transcript-api?tab=readme-ov-file#working-around-ip-bans-requestblocked-or-ipblocked-exception).
2026-08-03 15:27:14,602 [DEBUG]   2. (NOT RECOMMENDED) If you authenticate your requests using cookies, you will be able to continue doing requests for a while. However, YouTube will eventually permanently ban the account that you have used to authenticate with! So only do this if you don't mind your account being banned!
2026-08-03 15:27:14,602 [DEBUG]   
2026-08-03 15:27:14,602 [DEBUG]   If you are sure that the described cause is not responsible for this error and that a transcript should be retrievable, please create an issue at https://github.com/jdepoix/youtube-transcript-api/issues. Please add which version of youtube_transcript_api you are using and provide the information needed to replicate the error. Also make sure that there are no open issues which already describe your problem!
2026-08-03 15:27:14,602 [ERROR]   pull_transcript (W6AoaMA2rAI) failed (exit 1)
2026-08-03 15:27:14,602 [INFO] Processing: Common Council Study Session 07-29-26 (vEVMFf6pT_s)
2026-08-03 15:27:14,602 [INFO] Running: pull_transcript (vEVMFf6pT_s)
2026-08-03 15:27:14,602 [DEBUG]   Command: /opt/hostedtoolcache/Python/3.12.13/x64/bin/python /home/runner/work/context-engine/context-engine/scripts/pull_transcript.py vEVMFf6pT_s
2026-08-03 15:27:15,636 [DEBUG]   Video ID: vEVMFf6pT_s
2026-08-03 15:27:15,636 [DEBUG]   Fetching transcript...
2026-08-03 15:27:15,636 [DEBUG]   Error fetching transcript: 
2026-08-03 15:27:15,636 [DEBUG]   Could not retrieve a transcript for the video https://www.youtube.com/watch?v=vEVMFf6pT_s! This is most likely caused by:
2026-08-03 15:27:15,636 [DEBUG]   
2026-08-03 15:27:15,636 [DEBUG]   YouTube is blocking requests from your IP. This usually is due to one of the following reasons:
2026-08-03 15:27:15,636 [DEBUG]   - You have done too many requests and your IP has been blocked by YouTube
2026-08-03 15:27:15,636 [DEBUG]   - You are doing requests from an IP belonging to a cloud provider (like AWS, Google Cloud Platform, Azure, etc.). Unfortunately, most IPs from cloud providers are blocked by YouTube.
2026-08-03 15:27:15,636 [DEBUG]   
2026-08-03 15:27:15,636 [DEBUG]   There are two things you can do to work around this:
2026-08-03 15:27:15,636 [DEBUG]   1. Use proxies to hide your IP address, as explained in the "Working around IP bans" section of the README (https://github.com/jdepoix/youtube-transcript-api?tab=readme-ov-file#working-around-ip-bans-requestblocked-or-ipblocked-exception).
2026-08-03 15:27:15,636 [DEBUG]   2. (NOT RECOMMENDED) If you authenticate your requests using cookies, you will be able to continue doing requests for a while. However, YouTube will eventually permanently ban the account that you have used to authenticate with! So only do this if you don't mind your account being banned!
2026-08-03 15:27:15,636 [DEBUG]   
2026-08-03 15:27:15,636 [DEBUG]   If you are sure that the described cause is not responsible for this error and that a transcript should be retrievable, please create an issue at https://github.com/jdepoix/youtube-transcript-api/issues. Please add which version of youtube_transcript_api you are using and provide the information needed to replicate the error. Also make sure that there are no open issues which already describe your problem!
2026-08-03 15:27:15,636 [ERROR]   pull_transcript (vEVMFf6pT_s) failed (exit 1)
2026-08-03 15:27:15,636 [INFO] Processing: Public Transportation Committee Meeting 07-15-26 (V-dzIOEUJeo)
2026-08-03 15:27:15,636 [INFO] Running: pull_transcript (V-dzIOEUJeo)
2026-08-03 15:27:15,636 [DEBUG]   Command: /opt/hostedtoolcache/Python/3.12.13/x64/bin/python /home/runner/work/context-engine/context-engine/scripts/pull_transcript.py V-dzIOEUJeo
2026-08-03 15:27:16,614 [DEBUG]   Video ID: V-dzIOEUJeo
2026-08-03 15:27:16,614 [DEBUG]   Fetching transcript...
2026-08-03 15:27:16,614 [DEBUG]   Error fetching transcript: 
2026-08-03 15:27:16,614 [DEBUG]   Could not retrieve a transcript for the video https://www.youtube.com/watch?v=V-dzIOEUJeo! This is most likely caused by:
2026-08-03 15:27:16,614 [DEBUG]   
2026-08-03 15:27:16,614 [DEBUG]   YouTube is blocking requests from your IP. This usually is due to one of the following reasons:
2026-08-03 15:27:16,614 [DEBUG]   - You have done too many requests and your IP has been blocked by YouTube
2026-08-03 15:27:16,614 [DEBUG]   - You are doing requests from an IP belonging to a cloud provider (like AWS, Google Cloud Platform, Azure, etc.). Unfortunately, most IPs from cloud providers are blocked by YouTube.
2026-08-03 15:27:16,614 [DEBUG]   
2026-08-03 15:27:16,614 [DEBUG]   There are two things you can do to work around this:
2026-08-03 15:27:16,614 [DEBUG]   1. Use proxies to hide your IP address, as explained in the "Working around IP bans" section of the README (https://github.com/jdepoix/youtube-transcript-api?tab=readme-ov-file#working-around-ip-bans-requestblocked-or-ipblocked-exception).
2026-08-03 15:27:16,614 [DEBUG]   2. (NOT RECOMMENDED) If you authenticate your requests using cookies, you will be able to continue doing requests for a while. However, YouTube will eventually permanently ban the account that you have used to authenticate with! So only do this if you don't mind your account being banned!
2026-08-03 15:27:16,614 [DEBUG]   
2026-08-03 15:27:16,614 [DEBUG]   If you are sure that the described cause is not responsible for this error and that a transcript should be retrievable, please create an issue at https://github.com/jdepoix/youtube-transcript-api/issues. Please add which version of youtube_transcript_api you are using and provide the information needed to replicate the error. Also make sure that there are no open issues which already describe your problem!
2026-08-03 15:27:16,614 [ERROR]   pull_transcript (V-dzIOEUJeo) failed (exit 1)
2026-08-03 15:27:16,614 [INFO] Processing: Common Council Regular Meeting 07-13-26 (0eNTmfjT_y8)
2026-08-03 15:27:16,614 [INFO] Running: pull_transcript (0eNTmfjT_y8)
2026-08-03 15:27:16,614 [DEBUG]   Command: /opt/hostedtoolcache/Python/3.12.13/x64/bin/python /home/runner/work/context-engine/context-engine/scripts/pull_transcript.py 0eNTmfjT_y8
2026-08-03 15:27:17,544 [DEBUG]   Video ID: 0eNTmfjT_y8
2026-08-03 15:27:17,544 [DEBUG]   Fetching transcript...
2026-08-03 15:27:17,544 [DEBUG]   Error fetching transcript: 
2026-08-03 15:27:17,544 [DEBUG]   Could not retrieve a transcript for the video https://www.youtube.com/watch?v=0eNTmfjT_y8! This is most likely caused by:
2026-08-03 15:27:17,544 [DEBUG]   
2026-08-03 15:27:17,544 [DEBUG]   YouTube is blocking requests from your IP. This usually is due to one of the following reasons:
2026-08-03 15:27:17,544 [DEBUG]   - You have done too many requests and your IP has been blocked by YouTube
2026-08-03 15:27:17,544 [DEBUG]   - You are doing requests from an IP belonging to a cloud provider (like AWS, Google Cloud Platform, Azure, etc.). Unfortunately, most IPs from cloud providers are blocked by YouTube.
2026-08-03 15:27:17,544 [DEBUG]   
2026-08-03 15:27:17,544 [DEBUG]   There are two things you can do to work around this:
2026-08-03 15:27:17,544 [DEBUG]   1. Use proxies to hide your IP address, as explained in the "Working around IP bans" section of the README (https://github.com/jdepoix/youtube-transcript-api?tab=readme-ov-file#working-around-ip-bans-requestblocked-or-ipblocked-exception).
2026-08-03 15:27:17,544 [DEBUG]   2. (NOT RECOMMENDED) If you authenticate your requests using cookies, you will be able to continue doing requests for a while. However, YouTube will eventually permanently ban the account that you have used to authenticate with! So only do this if you don't mind your account being banned!
2026-08-03 15:27:17,544 [DEBUG]   
2026-08-03 15:27:17,544 [DEBUG]   If you are sure that the described cause is not responsible for this error and that a transcript should be retrievable, please create an issue at https://github.com/jdepoix/youtube-transcript-api/issues. Please add which version of youtube_transcript_api you are using and provide the information needed to replicate the error. Also make sure that there are no open issues which already describe your problem!
2026-08-03 15:27:17,544 [ERROR]   pull_transcript (0eNTmfjT_y8) failed (exit 1)
2026-08-03 15:27:17,544 [INFO] Processing: Common Council Regular Meeting 07-13-26 (3y1QW5GaJ2w)
2026-08-03 15:27:17,544 [INFO] Running: pull_transcript (3y1QW5GaJ2w)
2026-08-03 15:27:17,544 [DEBUG]   Command: /opt/hostedtoolcache/Python/3.12.13/x64/bin/python /home/runner/work/context-engine/context-engine/scripts/pull_transcript.py 3y1QW5GaJ2w
2026-08-03 15:27:18,724 [DEBUG]   Video ID: 3y1QW5GaJ2w
2026-08-03 15:27:18,724 [DEBUG]   Fetching transcript...
2026-08-03 15:27:18,724 [DEBUG]   Error fetching transcript: 
2026-08-03 15:27:18,724 [DEBUG]   Could not retrieve a transcript for the video https://www.youtube.com/watch?v=3y1QW5GaJ2w! This is most likely caused by:
2026-08-03 15:27:18,724 [DEBUG]   
2026-08-03 15:27:18,724 [DEBUG]   YouTube is blocking requests from your IP. This usually is due to one of the following reasons:
2026-08-03 15:27:18,724 [DEBUG]   - You have done too many requests and your IP has been blocked by YouTube
2026-08-03 15:27:18,724 [DEBUG]   - You are doing requests from an IP belonging to a cloud provider (like AWS, Google Cloud Platform, Azure, etc.). Unfortunately, most IPs from cloud providers are blocked by YouTube.
2026-08-03 15:27:18,724 [DEBUG]   
2026-08-03 15:27:18,724 [DEBUG]   There are two things you can do to work around this:
2026-08-03 15:27:18,724 [DEBUG]   1. Use proxies to hide your IP address, as explained in the "Working around IP bans" section of the README (https://github.com/jdepoix/youtube-transcript-api?tab=readme-ov-file#working-around-ip-bans-requestblocked-or-ipblocked-exception).
2026-08-03 15:27:18,724 [DEBUG]   2. (NOT RECOMMENDED) If you authenticate your requests using cookies, you will be able to continue doing requests for a while. However, YouTube will eventually permanently ban the account that you have used to authenticate with! So only do this if you don't mind your account being banned!
2026-08-03 15:27:18,724 [DEBUG]   
2026-08-03 15:27:18,724 [DEBUG]   If you are sure that the described cause is not responsible for this error and that a transcript should be retrievable, please create an issue at https://github.com/jdepoix/youtube-transcript-api/issues. Please add which version of youtube_transcript_api you are using and provide the information needed to replicate the error. Also make sure that there are no open issues which already describe your problem!
2026-08-03 15:27:18,724 [ERROR]   pull_transcript (3y1QW5GaJ2w) failed (exit 1)
2026-08-03 15:27:18,724 [INFO] 
==================================================
2026-08-03 15:27:18,724 [INFO] PIPELINE SUMMARY 
2026-08-03 15:27:18,724 [INFO]   Videos detected: 5
2026-08-03 15:27:18,724 [INFO]   Successful: 0
2026-08-03 15:27:18,724 [INFO]   Failed: 5
2026-08-03 15:27:18,724 [ERROR]   FAILED: W6AoaMA2rAI — pull_transcript failed
2026-08-03 15:27:18,724 [ERROR]   FAILED: vEVMFf6pT_s — pull_transcript failed
2026-08-03 15:27:18,724 [ERROR]   FAILED: V-dzIOEUJeo — pull_transcript failed
2026-08-03 15:27:18,724 [ERROR]   FAILED: 0eNTmfjT_y8 — pull_transcript failed
2026-08-03 15:27:18,724 [ERROR]   FAILED: 3y1QW5GaJ2w — pull_transcript failed
