2026-09-10 16:36:13,367 [INFO] === Auto Council Pipeline  ===
2026-09-10 16:36:13,367 [INFO] Scanning for new council agendas...
2026-09-10 16:36:13,367 [INFO] Running: scan_agendas
2026-09-10 16:36:13,367 [DEBUG]   Command: /opt/hostedtoolcache/Python/3.12.14/x64/bin/python /home/runner/work/context-engine/context-engine/scripts/scan_agendas.py
2026-09-10 16:37:43,970 [INFO] Checking for new council meeting videos...
2026-09-10 16:37:44,921 [INFO] Found 9 new video(s):
2026-09-10 16:37:44,921 [INFO]   DnyXBfcwsYk — Common Council Public Hearing 09-09-26 (71 min)
2026-09-10 16:37:44,921 [INFO]   nZzPuS5bxnE — Common Council Study Session 09-09-26 (86 min)
2026-09-10 16:37:44,921 [INFO]   2hiR6u9Yer8 — Common Council Regular Meeting 08-24-26 (34 min)
2026-09-10 16:37:44,921 [INFO]   oaAKfzScpdM — Common Council Study Session 08-24-26 (26 min)
2026-09-10 16:37:44,921 [INFO]   sFGgWJYzEEc — Common Council Study Session 08-19-26 (85 min)
2026-09-10 16:37:44,921 [INFO]   u_bzDAQv-yg — Public Safety Committee Meeting 08-11-26 (41 min)
2026-09-10 16:37:44,921 [INFO]   TsFjOF3xXLo — Public Works & Infrastructure Committee Meeting 08-05-26 (72 min)
2026-09-10 16:37:44,921 [INFO]   PX0wBKS9cTE — Common Council Study Session 08-03-26 (29 min)
2026-09-10 16:37:44,921 [INFO]   tFysHY6D5Yo — Common Council Regular Meeting 08-03-26 (63 min)
2026-09-10 16:37:44,921 [INFO] Limiting to 5 video(s)
2026-09-10 16:37:44,922 [INFO] Processing: Common Council Public Hearing 09-09-26 (DnyXBfcwsYk)
2026-09-10 16:37:44,922 [INFO] Running: pull_transcript (DnyXBfcwsYk)
2026-09-10 16:37:44,922 [DEBUG]   Command: /opt/hostedtoolcache/Python/3.12.14/x64/bin/python /home/runner/work/context-engine/context-engine/scripts/pull_transcript.py DnyXBfcwsYk
2026-09-10 16:37:46,909 [DEBUG]   Video ID: DnyXBfcwsYk
2026-09-10 16:37:46,909 [DEBUG]   Fetching transcript...
2026-09-10 16:37:46,909 [DEBUG]   Error fetching transcript: 
2026-09-10 16:37:46,909 [DEBUG]   Could not retrieve a transcript for the video https://www.youtube.com/watch?v=DnyXBfcwsYk! This is most likely caused by:
2026-09-10 16:37:46,909 [DEBUG]   
2026-09-10 16:37:46,909 [DEBUG]   YouTube is blocking requests from your IP. This usually is due to one of the following reasons:
2026-09-10 16:37:46,909 [DEBUG]   - You have done too many requests and your IP has been blocked by YouTube
2026-09-10 16:37:46,909 [DEBUG]   - You are doing requests from an IP belonging to a cloud provider (like AWS, Google Cloud Platform, Azure, etc.). Unfortunately, most IPs from cloud providers are blocked by YouTube.
2026-09-10 16:37:46,909 [DEBUG]   
2026-09-10 16:37:46,909 [DEBUG]   There are two things you can do to work around this:
2026-09-10 16:37:46,909 [DEBUG]   1. Use proxies to hide your IP address, as explained in the "Working around IP bans" section of the README (https://github.com/jdepoix/youtube-transcript-api?tab=readme-ov-file#working-around-ip-bans-requestblocked-or-ipblocked-exception).
2026-09-10 16:37:46,909 [DEBUG]   2. (NOT RECOMMENDED) If you authenticate your requests using cookies, you will be able to continue doing requests for a while. However, YouTube will eventually permanently ban the account that you have used to authenticate with! So only do this if you don't mind your account being banned!
2026-09-10 16:37:46,909 [DEBUG]   
2026-09-10 16:37:46,909 [DEBUG]   If you are sure that the described cause is not responsible for this error and that a transcript should be retrievable, please create an issue at https://github.com/jdepoix/youtube-transcript-api/issues. Please add which version of youtube_transcript_api you are using and provide the information needed to replicate the error. Also make sure that there are no open issues which already describe your problem!
2026-09-10 16:37:46,909 [ERROR]   pull_transcript (DnyXBfcwsYk) failed (exit 1)
2026-09-10 16:37:46,909 [INFO] Processing: Common Council Study Session 09-09-26 (nZzPuS5bxnE)
2026-09-10 16:37:46,909 [INFO] Running: pull_transcript (nZzPuS5bxnE)
2026-09-10 16:37:46,909 [DEBUG]   Command: /opt/hostedtoolcache/Python/3.12.14/x64/bin/python /home/runner/work/context-engine/context-engine/scripts/pull_transcript.py nZzPuS5bxnE
2026-09-10 16:37:48,282 [DEBUG]   Video ID: nZzPuS5bxnE
2026-09-10 16:37:48,282 [DEBUG]   Fetching transcript...
2026-09-10 16:37:48,282 [DEBUG]   Error fetching transcript: 
2026-09-10 16:37:48,282 [DEBUG]   Could not retrieve a transcript for the video https://www.youtube.com/watch?v=nZzPuS5bxnE! This is most likely caused by:
2026-09-10 16:37:48,282 [DEBUG]   
2026-09-10 16:37:48,282 [DEBUG]   YouTube is blocking requests from your IP. This usually is due to one of the following reasons:
2026-09-10 16:37:48,282 [DEBUG]   - You have done too many requests and your IP has been blocked by YouTube
2026-09-10 16:37:48,282 [DEBUG]   - You are doing requests from an IP belonging to a cloud provider (like AWS, Google Cloud Platform, Azure, etc.). Unfortunately, most IPs from cloud providers are blocked by YouTube.
2026-09-10 16:37:48,282 [DEBUG]   
2026-09-10 16:37:48,282 [DEBUG]   There are two things you can do to work around this:
2026-09-10 16:37:48,282 [DEBUG]   1. Use proxies to hide your IP address, as explained in the "Working around IP bans" section of the README (https://github.com/jdepoix/youtube-transcript-api?tab=readme-ov-file#working-around-ip-bans-requestblocked-or-ipblocked-exception).
2026-09-10 16:37:48,282 [DEBUG]   2. (NOT RECOMMENDED) If you authenticate your requests using cookies, you will be able to continue doing requests for a while. However, YouTube will eventually permanently ban the account that you have used to authenticate with! So only do this if you don't mind your account being banned!
2026-09-10 16:37:48,282 [DEBUG]   
2026-09-10 16:37:48,282 [DEBUG]   If you are sure that the described cause is not responsible for this error and that a transcript should be retrievable, please create an issue at https://github.com/jdepoix/youtube-transcript-api/issues. Please add which version of youtube_transcript_api you are using and provide the information needed to replicate the error. Also make sure that there are no open issues which already describe your problem!
2026-09-10 16:37:48,282 [ERROR]   pull_transcript (nZzPuS5bxnE) failed (exit 1)
2026-09-10 16:37:48,282 [INFO] Processing: Common Council Regular Meeting 08-24-26 (2hiR6u9Yer8)
2026-09-10 16:37:48,282 [INFO] Running: pull_transcript (2hiR6u9Yer8)
2026-09-10 16:37:48,282 [DEBUG]   Command: /opt/hostedtoolcache/Python/3.12.14/x64/bin/python /home/runner/work/context-engine/context-engine/scripts/pull_transcript.py 2hiR6u9Yer8
2026-09-10 16:37:49,509 [DEBUG]   Video ID: 2hiR6u9Yer8
2026-09-10 16:37:49,509 [DEBUG]   Fetching transcript...
2026-09-10 16:37:49,509 [DEBUG]   Error fetching transcript: 
2026-09-10 16:37:49,509 [DEBUG]   Could not retrieve a transcript for the video https://www.youtube.com/watch?v=2hiR6u9Yer8! This is most likely caused by:
2026-09-10 16:37:49,509 [DEBUG]   
2026-09-10 16:37:49,509 [DEBUG]   YouTube is blocking requests from your IP. This usually is due to one of the following reasons:
2026-09-10 16:37:49,509 [DEBUG]   - You have done too many requests and your IP has been blocked by YouTube
2026-09-10 16:37:49,509 [DEBUG]   - You are doing requests from an IP belonging to a cloud provider (like AWS, Google Cloud Platform, Azure, etc.). Unfortunately, most IPs from cloud providers are blocked by YouTube.
2026-09-10 16:37:49,509 [DEBUG]   
2026-09-10 16:37:49,509 [DEBUG]   There are two things you can do to work around this:
2026-09-10 16:37:49,509 [DEBUG]   1. Use proxies to hide your IP address, as explained in the "Working around IP bans" section of the README (https://github.com/jdepoix/youtube-transcript-api?tab=readme-ov-file#working-around-ip-bans-requestblocked-or-ipblocked-exception).
2026-09-10 16:37:49,509 [DEBUG]   2. (NOT RECOMMENDED) If you authenticate your requests using cookies, you will be able to continue doing requests for a while. However, YouTube will eventually permanently ban the account that you have used to authenticate with! So only do this if you don't mind your account being banned!
2026-09-10 16:37:49,509 [DEBUG]   
2026-09-10 16:37:49,509 [DEBUG]   If you are sure that the described cause is not responsible for this error and that a transcript should be retrievable, please create an issue at https://github.com/jdepoix/youtube-transcript-api/issues. Please add which version of youtube_transcript_api you are using and provide the information needed to replicate the error. Also make sure that there are no open issues which already describe your problem!
2026-09-10 16:37:49,509 [ERROR]   pull_transcript (2hiR6u9Yer8) failed (exit 1)
2026-09-10 16:37:49,509 [INFO] Processing: Common Council Study Session 08-24-26 (oaAKfzScpdM)
2026-09-10 16:37:49,509 [INFO] Running: pull_transcript (oaAKfzScpdM)
2026-09-10 16:37:49,509 [DEBUG]   Command: /opt/hostedtoolcache/Python/3.12.14/x64/bin/python /home/runner/work/context-engine/context-engine/scripts/pull_transcript.py oaAKfzScpdM
2026-09-10 16:37:50,638 [DEBUG]   Video ID: oaAKfzScpdM
2026-09-10 16:37:50,638 [DEBUG]   Fetching transcript...
2026-09-10 16:37:50,638 [DEBUG]   Error fetching transcript: 
2026-09-10 16:37:50,638 [DEBUG]   Could not retrieve a transcript for the video https://www.youtube.com/watch?v=oaAKfzScpdM! This is most likely caused by:
2026-09-10 16:37:50,638 [DEBUG]   
2026-09-10 16:37:50,638 [DEBUG]   YouTube is blocking requests from your IP. This usually is due to one of the following reasons:
2026-09-10 16:37:50,638 [DEBUG]   - You have done too many requests and your IP has been blocked by YouTube
2026-09-10 16:37:50,638 [DEBUG]   - You are doing requests from an IP belonging to a cloud provider (like AWS, Google Cloud Platform, Azure, etc.). Unfortunately, most IPs from cloud providers are blocked by YouTube.
2026-09-10 16:37:50,638 [DEBUG]   
2026-09-10 16:37:50,638 [DEBUG]   There are two things you can do to work around this:
2026-09-10 16:37:50,638 [DEBUG]   1. Use proxies to hide your IP address, as explained in the "Working around IP bans" section of the README (https://github.com/jdepoix/youtube-transcript-api?tab=readme-ov-file#working-around-ip-bans-requestblocked-or-ipblocked-exception).
2026-09-10 16:37:50,638 [DEBUG]   2. (NOT RECOMMENDED) If you authenticate your requests using cookies, you will be able to continue doing requests for a while. However, YouTube will eventually permanently ban the account that you have used to authenticate with! So only do this if you don't mind your account being banned!
2026-09-10 16:37:50,638 [DEBUG]   
2026-09-10 16:37:50,638 [DEBUG]   If you are sure that the described cause is not responsible for this error and that a transcript should be retrievable, please create an issue at https://github.com/jdepoix/youtube-transcript-api/issues. Please add which version of youtube_transcript_api you are using and provide the information needed to replicate the error. Also make sure that there are no open issues which already describe your problem!
2026-09-10 16:37:50,638 [ERROR]   pull_transcript (oaAKfzScpdM) failed (exit 1)
2026-09-10 16:37:50,638 [INFO] Processing: Common Council Study Session 08-19-26 (sFGgWJYzEEc)
2026-09-10 16:37:50,638 [INFO] Running: pull_transcript (sFGgWJYzEEc)
2026-09-10 16:37:50,638 [DEBUG]   Command: /opt/hostedtoolcache/Python/3.12.14/x64/bin/python /home/runner/work/context-engine/context-engine/scripts/pull_transcript.py sFGgWJYzEEc
2026-09-10 16:37:51,876 [DEBUG]   Video ID: sFGgWJYzEEc
2026-09-10 16:37:51,876 [DEBUG]   Fetching transcript...
2026-09-10 16:37:51,876 [DEBUG]   Error fetching transcript: 
2026-09-10 16:37:51,876 [DEBUG]   Could not retrieve a transcript for the video https://www.youtube.com/watch?v=sFGgWJYzEEc! This is most likely caused by:
2026-09-10 16:37:51,876 [DEBUG]   
2026-09-10 16:37:51,876 [DEBUG]   YouTube is blocking requests from your IP. This usually is due to one of the following reasons:
2026-09-10 16:37:51,876 [DEBUG]   - You have done too many requests and your IP has been blocked by YouTube
2026-09-10 16:37:51,876 [DEBUG]   - You are doing requests from an IP belonging to a cloud provider (like AWS, Google Cloud Platform, Azure, etc.). Unfortunately, most IPs from cloud providers are blocked by YouTube.
2026-09-10 16:37:51,876 [DEBUG]   
2026-09-10 16:37:51,876 [DEBUG]   There are two things you can do to work around this:
2026-09-10 16:37:51,876 [DEBUG]   1. Use proxies to hide your IP address, as explained in the "Working around IP bans" section of the README (https://github.com/jdepoix/youtube-transcript-api?tab=readme-ov-file#working-around-ip-bans-requestblocked-or-ipblocked-exception).
2026-09-10 16:37:51,876 [DEBUG]   2. (NOT RECOMMENDED) If you authenticate your requests using cookies, you will be able to continue doing requests for a while. However, YouTube will eventually permanently ban the account that you have used to authenticate with! So only do this if you don't mind your account being banned!
2026-09-10 16:37:51,876 [DEBUG]   
2026-09-10 16:37:51,876 [DEBUG]   If you are sure that the described cause is not responsible for this error and that a transcript should be retrievable, please create an issue at https://github.com/jdepoix/youtube-transcript-api/issues. Please add which version of youtube_transcript_api you are using and provide the information needed to replicate the error. Also make sure that there are no open issues which already describe your problem!
2026-09-10 16:37:51,876 [ERROR]   pull_transcript (sFGgWJYzEEc) failed (exit 1)
2026-09-10 16:37:51,876 [INFO] 
==================================================
2026-09-10 16:37:51,876 [INFO] PIPELINE SUMMARY 
2026-09-10 16:37:51,876 [INFO]   Videos detected: 5
2026-09-10 16:37:51,876 [INFO]   Successful: 0
2026-09-10 16:37:51,876 [INFO]   Failed: 5
2026-09-10 16:37:51,876 [ERROR]   FAILED: DnyXBfcwsYk — pull_transcript failed
2026-09-10 16:37:51,876 [ERROR]   FAILED: nZzPuS5bxnE — pull_transcript failed
2026-09-10 16:37:51,876 [ERROR]   FAILED: 2hiR6u9Yer8 — pull_transcript failed
2026-09-10 16:37:51,876 [ERROR]   FAILED: oaAKfzScpdM — pull_transcript failed
2026-09-10 16:37:51,876 [ERROR]   FAILED: sFGgWJYzEEc — pull_transcript failed
