2026-07-29 14:42:27,165 [INFO] === Auto Council Pipeline  ===
2026-07-29 14:42:27,165 [INFO] Scanning for new council agendas...
2026-07-29 14:42:27,165 [INFO] Running: scan_agendas
2026-07-29 14:42:27,165 [DEBUG]   Command: /opt/hostedtoolcache/Python/3.12.13/x64/bin/python /home/runner/work/context-engine/context-engine/scripts/scan_agendas.py
2026-07-29 14:44:08,296 [INFO] Checking for new council meeting videos...
2026-07-29 14:44:09,379 [INFO] Found 10 new video(s):
2026-07-29 14:44:09,379 [INFO]   V-dzIOEUJeo — Public Transportation Committee Meeting 07-15-26 (88 min)
2026-07-29 14:44:09,379 [INFO]   0eNTmfjT_y8 — Common Council Regular Meeting 07-13-26 (48 min)
2026-07-29 14:44:09,379 [INFO]   3y1QW5GaJ2w — Common Council Regular Meeting 07-13-26 (58 min)
2026-07-29 14:44:09,379 [INFO]   ze9KTSimCGY — Common Council Study Session 07-08-26 (99 min)
2026-07-29 14:44:09,379 [INFO]   W2D5dJigVnM — Common Council Public Hearing 02, Monday 7/6/26 (10 min)
2026-07-29 14:44:09,379 [INFO]   _5vRT2eG3E4 — Common Council Public Hearing, Monday 7/6/26 (9 min)
2026-07-29 14:44:09,379 [INFO]   R2f0r3EAPnA — Parks, Recreation, & Youth Programs Committee Meeting, Wednesday 07-01-26 (67 min)
2026-07-29 14:44:09,380 [INFO]   rOXs-Xa5A4I — Common Council Regular Meeting 06-29-26 (26 min)
2026-07-29 14:44:09,380 [INFO]   _SVOB78ZFo4 — Common Council Study Session 06-29-26 (15 min)
2026-07-29 14:44:09,380 [INFO]   8qrP_VGwzC8 — Public Works Committee Meeting 06-29-26 (51 min)
2026-07-29 14:44:09,380 [INFO] Limiting to 5 video(s)
2026-07-29 14:44:09,380 [INFO] Processing: Public Transportation Committee Meeting 07-15-26 (V-dzIOEUJeo)
2026-07-29 14:44:09,380 [INFO] Running: pull_transcript (V-dzIOEUJeo)
2026-07-29 14:44:09,380 [DEBUG]   Command: /opt/hostedtoolcache/Python/3.12.13/x64/bin/python /home/runner/work/context-engine/context-engine/scripts/pull_transcript.py V-dzIOEUJeo
2026-07-29 14:44:10,640 [DEBUG]   Video ID: V-dzIOEUJeo
2026-07-29 14:44:10,640 [DEBUG]   Fetching transcript...
2026-07-29 14:44:10,640 [DEBUG]   Error fetching transcript: 
2026-07-29 14:44:10,640 [DEBUG]   Could not retrieve a transcript for the video https://www.youtube.com/watch?v=V-dzIOEUJeo! This is most likely caused by:
2026-07-29 14:44:10,640 [DEBUG]   
2026-07-29 14:44:10,640 [DEBUG]   YouTube is blocking requests from your IP. This usually is due to one of the following reasons:
2026-07-29 14:44:10,640 [DEBUG]   - You have done too many requests and your IP has been blocked by YouTube
2026-07-29 14:44:10,640 [DEBUG]   - You are doing requests from an IP belonging to a cloud provider (like AWS, Google Cloud Platform, Azure, etc.). Unfortunately, most IPs from cloud providers are blocked by YouTube.
2026-07-29 14:44:10,640 [DEBUG]   
2026-07-29 14:44:10,640 [DEBUG]   There are two things you can do to work around this:
2026-07-29 14:44:10,640 [DEBUG]   1. Use proxies to hide your IP address, as explained in the "Working around IP bans" section of the README (https://github.com/jdepoix/youtube-transcript-api?tab=readme-ov-file#working-around-ip-bans-requestblocked-or-ipblocked-exception).
2026-07-29 14:44:10,640 [DEBUG]   2. (NOT RECOMMENDED) If you authenticate your requests using cookies, you will be able to continue doing requests for a while. However, YouTube will eventually permanently ban the account that you have used to authenticate with! So only do this if you don't mind your account being banned!
2026-07-29 14:44:10,640 [DEBUG]   
2026-07-29 14:44:10,640 [DEBUG]   If you are sure that the described cause is not responsible for this error and that a transcript should be retrievable, please create an issue at https://github.com/jdepoix/youtube-transcript-api/issues. Please add which version of youtube_transcript_api you are using and provide the information needed to replicate the error. Also make sure that there are no open issues which already describe your problem!
2026-07-29 14:44:10,640 [ERROR]   pull_transcript (V-dzIOEUJeo) failed (exit 1)
2026-07-29 14:44:10,640 [INFO] Processing: Common Council Regular Meeting 07-13-26 (0eNTmfjT_y8)
2026-07-29 14:44:10,640 [INFO] Running: pull_transcript (0eNTmfjT_y8)
2026-07-29 14:44:10,640 [DEBUG]   Command: /opt/hostedtoolcache/Python/3.12.13/x64/bin/python /home/runner/work/context-engine/context-engine/scripts/pull_transcript.py 0eNTmfjT_y8
2026-07-29 14:44:11,843 [DEBUG]   Video ID: 0eNTmfjT_y8
2026-07-29 14:44:11,843 [DEBUG]   Fetching transcript...
2026-07-29 14:44:11,843 [DEBUG]   Error fetching transcript: 
2026-07-29 14:44:11,843 [DEBUG]   Could not retrieve a transcript for the video https://www.youtube.com/watch?v=0eNTmfjT_y8! This is most likely caused by:
2026-07-29 14:44:11,844 [DEBUG]   
2026-07-29 14:44:11,844 [DEBUG]   YouTube is blocking requests from your IP. This usually is due to one of the following reasons:
2026-07-29 14:44:11,844 [DEBUG]   - You have done too many requests and your IP has been blocked by YouTube
2026-07-29 14:44:11,844 [DEBUG]   - You are doing requests from an IP belonging to a cloud provider (like AWS, Google Cloud Platform, Azure, etc.). Unfortunately, most IPs from cloud providers are blocked by YouTube.
2026-07-29 14:44:11,844 [DEBUG]   
2026-07-29 14:44:11,844 [DEBUG]   There are two things you can do to work around this:
2026-07-29 14:44:11,844 [DEBUG]   1. Use proxies to hide your IP address, as explained in the "Working around IP bans" section of the README (https://github.com/jdepoix/youtube-transcript-api?tab=readme-ov-file#working-around-ip-bans-requestblocked-or-ipblocked-exception).
2026-07-29 14:44:11,844 [DEBUG]   2. (NOT RECOMMENDED) If you authenticate your requests using cookies, you will be able to continue doing requests for a while. However, YouTube will eventually permanently ban the account that you have used to authenticate with! So only do this if you don't mind your account being banned!
2026-07-29 14:44:11,844 [DEBUG]   
2026-07-29 14:44:11,844 [DEBUG]   If you are sure that the described cause is not responsible for this error and that a transcript should be retrievable, please create an issue at https://github.com/jdepoix/youtube-transcript-api/issues. Please add which version of youtube_transcript_api you are using and provide the information needed to replicate the error. Also make sure that there are no open issues which already describe your problem!
2026-07-29 14:44:11,844 [ERROR]   pull_transcript (0eNTmfjT_y8) failed (exit 1)
2026-07-29 14:44:11,844 [INFO] Processing: Common Council Regular Meeting 07-13-26 (3y1QW5GaJ2w)
2026-07-29 14:44:11,844 [INFO] Running: pull_transcript (3y1QW5GaJ2w)
2026-07-29 14:44:11,844 [DEBUG]   Command: /opt/hostedtoolcache/Python/3.12.13/x64/bin/python /home/runner/work/context-engine/context-engine/scripts/pull_transcript.py 3y1QW5GaJ2w
2026-07-29 14:44:12,812 [DEBUG]   Video ID: 3y1QW5GaJ2w
2026-07-29 14:44:12,812 [DEBUG]   Fetching transcript...
2026-07-29 14:44:12,812 [DEBUG]   Error fetching transcript: 
2026-07-29 14:44:12,812 [DEBUG]   Could not retrieve a transcript for the video https://www.youtube.com/watch?v=3y1QW5GaJ2w! This is most likely caused by:
2026-07-29 14:44:12,812 [DEBUG]   
2026-07-29 14:44:12,812 [DEBUG]   YouTube is blocking requests from your IP. This usually is due to one of the following reasons:
2026-07-29 14:44:12,812 [DEBUG]   - You have done too many requests and your IP has been blocked by YouTube
2026-07-29 14:44:12,812 [DEBUG]   - You are doing requests from an IP belonging to a cloud provider (like AWS, Google Cloud Platform, Azure, etc.). Unfortunately, most IPs from cloud providers are blocked by YouTube.
2026-07-29 14:44:12,812 [DEBUG]   
2026-07-29 14:44:12,812 [DEBUG]   There are two things you can do to work around this:
2026-07-29 14:44:12,812 [DEBUG]   1. Use proxies to hide your IP address, as explained in the "Working around IP bans" section of the README (https://github.com/jdepoix/youtube-transcript-api?tab=readme-ov-file#working-around-ip-bans-requestblocked-or-ipblocked-exception).
2026-07-29 14:44:12,812 [DEBUG]   2. (NOT RECOMMENDED) If you authenticate your requests using cookies, you will be able to continue doing requests for a while. However, YouTube will eventually permanently ban the account that you have used to authenticate with! So only do this if you don't mind your account being banned!
2026-07-29 14:44:12,812 [DEBUG]   
2026-07-29 14:44:12,812 [DEBUG]   If you are sure that the described cause is not responsible for this error and that a transcript should be retrievable, please create an issue at https://github.com/jdepoix/youtube-transcript-api/issues. Please add which version of youtube_transcript_api you are using and provide the information needed to replicate the error. Also make sure that there are no open issues which already describe your problem!
2026-07-29 14:44:12,812 [ERROR]   pull_transcript (3y1QW5GaJ2w) failed (exit 1)
2026-07-29 14:44:12,812 [INFO] Processing: Common Council Study Session 07-08-26 (ze9KTSimCGY)
2026-07-29 14:44:12,812 [INFO] Running: pull_transcript (ze9KTSimCGY)
2026-07-29 14:44:12,813 [DEBUG]   Command: /opt/hostedtoolcache/Python/3.12.13/x64/bin/python /home/runner/work/context-engine/context-engine/scripts/pull_transcript.py ze9KTSimCGY
2026-07-29 14:44:13,813 [DEBUG]   Video ID: ze9KTSimCGY
2026-07-29 14:44:13,813 [DEBUG]   Fetching transcript...
2026-07-29 14:44:13,813 [DEBUG]   Error fetching transcript: 
2026-07-29 14:44:13,813 [DEBUG]   Could not retrieve a transcript for the video https://www.youtube.com/watch?v=ze9KTSimCGY! This is most likely caused by:
2026-07-29 14:44:13,813 [DEBUG]   
2026-07-29 14:44:13,813 [DEBUG]   YouTube is blocking requests from your IP. This usually is due to one of the following reasons:
2026-07-29 14:44:13,813 [DEBUG]   - You have done too many requests and your IP has been blocked by YouTube
2026-07-29 14:44:13,813 [DEBUG]   - You are doing requests from an IP belonging to a cloud provider (like AWS, Google Cloud Platform, Azure, etc.). Unfortunately, most IPs from cloud providers are blocked by YouTube.
2026-07-29 14:44:13,813 [DEBUG]   
2026-07-29 14:44:13,813 [DEBUG]   There are two things you can do to work around this:
2026-07-29 14:44:13,814 [DEBUG]   1. Use proxies to hide your IP address, as explained in the "Working around IP bans" section of the README (https://github.com/jdepoix/youtube-transcript-api?tab=readme-ov-file#working-around-ip-bans-requestblocked-or-ipblocked-exception).
2026-07-29 14:44:13,814 [DEBUG]   2. (NOT RECOMMENDED) If you authenticate your requests using cookies, you will be able to continue doing requests for a while. However, YouTube will eventually permanently ban the account that you have used to authenticate with! So only do this if you don't mind your account being banned!
2026-07-29 14:44:13,814 [DEBUG]   
2026-07-29 14:44:13,814 [DEBUG]   If you are sure that the described cause is not responsible for this error and that a transcript should be retrievable, please create an issue at https://github.com/jdepoix/youtube-transcript-api/issues. Please add which version of youtube_transcript_api you are using and provide the information needed to replicate the error. Also make sure that there are no open issues which already describe your problem!
2026-07-29 14:44:13,814 [ERROR]   pull_transcript (ze9KTSimCGY) failed (exit 1)
2026-07-29 14:44:13,814 [INFO] Processing: Common Council Public Hearing 02, Monday 7/6/26 (W2D5dJigVnM)
2026-07-29 14:44:13,814 [INFO] Running: pull_transcript (W2D5dJigVnM)
2026-07-29 14:44:13,814 [DEBUG]   Command: /opt/hostedtoolcache/Python/3.12.13/x64/bin/python /home/runner/work/context-engine/context-engine/scripts/pull_transcript.py W2D5dJigVnM
2026-07-29 14:44:14,840 [DEBUG]   Video ID: W2D5dJigVnM
2026-07-29 14:44:14,840 [DEBUG]   Fetching transcript...
2026-07-29 14:44:14,840 [DEBUG]   Error fetching transcript: 
2026-07-29 14:44:14,840 [DEBUG]   Could not retrieve a transcript for the video https://www.youtube.com/watch?v=W2D5dJigVnM! This is most likely caused by:
2026-07-29 14:44:14,840 [DEBUG]   
2026-07-29 14:44:14,840 [DEBUG]   YouTube is blocking requests from your IP. This usually is due to one of the following reasons:
2026-07-29 14:44:14,840 [DEBUG]   - You have done too many requests and your IP has been blocked by YouTube
2026-07-29 14:44:14,840 [DEBUG]   - You are doing requests from an IP belonging to a cloud provider (like AWS, Google Cloud Platform, Azure, etc.). Unfortunately, most IPs from cloud providers are blocked by YouTube.
2026-07-29 14:44:14,840 [DEBUG]   
2026-07-29 14:44:14,840 [DEBUG]   There are two things you can do to work around this:
2026-07-29 14:44:14,840 [DEBUG]   1. Use proxies to hide your IP address, as explained in the "Working around IP bans" section of the README (https://github.com/jdepoix/youtube-transcript-api?tab=readme-ov-file#working-around-ip-bans-requestblocked-or-ipblocked-exception).
2026-07-29 14:44:14,840 [DEBUG]   2. (NOT RECOMMENDED) If you authenticate your requests using cookies, you will be able to continue doing requests for a while. However, YouTube will eventually permanently ban the account that you have used to authenticate with! So only do this if you don't mind your account being banned!
2026-07-29 14:44:14,840 [DEBUG]   
2026-07-29 14:44:14,840 [DEBUG]   If you are sure that the described cause is not responsible for this error and that a transcript should be retrievable, please create an issue at https://github.com/jdepoix/youtube-transcript-api/issues. Please add which version of youtube_transcript_api you are using and provide the information needed to replicate the error. Also make sure that there are no open issues which already describe your problem!
2026-07-29 14:44:14,840 [ERROR]   pull_transcript (W2D5dJigVnM) failed (exit 1)
2026-07-29 14:44:14,840 [INFO] 
==================================================
2026-07-29 14:44:14,840 [INFO] PIPELINE SUMMARY 
2026-07-29 14:44:14,840 [INFO]   Videos detected: 5
2026-07-29 14:44:14,841 [INFO]   Successful: 0
2026-07-29 14:44:14,841 [INFO]   Failed: 5
2026-07-29 14:44:14,841 [ERROR]   FAILED: V-dzIOEUJeo — pull_transcript failed
2026-07-29 14:44:14,841 [ERROR]   FAILED: 0eNTmfjT_y8 — pull_transcript failed
2026-07-29 14:44:14,841 [ERROR]   FAILED: 3y1QW5GaJ2w — pull_transcript failed
2026-07-29 14:44:14,841 [ERROR]   FAILED: ze9KTSimCGY — pull_transcript failed
2026-07-29 14:44:14,841 [ERROR]   FAILED: W2D5dJigVnM — pull_transcript failed
