2026-08-20 12:55:11,298 [INFO] ============================================================
2026-08-20 12:55:11,299 [INFO] News Scanner starting
2026-08-20 12:55:11,300 [INFO] Fetching: Syracuse.com Politics
2026-08-20 12:55:11,706 [INFO]   50 new articles from Syracuse.com Politics
2026-08-20 12:55:11,706 [INFO] Fetching: Syracuse.com Government
2026-08-20 12:55:11,953 [INFO]   0 new articles from Syracuse.com Government
2026-08-20 12:55:11,953 [INFO] Fetching: Syracuse.com Local
2026-08-20 12:55:12,186 [INFO]   0 new articles from Syracuse.com Local
2026-08-20 12:55:12,186 [INFO] Fetching: Syracuse.com Main
2026-08-20 12:55:12,414 [INFO]   0 new articles from Syracuse.com Main
2026-08-20 12:55:12,414 [INFO] Total unique articles across all feeds: 50
2026-08-20 12:55:12,414 [INFO] New articles (not previously processed): 50
2026-08-20 12:55:12,449 [DEBUG]   Filtered (not relevant): Former Syracuse football player placed on IR by NY Jets. How many remain on NFL 
2026-08-20 12:55:12,449 [DEBUG]   Filtered (not relevant): Didn’t get Bad Bunny Puerto Rico tickets? Here’s where you can still buy them
2026-08-20 12:55:12,450 [DEBUG]   Filtered (not relevant): NYS Fair souvenir stories: This Syracuse doctor by day became ‘king of the midwa
2026-08-20 12:55:12,450 [DEBUG]   Filtered (not relevant): Cicero police officer resigns after he was accused of coming to work drunk
2026-08-20 12:55:12,450 [DEBUG]   Filtered (not relevant): Syracuse.com’s 2026 gymnast outlooks, polls: Shrugging off a mistake? Most enter
2026-08-20 12:55:12,451 [DEBUG]   Filtered (not relevant): US power grid at risk of 18-month blackout as 1 city has been in dark for more t
2026-08-20 12:55:12,451 [DEBUG]   Filtered (not relevant): Who are the top returning girls cross country runners ranked by 2025 overall spe
2026-08-20 12:55:12,451 [DEBUG]   Filtered (not relevant): Dining Out: A $26.95 lobster dish at a Syracuse strip mall? It's worth it
2026-08-20 12:55:12,452 [DEBUG]   Filtered (not relevant): Traveling pastor receives life sentence after Tennessee jury verdict
2026-08-20 12:55:12,452 [DEBUG]   Filtered (not relevant): Maine family sues sports equipment maker after tragic badminton accident
2026-08-20 12:55:12,452 [DEBUG]   Filtered (not relevant): Former Syracuse quarterback Rickie Collins earns starting job at new school (rep
2026-08-20 12:55:12,453 [DEBUG]   Filtered (not relevant): Toss & Fire’s 2026 NYS Fair pizzas pile on fries, mac and cheese and meatballs
2026-08-20 12:55:12,453 [DEBUG]   Filtered (not relevant): Major rock festival returning for the first time in 9 years: ‘It’s cool’
2026-08-20 12:55:12,453 [DEBUG]   Filtered (not relevant): Dear Annie: Discarded smoking-material fires cause thousands of wildfires every 
2026-08-20 12:55:12,453 [DEBUG]   Filtered (not relevant): Walmart recalls: Return these 10 products ASAP
2026-08-20 12:55:12,454 [DEBUG]   Filtered (not relevant): Country music star cancels multiple shows, undergoes surgery after scary bus cra
2026-08-20 12:55:12,454 [DEBUG]   Filtered (not relevant): Amazon plans massive drone delivery expansion that includes Cleveland
2026-08-20 12:55:12,454 [DEBUG]   Filtered (not relevant): Movie star shares update after near-fatal stroke left him ‘paralyzed from the wa
2026-08-20 12:55:12,455 [DEBUG]   Filtered (not relevant): Pilot killed after plane collides with Pennsylvania State Police helicopter
2026-08-20 12:55:12,455 [DEBUG]   Filtered (not relevant): Will Upstate’s ER plan back up downtown traffic? (Good Morning CNY)
2026-08-20 12:55:12,456 [DEBUG]   Filtered (not relevant): Why American Airlines is changing course on a long-debated feature
2026-08-20 12:55:12,456 [DEBUG]   Filtered (not relevant): CNY Inspirations: Growing Together
2026-08-20 12:55:12,456 [DEBUG]   Filtered (not relevant): NYS Fair visitors will feel new safety policy changes this year
2026-08-20 12:55:12,456 [DEBUG]   Filtered (not relevant): Travel advisory: Visitors to South American destination urged to ‘exercise incre
2026-08-20 12:55:12,457 [DEBUG]   Filtered (not relevant): Country music star surprises fans with engagement. Here’s what we know
2026-08-20 12:55:12,457 [DEBUG]   Filtered (not relevant): Several NFL players granted restraining order to return to college football
2026-08-20 12:55:12,457 [DEBUG]   Filtered (not relevant): The 10 best high schools in the US include schools from Tennessee, Indiana, Neva
2026-08-20 12:55:12,458 [DEBUG]   Filtered (not relevant): Miss Manners: Was looking away the kindest thing I could do?
2026-08-20 12:55:12,458 [DEBUG]   Filtered (not relevant): Dear Doctor: What explains months of debilitating pain and weight loss?
2026-08-20 12:55:12,459 [DEBUG]   Filtered (not relevant): These 5 U.S. counties are the most vulnerable to hurricanes
2026-08-20 12:55:12,459 [DEBUG]   Filtered (not relevant): Today’s horoscope: Scorpio - Stick to your own plans (Aug. 20, 2026)
2026-08-20 12:55:12,459 [DEBUG]   Filtered (not relevant): Rock legend reveals cancer has returned after bone marrow transplant: ‘Didn’t st
2026-08-20 12:55:12,459 [DEBUG]   Filtered (not relevant): Pat McAfee says he won’t be seen on one show again: ‘I will never be back over t
2026-08-20 12:55:12,460 [DEBUG]   Filtered (not relevant): Dear Abby: My husband died at 42. Where do younger widows find support?
2026-08-20 12:55:12,460 [DEBUG]   Filtered (not relevant): 2 popular rappers shot and killed in Milwaukee recording studio. Here’s what we 
2026-08-20 12:55:12,460 [DEBUG]   Filtered (not relevant): Kohl's is rolling out AI for back-to-school — but will it actually move the need
2026-08-20 12:55:12,460 [DEBUG]   Filtered (not relevant): Former NFL Pro Bowl center, Super Bowl champ OL coach dies at 82
2026-08-20 12:55:12,461 [DEBUG]   Filtered (not relevant): Asking Eric: Friend says a comfortable life matters more than escaping her alcoh
2026-08-20 12:55:12,461 [DEBUG]   Filtered (not relevant): Westchester County under a flood watch until 2 a.m. Friday due to prolonged rain
2026-08-20 12:55:12,461 [DEBUG]   Filtered (not relevant): Syracuse Mets fall to Worcester Red Sox 9-7 at NBT Bank Stadium
2026-08-20 12:55:12,462 [DEBUG]   Filtered (not relevant): Ex-Meta engineer: Instagram prioritized profit over kids' safety
2026-08-20 12:55:12,462 [DEBUG]   Filtered (not relevant): US national debt hits a milestone
2026-08-20 12:55:12,462 [DEBUG]   Filtered (not relevant): Powerball: See the winning numbers in Wednesday’s $48 million drawing
2026-08-20 12:55:12,463 [DEBUG]   Filtered (not relevant): Experts update Yankees vs. Orioles predictions after Aaron Judge injury update
2026-08-20 12:55:12,463 [DEBUG]   Filtered (not relevant): Why hospitals are facing new pressure over healthcare spending
2026-08-20 12:55:12,464 [DEBUG]   Filtered (not relevant): Don’t have Disney+? Here’s how you can still watch ‘Disney Worldbuilders’ docume
2026-08-20 12:55:12,464 [DEBUG]   Filtered (not relevant): Overheard at Day 3 of syracuse.com’s 2026 fall sports media day: ‘Don’t worry ab
2026-08-20 12:55:12,464 [DEBUG]   Filtered (not relevant): $20 Polymarket referral code “CUSE” increased for New York Red Bulls vs. Nashvil
2026-08-20 12:55:12,465 [DEBUG]   Filtered (not relevant): Trader Joe's is selling a plant that costs $100 online for just $10 — here's wha
2026-08-20 12:55:12,465 [DEBUG]   Filtered (not relevant): Military spouses invited to online hiring fair: 460,000 active job openings
2026-08-20 12:55:12,466 [INFO] News Scanner Run — 2026-08-20 12:55
==================================================
Articles in feeds: 50
New (not seen before): 50
Saved as records: 0
Filtered (not relevant): 50
Errors: 0

