2026-08-09 12:57:05,297 [INFO] ============================================================
2026-08-09 12:57:05,298 [INFO] News Scanner starting
2026-08-09 12:57:05,299 [INFO] Fetching: Syracuse.com Politics
2026-08-09 12:57:05,657 [INFO]   50 new articles from Syracuse.com Politics
2026-08-09 12:57:05,657 [INFO] Fetching: Syracuse.com Government
2026-08-09 12:57:05,914 [INFO]   0 new articles from Syracuse.com Government
2026-08-09 12:57:05,914 [INFO] Fetching: Syracuse.com Local
2026-08-09 12:57:06,127 [INFO]   0 new articles from Syracuse.com Local
2026-08-09 12:57:06,127 [INFO] Fetching: Syracuse.com Main
2026-08-09 12:57:06,337 [INFO]   0 new articles from Syracuse.com Main
2026-08-09 12:57:06,337 [INFO] Total unique articles across all feeds: 50
2026-08-09 12:57:06,338 [INFO] New articles (not previously processed): 50
2026-08-09 12:57:06,392 [DEBUG]   Filtered (not relevant): Country music star says he is done with California: ‘It’s disheartening’
2026-08-09 12:57:06,393 [DEBUG]   Filtered (not relevant): Powerball results for 08/08/26: $1 million winners sold in $5 states
2026-08-09 12:57:06,393 [DEBUG]   Filtered (not relevant): Country and blues star, 35, gives update as he continues to battle rare cancer
2026-08-09 12:57:06,394 [INFO]   Relevant: ‘Hush agreements’ hide bad decisions, undermine accountability (Editorial Board 
2026-08-09 12:57:06,394 [DEBUG]     → Entities: Syracuse City School District
2026-08-09 12:57:11,033 [INFO]     Saved: CTX-NEWS-2026-00238 → CTX-NEWS-2026-00238.json
2026-08-09 12:57:11,033 [DEBUG]   Filtered (not relevant): Adam Sandler’s daughter reveals why he wears socks in the pool
2026-08-09 12:57:11,034 [DEBUG]   Filtered (not relevant): Popular cruise line tightens booking rules: Here’s how it could affect your voya
2026-08-09 12:57:11,034 [DEBUG]   Filtered (not relevant): Experts release Arsenal vs. Dortmund prediction as Ødegaard pushes for Emirates 
2026-08-09 12:57:11,035 [DEBUG]   Filtered (not relevant): 2 multimillion-dollar Skaneateles home sales: plus 125 more in Onondaga County
2026-08-09 12:57:11,035 [DEBUG]   Filtered (not relevant): No elephants were climbed at sold-out 30th annual Brew at the Zoo
2026-08-09 12:57:11,036 [INFO]   Relevant: Ridiculous term limit fight will cost Onondaga County taxpayers plenty (Editoria
2026-08-09 12:57:11,036 [DEBUG]     → Keywords: taxpayer
2026-08-09 12:57:14,976 [WARNING]     Tag issue: Unknown tag 'criticism' not in taxonomy
2026-08-09 12:57:14,987 [INFO]     Saved: CTX-NEWS-2026-00239 → CTX-NEWS-2026-00239.json
2026-08-09 12:57:14,987 [DEBUG]   Filtered (not relevant): How Trump officials derailed Syracuse apartment project (Top stories)
2026-08-09 12:57:14,988 [DEBUG]   Filtered (not relevant): Central NY weather: After a sunny Sunday, a stormy week is ahead
2026-08-09 12:57:14,988 [DEBUG]   Filtered (not relevant): Rock star facing attempted murder charge, could be facing life in prison
2026-08-09 12:57:14,989 [DEBUG]   Filtered (not relevant): A new vaccine could change how doctors fight colon cancer forever
2026-08-09 12:57:14,989 [DEBUG]   Filtered (not relevant): Veteran television actor dies after starring in beloved crime drama
2026-08-09 12:57:14,990 [DEBUG]   Filtered (not relevant): Scientists discovered an unexpected way mountain lions may be helping drivers st
2026-08-09 12:57:14,990 [DEBUG]   Filtered (not relevant): Young singer killed by snakebite, four more dead before 40: Is ‘The Voice’ curse
2026-08-09 12:57:14,991 [DEBUG]   Filtered (not relevant): Avoiding three common health risks in middle age may help protect your brain lat
2026-08-09 12:57:14,991 [DEBUG]   Filtered (not relevant): CNY Inspirations: Joy in the Journey
2026-08-09 12:57:14,991 [DEBUG]   Filtered (not relevant): Jelly Roll stepping away from stage for up to 2 years to ‘heal’
2026-08-09 12:57:14,992 [DEBUG]   Filtered (not relevant): Will the COLA announcement be delayed again this year? What to know
2026-08-09 12:57:14,992 [DEBUG]   Filtered (not relevant): Country music world heartbroken as list of deaths hits 25: Here’s who we lost in
2026-08-09 12:57:14,992 [DEBUG]   Filtered (not relevant): Dear Abby: Slacker nephew’s days of coasting could be numbered
2026-08-09 12:57:14,993 [DEBUG]   Filtered (not relevant): Legendary rock band could be done after 2026: ‘We are getting toward the end’
2026-08-09 12:57:14,993 [DEBUG]   Filtered (not relevant): Country star battling cancer updates fans: ‘Being brave doesn’t mean you’re not 
2026-08-09 12:57:14,994 [DEBUG]   Filtered (not relevant): Asking Eric: What can we do about beloved bridge player who can’t keep up with t
2026-08-09 12:57:14,994 [DEBUG]   Filtered (not relevant): Update: Thunderstorms with pea-sized hail in Steuben County Sunday — wind gusts 
2026-08-09 12:57:14,995 [DEBUG]   Filtered (not relevant): Update: Thunderstorms with pea-sized hail in Oneida County Sunday — gusts to hit
2026-08-09 12:57:14,995 [DEBUG]   Filtered (not relevant): Powerball: See the winning numbers in Saturday’s $856 million drawing
2026-08-09 12:57:14,996 [DEBUG]   Filtered (not relevant): Ronny Mauricio drives in five as Syracuse Mets rout Columbus
2026-08-09 12:57:14,996 [DEBUG]   Filtered (not relevant): Bills Open Highmark Stadium: Cole Bishop Shines, Josh Allen Throws 4 INTs in Scr
2026-08-09 12:57:14,996 [DEBUG]   Filtered (not relevant): Flesh-eating bacteria kills 5 in Louisiana: What is Vibrio vulnificus? What are 
2026-08-09 12:57:14,997 [DEBUG]   Filtered (not relevant): New $20 Polymarket invite code “CUSE” upgraded for Gamrot vs. Salkilld UFC live 
2026-08-09 12:57:14,997 [DEBUG]   Filtered (not relevant): Son kills his parents, then fatally shoots himself in Madison County, deputies s
2026-08-09 12:57:14,998 [DEBUG]   Filtered (not relevant): Live Powerball numbers for 08/08/26: Are you the winner of the $856 million jack
2026-08-09 12:57:14,998 [DEBUG]   Filtered (not relevant): A 6-foot-8 defensive line prospect commits to Syracuse football
2026-08-09 12:57:14,998 [DEBUG]   Filtered (not relevant): Video: Discover what’s new inside Bills stadium as fans get their first look
2026-08-09 12:57:14,999 [DEBUG]   Filtered (not relevant): Bills’ Ty Johnson Injury Scare: RB Leaves Red & Blue Scrimmage With Trainers
2026-08-09 12:57:14,999 [DEBUG]   Filtered (not relevant): Unlock $20 Polymarket referral code “CUSE” for Yankees-Braves this Sunday
2026-08-09 12:57:15,000 [DEBUG]   Filtered (not relevant): Update: The heat advisory for Hudson Valley is canceled
2026-08-09 12:57:15,000 [DEBUG]   Filtered (not relevant): Best Buy is having a major $900 off sale on the LG 65-inch Class C6 OLED TV
2026-08-09 12:57:15,001 [DEBUG]   Filtered (not relevant): Young swimmer found dead just after midnight at state park in Upstate NY
2026-08-09 12:57:15,001 [DEBUG]   Filtered (not relevant): Update: Thunderstorms with damaging winds and penny-sized hail in Onondaga Count
2026-08-09 12:57:15,002 [DEBUG]   Filtered (not relevant): Update: Manhunt continues for son who allegedly killed father, burned down home 
2026-08-09 12:57:15,002 [DEBUG]   Filtered (not relevant): Thunderstorms with nickel-sized hail in Onondaga County Saturday — gusts could p
2026-08-09 12:57:15,003 [DEBUG]   Filtered (not relevant): Most expensive homes sold in five Central NY counties from July 1 to 31
2026-08-09 12:57:15,003 [DEBUG]   Filtered (not relevant): Sold-out My Chemical Romance Citi Field show still has tickets from $105
2026-08-09 12:57:15,004 [DEBUG]   Filtered (not relevant): Flash flood warning active for Delaware County until Saturday evening due to thu
2026-08-09 12:57:15,004 [DEBUG]   Filtered (not relevant): Update: Damaging winds and quarter-sized hail forecast with thunderstorms in Cli
2026-08-09 12:57:15,005 [DEBUG]   Filtered (not relevant): Central NY celebrates Scottish, Celtic heritage with annual festival and games (
2026-08-09 12:57:15,006 [INFO] News Scanner Run — 2026-08-09 12:57
==================================================
Articles in feeds: 50
New (not seen before): 50
Saved as records: 2
Filtered (not relevant): 48
Errors: 0

New records:
  • ‘Hush agreements’ hide bad decisions, undermine accountability (Editorial Board 
  • Ridiculous term limit fight will cost Onondaga County taxpayers plenty (Editoria

