2026-08-31 18:57:34,993 [INFO] ============================================================
2026-08-31 18:57:34,993 [INFO] News Scanner starting
2026-08-31 18:57:34,995 [INFO] Fetching: Syracuse.com Politics
2026-08-31 18:57:35,415 [INFO]   50 new articles from Syracuse.com Politics
2026-08-31 18:57:35,416 [INFO] Fetching: Syracuse.com Government
2026-08-31 18:57:35,630 [INFO]   0 new articles from Syracuse.com Government
2026-08-31 18:57:35,631 [INFO] Fetching: Syracuse.com Local
2026-08-31 18:57:35,812 [INFO]   0 new articles from Syracuse.com Local
2026-08-31 18:57:35,813 [INFO] Fetching: Syracuse.com Main
2026-08-31 18:57:36,038 [INFO]   0 new articles from Syracuse.com Main
2026-08-31 18:57:36,038 [INFO] Total unique articles across all feeds: 50
2026-08-31 18:57:36,039 [INFO] New articles (not previously processed): 50
2026-08-31 18:57:36,074 [DEBUG]   Filtered (not relevant): Walmart settled lawsuit accusing it of ‘unlawfully dispensing opioids’
2026-08-31 18:57:36,075 [DEBUG]   Filtered (not relevant): New $25 Kalshi Promo Code SYRACUSE updated for Mets vs. Rays, Yankees vs. Angels
2026-08-31 18:57:36,075 [DEBUG]   Filtered (not relevant): Nearly 16 years later, arrest made in Illinois baby’s homicide case
2026-08-31 18:57:36,076 [DEBUG]   Filtered (not relevant): See homes sold in four Central NY counties, Aug. 17 to 23
2026-08-31 18:57:36,076 [DEBUG]   Filtered (not relevant): Patagonia’s Summer Sale ends today - Here’s what we’re shopping for
2026-08-31 18:57:36,076 [DEBUG]   Filtered (not relevant): Legendary actor slammed for allegedly mocking deaf interpreter
2026-08-31 18:57:36,077 [DEBUG]   Filtered (not relevant): Shrimp peperonata
2026-08-31 18:57:36,077 [DEBUG]   Filtered (not relevant): One-pot rice and quinoa
2026-08-31 18:57:36,078 [DEBUG]   Filtered (not relevant): Greater Syracuse Sports Hall of Fame seeks nominees by deadline date
2026-08-31 18:57:36,078 [DEBUG]   Filtered (not relevant): Dolly Parton to be honored by SEC team all season long
2026-08-31 18:57:36,078 [DEBUG]   Filtered (not relevant): A Michigan family's vacation ended with a 4-year-old facing a life-changing reco
2026-08-31 18:57:36,079 [DEBUG]   Filtered (not relevant): Watch your email: Millions of payments from $115 million Oracle settlement on th
2026-08-31 18:57:36,079 [DEBUG]   Filtered (not relevant): What Trump just decided about next year’s federal paycheck
2026-08-31 18:57:36,079 [DEBUG]   Filtered (not relevant): Didn’t get ‘30 Rock’ 20th anniversary tickets? Here’s where you can still buy th
2026-08-31 18:57:36,080 [DEBUG]   Filtered (not relevant): Disney reveals frontier-themed menu for new Magic Kingdom pop-up restaurant
2026-08-31 18:57:36,080 [DEBUG]   Filtered (not relevant): Man cited for disorderly conduct after tripping 9-year-old during youth football
2026-08-31 18:57:36,080 [DEBUG]   Filtered (not relevant): ‘Lake Ontario does not tremble’ at Trump’s executive order (Your Letters)
2026-08-31 18:57:36,081 [DEBUG]   Filtered (not relevant): George Santos responds after unprecedented punishment by Kalshi: ‘Lol’
2026-08-31 18:57:36,081 [DEBUG]   Filtered (not relevant): People’s TVs are turning on by themselves, but don’t worry — it’s not ghosts
2026-08-31 18:57:36,081 [DEBUG]   Filtered (not relevant): Is Hobby Lobby open on Labor Day 2026?
2026-08-31 18:57:36,081 [DEBUG]   Filtered (not relevant): How to get a $1 deal for National Biscuit Month
2026-08-31 18:57:36,082 [DEBUG]   Filtered (not relevant): Tariff refunds sent to video game customers: ‘Not our money’
2026-08-31 18:57:36,082 [DEBUG]   Filtered (not relevant): 12 actors, TV personalities and industry veterans we said goodbye to in August
2026-08-31 18:57:36,082 [DEBUG]   Filtered (not relevant): Thousands of electric vehicle owners warned to park outside over dangerous fire 
2026-08-31 18:57:36,083 [DEBUG]   Filtered (not relevant): A wave of thunderstorms and heavy rain will roll into Upstate NY this week
2026-08-31 18:57:36,083 [DEBUG]   Filtered (not relevant): HOKA is having a huge 20% off deal on its fan-favorite Arahi 8 running shoe
2026-08-31 18:57:36,084 [DEBUG]   Filtered (not relevant): What Sleep Number's bankruptcy filing actually means for customers with open ord
2026-08-31 18:57:36,084 [DEBUG]   Filtered (not relevant): A well-known Fayetteville restaurant is closed for several weeks
2026-08-31 18:57:36,084 [DEBUG]   Filtered (not relevant): After bus stop free-for-all, long delays, NYS Fair adds staff and new lines
2026-08-31 18:57:36,084 [DEBUG]   Filtered (not relevant): A Top 10 basketball recruit has scheduled 8 campus visits (and Syracuse is one)
2026-08-31 18:57:36,085 [DEBUG]   Filtered (not relevant): Who is the top linebacker in New York high school football in 2026? Your votes
2026-08-31 18:57:36,085 [DEBUG]   Filtered (not relevant): Reality TV star loses ability to speak amid worsening ALS
2026-08-31 18:57:36,085 [DEBUG]   Filtered (not relevant): ‘The Howard Stern Show’ will now air on popular streaming platform
2026-08-31 18:57:36,086 [DEBUG]   Filtered (not relevant): $3.3 billion in Pentagon contracts fund work across 25 states
2026-08-31 18:57:36,086 [DEBUG]   Filtered (not relevant): Why Jennifer Garner 'panicked' over money following Ben Affleck divorce
2026-08-31 18:57:36,086 [DEBUG]   Filtered (not relevant): Federal wildlife officer dies while helping family escape wildfire
2026-08-31 18:57:36,087 [DEBUG]   Filtered (not relevant): Where to watch Aston Villa vs. Arsenal today: Premier League FREE live stream
2026-08-31 18:57:36,087 [DEBUG]   Filtered (not relevant): Country singer stops concert as fire breaks out above stage: ‘That looks bad’
2026-08-31 18:57:36,087 [DEBUG]   Filtered (not relevant): A change to daylight saving time could impact Halloween: Here’s how
2026-08-31 18:57:36,087 [DEBUG]   Filtered (not relevant): Former college football head coach dies at 85
2026-08-31 18:57:36,088 [DEBUG]   Filtered (not relevant): Former Syracuse basketball player signs with pro team in Lithuania
2026-08-31 18:57:36,088 [DEBUG]   Filtered (not relevant): Dear Annie: What would the younger me think of the life I missed out on?
2026-08-31 18:57:36,089 [DEBUG]   Filtered (not relevant): August 2026 just became the most expensive August ever for drivers across Americ
2026-08-31 18:57:36,089 [DEBUG]   Filtered (not relevant): Beloved late TV star’s son to make acting debut 6 years after her tragic death
2026-08-31 18:57:36,089 [DEBUG]   Filtered (not relevant): Oil prices rise and stocks fall after US hits Iranian sites
2026-08-31 18:57:36,090 [DEBUG]   Filtered (not relevant): Flo Rida returned to NYS Fair ready to party, and the crowd did too (Suburban Pa
2026-08-31 18:57:36,090 [DEBUG]   Filtered (not relevant): Rock frontman reveals toll of homophobic backlash after coming out as gay
2026-08-31 18:57:36,090 [DEBUG]   Filtered (not relevant): Italian chain’s beloved all-you-can-eat pasta deal is finally back
2026-08-31 18:57:36,091 [DEBUG]   Filtered (not relevant): Hochul pardons 6 people. Individuals showed remorse, rehabilitation
2026-08-31 18:57:36,091 [DEBUG]   Filtered (not relevant): Sony’s best-selling noise-cancelling headphones are now on sale at Target
2026-08-31 18:57:36,093 [INFO] News Scanner Run — 2026-08-31 18:57
==================================================
Articles in feeds: 50
New (not seen before): 50
Saved as records: 0
Filtered (not relevant): 50
Errors: 0

