2026-08-08 12:54:52,046 [INFO] ============================================================
2026-08-08 12:54:52,046 [INFO] News Scanner starting
2026-08-08 12:54:52,047 [INFO] Fetching: Syracuse.com Politics
2026-08-08 12:54:53,002 [INFO]   50 new articles from Syracuse.com Politics
2026-08-08 12:54:53,002 [INFO] Fetching: Syracuse.com Government
2026-08-08 12:54:53,232 [INFO]   0 new articles from Syracuse.com Government
2026-08-08 12:54:53,232 [INFO] Fetching: Syracuse.com Local
2026-08-08 12:54:53,424 [INFO]   0 new articles from Syracuse.com Local
2026-08-08 12:54:53,424 [INFO] Fetching: Syracuse.com Main
2026-08-08 12:54:53,601 [INFO]   0 new articles from Syracuse.com Main
2026-08-08 12:54:53,602 [INFO] Total unique articles across all feeds: 50
2026-08-08 12:54:53,602 [INFO] New articles (not previously processed): 50
2026-08-08 12:54:53,667 [DEBUG]   Filtered (not relevant): Cause of death revealed for NBA player who died at 29
2026-08-08 12:54:53,667 [DEBUG]   Filtered (not relevant): Where is Bryan Kohberger now? An update on the Idaho Student Murders
2026-08-08 12:54:53,668 [DEBUG]   Filtered (not relevant): Country music world rocked as 2 beloved performers die days apart: ‘Continue to 
2026-08-08 12:54:53,668 [DEBUG]   Filtered (not relevant): Beloved rock musician’s father found dead after going missing: ‘My dad has gone 
2026-08-08 12:54:53,668 [DEBUG]   Filtered (not relevant): Country music star says if wife had not called 9-1-1 he would have died within 2
2026-08-08 12:54:53,669 [DEBUG]   Filtered (not relevant): Where to watch PSG vs. Manchester United: Soccer free live stream
2026-08-08 12:54:53,669 [DEBUG]   Filtered (not relevant): Has the price of beef eased at all? (Syracuse.com price tracker)
2026-08-08 12:54:53,670 [DEBUG]   Filtered (not relevant): Update: The current severe thunderstorm warning for Western NY, Finger Lakes wil
2026-08-08 12:54:53,670 [DEBUG]   Filtered (not relevant): Rock and R&B legend dead at 78: ‘Secret ingredient on many, many musical project
2026-08-08 12:54:53,671 [DEBUG]   Filtered (not relevant): Country music star was in gruesome wreck causing relapse: ‘Broke my arm in half’
2026-08-08 12:54:53,671 [DEBUG]   Filtered (not relevant): Former WWE and WCW star pleads guilty to stabbing man at truck stop
2026-08-08 12:54:53,671 [DEBUG]   Filtered (not relevant): Beloved rock singer and guitarist dead at 63: ‘This is soul crushing’
2026-08-08 12:54:53,672 [DEBUG]   Filtered (not relevant): Who are country music’s hottest hunks? The rankings might shock you
2026-08-08 12:54:53,672 [DEBUG]   Filtered (not relevant): Top trending sports headlines this week August 4-8: ICYMI
2026-08-08 12:54:53,673 [DEBUG]   Filtered (not relevant): Trump claims poll numbers on major issue are at dictator levels — and still too 
2026-08-08 12:54:53,673 [DEBUG]   Filtered (not relevant): Legendary rock frontman dead at 69: ‘Amazing musician, performer, songwriter’
2026-08-08 12:54:53,673 [DEBUG]   Filtered (not relevant): Rising temperatures could cause flight delays: Here’s why
2026-08-08 12:54:53,674 [DEBUG]   Filtered (not relevant): Syracuse kids’ lemonade stand makes some money and teaches financial literacy
2026-08-08 12:54:53,674 [DEBUG]   Filtered (not relevant): Dear Annie: Dad’s double life comes to light at the reading of his will
2026-08-08 12:54:53,675 [DEBUG]   Filtered (not relevant): Popular actress says she’s done with filming movies
2026-08-08 12:54:53,675 [DEBUG]   Filtered (not relevant): Man dies after boat capsizes during launch attempt at New York state park
2026-08-08 12:54:53,675 [DEBUG]   Filtered (not relevant): Beloved rock icon, 67, cancels shows after mystery injury
2026-08-08 12:54:53,676 [DEBUG]   Filtered (not relevant): Central NY weather: Thunderstorms with gusty winds, heavy rain possible Saturday
2026-08-08 12:54:53,676 [DEBUG]   Filtered (not relevant): Toby Keith left behind a massive fortune when he died. Here’s what happened to i
2026-08-08 12:54:53,677 [DEBUG]   Filtered (not relevant): A six-hour rail journey left passengers asking one uncomfortable question
2026-08-08 12:54:53,677 [DEBUG]   Filtered (not relevant): Fan-favorite ‘Spider-Man’ actress dies at 82
2026-08-08 12:54:53,678 [DEBUG]   Filtered (not relevant): Google launches ‘simple’ way for parents to manage kids’ money
2026-08-08 12:54:53,679 [DEBUG]   Filtered (not relevant): You don’t need a passport for romance. These U.S. cities topped a new ranking
2026-08-08 12:54:53,680 [DEBUG]   Filtered (not relevant): Miss Manners: The dessert was in a box, but only half of it was there
2026-08-08 12:54:53,680 [DEBUG]   Filtered (not relevant): Country music families confront divorce, betrayal and painful health struggles
2026-08-08 12:54:53,680 [DEBUG]   Filtered (not relevant): WWE Hall of Famer headed for serious surgery: ‘I’ve had a blessed career’
2026-08-08 12:54:53,681 [DEBUG]   Filtered (not relevant): The worst states to have a baby have high costs, low quality care
2026-08-08 12:54:53,681 [DEBUG]   Filtered (not relevant): Ex-NBA center declares for WNBA draft, creating social media frenzy: ‘What a los
2026-08-08 12:54:53,681 [DEBUG]   Filtered (not relevant): Beloved rock musician killed in crash at 45: ‘He was the light of our lives’
2026-08-08 12:54:53,682 [DEBUG]   Filtered (not relevant): Weather alert issued for dense fog in parts of Upstate NY until Saturday morning
2026-08-08 12:54:53,682 [DEBUG]   Filtered (not relevant): Country music star lashes out after fan hits him with object: ‘Find out who that
2026-08-08 12:54:53,683 [DEBUG]   Filtered (not relevant): Country music legend dies at 109: ‘An Arkansas treasure’
2026-08-08 12:54:53,683 [DEBUG]   Filtered (not relevant): Dallas Cowboys sign 25-year-old former rushing champion
2026-08-08 12:54:53,683 [DEBUG]   Filtered (not relevant): A second ex-NBA first-round pick eyes WNBA Draft: ‘I’m transgender. I’m a woman’
2026-08-08 12:54:53,684 [DEBUG]   Filtered (not relevant): Former PGA Tour golfer dies unexpectedly at 45. Here’s what we know
2026-08-08 12:54:53,684 [DEBUG]   Filtered (not relevant): Dear Abby: I hate that our son films us when we watch his children
2026-08-08 12:54:53,685 [DEBUG]   Filtered (not relevant): Asking Eric: Volunteer tour guide thinks they’ve figured out why no one sticks a
2026-08-08 12:54:53,686 [DEBUG]   Filtered (not relevant): Be ready for dense fog in Mohawk Valley until Saturday morning
2026-08-08 12:54:53,686 [DEBUG]   Filtered (not relevant): Update: Heat advisory for Hudson Valley until Saturday evening
2026-08-08 12:54:53,687 [DEBUG]   Filtered (not relevant): Mega Millions numbers: Are you the lucky winner of Friday’s $70 million jackpot?
2026-08-08 12:54:53,687 [DEBUG]   Filtered (not relevant): Oswego City Police request public help in locating missing 29-year-old woman
2026-08-08 12:54:53,688 [DEBUG]   Filtered (not relevant): Update: The current flood advisory for Rockland County will expire at 3:15 a.m.
2026-08-08 12:54:53,688 [DEBUG]   Filtered (not relevant): Syracuse Mets beat Columbus Clippers 6-5 at NBT Bank Stadium
2026-08-08 12:54:53,688 [DEBUG]   Filtered (not relevant): Man charged with rape of child at Oneida homeless encampment, police say
2026-08-08 12:54:53,689 [DEBUG]   Filtered (not relevant): Report: Destiny USA’s owner again reaches deal to buy out huge debt at 80% disco
2026-08-08 12:54:53,785 [INFO] News Scanner Run — 2026-08-08 12:54
==================================================
Articles in feeds: 50
New (not seen before): 50
Saved as records: 0
Filtered (not relevant): 50
Errors: 0

