2026-09-25 16:52:38,948 [INFO] ============================================================
2026-09-25 16:52:38,948 [INFO] News Scanner starting
2026-09-25 16:52:38,950 [INFO] Fetching: Syracuse.com Politics
2026-09-25 16:52:39,419 [INFO]   50 new articles from Syracuse.com Politics
2026-09-25 16:52:39,419 [INFO] Fetching: Syracuse.com Government
2026-09-25 16:52:39,562 [INFO]   0 new articles from Syracuse.com Government
2026-09-25 16:52:39,562 [INFO] Fetching: Syracuse.com Local
2026-09-25 16:52:39,708 [INFO]   0 new articles from Syracuse.com Local
2026-09-25 16:52:39,708 [INFO] Fetching: Syracuse.com Main
2026-09-25 16:52:39,840 [INFO]   0 new articles from Syracuse.com Main
2026-09-25 16:52:39,840 [INFO] Total unique articles across all feeds: 50
2026-09-25 16:52:39,840 [INFO] New articles (not previously processed): 50
2026-09-25 16:52:39,935 [DEBUG]   Filtered (not relevant): Field trips canceled after Iowa teacher, student drown in lake
2026-09-25 16:52:39,935 [DEBUG]   Filtered (not relevant): Bulldog dies protecting couple during bear attack: ‘Her actions helped save our 
2026-09-25 16:52:39,936 [DEBUG]   Filtered (not relevant): Rep. Alexandria Ocasio-Cortez will visit Syracuse to mobilize infrequent voters
2026-09-25 16:52:39,937 [DEBUG]   Filtered (not relevant): Chewy black sesame cake
2026-09-25 16:52:39,937 [DEBUG]   Filtered (not relevant): Red curry noodles
2026-09-25 16:52:39,938 [DEBUG]   Filtered (not relevant): Flood warning active for Dutchess and Ulster counties Saturday — minor flooding 
2026-09-25 16:52:39,938 [DEBUG]   Filtered (not relevant): ‘American Idol’ alum on trial for murder allegedly told mistress he was ‘willing
2026-09-25 16:52:39,939 [DEBUG]   Filtered (not relevant): Lakers GM addresses LeBron leaving for Philadelphia
2026-09-25 16:52:39,939 [DEBUG]   Filtered (not relevant): Where to find Chargers vs. Bills Week 3 tickets for under $250
2026-09-25 16:52:39,939 [DEBUG]   Filtered (not relevant): A 1986 killing haunted investigators for decades. Then DNA delivered a breakthro
2026-09-25 16:52:39,940 [DEBUG]   Filtered (not relevant): Amazon Prime Day is coming back in October: Here’s what to expect
2026-09-25 16:52:39,940 [DEBUG]   Filtered (not relevant): Mass. city crowned No. 1 best fall destination, shocking no one
2026-09-25 16:52:39,941 [DEBUG]   Filtered (not relevant): Military families could get help with a costly everyday expense under bipartisan
2026-09-25 16:52:39,941 [DEBUG]   Filtered (not relevant): Police called over pellet gun fired from reality star’s home
2026-09-25 16:52:39,942 [DEBUG]   Filtered (not relevant): Hit by injuries and a crash, 2 Central NY high school football teams merge mid-s
2026-09-25 16:52:39,942 [DEBUG]   Filtered (not relevant): Multiple Upstate NY places among 50 with fastest-rising home values
2026-09-25 16:52:39,943 [DEBUG]   Filtered (not relevant): New ‘Saw’ movie back on track after years of delays
2026-09-25 16:52:39,943 [DEBUG]   Filtered (not relevant): Starbucks closing 250 stores — check if your go-to coffeehouse made the list
2026-09-25 16:52:39,943 [DEBUG]   Filtered (not relevant): A-list star quietly changes her name in corporate records
2026-09-25 16:52:39,944 [DEBUG]   Filtered (not relevant): Video of McDonald’s attack spreads as police arrest four teens
2026-09-25 16:52:39,944 [DEBUG]   Filtered (not relevant): Central New York village honored as nicest place in America by ‘Reader’s Digest’
2026-09-25 16:52:39,945 [DEBUG]   Filtered (not relevant): Dear Annie: I feel like my dear friend is ghosting me. It's so unusual for her t
2026-09-25 16:52:39,945 [DEBUG]   Filtered (not relevant): ‘Real Housewives’ daughter getting care after airport incident
2026-09-25 16:52:39,946 [DEBUG]   Filtered (not relevant): 5 best trade landing spots for Marvin Harrison Jr.
2026-09-25 16:52:39,946 [DEBUG]   Filtered (not relevant): Ex-NFL players rip Rivals for charging for high school evaluations: ‘Massive mon
2026-09-25 16:52:39,947 [DEBUG]   Filtered (not relevant): Marcellus garden opens for PACNY preservation fundraiser
2026-09-25 16:52:39,947 [DEBUG]   Filtered (not relevant): Human remains identified as Texas State student who went missing 6 years ago
2026-09-25 16:52:39,947 [DEBUG]   Filtered (not relevant): Instant impact: 48 girls soccer newcomers to watch out for
2026-09-25 16:52:39,948 [DEBUG]   Filtered (not relevant): HOKA Clifton 10 vs Clifton 11: Which should you buy?
2026-09-25 16:52:39,949 [DEBUG]   Filtered (not relevant): Nordstrom is having a huge sale on popular On sneakers for as low as $68
2026-09-25 16:52:39,949 [DEBUG]   Filtered (not relevant): Didn’t get Kenny Chesney tickets? Here’s where you can still buy them
2026-09-25 16:52:39,950 [DEBUG]   Filtered (not relevant): Over 957 flights delayed, 159 canceled amid widespread U.S. travel disruptions
2026-09-25 16:52:39,950 [DEBUG]   Filtered (not relevant): Syracuse's Webster Pond faces uncertain future: ‘Nothing else like it in the cit
2026-09-25 16:52:39,951 [DEBUG]   Filtered (not relevant): Syracuse basketball lands 5-star wing Moussa Kamissoko from Spire Academy
2026-09-25 16:52:39,951 [DEBUG]   Filtered (not relevant): Didn’t get Metallica ‘M72′ 2027 tickets? Here’s where you can still buy them
2026-09-25 16:52:39,951 [DEBUG]   Filtered (not relevant): Instant impact: 26 Section III boys soccer newcomers off to hot starts
2026-09-25 16:52:39,952 [DEBUG]   Filtered (not relevant): Did you miss Syracuse.com’s CNY GameDay show featuring West Genesee Pop Warner? 
2026-09-25 16:52:39,952 [DEBUG]   Filtered (not relevant): England soccer captain teases NFL future
2026-09-25 16:52:39,953 [DEBUG]   Filtered (not relevant): If you bought these brands at Costco in the past month, you may qualify for a re
2026-09-25 16:52:39,953 [DEBUG]   Filtered (not relevant): A survivor’s account is helping police piece together a shocking attack
2026-09-25 16:52:39,954 [DEBUG]   Filtered (not relevant): New $50 Polymarket invite code “CUSE” launches for Friday’s MLB; plus, Army and 
2026-09-25 16:52:39,954 [DEBUG]   Filtered (not relevant): A giant troll is coming to Ithaca — and it's made from scrap
2026-09-25 16:52:39,955 [DEBUG]   Filtered (not relevant): Miss Manners: Do I have to eat when the cook wears his dirty work uniform?
2026-09-25 16:52:39,955 [DEBUG]   Filtered (not relevant): Miami women find body confidence at the ballet barre
2026-09-25 16:52:39,956 [DEBUG]   Filtered (not relevant): Live scoreboard, recaps for Friday’s high school football games (Week 4)
2026-09-25 16:52:39,956 [DEBUG]   Filtered (not relevant): Syracuse Sandwiches: This Camillus bakery’s most popular lunch is named after a 
2026-09-25 16:52:39,957 [DEBUG]   Filtered (not relevant): Top 10 Section III gymnastics event leaders for Sept. 24
2026-09-25 16:52:39,957 [DEBUG]   Filtered (not relevant): Country music star retiring at 51: ‘I’m getting out while the getting is good’
2026-09-25 16:52:39,957 [DEBUG]   Filtered (not relevant): 6 takeaways from my interview with Syracuse chancellor, AD | Axe
2026-09-25 16:52:39,958 [DEBUG]   Filtered (not relevant): Fumbles, miracle catches and a bizarre finish: Watch the final 3 minutes of West
2026-09-25 16:52:39,960 [INFO] News Scanner Run — 2026-09-25 16:52
==================================================
Articles in feeds: 50
New (not seen before): 50
Saved as records: 0
Filtered (not relevant): 50
Errors: 0

