2026-09-07 17:33:12,512 [INFO] ============================================================
2026-09-07 17:33:12,512 [INFO] News Scanner starting
2026-09-07 17:33:12,513 [INFO] Fetching: Syracuse.com Politics
2026-09-07 17:33:12,984 [INFO]   50 new articles from Syracuse.com Politics
2026-09-07 17:33:12,984 [INFO] Fetching: Syracuse.com Government
2026-09-07 17:33:13,185 [INFO]   0 new articles from Syracuse.com Government
2026-09-07 17:33:13,186 [INFO] Fetching: Syracuse.com Local
2026-09-07 17:33:13,416 [INFO]   0 new articles from Syracuse.com Local
2026-09-07 17:33:13,416 [INFO] Fetching: Syracuse.com Main
2026-09-07 17:33:13,618 [INFO]   0 new articles from Syracuse.com Main
2026-09-07 17:33:13,618 [INFO] Total unique articles across all feeds: 50
2026-09-07 17:33:13,618 [INFO] New articles (not previously processed): 50
2026-09-07 17:33:13,655 [DEBUG]   Filtered (not relevant): Maple-shallot pork tenderloin
2026-09-07 17:33:13,656 [DEBUG]   Filtered (not relevant): London fog cookies
2026-09-07 17:33:13,656 [DEBUG]   Filtered (not relevant): Reverse-seared rib-eye steak
2026-09-07 17:33:13,657 [DEBUG]   Filtered (not relevant): Kalshi announces $25 promo code “SYRACUSE” for Labor Day’s Braves-Phillies
2026-09-07 17:33:13,657 [DEBUG]   Filtered (not relevant): NYS Fair Latino Village expands performances for Latin Divas of Drag (photos)
2026-09-07 17:33:13,658 [DEBUG]   Filtered (not relevant): SU women's lax adds 4-star midfielder to 2028 recruiting class
2026-09-07 17:33:13,658 [DEBUG]   Filtered (not relevant): Dear Annie: There will never be another late-summer afternoon exactly like this 
2026-09-07 17:33:13,658 [DEBUG]   Filtered (not relevant): Stella Lefty’s short show in Syracuse raises tough questions (NYS Fair concert r
2026-09-07 17:33:13,659 [DEBUG]   Filtered (not relevant): Miss American 2027: Miss Texas Regan Hutsell wins the crown
2026-09-07 17:33:13,659 [DEBUG]   Filtered (not relevant): Labor Day 2026: Holiday history and facts, what’s open and what’s closed today?
2026-09-07 17:33:13,660 [DEBUG]   Filtered (not relevant): Polymarket announces $50 promo code “CUSE” for Labor Day’s MLB Rivalry Games
2026-09-07 17:33:13,660 [DEBUG]   Filtered (not relevant): Syracuse.com’s 2026 fall media day boys golf wrap-up: Season outlooks, photos an
2026-09-07 17:33:13,660 [DEBUG]   Filtered (not relevant): Syracuse football commit Elijah Kimble puts up big numbers to begin senior seaso
2026-09-07 17:33:13,661 [DEBUG]   Filtered (not relevant): Costco finds you won’t want to miss in September
2026-09-07 17:33:13,661 [DEBUG]   Filtered (not relevant): Miss Manners: Younger relatives haven’t cashed my checks or said thank you
2026-09-07 17:33:13,661 [DEBUG]   Filtered (not relevant): Photos you’ll want to see from Central New York high school fall sports 2026 (We
2026-09-07 17:33:13,662 [DEBUG]   Filtered (not relevant): NYT journalist Jazmine Ulloa connects Trump-era policies to a century of border 
2026-09-07 17:33:13,662 [DEBUG]   Filtered (not relevant): Social Security’s 2027 COLA could be largest since 2023: Will it help retirees?
2026-09-07 17:33:13,662 [DEBUG]   Filtered (not relevant): Story captured why picking up a chick at the NYS Fair transforms us (Your Letter
2026-09-07 17:33:13,663 [DEBUG]   Filtered (not relevant): Syracuse in top 10 in US for growth in home sale profits in Q1
2026-09-07 17:33:13,663 [DEBUG]   Filtered (not relevant): Syracuse.com’s 2026 fall media day girls swim wrap-up: Season outlooks, photos a
2026-09-07 17:33:13,664 [DEBUG]   Filtered (not relevant): Otto Sitterly scores record-tying sixth Classic 200 win at Oswego
2026-09-07 17:33:13,664 [DEBUG]   Filtered (not relevant): Cortland County real estate: 10 most expensive homes sold August 2026
2026-09-07 17:33:13,664 [DEBUG]   Filtered (not relevant): 'Jersey Boys' musical returns to Syracuse's Landmark Theatre
2026-09-07 17:33:13,665 [DEBUG]   Filtered (not relevant): Syracuse.com’s 2026 spring media day girls tennis wrap-up: Season outlooks, phot
2026-09-07 17:33:13,665 [DEBUG]   Filtered (not relevant): Rock and Roll Hall of Famer retiring at 74 due to health: ‘I really have no opti
2026-09-07 17:33:13,665 [DEBUG]   Filtered (not relevant): Section III girls fall volleyball stats leaders through Sept. 6.
2026-09-07 17:33:13,666 [DEBUG]   Filtered (not relevant): Farm, restaurant, social organization: See 23 latest business, apartment, land s
2026-09-07 17:33:13,666 [DEBUG]   Filtered (not relevant): Day 13 at the NYS Fair: Today’s final menu includes the foods I’ll miss for 352 
2026-09-07 17:33:13,667 [DEBUG]   Filtered (not relevant): A reader tested negative for Legionella — but the doctor says the clinical signs
2026-09-07 17:33:13,667 [DEBUG]   Filtered (not relevant): Pro wrestling world rocked by string of deaths during the weekend. Here’s who we
2026-09-07 17:33:13,667 [DEBUG]   Filtered (not relevant): An AI chatbot conversation revealed a Texas man’s terrifying plan to attack an e
2026-09-07 17:33:13,668 [DEBUG]   Filtered (not relevant): Last day of the NYS Fair, ‘Jersey Boys,’ Irish Festival: 23 things to do this we
2026-09-07 17:33:13,668 [DEBUG]   Filtered (not relevant): Dolly Parton’s sister rips ‘endless garbage being posted everyday’ after singer’
2026-09-07 17:33:13,668 [DEBUG]   Filtered (not relevant): ‘Pawn Stars’ Rick Harrison has emergency heart surgery. Here’s the latest
2026-09-07 17:33:13,669 [DEBUG]   Filtered (not relevant): Popular rock band cancels show after worker is crushed by tour bus. Here’s what 
2026-09-07 17:33:13,669 [DEBUG]   Filtered (not relevant): Country music star reveals she is pregnant at 42: ‘Honeymoon souvenir’
2026-09-07 17:33:13,669 [DEBUG]   Filtered (not relevant): NYS Fair forecast for Day 13: Sunny skies and warm temperatures
2026-09-07 17:33:13,669 [DEBUG]   Filtered (not relevant): 20 things that caught our eye during Syracuse’s Week 1 win against New Hampshire
2026-09-07 17:33:13,670 [DEBUG]   Filtered (not relevant): Today's horoscope: Scorpio - Read between the lines to avoid hype and pressure (
2026-09-07 17:33:13,670 [DEBUG]   Filtered (not relevant): Star actor shocks fans by revealing he has 5 years left to live. Here’s what we 
2026-09-07 17:33:13,670 [DEBUG]   Filtered (not relevant): Tennessee girl’s unforgettable Grand Ole Opry moment brings audience to tears
2026-09-07 17:33:13,671 [DEBUG]   Filtered (not relevant): Dear Abby: My wife's body wasn't even home before her death hit Facebook
2026-09-07 17:33:13,671 [DEBUG]   Filtered (not relevant): Pa. discount chain seeks to keep prices low for customers’ sake
2026-09-07 17:33:13,671 [DEBUG]   Filtered (not relevant): Michigan is the ‘least hardworking state’ in America, study says
2026-09-07 17:33:13,672 [DEBUG]   Filtered (not relevant): Upstate NY could see spectacular fall foliage in 2026. See when colors peak near
2026-09-07 17:33:13,672 [DEBUG]   Filtered (not relevant): Country music star touring at 57 despite incurable illness. Here’s what we know
2026-09-07 17:33:13,672 [DEBUG]   Filtered (not relevant): These 13 companies might not exist by 2027 — is one of your favorites on the lis
2026-09-07 17:33:13,673 [DEBUG]   Filtered (not relevant): Pro wrestling star collapses in ring and dies at 48. Here’s the latest
2026-09-07 17:33:13,673 [DEBUG]   Filtered (not relevant): Asking Eric: My brother treats me differently because I want no relationship wit
2026-09-07 17:33:13,674 [INFO] News Scanner Run — 2026-09-07 17:33
==================================================
Articles in feeds: 50
New (not seen before): 50
Saved as records: 0
Filtered (not relevant): 50
Errors: 0

