2026-07-26 13:37:09,955 [INFO] ============================================================
2026-07-26 13:37:09,955 [INFO] News Scanner starting
2026-07-26 13:37:09,957 [INFO] Fetching: Syracuse.com Politics
2026-07-26 13:37:10,311 [INFO]   50 new articles from Syracuse.com Politics
2026-07-26 13:37:10,311 [INFO] Fetching: Syracuse.com Government
2026-07-26 13:37:10,478 [INFO]   0 new articles from Syracuse.com Government
2026-07-26 13:37:10,479 [INFO] Fetching: Syracuse.com Local
2026-07-26 13:37:10,646 [INFO]   0 new articles from Syracuse.com Local
2026-07-26 13:37:10,646 [INFO] Fetching: Syracuse.com Main
2026-07-26 13:37:10,825 [INFO]   0 new articles from Syracuse.com Main
2026-07-26 13:37:10,825 [INFO] Total unique articles across all feeds: 50
2026-07-26 13:37:10,826 [INFO] New articles (not previously processed): 50
2026-07-26 13:37:10,879 [DEBUG]   Filtered (not relevant): Expert adjusts Flamengo vs. São Paulo prediction after eye-catching Pedro goal u
2026-07-26 13:37:10,880 [DEBUG]   Filtered (not relevant): Rock legend reveals he went from stage to the hospital: ‘The pain became intense
2026-07-26 13:37:10,880 [DEBUG]   Filtered (not relevant): Pat McAfee responds to those who say he is to blame for ESPN layoffs
2026-07-26 13:37:10,881 [DEBUG]   Filtered (not relevant): Spider-Man costume, real-life heroics: Arkansas man helps wheelchair user cross 
2026-07-26 13:37:10,881 [DEBUG]   Filtered (not relevant): Rock and pop star who rose to fame in 1950s dead at 89: ‘Legend and true rocker’
2026-07-26 13:37:10,882 [DEBUG]   Filtered (not relevant): Powerball results for 07/25/26: $1 million winner sold in 6 states
2026-07-26 13:37:10,882 [DEBUG]   Filtered (not relevant): Romance novelist charged with homicide after writing about murder
2026-07-26 13:37:10,882 [DEBUG]   Filtered (not relevant): Rodeo excitement at Pompey Country Fest (photos)
2026-07-26 13:37:10,883 [DEBUG]   Filtered (not relevant): Beloved R&B singer dies at 79: ‘A legendary voice’
2026-07-26 13:37:10,883 [DEBUG]   Filtered (not relevant): Editorial cartoons for July 26, 2026: Cyclosporiasis outbreak, ‘low-T' military,
2026-07-26 13:37:10,884 [DEBUG]   Filtered (not relevant): Beloved young musician’s body recovered one year after he went missing
2026-07-26 13:37:10,884 [DEBUG]   Filtered (not relevant): $1.1 million for village living: Plus 146 more Onondaga County home sales
2026-07-26 13:37:10,885 [DEBUG]   Filtered (not relevant): ‘80s cult-classic Jim Henson film to leave Netflix next month
2026-07-26 13:37:10,885 [DEBUG]   Filtered (not relevant): 2 CNY school districts eye rare merger amid declining enrollment (Top stories fo
2026-07-26 13:37:10,885 [DEBUG]   Filtered (not relevant): Al Roker’s retirement plans: Here’s what we know about ‘Today’ star’s future
2026-07-26 13:37:10,886 [DEBUG]   Filtered (not relevant): Dear Annie: Creative solution kept this mom safe and independent at 80+
2026-07-26 13:37:10,886 [DEBUG]   Filtered (not relevant): Central NY superintendent will retire after upcoming school year; ‘a career fill
2026-07-26 13:37:10,886 [DEBUG]   Filtered (not relevant): 5 best cities to buy a rental income-making property in 2026
2026-07-26 13:37:10,887 [DEBUG]   Filtered (not relevant): Syracuse airport baggage handling upgrade can’t wait for Micron (Editorial Board
2026-07-26 13:37:10,887 [DEBUG]   Filtered (not relevant): Country music singer making a comeback after hiatus: ‘We’re hitting the pavement
2026-07-26 13:37:10,887 [DEBUG]   Filtered (not relevant): Country music singer says he is risking his life by speaking out against Donald 
2026-07-26 13:37:10,888 [DEBUG]   Filtered (not relevant): Unsettled weather pattern brings showers, storms to Central NY this week
2026-07-26 13:37:10,888 [DEBUG]   Filtered (not relevant): Chiefs’ Andy Reid named top head coach in NFL by AP: See who else made the list
2026-07-26 13:37:10,889 [DEBUG]   Filtered (not relevant): Ben and Casey Affleck’s mom dies at 85
2026-07-26 13:37:10,889 [DEBUG]   Filtered (not relevant): Rock legend reveals 2026 will be his last year on tour: ‘Wanna go out with a ban
2026-07-26 13:37:10,889 [DEBUG]   Filtered (not relevant): The top 5 best U.S. school systems are mostly in the Northeast
2026-07-26 13:37:10,890 [DEBUG]   Filtered (not relevant): From breakups to new beginnings: Inside a week of celebrity relationship news
2026-07-26 13:37:10,890 [DEBUG]   Filtered (not relevant): CNY Inspirations: The road won’t save you, but it might bring you back
2026-07-26 13:37:10,890 [DEBUG]   Filtered (not relevant): First ever search-and-rescue otter can help where dogs can’t
2026-07-26 13:37:10,891 [DEBUG]   Filtered (not relevant): Country singer taking time off after life-threatening health scare: ‘Still recov
2026-07-26 13:37:10,891 [DEBUG]   Filtered (not relevant): Ronny Mauricio two home runs power Syracuse Mets past RailRiders
2026-07-26 13:37:10,891 [DEBUG]   Filtered (not relevant): Country music stars battling cancer: These singers are bravely fighting for thei
2026-07-26 13:37:10,892 [DEBUG]   Filtered (not relevant): ‘Tiger King’ Joe Exotic is selling his music catalog. You can probably afford to
2026-07-26 13:37:10,892 [DEBUG]   Filtered (not relevant): Young country music star reveals how serious hospitalization was: ‘I bout died’
2026-07-26 13:37:10,892 [DEBUG]   Filtered (not relevant): Comedian Larry the Cable Guy rushed to hospital. Here’s what we know
2026-07-26 13:37:10,893 [DEBUG]   Filtered (not relevant): 3 country music groups fans might not see again after 2026
2026-07-26 13:37:10,893 [DEBUG]   Filtered (not relevant): Dear Abby: My sister is intolerable - but would leaving her out be cruel?
2026-07-26 13:37:10,893 [DEBUG]   Filtered (not relevant): Country music world rallies around star after tragedy: ‘He’s right there with yo
2026-07-26 13:37:10,894 [DEBUG]   Filtered (not relevant): Asking Eric: I want to be free to travel, but my husband’s illness has me tied t
2026-07-26 13:37:10,895 [DEBUG]   Filtered (not relevant): Powerball: See the winning numbers in Saturday’s $600 million drawing
2026-07-26 13:37:10,895 [DEBUG]   Filtered (not relevant): Sunday Night Baseball clash: MLB simulation model favors home side in Yankees vs
2026-07-26 13:37:10,895 [DEBUG]   Filtered (not relevant): Man riding unregistered off-road motorcycle injured in Syracuse crash, police sa
2026-07-26 13:37:10,896 [DEBUG]   Filtered (not relevant): $20 Polymarket referral code “CUSE” prepped for Yankees-Phillies, Dodgers-Mets o
2026-07-26 13:37:10,896 [DEBUG]   Filtered (not relevant): Circus performer airlifted after arrow strikes him instead of target during Upst
2026-07-26 13:37:10,897 [DEBUG]   Filtered (not relevant): Boeheim’s Army vs. La Familia in TBT: Who’s playing, schedule, pertinent stats
2026-07-26 13:37:10,897 [DEBUG]   Filtered (not relevant): Where to watch the WNBA All-Star Game today: FREE live stream
2026-07-26 13:37:10,898 [DEBUG]   Filtered (not relevant): OCC hosts 2nd annual Haudenosaunee Arts Festival (84 photos, video)
2026-07-26 13:37:10,898 [DEBUG]   Filtered (not relevant): Where to watch Columbus Crew vs. Cincinnati today: MLS free stream
2026-07-26 13:37:10,898 [DEBUG]   Filtered (not relevant): You can watch ‘Avatar Aang: The Last Airbender’ for free on Paramount+ with this
2026-07-26 13:37:10,899 [DEBUG]   Filtered (not relevant): Where to watch Dodgers vs. Mets today: MLB free live stream
2026-07-26 13:37:10,901 [INFO] News Scanner Run — 2026-07-26 13:37
==================================================
Articles in feeds: 50
New (not seen before): 50
Saved as records: 0
Filtered (not relevant): 50
Errors: 0

