2026-09-12 15:16:15,378 [INFO] ============================================================
2026-09-12 15:16:15,378 [INFO] News Scanner starting
2026-09-12 15:16:15,380 [INFO] Fetching: Syracuse.com Politics
2026-09-12 15:16:15,962 [INFO]   50 new articles from Syracuse.com Politics
2026-09-12 15:16:15,963 [INFO] Fetching: Syracuse.com Government
2026-09-12 15:16:16,124 [INFO]   0 new articles from Syracuse.com Government
2026-09-12 15:16:16,124 [INFO] Fetching: Syracuse.com Local
2026-09-12 15:16:16,267 [INFO]   0 new articles from Syracuse.com Local
2026-09-12 15:16:16,267 [INFO] Fetching: Syracuse.com Main
2026-09-12 15:16:16,404 [INFO]   0 new articles from Syracuse.com Main
2026-09-12 15:16:16,404 [INFO] Total unique articles across all feeds: 50
2026-09-12 15:16:16,405 [INFO] New articles (not previously processed): 50
2026-09-12 15:16:16,466 [DEBUG]   Filtered (not relevant): Dear Annie: If she's never been in a relationship, how will she really know if s
2026-09-12 15:16:16,466 [DEBUG]   Filtered (not relevant): 7 dead after prison riot and fire in northern Syrian town
2026-09-12 15:16:16,466 [DEBUG]   Filtered (not relevant): Watch Big Ten coach ‘bully’ McAfee into $500K donation
2026-09-12 15:16:16,467 [DEBUG]   Filtered (not relevant): NASCAR legend’s house broken into, 2 arrested
2026-09-12 15:16:16,467 [DEBUG]   Filtered (not relevant): Ted Cruz booed on ‘GameDay’ during live interview
2026-09-12 15:16:16,468 [DEBUG]   Filtered (not relevant): How to watch Spain vs. USA FIBA World Cup basketball semifinal
2026-09-12 15:16:16,468 [DEBUG]   Filtered (not relevant): Sark calls out McAfee, Finebaum for Arch Manning hype
2026-09-12 15:16:16,468 [DEBUG]   Filtered (not relevant): Saban has fiery message for media on early ‘overreaction’
2026-09-12 15:16:16,469 [DEBUG]   Filtered (not relevant): How to watch Howard vs. Indiana college football for free today
2026-09-12 15:16:16,469 [DEBUG]   Filtered (not relevant): Here's Saban’s tips to Akron fan who will call plays
2026-09-12 15:16:16,470 [DEBUG]   Filtered (not relevant): Polymarket updates $50 promo code “CUSE” for Syracuse vs Cal in CFB Week 2
2026-09-12 15:16:16,470 [DEBUG]   Filtered (not relevant): How to watch Michigan vs. Oklahoma college football free stream
2026-09-12 15:16:16,470 [DEBUG]   Filtered (not relevant): Holes-in-one for Central New York golfers (as of Sept. 11)
2026-09-12 15:16:16,471 [DEBUG]   Filtered (not relevant): Drinkwitz rips Kansas for Civil War hype video, cites 9/11
2026-09-12 15:16:16,472 [DEBUG]   Filtered (not relevant): Expert update Ohio State vs. Texas prediction after latest DraftKings odds
2026-09-12 15:16:16,472 [DEBUG]   Filtered (not relevant): Mega Millions numbers for 09/11/26: Did anyone win the $209 million jackpot?
2026-09-12 15:16:16,473 [DEBUG]   Filtered (not relevant): Miss Manners: She says I’m her favorite sister-in-law, then excluded me
2026-09-12 15:16:16,473 [DEBUG]   Filtered (not relevant): Live scoreboard, recaps for Saturday’s high school football games (Week 2)
2026-09-12 15:16:16,474 [DEBUG]   Filtered (not relevant): Ask Mayo Clinic: Why are some men more likely to develop prostate cancer?
2026-09-12 15:16:16,474 [DEBUG]   Filtered (not relevant): Where to watch Oregon vs. Oklahoma State college football free stream
2026-09-12 15:16:16,475 [DEBUG]   Filtered (not relevant): The wildest ‘Dancing With the Stars’ controversies of all time
2026-09-12 15:16:16,475 [DEBUG]   Filtered (not relevant): Jig city: Irish Fest gets thousands moving in downtown Syracuse (photos)
2026-09-12 15:16:16,475 [DEBUG]   Filtered (not relevant): National retailer sets opening date for newest Onondaga County location
2026-09-12 15:16:16,476 [DEBUG]   Filtered (not relevant): A new Social Security COLA prediction is out and it’s more bad news for retirees
2026-09-12 15:16:16,476 [DEBUG]   Filtered (not relevant): Is ‘Saturday Night Live’ new tonight? See the episode schedule
2026-09-12 15:16:16,477 [DEBUG]   Filtered (not relevant): NBC upgrades security at ‘Today’ after terrifying incident
2026-09-12 15:16:16,477 [DEBUG]   Filtered (not relevant): Rock singer’s chilling final post: ‘What I need is a cigarette, no more prayers’
2026-09-12 15:16:16,477 [DEBUG]   Filtered (not relevant): How to bet on Syracuse vs. Cal in NY today using Kalshi prediction markets
2026-09-12 15:16:16,478 [DEBUG]   Filtered (not relevant): Country music singer, 38, arrested in North Carolina. Here’s what we know
2026-09-12 15:16:16,478 [DEBUG]   Filtered (not relevant): How to watch France vs. Germany FIBA World Cup basketball semifinal
2026-09-12 15:16:16,479 [DEBUG]   Filtered (not relevant): How to watch Chelsea vs. Hull City Premier League free live stream
2026-09-12 15:16:16,479 [DEBUG]   Filtered (not relevant): Section III high school sports schedule for Sept. 12
2026-09-12 15:16:16,479 [DEBUG]   Filtered (not relevant): America’s top coffee-loving state might not be the one you expect
2026-09-12 15:16:16,480 [DEBUG]   Filtered (not relevant): Where to watch Arizona State vs. Texas A&M college football for free
2026-09-12 15:16:16,480 [DEBUG]   Filtered (not relevant): Young country star ‘shouldn’t be here’ after horrific crash leaves him blind in 
2026-09-12 15:16:16,480 [DEBUG]   Filtered (not relevant): Country music star feeling ‘just a little defeated’ after split from wife
2026-09-12 15:16:16,481 [DEBUG]   Filtered (not relevant): Grammy-winning country singer’s fans praying after medical emergency. Here’s the
2026-09-12 15:16:16,481 [DEBUG]   Filtered (not relevant): Billy Joel reveals why doctors told him to stop performing
2026-09-12 15:16:16,482 [DEBUG]   Filtered (not relevant): Dolly Parton’s sister says nobody in entertainment reached out
2026-09-12 15:16:16,482 [DEBUG]   Filtered (not relevant): Dear Abby: Trying to manage money for irresponsible in-laws is causing me mental
2026-09-12 15:16:16,483 [DEBUG]   Filtered (not relevant): This obsolete media is making a comeback: ‘Not a surprise’
2026-09-12 15:16:16,483 [DEBUG]   Filtered (not relevant): How to watch Syracuse vs. Cal football game for free today
2026-09-12 15:16:16,483 [DEBUG]   Filtered (not relevant): Country music singer shares ‘sad news’ in cancer battle: ‘It’s snuck back up’
2026-09-12 15:16:16,484 [DEBUG]   Filtered (not relevant): The happiest place in America isn’t where many people would guess
2026-09-12 15:16:16,484 [DEBUG]   Filtered (not relevant): Today’s horoscope: Is today your birthday? - Start an activity that gets you mov
2026-09-12 15:16:16,484 [DEBUG]   Filtered (not relevant): No. 1 Ohio State at No. 4 Texas among 10 biggest college football games in 2026
2026-09-12 15:16:16,485 [DEBUG]   Filtered (not relevant): Country music stars who have gotten married in 2026: These singers are off the m
2026-09-12 15:16:16,485 [DEBUG]   Filtered (not relevant): Country music rocked by death of 3 of its oldest living legends. Here’s what to 
2026-09-12 15:16:16,486 [DEBUG]   Filtered (not relevant): Country music star on playing the Super Bowl halftime show: ‘I think it’s time’
2026-09-12 15:16:16,486 [DEBUG]   Filtered (not relevant): Country music star postpones shows for family emergency: ‘I’m truly sorry’
2026-09-12 15:16:16,488 [INFO] News Scanner Run — 2026-09-12 15:16
==================================================
Articles in feeds: 50
New (not seen before): 50
Saved as records: 0
Filtered (not relevant): 50
Errors: 0

