2026-09-18 16:05:42,196 [INFO] ============================================================
2026-09-18 16:05:42,196 [INFO] News Scanner starting
2026-09-18 16:05:42,198 [INFO] Fetching: Syracuse.com Politics
2026-09-18 16:05:42,573 [INFO]   50 new articles from Syracuse.com Politics
2026-09-18 16:05:42,573 [INFO] Fetching: Syracuse.com Government
2026-09-18 16:05:42,881 [INFO]   0 new articles from Syracuse.com Government
2026-09-18 16:05:42,881 [INFO] Fetching: Syracuse.com Local
2026-09-18 16:05:43,159 [INFO]   0 new articles from Syracuse.com Local
2026-09-18 16:05:43,160 [INFO] Fetching: Syracuse.com Main
2026-09-18 16:05:43,577 [INFO]   0 new articles from Syracuse.com Main
2026-09-18 16:05:43,577 [INFO] Total unique articles across all feeds: 50
2026-09-18 16:05:43,577 [INFO] New articles (not previously processed): 50
2026-09-18 16:05:43,638 [DEBUG]   Filtered (not relevant): Walmart has a rollback on the VIZIO 65-inch QLED TV for a limited time
2026-09-18 16:05:43,639 [DEBUG]   Filtered (not relevant): How to watch Brentford vs. Chelsea Premier League soccer for free
2026-09-18 16:05:43,639 [DEBUG]   Filtered (not relevant): Sean McVay eager to move past Rams loss in Australia
2026-09-18 16:05:43,640 [DEBUG]   Filtered (not relevant): Actor who appeared on hit Disney Channel show sentenced to 30 months in prison
2026-09-18 16:05:43,640 [DEBUG]   Filtered (not relevant): Former college football player dies suddenly at 28
2026-09-18 16:05:43,641 [DEBUG]   Filtered (not relevant): Health officials warn about emerging synthetic opioid threat
2026-09-18 16:05:43,641 [DEBUG]   Filtered (not relevant): Audi, Volkswagen drivers warned of recall over issue that causes a loss of steer
2026-09-18 16:05:43,642 [DEBUG]   Filtered (not relevant): Beloved rock singer’s death at 56 has prayers pouring in from fans: ‘A profound 
2026-09-18 16:05:43,642 [DEBUG]   Filtered (not relevant): Beloved toy store chain from your childhood to open 120 new locations in major c
2026-09-18 16:05:43,642 [DEBUG]   Filtered (not relevant): Amazon issues nationwide recall for 276K+ toddler toys over serious safety risks
2026-09-18 16:05:43,643 [DEBUG]   Filtered (not relevant): Beloved actress opens up about eating disorder battle: ‘Didn’t know if I would m
2026-09-18 16:05:43,643 [DEBUG]   Filtered (not relevant): Fran Brown must make the tough call to inject belief into the Syracuse faithful 
2026-09-18 16:05:43,644 [DEBUG]   Filtered (not relevant): Dear Annie: Noisy family group text chain takes a turn with cousin's unwanted po
2026-09-18 16:05:43,644 [DEBUG]   Filtered (not relevant): Duct-taped passenger reveals what he drank before outburst on plane
2026-09-18 16:05:43,645 [DEBUG]   Filtered (not relevant): Popular ’90s rock musician dead at 56: ‘The world has lost a singular talent’
2026-09-18 16:05:43,645 [DEBUG]   Filtered (not relevant): Popular rock singer asks for prayers from hospital bed: ‘Friends, I have cancer’
2026-09-18 16:05:43,646 [DEBUG]   Filtered (not relevant): ‘American Idol’ star recalls being outed on live TV
2026-09-18 16:05:43,646 [DEBUG]   Filtered (not relevant): Warren Buffett steps down as Berkshire Hathaway chairman; replacement named
2026-09-18 16:05:43,646 [DEBUG]   Filtered (not relevant): Huge burger chain franchisee files for bankruptcy
2026-09-18 16:05:43,647 [DEBUG]   Filtered (not relevant): Urban Outfitters now has BAGGU’s newest Nylon Reverse Tote Bag - All sizes avail
2026-09-18 16:05:43,647 [DEBUG]   Filtered (not relevant): Kroger is no longer stocking Red Bull and the reason may surprise you
2026-09-18 16:05:43,647 [DEBUG]   Filtered (not relevant): Melissa & Doug recalls 84K fire truck toys over choking risk
2026-09-18 16:05:43,648 [DEBUG]   Filtered (not relevant): Pioneering rapper who mentored Ed Sheeran dies at 44
2026-09-18 16:05:43,648 [DEBUG]   Filtered (not relevant): Former Syracuse player joins Dallas Mavericks staff
2026-09-18 16:05:43,649 [DEBUG]   Filtered (not relevant): Fran Brown makes a feint move toward ref before drawing flag: ‘Can’t say words l
2026-09-18 16:05:43,649 [DEBUG]   Filtered (not relevant): These names ruled the ’90s. Now parents are leaving them behind
2026-09-18 16:05:43,649 [DEBUG]   Filtered (not relevant): Taylor Tomlinson brings new stand-up tour to Upstate NY in 2027: How to get tick
2026-09-18 16:05:43,650 [DEBUG]   Filtered (not relevant): Measles finds gaps in vaccination. Protect your family by getting the shot (Your
2026-09-18 16:05:43,651 [DEBUG]   Filtered (not relevant): Polymarket updates $50 promo code “CUSE” on Friday for No. 5 Miami vs. Wake Fore
2026-09-18 16:05:43,651 [DEBUG]   Filtered (not relevant): Bill would cut wait times for Social Security disability, Medicare payments
2026-09-18 16:05:43,651 [DEBUG]   Filtered (not relevant): Section III’s top girls lacrosse prospect joins loaded class with choice of coll
2026-09-18 16:05:43,652 [DEBUG]   Filtered (not relevant): Madewell’s Mylie Studded Suede Shoulder Bag is seeing a 31% off discount at Nord
2026-09-18 16:05:43,652 [DEBUG]   Filtered (not relevant): Study finds link between surname choices and divorce rates
2026-09-18 16:05:43,653 [DEBUG]   Filtered (not relevant): Georgia high school football coach arrested for allegedly punching player during
2026-09-18 16:05:43,653 [DEBUG]   Filtered (not relevant): Yankees vs. Dbacks predictions: Polymarket prices, picks and player props for Fr
2026-09-18 16:05:43,654 [DEBUG]   Filtered (not relevant): Uranium mines pose first test for state-recognized Mount Taylor cultural landsca
2026-09-18 16:05:43,654 [DEBUG]   Filtered (not relevant): Miss Manners: What’s best to wear when waiting hours between parts of a wedding?
2026-09-18 16:05:43,655 [DEBUG]   Filtered (not relevant): Live scoreboard, recaps for Friday’s high school football games (Week 3)
2026-09-18 16:05:43,655 [DEBUG]   Filtered (not relevant): Buffalo debate grows over O.J. Simpson at new stadium
2026-09-18 16:05:43,656 [DEBUG]   Filtered (not relevant): ESPN host: Stephen A. Smith’s comments on Lane Kiffin, Ole Miss ‘disappointing’
2026-09-18 16:05:43,656 [DEBUG]   Filtered (not relevant): Syracuse Sandwiches: A former NFL chef is making $10 lunches in a downtown bank 
2026-09-18 16:05:43,657 [DEBUG]   Filtered (not relevant): Ignore the warnings about AI. There’s money to be made (Satire by Sunny Aslam)
2026-09-18 16:05:43,657 [DEBUG]   Filtered (not relevant): Section III gymnastics event leaderboard for Sept. 17
2026-09-18 16:05:43,657 [DEBUG]   Filtered (not relevant): Section III high school boys cross country leaderboard for Sept. 17
2026-09-18 16:05:43,658 [DEBUG]   Filtered (not relevant): Travel advisory: Visitors to popular Northern African destination urged to ‘exer
2026-09-18 16:05:43,658 [DEBUG]   Filtered (not relevant): Comedian from Syracuse’s American High joins cast of Saturday Night Live for new
2026-09-18 16:05:43,659 [DEBUG]   Filtered (not relevant): Overlooked and overheard after Syracuse’s loss at Pitt: ‘I shouldn’t have said t
2026-09-18 16:05:43,659 [DEBUG]   Filtered (not relevant): Bills get promising DJ Moore injury update after shoulder injury vs. Lions
2026-09-18 16:05:43,659 [DEBUG]   Filtered (not relevant): Section III high school girls cross country leaderboard for Sept. 17
2026-09-18 16:05:43,659 [DEBUG]   Filtered (not relevant): Country music’s young stars have been stepping away from the stage. Here’s why
2026-09-18 16:05:43,661 [INFO] News Scanner Run — 2026-09-18 16:05
==================================================
Articles in feeds: 50
New (not seen before): 50
Saved as records: 0
Filtered (not relevant): 50
Errors: 0

