2026-08-04 14:23:53,543 [INFO] ============================================================
2026-08-04 14:23:53,543 [INFO] News Scanner starting
2026-08-04 14:23:53,545 [INFO] Fetching: Syracuse.com Politics
2026-08-04 14:23:54,002 [INFO]   50 new articles from Syracuse.com Politics
2026-08-04 14:23:54,002 [INFO] Fetching: Syracuse.com Government
2026-08-04 14:23:54,182 [INFO]   0 new articles from Syracuse.com Government
2026-08-04 14:23:54,182 [INFO] Fetching: Syracuse.com Local
2026-08-04 14:23:54,347 [INFO]   0 new articles from Syracuse.com Local
2026-08-04 14:23:54,347 [INFO] Fetching: Syracuse.com Main
2026-08-04 14:23:54,509 [INFO]   0 new articles from Syracuse.com Main
2026-08-04 14:23:54,509 [INFO] Total unique articles across all feeds: 50
2026-08-04 14:23:54,509 [INFO] New articles (not previously processed): 50
2026-08-04 14:23:54,567 [DEBUG]   Filtered (not relevant): He couldn’t save his grandmother’s house — so he created a place where her memor
2026-08-04 14:23:54,567 [DEBUG]   Filtered (not relevant): Beloved ‘Spider-Man: No Way Home’ actress dies at 82 after stroke
2026-08-04 14:23:54,568 [DEBUG]   Filtered (not relevant): Upstate NY homeowner shoots, kills intruder who broke into house
2026-08-04 14:23:54,569 [DEBUG]   Filtered (not relevant): Your votes: Who is the top offensive lineman in Section 6 New York high school f
2026-08-04 14:23:54,569 [DEBUG]   Filtered (not relevant): Pop star addresses MAGA speculation: ‘I think it’s pretty obvious’
2026-08-04 14:23:54,570 [DEBUG]   Filtered (not relevant): $20 Polymarket referral code “CUSE” extended after trade deadline for MLB Tuesda
2026-08-04 14:23:54,570 [DEBUG]   Filtered (not relevant): Shoppers are sprinting to Walmart to get $560 off the best-selling HP Omnibook 3
2026-08-04 14:23:54,571 [DEBUG]   Filtered (not relevant): These are the most popular Halloween costume trends for 2026, retailer says
2026-08-04 14:23:54,571 [DEBUG]   Filtered (not relevant): Costco is making these changes so you won’t have to wait in those long lines
2026-08-04 14:23:54,572 [DEBUG]   Filtered (not relevant): Upstate NY police officer charged with DWI after driving patrol car off road whi
2026-08-04 14:23:54,572 [DEBUG]   Filtered (not relevant): Powerball numbers for 08/03/26: Did anyone win the $753 million jackpot?
2026-08-04 14:23:54,573 [DEBUG]   Filtered (not relevant): Comedian Aziz Ansari adds 3 Upstate NY shows to fall 2026 tour: How to get ticke
2026-08-04 14:23:54,573 [DEBUG]   Filtered (not relevant): Fan favorite drink for the fall returns to Starbucks in late August
2026-08-04 14:23:54,574 [DEBUG]   Filtered (not relevant): Mets vs. Guardians predictions: Polymarket odds, MLB props and best bet
2026-08-04 14:23:54,574 [DEBUG]   Filtered (not relevant): NFL has new highest-paid running back in league history with historic extension
2026-08-04 14:23:54,574 [DEBUG]   Filtered (not relevant): Former NFL player leaves Deion Sanders’ staff weeks before start of season
2026-08-04 14:23:54,575 [DEBUG]   Filtered (not relevant): Permanent daylight saving time: Can states vote to do away with time change on t
2026-08-04 14:23:54,575 [DEBUG]   Filtered (not relevant): A UNC student’s death went unsolved for years. Now the accused killer is in cour
2026-08-04 14:23:54,576 [DEBUG]   Filtered (not relevant): Grammy-winning rock and R&B music legend dead at 78: ‘His significance was unden
2026-08-04 14:23:54,576 [DEBUG]   Filtered (not relevant): Major airline to roll out ‘Business Priority,’ new benefits
2026-08-04 14:23:54,576 [DEBUG]   Filtered (not relevant): Industries are gone, but asbestos dangers to CNY workers remain (Guest Opinion b
2026-08-04 14:23:54,577 [DEBUG]   Filtered (not relevant): This Central NY county is among worst 20 in the state for hunger
2026-08-04 14:23:54,577 [DEBUG]   Filtered (not relevant): A morning bike ride ended in violence. Police say an argument escalated fast.
2026-08-04 14:23:54,578 [DEBUG]   Filtered (not relevant): Madison County real estate: 10 most expensive homes sold, July 1-31
2026-08-04 14:23:54,578 [DEBUG]   Filtered (not relevant): Two women. Two “accidents.” Decades later, investigators say the story may be fa
2026-08-04 14:23:54,578 [DEBUG]   Filtered (not relevant): CNY charity donates $2.3M for cancer care with message to hospitals: Send more w
2026-08-04 14:23:54,579 [DEBUG]   Filtered (not relevant): Man arrested after body found in suitcase; female tourist planned to meet US fri
2026-08-04 14:23:54,579 [DEBUG]   Filtered (not relevant): They had just celebrated 40 years together. Days later, everything changed.
2026-08-04 14:23:54,580 [DEBUG]   Filtered (not relevant): Arson suspect arrested as Spokane battles wildfires
2026-08-04 14:23:54,580 [DEBUG]   Filtered (not relevant): Police blotter: See 309 new arrests added
2026-08-04 14:23:54,580 [DEBUG]   Filtered (not relevant): Is Reba McEntire retiring? Here’s what we know
2026-08-04 14:23:54,581 [DEBUG]   Filtered (not relevant): SU football: Which stretch of the schedule will define the 2026 season?
2026-08-04 14:23:54,581 [DEBUG]   Filtered (not relevant): Dear Annie: Baby’s sleep scheduled is hacked by neighbor’s constantly barking do
2026-08-04 14:23:54,582 [DEBUG]   Filtered (not relevant): Fraud lawsuit in Onondaga County primary takes a twist as witnesses recant
2026-08-04 14:23:54,582 [DEBUG]   Filtered (not relevant): Deadline to nominate your favorites for the CNY Readers’ Choice Awards is Aug. 2
2026-08-04 14:23:54,583 [DEBUG]   Filtered (not relevant): Mike Golic didn’t think he’d ever be back at ESPN. Now he’s home again.
2026-08-04 14:23:54,583 [DEBUG]   Filtered (not relevant): Iowa woman fatally shoots man during target practice, claims self-defense: Polic
2026-08-04 14:23:54,584 [DEBUG]   Filtered (not relevant): Syracuse schools pay $225K in abuse case (Good Morning CNY)
2026-08-04 14:23:54,584 [DEBUG]   Filtered (not relevant): 5 dead in Sri Lanka as rains trigger mudslides, close schools
2026-08-04 14:23:54,584 [DEBUG]   Filtered (not relevant): Onondaga County Legislature leader aims to sue over term limits. Will it pass?
2026-08-04 14:23:54,585 [DEBUG]   Filtered (not relevant): Enjoy Tuesday’s sunshine in Central NY because an unsettled weather pattern is a
2026-08-04 14:23:54,585 [DEBUG]   Filtered (not relevant): CNY Inspirations: Please, just poke the mushroom
2026-08-04 14:23:54,586 [DEBUG]   Filtered (not relevant): Green Bay Packers lineman changes name to honor family ancestry
2026-08-04 14:23:54,586 [DEBUG]   Filtered (not relevant): ‘Ghosted’: How Trump officials derailed a promising Syracuse apartment project
2026-08-04 14:23:54,587 [DEBUG]   Filtered (not relevant): Dear Doctor: My friend needs surgery for lung cancer but doctors won’t act
2026-08-04 14:23:54,587 [DEBUG]   Filtered (not relevant): Miss Manners: How do I stop insensitive jokes about my hearing loss?
2026-08-04 14:23:54,588 [DEBUG]   Filtered (not relevant): Country music legend and Donald Trump are still selling Bibles: Some cost $1,000
2026-08-04 14:23:54,588 [DEBUG]   Filtered (not relevant): Fall foliage 2026: When will leaves change this year?
2026-08-04 14:23:54,589 [DEBUG]   Filtered (not relevant): Legendary rock band may be retiring from touring: ‘We are all getting old’
2026-08-04 14:23:54,589 [DEBUG]   Filtered (not relevant): Country music legend’s doctors told his wife to pull the plug because he was dyi
2026-08-04 14:23:54,591 [INFO] News Scanner Run — 2026-08-04 14:23
==================================================
Articles in feeds: 50
New (not seen before): 50
Saved as records: 0
Filtered (not relevant): 50
Errors: 0

