2026-08-29 16:27:32,233 [INFO] ============================================================
2026-08-29 16:27:32,233 [INFO] News Scanner starting
2026-08-29 16:27:32,235 [INFO] Fetching: Syracuse.com Politics
2026-08-29 16:27:32,776 [INFO]   50 new articles from Syracuse.com Politics
2026-08-29 16:27:32,776 [INFO] Fetching: Syracuse.com Government
2026-08-29 16:27:32,938 [INFO]   0 new articles from Syracuse.com Government
2026-08-29 16:27:32,938 [INFO] Fetching: Syracuse.com Local
2026-08-29 16:27:33,090 [INFO]   0 new articles from Syracuse.com Local
2026-08-29 16:27:33,090 [INFO] Fetching: Syracuse.com Main
2026-08-29 16:27:33,271 [INFO]   0 new articles from Syracuse.com Main
2026-08-29 16:27:33,271 [INFO] Total unique articles across all feeds: 50
2026-08-29 16:27:33,272 [INFO] New articles (not previously processed): 50
2026-08-29 16:27:33,336 [DEBUG]   Filtered (not relevant): Social Security recipients could get $200 a month ‘Bernie Bump:’ Who qualifies f
2026-08-29 16:27:33,337 [DEBUG]   Filtered (not relevant): How to watch Nevada vs. Ohio Little League World Series for free today
2026-08-29 16:27:33,337 [DEBUG]   Filtered (not relevant): Where to watch San Jose State vs. USC free live stream today
2026-08-29 16:27:33,338 [DEBUG]   Filtered (not relevant): The U.S. is more of a ‘dog-leaning’ country, a new study has found
2026-08-29 16:27:33,338 [DEBUG]   Filtered (not relevant): Bills 2026 cuts tracker: Latest reports, rumors, news on 53-man roster (live tra
2026-08-29 16:27:33,338 [DEBUG]   Filtered (not relevant): Brandy Clark, Melissa Etheridge rock out on Pride Day at NYS Fair (concert revie
2026-08-29 16:27:33,339 [DEBUG]   Filtered (not relevant): SEC to comply with court orders, allow pro players to sign
2026-08-29 16:27:33,339 [DEBUG]   Filtered (not relevant): Ohio church plans special Dolly Parton memorial service
2026-08-29 16:27:33,340 [DEBUG]   Filtered (not relevant): Florida first in the nation to ban welfare money for tattoos, vapes, porn and mo
2026-08-29 16:27:33,340 [DEBUG]   Filtered (not relevant): TCU WR out for North Carolina game in Ireland
2026-08-29 16:27:33,340 [DEBUG]   Filtered (not relevant): Where to watch the top Week 0 college football games for free
2026-08-29 16:27:33,341 [DEBUG]   Filtered (not relevant): Ask Mayo Clinic: A stubborn cough can be a sign of more than you think
2026-08-29 16:27:33,341 [DEBUG]   Filtered (not relevant): 27 church members dead after Zimbabwe minibus taxi crash
2026-08-29 16:27:33,341 [DEBUG]   Filtered (not relevant): Man posing as NFL player accused of defrauding at least 26 women out of $1.3 mil
2026-08-29 16:27:33,342 [DEBUG]   Filtered (not relevant): Polymarket extends $20 NFL referral code “CUSE” to NCAAF Week 0 games
2026-08-29 16:27:33,343 [DEBUG]   Filtered (not relevant): $25 Kalshi referral code “SYRACUSE” launches for NFL and NCAAF Week 0!
2026-08-29 16:27:33,343 [DEBUG]   Filtered (not relevant): Holes-in-one for Central New York golfers (as of Aug. 28)
2026-08-29 16:27:33,343 [DEBUG]   Filtered (not relevant): Where to watch Curaçao vs. Japan Little League World Series for free
2026-08-29 16:27:33,344 [DEBUG]   Filtered (not relevant): Mega Millions numbers for 08/28/26: Pair of tickets win $3 million prize
2026-08-29 16:27:33,344 [DEBUG]   Filtered (not relevant): Frustrated by NY’s college sports betting ban? Kalshi offers a legal way to back
2026-08-29 16:27:33,345 [DEBUG]   Filtered (not relevant): Legendary singer dead at 54 after cancer battle: ‘Another huge loss’
2026-08-29 16:27:33,345 [DEBUG]   Filtered (not relevant): Miss Manners: Not sure how to feel after being told I look better now at my reun
2026-08-29 16:27:33,346 [DEBUG]   Filtered (not relevant): Pro wrestling star dead at 66. Here’s what we know
2026-08-29 16:27:33,346 [DEBUG]   Filtered (not relevant): Consumers are spending more on beef but eating less of it
2026-08-29 16:27:33,346 [DEBUG]   Filtered (not relevant): How to watch North Carolina vs. TCU college football for free today
2026-08-29 16:27:33,347 [DEBUG]   Filtered (not relevant): ‘The Rookie’ star is competing on ‘Dancing With the Stars’ — and some fans aren’
2026-08-29 16:27:33,347 [DEBUG]   Filtered (not relevant): WWE legend says doctor found a mass on his kidney. Here’s what to know
2026-08-29 16:27:33,348 [DEBUG]   Filtered (not relevant): NYS Fair souvenir stories: This cherished prize blanket kept a family warm for g
2026-08-29 16:27:33,348 [DEBUG]   Filtered (not relevant): Most grocery stores will be open on Labor Day 2026 except one: See which store
2026-08-29 16:27:33,348 [DEBUG]   Filtered (not relevant): Dolly Parton’s greatest gift: Books for every child (Editorial Board Opinion)
2026-08-29 16:27:33,349 [DEBUG]   Filtered (not relevant): Beloved actor known for 1990s hits dead at 52: ‘Pray for the family’
2026-08-29 16:27:33,349 [DEBUG]   Filtered (not relevant): Grammy-winning singer, 31, hospitalized with sudden inability to swallow: ‘In so
2026-08-29 16:27:33,349 [DEBUG]   Filtered (not relevant): Syracuse.com’s 2026 preseason boys soccer rankings: Defending champs hold top sp
2026-08-29 16:27:33,350 [DEBUG]   Filtered (not relevant): Country music world has been rocked by nearly 30 deaths in 2026. Here’s who we l
2026-08-29 16:27:33,350 [DEBUG]   Filtered (not relevant): Country singer had warning about Trump admin before death: ‘Lady Liberty’s flame
2026-08-29 16:27:33,351 [DEBUG]   Filtered (not relevant): Music legend, 82, to cut back on performing after major concerns over her health
2026-08-29 16:27:33,351 [DEBUG]   Filtered (not relevant): Study finds the worst states for teens to drive in
2026-08-29 16:27:33,351 [DEBUG]   Filtered (not relevant): Iconic singer and TV personality dies at 94: ‘Absolutely unforgettable’
2026-08-29 16:27:33,351 [DEBUG]   Filtered (not relevant): Fall 2026 TV premieres: See the new shows coming to NBC and more
2026-08-29 16:27:33,352 [DEBUG]   Filtered (not relevant): Day 4 at the NYS Fair: Today’s handpicked menu includes a groom’s bouquet of fri
2026-08-29 16:27:33,352 [DEBUG]   Filtered (not relevant): Country stars married in 2026: These singers are off the market
2026-08-29 16:27:33,352 [DEBUG]   Filtered (not relevant): Beloved Caribbean restaurant chain to close all remaining locations
2026-08-29 16:27:33,353 [DEBUG]   Filtered (not relevant): Rock supergroup blames album delay on frontman ‘ghosting us’ more than a year ag
2026-08-29 16:27:33,353 [DEBUG]   Filtered (not relevant): Beloved young singer dead at 30 after falling in bathroom. Here’s the latest
2026-08-29 16:27:33,354 [INFO]   Relevant: How marijuana legalization is changing retirement communities across America
2026-08-29 16:27:33,354 [DEBUG]     → Departments: Department of Permits and Development, Law Department
2026-08-29 16:27:38,592 [INFO]     Saved: CTX-NEWS-2026-00255 → CTX-NEWS-2026-00255.json
2026-08-29 16:27:38,593 [DEBUG]   Filtered (not relevant): Michael Strahan, 54, welcomes 5th child
2026-08-29 16:27:38,593 [DEBUG]   Filtered (not relevant): Popular rapper’s concert canceled after tragic accident takes crew member’s life
2026-08-29 16:27:38,594 [DEBUG]   Filtered (not relevant): ‘Gilmore Girls’ actress dies at 97
2026-08-29 16:27:38,594 [DEBUG]   Filtered (not relevant): 55K packs of numbing wipes sold on Amazon, Shopify recalled for severe poison ri
2026-08-29 16:27:38,594 [DEBUG]   Filtered (not relevant): Dolly Parton turned down an honor from Donald Trump twice. Here’s why
2026-08-29 16:27:38,596 [INFO] News Scanner Run — 2026-08-29 16:27
==================================================
Articles in feeds: 50
New (not seen before): 50
Saved as records: 1
Filtered (not relevant): 49
Errors: 0

New records:
  • How marijuana legalization is changing retirement communities across America

