2026-08-30 16:20:35,309 [INFO] ============================================================
2026-08-30 16:20:35,309 [INFO] News Scanner starting
2026-08-30 16:20:35,311 [INFO] Fetching: Syracuse.com Politics
2026-08-30 16:20:35,596 [INFO]   50 new articles from Syracuse.com Politics
2026-08-30 16:20:35,596 [INFO] Fetching: Syracuse.com Government
2026-08-30 16:20:35,723 [INFO]   0 new articles from Syracuse.com Government
2026-08-30 16:20:35,723 [INFO] Fetching: Syracuse.com Local
2026-08-30 16:20:35,960 [INFO]   0 new articles from Syracuse.com Local
2026-08-30 16:20:35,961 [INFO] Fetching: Syracuse.com Main
2026-08-30 16:20:36,086 [INFO]   0 new articles from Syracuse.com Main
2026-08-30 16:20:36,086 [INFO] Total unique articles across all feeds: 50
2026-08-30 16:20:36,086 [INFO] New articles (not previously processed): 50
2026-08-30 16:20:36,129 [DEBUG]   Filtered (not relevant): Bill Maher bashed for tasteless Dolly Parton tribute
2026-08-30 16:20:36,130 [DEBUG]   Filtered (not relevant): Ontario premier gives clear sign how Canadian leaders feel about ‘Lake America’
2026-08-30 16:20:36,130 [DEBUG]   Filtered (not relevant): A tiny buttery almost went extinct. Now, its numbers are growing
2026-08-30 16:20:36,130 [INFO]   Relevant: Why one Mississippi mayor refused to lower flags for Dolly Parton
2026-08-30 16:20:36,131 [DEBUG]     → Keywords: mayor
2026-08-30 16:20:40,214 [INFO]     Saved: CTX-NEWS-2026-00256 → CTX-NEWS-2026-00256.json
2026-08-30 16:20:40,214 [DEBUG]   Filtered (not relevant): SEC stars get Heisman campaign promoted at Las Vegas Sphere
2026-08-30 16:20:40,215 [DEBUG]   Filtered (not relevant): Veteran depth allows Bills to trade former fifth-round pick to the Colts
2026-08-30 16:20:40,215 [DEBUG]   Filtered (not relevant): What happens if Lindsay Clancy wins her insanity defense?
2026-08-30 16:20:40,216 [DEBUG]   Filtered (not relevant): Dear Annie: I find it a struggle to get my mom’s attention as she connects with 
2026-08-30 16:20:40,216 [DEBUG]   Filtered (not relevant): What sparked the deadly shooting at a New Jersey neighborhood gathering?
2026-08-30 16:20:40,216 [DEBUG]   Filtered (not relevant): Powerball numbers for 08/29/26: $1 million winners sold in 2 states
2026-08-30 16:20:40,217 [DEBUG]   Filtered (not relevant): Death toll nears 800 as crews race to reach workers trapped in Nepal flood tunne
2026-08-30 16:20:40,217 [DEBUG]   Filtered (not relevant): Third Eye Blind tries to make NYS Fair show 'the best night of the summer.' The 
2026-08-30 16:20:40,218 [DEBUG]   Filtered (not relevant): Ask Mayo Clinic: More than 7 million Americans live with Alzheimer’s.  Are new D
2026-08-30 16:20:40,218 [DEBUG]   Filtered (not relevant): Madison County real estate: See all residential properties sold, Aug. 17-23
2026-08-30 16:20:40,218 [DEBUG]   Filtered (not relevant): New $20 Polymarket referral code “CUSE” updated for MLB and PGA TOUR Championshi
2026-08-30 16:20:40,219 [DEBUG]   Filtered (not relevant): Kalshi updates $25 MLB referral code “SYRACUSE” for PGA TOUR Championship finale
2026-08-30 16:20:40,220 [DEBUG]   Filtered (not relevant): Experts release early Bills vs. Texans Week 1 predictions after 3-0 preseason sw
2026-08-30 16:20:40,220 [DEBUG]   Filtered (not relevant): Turning Stone Resort Casino unveils new ballroom, convention space with black-ti
2026-08-30 16:20:40,220 [DEBUG]   Filtered (not relevant): After Ulta breakup, Target is launching a new beauty store
2026-08-30 16:20:40,220 [DEBUG]   Filtered (not relevant): Editorial cartoons for Aug. 30, 2026: Dolly Parton tributes, ‘Lake America,’ Met
2026-08-30 16:20:40,221 [DEBUG]   Filtered (not relevant): Iconic singers, groups headline list of country music acts saying goodbye in 202
2026-08-30 16:20:40,221 [DEBUG]   Filtered (not relevant): Cayuga County real estate: See all residential properties sold, Aug. 17-23
2026-08-30 16:20:40,221 [DEBUG]   Filtered (not relevant): Rock star could be facing life in prison. Here’s what we know
2026-08-30 16:20:40,222 [DEBUG]   Filtered (not relevant): Trump’s renaming of Lake Ontario is an embarrassment (Editorial Board Opinion)
2026-08-30 16:20:40,222 [DEBUG]   Filtered (not relevant): NYS Fair Day 5 forecast: Temperatures in the 70s with a chance of rain in the af
2026-08-30 16:20:40,222 [DEBUG]   Filtered (not relevant): Country music’s hottest hunks: The sexiest singers in the business have been ran
2026-08-30 16:20:40,223 [DEBUG]   Filtered (not relevant): Country music star knew on her wedding night that she made a ‘very big mistake’
2026-08-30 16:20:40,223 [DEBUG]   Filtered (not relevant): $1.385 million for 6,750 squares on 25+ acres: Plus 125 more Onondaga County hom
2026-08-30 16:20:40,223 [DEBUG]   Filtered (not relevant): NYS Fair souvenir stories: Mom spent $80 to win her daughter a ‘Big Pooh’
2026-08-30 16:20:40,224 [DEBUG]   Filtered (not relevant): Day 5 at the NYS Fair: Today’s handpicked menu includes a burger with a seafood 
2026-08-30 16:20:40,224 [DEBUG]   Filtered (not relevant): Rock icon shares update on cancer battle: ‘Never expected such an outpouring of 
2026-08-30 16:20:40,224 [DEBUG]   Filtered (not relevant): Canada trade war a fig leaf for Trump’s absurd trade policy (Editorial Board Opi
2026-08-30 16:20:40,224 [DEBUG]   Filtered (not relevant): Popular rock star says he won’t treat his cancer, has 2-to-3 years to live. Here
2026-08-30 16:20:40,225 [DEBUG]   Filtered (not relevant): Syracuse Mets sweep doubleheader behind Tong’s near no-hitter and late-inning he
2026-08-30 16:20:40,225 [DEBUG]   Filtered (not relevant): CNY Inspirations: Meditating on Mark Cass
2026-08-30 16:20:40,225 [DEBUG]   Filtered (not relevant): Something borrowed, something fried: Newlyweds celebrate at the NYS Fair
2026-08-30 16:20:40,226 [DEBUG]   Filtered (not relevant): What caregivers should know about protecting infants from measles
2026-08-30 16:20:40,226 [DEBUG]   Filtered (not relevant): Today’s horoscope: Is today your birthday? This is your year to make a statement
2026-08-30 16:20:40,226 [DEBUG]   Filtered (not relevant): Dear Abby: My daughter wants to turn a 2-month romance into a lifetime together.
2026-08-30 16:20:40,227 [DEBUG]   Filtered (not relevant): Country music’s shocking divorce trend: Here are the couples who have split up
2026-08-30 16:20:40,227 [DEBUG]   Filtered (not relevant): TV actress ties knot after crowdfunding wedding despite reported millions
2026-08-30 16:20:40,227 [DEBUG]   Filtered (not relevant): Beloved TV actress reveals brain tumor diagnosis
2026-08-30 16:20:40,227 [DEBUG]   Filtered (not relevant): Country music’s most shocking deaths of 2026: Singers we lost far too soon
2026-08-30 16:20:40,228 [DEBUG]   Filtered (not relevant): Popular country music star steps away from performing at 34: ‘Love y’all’
2026-08-30 16:20:40,228 [DEBUG]   Filtered (not relevant): Asking Eric: How can I ensure I don't wind up old and alone in a nursing home?
2026-08-30 16:20:40,228 [DEBUG]   Filtered (not relevant): Country music world rocked as legend dies in his sleep at 89: ‘It’s the end of a
2026-08-30 16:20:40,228 [DEBUG]   Filtered (not relevant): Roseanne Barr’s frightening health battle: ‘I can have surgery and die on the ta
2026-08-30 16:20:40,229 [DEBUG]   Filtered (not relevant): College football star dies after scoring TD on Saturday. Here’s the latest
2026-08-30 16:20:40,229 [DEBUG]   Filtered (not relevant): More than 114,000 attend Day 4 of 2026 NYS Fair
2026-08-30 16:20:40,229 [DEBUG]   Filtered (not relevant): Powerball: See the winning numbers in Saturday’s $119 million drawing
2026-08-30 16:20:40,231 [INFO] News Scanner Run — 2026-08-30 16:20
==================================================
Articles in feeds: 50
New (not seen before): 50
Saved as records: 1
Filtered (not relevant): 49
Errors: 0

New records:
  • Why one Mississippi mayor refused to lower flags for Dolly Parton

