2026-09-03 16:05:14,825 [INFO] ============================================================
2026-09-03 16:05:14,825 [INFO] News Scanner starting
2026-09-03 16:05:14,827 [INFO] Fetching: Syracuse.com Politics
2026-09-03 16:05:15,193 [INFO]   50 new articles from Syracuse.com Politics
2026-09-03 16:05:15,193 [INFO] Fetching: Syracuse.com Government
2026-09-03 16:05:15,460 [INFO]   0 new articles from Syracuse.com Government
2026-09-03 16:05:15,460 [INFO] Fetching: Syracuse.com Local
2026-09-03 16:05:15,731 [INFO]   0 new articles from Syracuse.com Local
2026-09-03 16:05:15,731 [INFO] Fetching: Syracuse.com Main
2026-09-03 16:05:15,937 [INFO]   0 new articles from Syracuse.com Main
2026-09-03 16:05:15,937 [INFO] Total unique articles across all feeds: 50
2026-09-03 16:05:15,937 [INFO] New articles (not previously processed): 50
2026-09-03 16:05:15,994 [DEBUG]   Filtered (not relevant): Avocado is having a major Labor Day sale on its best-selling mattresses - Here’s
2026-09-03 16:05:15,994 [DEBUG]   Filtered (not relevant): Cassanda Wilson, Grammy-winning jazz vocalist, dead at 70
2026-09-03 16:05:15,994 [DEBUG]   Filtered (not relevant): Bills fans can vote on end zone color for Highmark opener vs. Lions
2026-09-03 16:05:15,995 [DEBUG]   Filtered (not relevant): Costco cuts online service with no warning
2026-09-03 16:05:15,995 [DEBUG]   Filtered (not relevant): Taylor Swift and Travis Kelce finally confirm family’s newest addition
2026-09-03 16:05:15,996 [DEBUG]   Filtered (not relevant): Popular grill chain’s last locations to close for good
2026-09-03 16:05:15,996 [DEBUG]   Filtered (not relevant): FL woman killed in car crash involving alligator, days before starting new job a
2026-09-03 16:05:15,996 [DEBUG]   Filtered (not relevant): ‘Beautiful, vibrant’ Disney star dies at 33: ‘This doesn’t feel real’
2026-09-03 16:05:15,997 [DEBUG]   Filtered (not relevant): Popular pizza chain expands to military bases. See which are next on the list
2026-09-03 16:05:15,997 [DEBUG]   Filtered (not relevant): Are Celine Dion StubHub tickets legit? What to know before you buy resale for Pa
2026-09-03 16:05:15,998 [DEBUG]   Filtered (not relevant): Woman charged after newborn baby is found abandoned in supermarket bathroom
2026-09-03 16:05:15,998 [DEBUG]   Filtered (not relevant): Dear Annie: Most of my family is gone. But I can’t let go of the hurt from them 
2026-09-03 16:05:15,998 [DEBUG]   Filtered (not relevant): Where to watch the FIBA Women’s World Cup free live stream
2026-09-03 16:05:15,999 [DEBUG]   Filtered (not relevant): Costco quietly gets rid of longtime member service
2026-09-03 16:05:15,999 [DEBUG]   Filtered (not relevant): ‘American Idol’ alum arrested for allegedly shoplifting from Target
2026-09-03 16:05:16,000 [DEBUG]   Filtered (not relevant): FBI investigating possible data breach that involves millions of driver’s licens
2026-09-03 16:05:16,000 [DEBUG]   Filtered (not relevant): New York high school football preseason Section 6 stars: Meet the fans’ top pick
2026-09-03 16:05:16,000 [DEBUG]   Filtered (not relevant): Over 1,572 flights delayed, 111 canceled amid widespread U.S. travel disruptions
2026-09-03 16:05:16,001 [DEBUG]   Filtered (not relevant): Onondaga County Democrats set to elect 27-year-old as new leader
2026-09-03 16:05:16,002 [DEBUG]   Filtered (not relevant): Meta’s new Adventure Glasses just dropped at Target and it’s already getting ste
2026-09-03 16:05:16,002 [DEBUG]   Filtered (not relevant): SU women's lax picks up commitment from 4-star Connecticut prospect
2026-09-03 16:05:16,002 [DEBUG]   Filtered (not relevant): Former WWE star, ex-NFL Draft pick’s family reveals that he died 6 years ago
2026-09-03 16:05:16,003 [DEBUG]   Filtered (not relevant): Norah O’Donnell returns to CBS Mornings in network overhaul
2026-09-03 16:05:16,003 [DEBUG]   Filtered (not relevant): Limp Lizard fails inspection after complaint; Vito’s Ristorante also has multipl
2026-09-03 16:05:16,004 [DEBUG]   Filtered (not relevant): New Underdog promo code “CUSE”: $50 bonus and $1K deal for college football on L
2026-09-03 16:05:16,004 [DEBUG]   Filtered (not relevant): College student in Utah dies in electric scooter accident
2026-09-03 16:05:16,004 [DEBUG]   Filtered (not relevant): Family joke leads to unexpected DNA discovery
2026-09-03 16:05:16,005 [DEBUG]   Filtered (not relevant): Game of the Week: How to watch Elmira vs. Liverpool football livestream
2026-09-03 16:05:16,005 [DEBUG]   Filtered (not relevant): Polymarket promo code “CUSE” $50 bonus available with $10 deposit for CFB Week 1
2026-09-03 16:05:16,006 [DEBUG]   Filtered (not relevant): Coffee chain outbids rival with $143M offer for bankrupt drive-thru locations
2026-09-03 16:05:16,006 [DEBUG]   Filtered (not relevant): Youth football coach charged after alleged assault involving child at MetLife
2026-09-03 16:05:16,007 [DEBUG]   Filtered (not relevant): Section III boys soccer 2026: Team previews, must-watch games for Class AAA, AA,
2026-09-03 16:05:16,007 [DEBUG]   Filtered (not relevant): Live scoreboard, recaps for Thursday’s high school football games (Week 1)
2026-09-03 16:05:16,008 [DEBUG]   Filtered (not relevant): Blackstone’s iconic Original Outdoor Griddle is less than $300 during Walmart’s 
2026-09-03 16:05:16,008 [DEBUG]   Filtered (not relevant): Judge tells Manlius pediatrician trial over vaccinations will not be delayed
2026-09-03 16:05:16,009 [DEBUG]   Filtered (not relevant): James Cook and DJ Moore fantasy preview: How Polymarket prices their 2026 output
2026-09-03 16:05:16,009 [DEBUG]   Filtered (not relevant): Registered sex offender groped child through window of her Syracuse home, police
2026-09-03 16:05:16,009 [DEBUG]   Filtered (not relevant): The Must-See 23: Section III high school boys soccer All-CNY watchlist for 2026 
2026-09-03 16:05:16,010 [DEBUG]   Filtered (not relevant): Miss Manners: Who suggests brain games for another’s chronic illness?
2026-09-03 16:05:16,010 [DEBUG]   Filtered (not relevant): 70th Oswego Classic weekend set to roll
2026-09-03 16:05:16,011 [DEBUG]   Filtered (not relevant): Union leader: Local councils are the ‘beating heart’ of labor movement (Your Let
2026-09-03 16:05:16,011 [DEBUG]   Filtered (not relevant): PTSD from military service, and how to TAP in for help (Enable: The Disability P
2026-09-03 16:05:16,012 [DEBUG]   Filtered (not relevant): The inside scoop on poop at the NYS Fair: How to make 30,000 wheelbarrows of man
2026-09-03 16:05:16,012 [DEBUG]   Filtered (not relevant): Social Security COLA 2027: This group could finally pass the $1,000 a month mark
2026-09-03 16:05:16,013 [DEBUG]   Filtered (not relevant): Section III boys soccer 2026: Team previews, must-watch games for Class B, C, D 
2026-09-03 16:05:16,013 [DEBUG]   Filtered (not relevant): Syracuse football vs. New Hampshire predictions: See our picks
2026-09-03 16:05:16,013 [DEBUG]   Filtered (not relevant): Guitar legends to release first album together under new band name
2026-09-03 16:05:16,014 [DEBUG]   Filtered (not relevant): Kurimanka is unlike any other restaurant in CNY (Dining Out Review)
2026-09-03 16:05:16,014 [DEBUG]   Filtered (not relevant): Section III high school sports schedule for Sept. 3
2026-09-03 16:05:16,014 [DEBUG]   Filtered (not relevant): NYS Fair souvenir stories: When a pin cushion from 1952 is more than just a pin 
2026-09-03 16:05:16,016 [INFO] News Scanner Run — 2026-09-03 16:05
==================================================
Articles in feeds: 50
New (not seen before): 50
Saved as records: 0
Filtered (not relevant): 50
Errors: 0

