2026-08-28 21:56:10,213 [INFO] ============================================================
2026-08-28 21:56:10,213 [INFO] News Scanner starting
2026-08-28 21:56:10,214 [INFO] Fetching: Syracuse.com Politics
2026-08-28 21:56:11,623 [INFO]   50 new articles from Syracuse.com Politics
2026-08-28 21:56:11,624 [INFO] Fetching: Syracuse.com Government
2026-08-28 21:56:12,100 [INFO]   0 new articles from Syracuse.com Government
2026-08-28 21:56:12,100 [INFO] Fetching: Syracuse.com Local
2026-08-28 21:56:12,461 [INFO]   0 new articles from Syracuse.com Local
2026-08-28 21:56:12,461 [INFO] Fetching: Syracuse.com Main
2026-08-28 21:56:12,814 [INFO]   0 new articles from Syracuse.com Main
2026-08-28 21:56:12,814 [INFO] Total unique articles across all feeds: 50
2026-08-28 21:56:12,815 [INFO] New articles (not previously processed): 50
2026-08-28 21:56:12,876 [DEBUG]   Filtered (not relevant): Sheriff’s office identifies deputy who fatally shot man in Elbridge
2026-08-28 21:56:12,876 [DEBUG]   Filtered (not relevant): Free Syracuse FOCUS Forum examines food insecurity, health care and power of civ
2026-08-28 21:56:12,877 [DEBUG]   Filtered (not relevant): Where to watch WWE Friday Night SmackDown! free live stream tonight
2026-08-28 21:56:12,877 [DEBUG]   Filtered (not relevant): How to watch Bengals vs. Eagles NFL Preseason free live stream today
2026-08-28 21:56:12,878 [DEBUG]   Filtered (not relevant): Good Good Golf CEO fires back after Callaway ends partnership
2026-08-28 21:56:12,878 [DEBUG]   Filtered (not relevant): Popular supernatural series gets Netflix spinoff
2026-08-28 21:56:12,878 [DEBUG]   Filtered (not relevant): Section III High School Sports Scoreboard for Aug. 28
2026-08-28 21:56:12,879 [DEBUG]   Filtered (not relevant): How to watch Giants vs. Jets NFL Preseason for free today
2026-08-28 21:56:12,879 [DEBUG]   Filtered (not relevant): College football starting quarterback out for season with injury
2026-08-28 21:56:12,880 [DEBUG]   Filtered (not relevant): Where to watch O’Reilly Auto Parts Series at Daytona: Free stream
2026-08-28 21:56:12,880 [DEBUG]   Filtered (not relevant): 90 Americans unaccounted for in Nepal and Tibet flooding
2026-08-28 21:56:12,881 [DEBUG]   Filtered (not relevant): Kate Spade Outlet’s trending Margot Haircalf Shoulder Bag is now 62% off
2026-08-28 21:56:12,881 [DEBUG]   Filtered (not relevant): Where to watch Syracuse men’s soccer vs. Loyola free live stream today
2026-08-28 21:56:12,882 [DEBUG]   Filtered (not relevant): Father, daughter die in head-on crash with tractor trailer in Oneida County
2026-08-28 21:56:12,882 [DEBUG]   Filtered (not relevant): SEC team claims college football national title, but ...
2026-08-28 21:56:12,882 [DEBUG]   Filtered (not relevant): Wisconsin parent cited after alarming incident at Wisconsin youth football game
2026-08-28 21:56:12,883 [DEBUG]   Filtered (not relevant): Deputies identify man who died after crashing motorcycle in Oneida County
2026-08-28 21:56:12,883 [DEBUG]   Filtered (not relevant): Stabbing at Texas high school leaves 3 students injured
2026-08-28 21:56:12,884 [DEBUG]   Filtered (not relevant): Where to watch Commanders vs. Ravens NFL Preseason for free today
2026-08-28 21:56:12,885 [DEBUG]   Filtered (not relevant): Tornado touches down in Upstate NY, knocks down trees and powerlines
2026-08-28 21:56:12,885 [DEBUG]   Filtered (not relevant): Former Red Sox, Tigers catcher dies at 62
2026-08-28 21:56:12,885 [DEBUG]   Filtered (not relevant): Case of measles confirmed in Cortland County
2026-08-28 21:56:12,886 [DEBUG]   Filtered (not relevant): Nearly 260K Americans could get $3K from a settlement
2026-08-28 21:56:12,886 [DEBUG]   Filtered (not relevant): Former SEC QB named UNLV’s starter for Memphis opener
2026-08-28 21:56:12,887 [DEBUG]   Filtered (not relevant): REI’s Labor Day sale starts today - Here’s what we’re shopping for
2026-08-28 21:56:12,887 [DEBUG]   Filtered (not relevant): Increased hazard pay approved for thousands of federal employees: Who qualifies?
2026-08-28 21:56:12,887 [DEBUG]   Filtered (not relevant): Can you say Coxsackie? You've probably been saying these 15 Upstate NY town name
2026-08-28 21:56:12,888 [DEBUG]   Filtered (not relevant): CNY supervisor swept in by blue wave abandons re-election bid in GOP town: ‘I’m 
2026-08-28 21:56:12,888 [DEBUG]   Filtered (not relevant): New Costco perk makes it easier to get some of chain’s most beloved items
2026-08-28 21:56:12,889 [DEBUG]   Filtered (not relevant): D.C. teen allegedly shot and killed girl after she pushed him away during a TikT
2026-08-28 21:56:12,889 [DEBUG]   Filtered (not relevant): Dear Annie: When friend questioned whether I tipped I saw a pattern emerging
2026-08-28 21:56:12,889 [DEBUG]   Filtered (not relevant): Social Security payment schedule for September 2026: 7 million payments arriving
2026-08-28 21:56:12,890 [DEBUG]   Filtered (not relevant): Syracuse football depth chart projection: Closest calls; breakout players to wat
2026-08-28 21:56:12,890 [DEBUG]   Filtered (not relevant): Texas father stunned after unusual DoorDash delivery caught on camera
2026-08-28 21:56:12,891 [DEBUG]   Filtered (not relevant): New $25 Kalshi Promo Code SYRACUSE updated for Jets vs. Giants, NFL preseason Fr
2026-08-28 21:56:12,891 [DEBUG]   Filtered (not relevant): 3.6M+ grill brushes recalled after several users require medical attention from 
2026-08-28 21:56:12,892 [DEBUG]   Filtered (not relevant): 40-year employee earns SUNY Chancellor's Award
2026-08-28 21:56:12,892 [DEBUG]   Filtered (not relevant): Beloved TV star announces retirement, says roles get ‘less interesting’ with age
2026-08-28 21:56:12,893 [DEBUG]   Filtered (not relevant): Burlington's big expansion is here — 20 new stores, a new look and more on the w
2026-08-28 21:56:12,893 [DEBUG]   Filtered (not relevant): Hollywood legend dies at ‘86′
2026-08-28 21:56:12,893 [DEBUG]   Filtered (not relevant): Retired firefighter brings first responder challenge to Green Lakes State Park i
2026-08-28 21:56:12,894 [DEBUG]   Filtered (not relevant): Banana nut oatmeal
2026-08-28 21:56:12,895 [DEBUG]   Filtered (not relevant): Apple bear claws
2026-08-28 21:56:12,895 [DEBUG]   Filtered (not relevant): Nicole Kopiasz promoted to director at SRC Inc.
2026-08-28 21:56:12,896 [DEBUG]   Filtered (not relevant): Major gas station chain to feature White Castle slider vending machines
2026-08-28 21:56:12,896 [DEBUG]   Filtered (not relevant): Michael Kors Outlet finally has a sale on the iconic Mercer Crossbody bag for a 
2026-08-28 21:56:12,897 [DEBUG]   Filtered (not relevant): Where to watch the US Open tournament free live stream
2026-08-28 21:56:12,897 [DEBUG]   Filtered (not relevant): Music legend cuts back on performances at 82 after health concerns
2026-08-28 21:56:12,897 [DEBUG]   Filtered (not relevant): Tony Romo facing new citations from July arrest
2026-08-28 21:56:12,898 [DEBUG]   Filtered (not relevant): Beloved ‘Pretty Little Liars’ & ‘Charmed’  star confirms she’s retired from acti
2026-08-28 21:56:12,899 [INFO] News Scanner Run — 2026-08-28 21:56
==================================================
Articles in feeds: 50
New (not seen before): 50
Saved as records: 0
Filtered (not relevant): 50
Errors: 0

