2026-10-01 18:14:12,477 [INFO] ============================================================
2026-10-01 18:14:12,477 [INFO] News Scanner starting
2026-10-01 18:14:12,479 [INFO] Fetching: Syracuse.com Politics
2026-10-01 18:14:12,934 [INFO]   50 new articles from Syracuse.com Politics
2026-10-01 18:14:12,934 [INFO] Fetching: Syracuse.com Government
2026-10-01 18:14:13,158 [INFO]   0 new articles from Syracuse.com Government
2026-10-01 18:14:13,158 [INFO] Fetching: Syracuse.com Local
2026-10-01 18:14:13,359 [INFO]   0 new articles from Syracuse.com Local
2026-10-01 18:14:13,359 [INFO] Fetching: Syracuse.com Main
2026-10-01 18:14:13,562 [INFO]   0 new articles from Syracuse.com Main
2026-10-01 18:14:13,562 [INFO] Total unique articles across all feeds: 50
2026-10-01 18:14:13,562 [INFO] New articles (not previously processed): 50
2026-10-01 18:14:13,641 [DEBUG]   Filtered (not relevant): Upstate NY hoops star says he was impaled by training device
2026-10-01 18:14:13,642 [DEBUG]   Filtered (not relevant): This Ninja 9-in-1 pressure cooker is $30 off at Target for a limited time
2026-10-01 18:14:13,642 [DEBUG]   Filtered (not relevant): Saab in DeWitt lands $51 million Navy radar contract
2026-10-01 18:14:13,643 [DEBUG]   Filtered (not relevant): Arrest made in connection to child star’s tragic death at 33
2026-10-01 18:14:13,643 [DEBUG]   Filtered (not relevant): 2 digital marketing specialists join Pinckney Hugo Group
2026-10-01 18:14:13,643 [DEBUG]   Filtered (not relevant): Social media star dies at 5 after battling rare aging syndrome
2026-10-01 18:14:13,643 [DEBUG]   Filtered (not relevant): Positive update emerges on college football QB who suffered serious brain injury
2026-10-01 18:14:13,644 [DEBUG]   Filtered (not relevant): Bargain retailer shutters U.S. stores: Will more close?
2026-10-01 18:14:13,644 [DEBUG]   Filtered (not relevant): Beloved actor reveals he was held at knifepoint at age 14, but a stroke of luck 
2026-10-01 18:14:13,644 [DEBUG]   Filtered (not relevant): Fat Brands name is dead after bankruptcy, sale of 12 restaurant chains
2026-10-01 18:14:13,645 [DEBUG]   Filtered (not relevant): Raspberry jam muffins
2026-10-01 18:14:13,646 [DEBUG]   Filtered (not relevant): Shrimp kebab
2026-10-01 18:14:13,646 [DEBUG]   Filtered (not relevant): Broccoli-farro salad with burrata
2026-10-01 18:14:13,647 [DEBUG]   Filtered (not relevant): Patriots fans turn to Drake Maye’s wife as frustration grows
2026-10-01 18:14:13,647 [DEBUG]   Filtered (not relevant): Which CNY suburbs are getting more expensive? See new data
2026-10-01 18:14:13,647 [DEBUG]   Filtered (not relevant): How strangers helped two men evade an immigration arrest: ‘Everybody stepped up 
2026-10-01 18:14:13,648 [DEBUG]   Filtered (not relevant): Iowa teacher fired after offering extra credit in exchange for donations to trip
2026-10-01 18:14:13,648 [DEBUG]   Filtered (not relevant): Meet the 35 midseason MVPs of Section III girls soccer
2026-10-01 18:14:13,648 [DEBUG]   Filtered (not relevant): Mariachi band speaks out after backlash over Bears national anthem performance
2026-10-01 18:14:13,648 [DEBUG]   Filtered (not relevant): Singer’s husband dead at 58
2026-10-01 18:14:13,649 [DEBUG]   Filtered (not relevant): After his ex accused him of sexual assault, Albany Med's CEO filed a $1M defamat
2026-10-01 18:14:13,649 [DEBUG]   Filtered (not relevant): Mike Tomlin reveals enormous Minecraft city he built over 12 years
2026-10-01 18:14:13,650 [DEBUG]   Filtered (not relevant): Two teens sentenced for killing friend in failed drive-by: ‘I lie in bed and jus
2026-10-01 18:14:13,650 [DEBUG]   Filtered (not relevant): Home Depot rival to close key locations soon
2026-10-01 18:14:13,650 [DEBUG]   Filtered (not relevant): ‘Survivor 51’ contestant suffers grisly injury while using machete
2026-10-01 18:14:13,650 [DEBUG]   Filtered (not relevant): ‘An Earthquake Through The Land:’ Marking the 175th anniversary of the Jerry Res
2026-10-01 18:14:13,651 [DEBUG]   Filtered (not relevant): This Walmart fire pit deal is perfect for chilly fall nights, and it’s 50% off r
2026-10-01 18:14:13,651 [DEBUG]   Filtered (not relevant): More people have ‘unmanageable levels of debt’ as holidays loom
2026-10-01 18:14:13,652 [DEBUG]   Filtered (not relevant): Popular chicken finger chain to open 7 new locations in 6 states this month
2026-10-01 18:14:13,652 [DEBUG]   Filtered (not relevant): How to get Paramount+ for 99 cents a month for 2 months using this hidden code
2026-10-01 18:14:13,652 [DEBUG]   Filtered (not relevant): Daylight saving time goes away next month: How to adjust your body, mind to the 
2026-10-01 18:14:13,653 [DEBUG]   Filtered (not relevant): Christy Carlson Romano reveals why co-star ghosted her at 18
2026-10-01 18:14:13,653 [DEBUG]   Filtered (not relevant): 40th Outlaw 200 set for Fulton Speedway Saturday
2026-10-01 18:14:13,654 [DEBUG]   Filtered (not relevant): The moose that was captured in an Upstate city has been put down
2026-10-01 18:14:13,654 [DEBUG]   Filtered (not relevant): Syracuse.com’s 2026 field hockey rankings (through Sept. 30): Top five gets a bi
2026-10-01 18:14:13,654 [DEBUG]   Filtered (not relevant): Supreme Court agrees to review ICE policy denying hearings for immigrants
2026-10-01 18:14:13,655 [DEBUG]   Filtered (not relevant): Jim Carrey gets married again at 64
2026-10-01 18:14:13,655 [DEBUG]   Filtered (not relevant): How to watch Germany vs. Serbia Nations League game for free today
2026-10-01 18:14:13,655 [DEBUG]   Filtered (not relevant): 2 killed after driver crashes into Canadian mall
2026-10-01 18:14:13,656 [DEBUG]   Filtered (not relevant): Fla.-based supermarket chain closes stores, exits Ala.
2026-10-01 18:14:13,656 [DEBUG]   Filtered (not relevant): Today’s obituary: Peter Wells, 88, was an Onondaga County Surrogate Court Judge 
2026-10-01 18:14:13,656 [DEBUG]   Filtered (not relevant): New squad jumps to top of latest Syracuse.com high school football power ranking
2026-10-01 18:14:13,657 [DEBUG]   Filtered (not relevant): Fed workers face third straight year of double-digit health insurance premium hi
2026-10-01 18:14:13,657 [INFO]   Relevant: Bechtel, the firm building Micron’s factory, is holding a job fair soon
2026-10-01 18:14:13,657 [DEBUG]     → Entities: Micron Technology
2026-10-01 18:14:17,882 [INFO]     Saved: CTX-NEWS-2026-00285 → CTX-NEWS-2026-00285.json
2026-10-01 18:14:17,883 [DEBUG]   Filtered (not relevant): Ex-boss: If CNY voters hire James Corl, ‘you’ll be glad you did’ (Your Letters)
2026-10-01 18:14:17,883 [DEBUG]   Filtered (not relevant): Woman indicted in shooting at Rihanna’s home with kids inside
2026-10-01 18:14:17,883 [DEBUG]   Filtered (not relevant): Social Security payment schedule changes for rest of 2026 with big difference in
2026-10-01 18:14:17,884 [DEBUG]   Filtered (not relevant): As immigrants suffer, we can pass by no more (Guest Opinion by Cardinal Robert M
2026-10-01 18:14:17,884 [DEBUG]   Filtered (not relevant): From Switz's and Dougherty's to nothing: How Syracuse lost its Halloween spirit
2026-10-01 18:14:17,885 [DEBUG]   Filtered (not relevant): This Lenovo Legion gaming desktop packs an RTX 5070 and 32GB of RAM, plus it’s o
2026-10-01 18:14:17,886 [INFO] News Scanner Run — 2026-10-01 18:14
==================================================
Articles in feeds: 50
New (not seen before): 50
Saved as records: 1
Filtered (not relevant): 49
Errors: 0

New records:
  • Bechtel, the firm building Micron’s factory, is holding a job fair soon

