2026-09-19 15:38:15,985 [INFO] ============================================================
2026-09-19 15:38:15,985 [INFO] News Scanner starting
2026-09-19 15:38:15,986 [INFO] Fetching: Syracuse.com Politics
2026-09-19 15:38:16,349 [INFO]   50 new articles from Syracuse.com Politics
2026-09-19 15:38:16,349 [INFO] Fetching: Syracuse.com Government
2026-09-19 15:38:16,498 [INFO]   0 new articles from Syracuse.com Government
2026-09-19 15:38:16,498 [INFO] Fetching: Syracuse.com Local
2026-09-19 15:38:16,645 [INFO]   0 new articles from Syracuse.com Local
2026-09-19 15:38:16,645 [INFO] Fetching: Syracuse.com Main
2026-09-19 15:38:16,768 [INFO]   0 new articles from Syracuse.com Main
2026-09-19 15:38:16,768 [INFO] Total unique articles across all feeds: 50
2026-09-19 15:38:16,768 [INFO] New articles (not previously processed): 50
2026-09-19 15:38:16,813 [DEBUG]   Filtered (not relevant): Watch first look of ESPN’s ‘Saban’ series
2026-09-19 15:38:16,813 [DEBUG]   Filtered (not relevant): Kiffin met with profanity-laced chant during ‘GameDay’
2026-09-19 15:38:16,814 [DEBUG]   Filtered (not relevant): ICE followed a teen's family to a barbershop. His school showed up too.
2026-09-19 15:38:16,814 [DEBUG]   Filtered (not relevant): Dear Annie: Political estrangement in families becomes a more common subject in 
2026-09-19 15:38:16,814 [DEBUG]   Filtered (not relevant): Flood in Navajo Nation kills 7-year-old getting ready for her birthday party
2026-09-19 15:38:16,815 [DEBUG]   Filtered (not relevant): Upstate NY tractor trailer driver ticketed after 4-vehicle crash in Thruway work
2026-09-19 15:38:16,815 [DEBUG]   Filtered (not relevant): Where to watch North Carolina vs. Clemson football for free today
2026-09-19 15:38:16,815 [DEBUG]   Filtered (not relevant): AI voice cloning software on the rise, criminals can buy dangerous tech for as l
2026-09-19 15:38:16,816 [DEBUG]   Filtered (not relevant): Polymarket upgrades $50 promo code “CUSE” for Saturday’s loaded CFB Week 3 Top-2
2026-09-19 15:38:16,816 [DEBUG]   Filtered (not relevant): How to watch Ohio State football game free live stream today
2026-09-19 15:38:16,816 [DEBUG]   Filtered (not relevant): Saban clarifies advice he gave Kiffin about LSU job
2026-09-19 15:38:16,817 [DEBUG]   Filtered (not relevant): Jamesville-Dewitt lacrosse standout commits to Syracuse
2026-09-19 15:38:16,817 [DEBUG]   Filtered (not relevant): No. 3 Notre Dame vs. Michigan State prediction: Latest DraftKings odds and props
2026-09-19 15:38:16,818 [DEBUG]   Filtered (not relevant): Countdown to Christmas energy: How to order the 2026 Red Bull Advent Calendar
2026-09-19 15:38:16,818 [DEBUG]   Filtered (not relevant): Ask Mayo Clinic: How can a woman know when bloating or indigestion is worth a do
2026-09-19 15:38:16,818 [DEBUG]   Filtered (not relevant): Miss Manners: I want a chill vibe, but I also want to celebrate the guests
2026-09-19 15:38:16,819 [DEBUG]   Filtered (not relevant): Live scoreboard, recaps for Saturday’s high school football games (Week 3)
2026-09-19 15:38:16,819 [DEBUG]   Filtered (not relevant): Beloved musician dead at 77 after medical emergency leads to head-on collision
2026-09-19 15:38:16,819 [DEBUG]   Filtered (not relevant): Where to watch Georgia vs. Arkansas college football for free today
2026-09-19 15:38:16,819 [DEBUG]   Filtered (not relevant): See what collectors paid for two record-breaking $20 gold coins
2026-09-19 15:38:16,820 [DEBUG]   Filtered (not relevant): Parent rescued after getting lost on bathroom break while hiking with son in ADK
2026-09-19 15:38:16,820 [DEBUG]   Filtered (not relevant): One surprising guest changed football Sundays in a big way
2026-09-19 15:38:16,820 [DEBUG]   Filtered (not relevant): Former SU lax star adds major pro award to resume
2026-09-19 15:38:16,821 [DEBUG]   Filtered (not relevant): SEC coordinator arrested days before game
2026-09-19 15:38:16,821 [DEBUG]   Filtered (not relevant): Syracuse.com’s HS football Game of the Week is streaming live today: Whitesboro 
2026-09-19 15:38:16,821 [DEBUG]   Filtered (not relevant): R&B icon’s son makes disturbing claim about her being worked to death: ‘Quote me
2026-09-19 15:38:16,822 [DEBUG]   Filtered (not relevant): Mega Millions results for 09/18/26: Did anyone win the $244 million jackpot?
2026-09-19 15:38:16,822 [DEBUG]   Filtered (not relevant): Travel advisory: Visitors to Southeast Asian nation urged to ‘exercise increased
2026-09-19 15:38:16,822 [DEBUG]   Filtered (not relevant): Popular young rapper dead at 22 after being ambushed by 6 men. Here’s the latest
2026-09-19 15:38:16,822 [DEBUG]   Filtered (not relevant): ‘SNL’ season 52 schedule: See all hosts and musical guests
2026-09-19 15:38:16,823 [DEBUG]   Filtered (not relevant): ‘Pawn Stars’ star Rick Harrison’s emergency heart surgery. Here’s the latest
2026-09-19 15:38:16,823 [DEBUG]   Filtered (not relevant): Country music star’s fans sending him love after he is forced to cancel 2026 tou
2026-09-19 15:38:16,823 [DEBUG]   Filtered (not relevant): Beloved radio host dead at 82 after assisted suicide in Switzerland
2026-09-19 15:38:16,823 [DEBUG]   Filtered (not relevant): Popular rock musician opens up after fatal tour bus crash: ‘Traumatic kind of th
2026-09-19 15:38:16,824 [DEBUG]   Filtered (not relevant): Have coffee prices gone up? Here’s what experts say
2026-09-19 15:38:16,824 [DEBUG]   Filtered (not relevant): Beloved musician dead at 60 after diving into lake to save his dog. Here’s the l
2026-09-19 15:38:16,824 [DEBUG]   Filtered (not relevant): Popular rock band on continuing after frontman’s death: ‘We’re working on it’
2026-09-19 15:38:16,825 [DEBUG]   Filtered (not relevant): Make core memories: Your guide to apple picking at Central NY orchards this year
2026-09-19 15:38:16,825 [DEBUG]   Filtered (not relevant): Beloved country and bluegrass musician dead at 67. Here’s the latest
2026-09-19 15:38:16,825 [DEBUG]   Filtered (not relevant): Section III high school sports schedule for Sept. 19
2026-09-19 15:38:16,825 [DEBUG]   Filtered (not relevant): Where to watch Brighton & Hove vs. Arsenal Premier League soccer free
2026-09-19 15:38:16,826 [DEBUG]   Filtered (not relevant): Pa. among the top 3 states with the most student debt, report says
2026-09-19 15:38:16,826 [DEBUG]   Filtered (not relevant): Who will headline the Super Bowl halftime show? Two favorites have emerged
2026-09-19 15:38:16,826 [DEBUG]   Filtered (not relevant): Rap and hip-hop legend who rose to fame in the ’90s dies at 59. Here’s the lates
2026-09-19 15:38:16,826 [DEBUG]   Filtered (not relevant): Mom reflects on her son’s murder in Syracuse: ‘I knew he was going down the wron
2026-09-19 15:38:16,827 [DEBUG]   Filtered (not relevant): Beloved rock musician dead at 52: ‘Fought incredibly hard’
2026-09-19 15:38:16,827 [DEBUG]   Filtered (not relevant): Major fast-food operator with 314 locations in 15 states files for bankruptcy
2026-09-19 15:38:16,827 [DEBUG]   Filtered (not relevant): The biggest celebrity news stories of the week: Shocking splits, baby arrivals a
2026-09-19 15:38:16,827 [DEBUG]   Filtered (not relevant): Country music fans praying for singer after he calls off tour for heartbreaking 
2026-09-19 15:38:16,828 [DEBUG]   Filtered (not relevant): Country music world rocked by 2 more deaths: List of those lost surges past 30
2026-09-19 15:38:16,829 [INFO] News Scanner Run — 2026-09-19 15:38
==================================================
Articles in feeds: 50
New (not seen before): 50
Saved as records: 0
Filtered (not relevant): 50
Errors: 0

