2026-08-07 13:11:26,862 [INFO] ============================================================
2026-08-07 13:11:26,863 [INFO] News Scanner starting
2026-08-07 13:11:26,864 [INFO] Fetching: Syracuse.com Politics
2026-08-07 13:11:27,156 [INFO]   50 new articles from Syracuse.com Politics
2026-08-07 13:11:27,156 [INFO] Fetching: Syracuse.com Government
2026-08-07 13:11:27,340 [INFO]   0 new articles from Syracuse.com Government
2026-08-07 13:11:27,340 [INFO] Fetching: Syracuse.com Local
2026-08-07 13:11:27,510 [INFO]   0 new articles from Syracuse.com Local
2026-08-07 13:11:27,510 [INFO] Fetching: Syracuse.com Main
2026-08-07 13:11:27,681 [INFO]   0 new articles from Syracuse.com Main
2026-08-07 13:11:27,682 [INFO] Total unique articles across all feeds: 50
2026-08-07 13:11:27,682 [INFO] New articles (not previously processed): 50
2026-08-07 13:11:27,737 [DEBUG]   Filtered (not relevant): How Chiefs OC Eric Bieniemy is home with his wife but still helping with practic
2026-08-07 13:11:27,738 [DEBUG]   Filtered (not relevant): TSA pleads with travelers not to hide these live animals in electronics
2026-08-07 13:11:27,738 [DEBUG]   Filtered (not relevant): Buffalo Bills sign guard O’Cyrus Torrence to 4-year contract extension
2026-08-07 13:11:27,738 [DEBUG]   Filtered (not relevant): Popular pizza chain launches kids-eat-free day
2026-08-07 13:11:27,739 [DEBUG]   Filtered (not relevant): A 97-year-old grandmother just did something most people wouldn’t attempt
2026-08-07 13:11:27,739 [DEBUG]   Filtered (not relevant): Man charged in Washington wildfire planned it for weeks
2026-08-07 13:11:27,740 [DEBUG]   Filtered (not relevant): Syracuse Sandwiches: This downtown breakfast sandwich never seems to stop sellin
2026-08-07 13:11:27,740 [DEBUG]   Filtered (not relevant): Home values in 2 CNY counties are climbing faster than most of US
2026-08-07 13:11:27,740 [DEBUG]   Filtered (not relevant): 4 unique things to watch out for in the sky on Aug. 12
2026-08-07 13:11:27,741 [DEBUG]   Filtered (not relevant): Was Iran-backed hackers involved water systems cyberattacks?
2026-08-07 13:11:27,741 [DEBUG]   Filtered (not relevant): Students describe terrifying escape after deadly Thailand school shooting
2026-08-07 13:11:27,742 [DEBUG]   Filtered (not relevant): Meta ordered to pay $567M to address kids’ mental health
2026-08-07 13:11:27,742 [DEBUG]   Filtered (not relevant): Former SU basketball star owes city $500K for building violations (Good Morning 
2026-08-07 13:11:27,742 [DEBUG]   Filtered (not relevant): A new solution to road fixes? Make TikTok videos.
2026-08-07 13:11:27,743 [DEBUG]   Filtered (not relevant): SU football: Will the Orange go over or under their projected win total? | Axe
2026-08-07 13:11:27,743 [DEBUG]   Filtered (not relevant): Dear Annie: Caregiving child fears Mom’s friend may have ulterior motives
2026-08-07 13:11:27,744 [DEBUG]   Filtered (not relevant): Syracuse landlord ‘flagrantly’ violated lead paint settlement, New York AG says
2026-08-07 13:11:27,744 [DEBUG]   Filtered (not relevant): Illinois teen in clown outfit charged with murder of 78-year-old man
2026-08-07 13:11:27,745 [DEBUG]   Filtered (not relevant): Central NY weather: Threat of severe storms, flash flooding continues through Sa
2026-08-07 13:11:27,745 [DEBUG]   Filtered (not relevant): TikTok star dies at 26 after battling rare cancer: ‘We will always love you’
2026-08-07 13:11:27,745 [DEBUG]   Filtered (not relevant): Hunting and trapping licenses now on sale in NY
2026-08-07 13:11:27,746 [DEBUG]   Filtered (not relevant): College basketball coach, former Kansas player ‘seriously injured’ in car crash
2026-08-07 13:11:27,746 [DEBUG]   Filtered (not relevant): Jeff Nixon transitions to NFL-style coordinator: ‘I’ve gotten the chance to boun
2026-08-07 13:11:27,746 [DEBUG]   Filtered (not relevant): Syracuse stops ticketing drivers in funeral processions caught by school zone ca
2026-08-07 13:11:27,747 [DEBUG]   Filtered (not relevant): Congress introduces bill to fight ‘bad bots’ stealing news content
2026-08-07 13:11:27,748 [DEBUG]   Filtered (not relevant): Former Fayetteville doctor’s office restored back to single-family home
2026-08-07 13:11:27,748 [DEBUG]   Filtered (not relevant): Dear Doctor: Who is talking with pregnant women about CMV and all its risks?
2026-08-07 13:11:27,749 [DEBUG]   Filtered (not relevant): Miss Manners: Need rules before our son’s friend vacays with us again
2026-08-07 13:11:27,749 [DEBUG]   Filtered (not relevant): Where to watch Bayern Munich vs. Aston Villa: Soccer free live stream
2026-08-07 13:11:27,750 [DEBUG]   Filtered (not relevant): Dear Abby: My husbands spends more time assigning blame than fixing our relation
2026-08-07 13:11:27,750 [DEBUG]   Filtered (not relevant): Beloved country musician dead at 70: ‘His music will live on’
2026-08-07 13:11:27,750 [DEBUG]   Filtered (not relevant): Rock star facing attempted murder charge after police say he drove into frontman
2026-08-07 13:11:27,751 [DEBUG]   Filtered (not relevant): WWE Hall of Famer’s son, NFL rookie WR, gets a six-game suspension
2026-08-07 13:11:27,751 [DEBUG]   Filtered (not relevant): Country music singer battling rare cancer gives update: ‘Scans in a few weeks’
2026-08-07 13:11:27,751 [DEBUG]   Filtered (not relevant): Syracuse Mets rally from 5-run deficit to beat Columbus 10-6
2026-08-07 13:11:27,752 [DEBUG]   Filtered (not relevant): Asking Eric: Friend who doesn’t take kindly to not being given his way should be
2026-08-07 13:11:27,752 [DEBUG]   Filtered (not relevant): Bills safety C.J. Gardner-Johnson just went off on the Texans in a fiery post-pr
2026-08-07 13:11:27,753 [DEBUG]   Filtered (not relevant): New $20 Polymarket invite code “CUSE” debuts for NFL Preseason live odds
2026-08-07 13:11:27,753 [DEBUG]   Filtered (not relevant): ATV rollover kills mother, 6-year-old daughter in Upstate NY pasture
2026-08-07 13:11:27,754 [DEBUG]   Filtered (not relevant): Apply $20 Polymarket referral code “CUSE” for Mets-Pirates series this weekend
2026-08-07 13:11:27,754 [DEBUG]   Filtered (not relevant): ‘Power Book III: Raising Kanan’ finale airs tonight: How to watch for free witho
2026-08-07 13:11:27,755 [DEBUG]   Filtered (not relevant): Delaware and Otsego counties placed under a flash flood warning Thursday night c
2026-08-07 13:11:27,755 [DEBUG]   Filtered (not relevant): Update: Be ready for damaging winds with thunderstorms in Capital Region Thursda
2026-08-07 13:11:27,756 [DEBUG]   Filtered (not relevant): Judge grants Trump's request in BBC defamation suit
2026-08-07 13:11:27,756 [DEBUG]   Filtered (not relevant): 3 companies getting $615 million for satellites to track aircraft and missile th
2026-08-07 13:11:27,757 [DEBUG]   Filtered (not relevant): CNY college grad caught after 20 years on the run: The mistake he finally made
2026-08-07 13:11:27,757 [DEBUG]   Filtered (not relevant): Prepare for strong thunderstorms in Herkimer and Montgomery counties Thursday ev
2026-08-07 13:11:27,758 [DEBUG]   Filtered (not relevant): 22-year-old arrested in Minnesota for fatal shooting on Wolf Street in Syracuse
2026-08-07 13:11:27,758 [DEBUG]   Filtered (not relevant): Sam’s Club’s new ready-to-bake meal makes a yummy alternative to cooking from sc
2026-08-07 13:11:27,759 [DEBUG]   Filtered (not relevant): Update: Weather alert announced for strong thunderstorms in parts of Upstate NY 
2026-08-07 13:11:27,760 [INFO] News Scanner Run — 2026-08-07 13:11
==================================================
Articles in feeds: 50
New (not seen before): 50
Saved as records: 0
Filtered (not relevant): 50
Errors: 0

