2026-09-22 16:35:48,474 [INFO] ============================================================
2026-09-22 16:35:48,474 [INFO] News Scanner starting
2026-09-22 16:35:48,476 [INFO] Fetching: Syracuse.com Politics
2026-09-22 16:35:49,073 [INFO]   50 new articles from Syracuse.com Politics
2026-09-22 16:35:49,073 [INFO] Fetching: Syracuse.com Government
2026-09-22 16:35:49,209 [INFO]   0 new articles from Syracuse.com Government
2026-09-22 16:35:49,209 [INFO] Fetching: Syracuse.com Local
2026-09-22 16:35:49,353 [INFO]   0 new articles from Syracuse.com Local
2026-09-22 16:35:49,353 [INFO] Fetching: Syracuse.com Main
2026-09-22 16:35:49,491 [INFO]   0 new articles from Syracuse.com Main
2026-09-22 16:35:49,491 [INFO] Total unique articles across all feeds: 50
2026-09-22 16:35:49,491 [INFO] New articles (not previously processed): 50
2026-09-22 16:35:49,586 [DEBUG]   Filtered (not relevant): How to secure Oprah Winfrey’s ‘AHA’ presale tickets for 2027 Las Vegas Sphere li
2026-09-22 16:35:49,586 [DEBUG]   Filtered (not relevant): Macy's nearly doubled its profit — here's the luxury strategy behind it
2026-09-22 16:35:49,587 [DEBUG]   Filtered (not relevant): Vermont shooting: Former Syracuse man found guilty of shooting 3 Palestinian stu
2026-09-22 16:35:49,587 [DEBUG]   Filtered (not relevant): Kentucky man won $167 million. His latest headline has nothing to do with the lo
2026-09-22 16:35:49,588 [DEBUG]   Filtered (not relevant): HOKA just gave the Mafate X a luxe makeover and there’s a deal to go with it
2026-09-22 16:35:49,588 [DEBUG]   Filtered (not relevant): Lionel Richie has second heart procedure in a month
2026-09-22 16:35:49,589 [DEBUG]   Filtered (not relevant): College football coach furious over ‘disgusting’ play that seriously injured pla
2026-09-22 16:35:49,589 [DEBUG]   Filtered (not relevant): Viral social media trend prompts urgent safety warning: Don’t do this
2026-09-22 16:35:49,589 [DEBUG]   Filtered (not relevant): They were helping battle a growing Yosemite wildfire. Then disaster struck
2026-09-22 16:35:49,590 [DEBUG]   Filtered (not relevant): DOT is rolling out an AI-powered air traffic management tool to select airports.
2026-09-22 16:35:49,590 [DEBUG]   Filtered (not relevant): Fast-food chain starts beef with rival, offers freebie for ‘royally disappointin
2026-09-22 16:35:49,590 [DEBUG]   Filtered (not relevant): FL man arrested after hiring someone to kill neighbor over drone dispute: Police
2026-09-22 16:35:49,591 [DEBUG]   Filtered (not relevant): Jury convicts man in brutal beating death of his aunt in Clay home
2026-09-22 16:35:49,591 [DEBUG]   Filtered (not relevant): Indiana mother charged after 3-year-old boy drowns in Evansville backyard pool
2026-09-22 16:35:49,592 [DEBUG]   Filtered (not relevant): Dear Annie: How do I make sure I get credit for work ideas that were my own?
2026-09-22 16:35:49,592 [DEBUG]   Filtered (not relevant): Dear Annie: Borrowing friend has been home for weeks. Where is the clothing I lo
2026-09-22 16:35:49,592 [DEBUG]   Filtered (not relevant): Data privacy victims now getting payments: See how much
2026-09-22 16:35:49,593 [DEBUG]   Filtered (not relevant): Sept. 21 Powerball results: 15 players were 1 ball away from winning $313 millio
2026-09-22 16:35:49,593 [DEBUG]   Filtered (not relevant): Princess Diana's brother just accused King Charles III of gaslighting him over s
2026-09-22 16:35:49,594 [DEBUG]   Filtered (not relevant): IRS warning: Don’t fall for this, tax agency says in alert
2026-09-22 16:35:49,594 [DEBUG]   Filtered (not relevant): Over 1,274 flights delayed, 184 canceled amid widespread U.S. travel disruptions
2026-09-22 16:35:49,595 [DEBUG]   Filtered (not relevant): A major children’s retailer is returning to Destiny USA with standalone store
2026-09-22 16:35:49,595 [DEBUG]   Filtered (not relevant): UGG season is finally here and shoppers can save big on this season’s most iconi
2026-09-22 16:35:49,595 [DEBUG]   Filtered (not relevant): Newest Bills charity hat designed by Golisano patient is selling fast
2026-09-22 16:35:49,596 [DEBUG]   Filtered (not relevant): Dolly Parton’s nephew alleges ‘bad faith’ after firing
2026-09-22 16:35:49,596 [DEBUG]   Filtered (not relevant): Gas prices for 09/22/26: National average remains well over $4.40 per gallon
2026-09-22 16:35:49,596 [DEBUG]   Filtered (not relevant): College football player killed, teammate injured in stabbing outside nightclub
2026-09-22 16:35:49,597 [DEBUG]   Filtered (not relevant): SU men's lax hits both coasts for latest Class of 2028 commitments
2026-09-22 16:35:49,597 [DEBUG]   Filtered (not relevant): Cindy Crawford ‘beyond gutted’ after son’s death
2026-09-22 16:35:49,597 [DEBUG]   Filtered (not relevant): How to watch Rays-Yankees doubleheader today: MLB free live stream
2026-09-22 16:35:49,598 [DEBUG]   Filtered (not relevant): Here’s why Whoopi Goldberg is absent from ‘The View’ today
2026-09-22 16:35:49,598 [DEBUG]   Filtered (not relevant): Polymarket announces $50 promo code “CUSE” during key Yankees-Rays doubleheader 
2026-09-22 16:35:49,599 [DEBUG]   Filtered (not relevant): Popular ‘looksmaxxing’ influencer charged with rape, drugging
2026-09-22 16:35:49,599 [DEBUG]   Filtered (not relevant): Wayfair’s Semi-Annual Members Sale starts tomorrow - Here’s what we’re shopping 
2026-09-22 16:35:49,600 [DEBUG]   Filtered (not relevant): Officials issue urgent warning after viral toys found containing lead, hazardous
2026-09-22 16:35:49,601 [DEBUG]   Filtered (not relevant): Yankees vs. Rays prediction: Polymarket odds and best bet for Tuesday’s AL East 
2026-09-22 16:35:49,601 [DEBUG]   Filtered (not relevant): GoFundMe campaigns surge as ICE detentions hit record high
2026-09-22 16:35:49,602 [DEBUG]   Filtered (not relevant): Miss Manners: Resentful coworker continues to cross professional boundaries
2026-09-22 16:35:49,602 [DEBUG]   Filtered (not relevant): See top locations where people are shopping for homes in Syracuse
2026-09-22 16:35:49,602 [DEBUG]   Filtered (not relevant): College football player killed, 2 teammates injured in car crash
2026-09-22 16:35:49,603 [INFO]   Relevant: Minoa got ahead of  firefighter shortage. Will Onondaga County be next? (Guest O
2026-09-22 16:35:49,603 [DEBUG]     → Departments: Syracuse Fire Department
2026-09-22 16:35:49,603 [DEBUG]     → Keywords: syracuse fire
2026-09-22 16:35:53,940 [INFO]     Saved: CTX-NEWS-2026-00275 → CTX-NEWS-2026-00275.json
2026-09-22 16:35:53,941 [DEBUG]   Filtered (not relevant): DoorDash customer goes to scene of driver’s crash to collect order: ‘I think tha
2026-09-22 16:35:53,941 [DEBUG]   Filtered (not relevant): Nolan Wells death: No criminal charges, drowning suspected
2026-09-22 16:35:53,942 [DEBUG]   Filtered (not relevant): Destiny USA's owner has lost 3 malls in 2 years — and a 4th could be next
2026-09-22 16:35:53,942 [DEBUG]   Filtered (not relevant): When will peak season for fall foliage arrive?
2026-09-22 16:35:53,943 [DEBUG]   Filtered (not relevant): Tennessee fast-food manager arrested for tying up neurodivergent
2026-09-22 16:35:53,943 [DEBUG]   Filtered (not relevant): Nor’easter could become ‘massive event’ with 70 mph winds and flooding, forecast
2026-09-22 16:35:53,943 [DEBUG]   Filtered (not relevant): Who were the Section III high school football stats leaders for Week 3
2026-09-22 16:35:53,944 [DEBUG]   Filtered (not relevant): 11 injured in Turkey high school shooting; Student in custody
2026-09-22 16:35:53,944 [DEBUG]   Filtered (not relevant): It was a bad week in a bad year for Syracuse and NY gas prices
2026-09-22 16:35:53,946 [INFO] News Scanner Run — 2026-09-22 16:35
==================================================
Articles in feeds: 50
New (not seen before): 50
Saved as records: 1
Filtered (not relevant): 49
Errors: 0

New records:
  • Minoa got ahead of  firefighter shortage. Will Onondaga County be next? (Guest O

