2026-08-16 12:45:16,763 [INFO] ============================================================
2026-08-16 12:45:16,763 [INFO] News Scanner starting
2026-08-16 12:45:16,765 [INFO] Fetching: Syracuse.com Politics
2026-08-16 12:45:17,228 [INFO]   50 new articles from Syracuse.com Politics
2026-08-16 12:45:17,228 [INFO] Fetching: Syracuse.com Government
2026-08-16 12:45:17,429 [INFO]   0 new articles from Syracuse.com Government
2026-08-16 12:45:17,429 [INFO] Fetching: Syracuse.com Local
2026-08-16 12:45:17,767 [INFO]   0 new articles from Syracuse.com Local
2026-08-16 12:45:17,767 [INFO] Fetching: Syracuse.com Main
2026-08-16 12:45:17,939 [INFO]   0 new articles from Syracuse.com Main
2026-08-16 12:45:17,939 [INFO] Total unique articles across all feeds: 50
2026-08-16 12:45:17,940 [INFO] New articles (not previously processed): 50
2026-08-16 12:45:18,000 [DEBUG]   Filtered (not relevant): Here’s your guide to the new CBS shows premiering this fall
2026-08-16 12:45:18,000 [DEBUG]   Filtered (not relevant): See 25 jobs in Syracuse that pay better than in rest of US
2026-08-16 12:45:18,001 [DEBUG]   Filtered (not relevant): Cortland County real estate: See all residential properties sold, Aug. 3-9
2026-08-16 12:45:18,002 [DEBUG]   Filtered (not relevant): Editorial cartoons for Aug. 16, 2026: New vaccine rules, Trump decoy plane, surv
2026-08-16 12:45:18,002 [DEBUG]   Filtered (not relevant): ’90s rock band cancels tour after beloved bandmate’s death: ‘Completely heartbro
2026-08-16 12:45:18,002 [DEBUG]   Filtered (not relevant): Clint Eastwood’s son says dad sent this famous A-lister home from set for having
2026-08-16 12:45:18,003 [DEBUG]   Filtered (not relevant): Country music star eyeing early retirement. Here’s what to know
2026-08-16 12:45:18,004 [DEBUG]   Filtered (not relevant): $1.09 million for house on 4 acres: Plus 148 more Onondaga County home sales
2026-08-16 12:45:18,004 [DEBUG]   Filtered (not relevant): Man enters Camillus gas station and tells everyone he has a bomb: Get out or you
2026-08-16 12:45:18,005 [DEBUG]   Filtered (not relevant): Is another well-known grocery chain still coming to Onondaga County? Here’s the 
2026-08-16 12:45:18,005 [DEBUG]   Filtered (not relevant): Fight to revive police watchdog succeeded. The real test is what happens next (E
2026-08-16 12:45:18,005 [DEBUG]   Filtered (not relevant): Before he killed parents, Sislo terrorized girlfriend (Top stories)
2026-08-16 12:45:18,006 [DEBUG]   Filtered (not relevant): Dear Annie: I saw a mystery message on husband’s IPad. Why won’t he come clean?
2026-08-16 12:45:18,006 [DEBUG]   Filtered (not relevant): Syracuse football, CNY in NFL: How did local players fare in preseason openers?
2026-08-16 12:45:18,007 [DEBUG]   Filtered (not relevant): Beloved singer dead at 72 after cancer battle: ‘Simply could not do it anymore’
2026-08-16 12:45:18,007 [DEBUG]   Filtered (not relevant): Country music icon’s kids going after his estate for child support: ‘Long-overdu
2026-08-16 12:45:18,007 [DEBUG]   Filtered (not relevant): Where to watch FA Community Shield today: Arsenal-Man City free stream
2026-08-16 12:45:18,008 [DEBUG]   Filtered (not relevant): Popular singer dead at 54: ‘The world heard her voice’
2026-08-16 12:45:18,008 [DEBUG]   Filtered (not relevant): Syracuse Mets beat Jacksonville 4-3 on three home runs
2026-08-16 12:45:18,008 [DEBUG]   Filtered (not relevant): Bills' Kani Walker's Pick Puts Him in Roster Mix
2026-08-16 12:45:18,009 [DEBUG]   Filtered (not relevant): Where to watch Syracuse women’s soccer vs. Holy Cross free live stream
2026-08-16 12:45:18,009 [DEBUG]   Filtered (not relevant): Beloved actress from holiday classic ‘A Christmas Story’ dies at 79
2026-08-16 12:45:18,010 [DEBUG]   Filtered (not relevant): Country music stars battling cancer: These singers are fighting for their lives
2026-08-16 12:45:18,010 [DEBUG]   Filtered (not relevant): The top 5 ‘most welcoming’ U.S. cities are ’friendly,’ emphasize tourism
2026-08-16 12:45:18,011 [DEBUG]   Filtered (not relevant): A major White House exit is renewing attention on this influential job
2026-08-16 12:45:18,011 [DEBUG]   Filtered (not relevant): Divorce between 2 TV anchors keeps getting messier as accusations pile up
2026-08-16 12:45:18,011 [DEBUG]   Filtered (not relevant): Cash payments decline nationwide over 10-year period
2026-08-16 12:45:18,012 [DEBUG]   Filtered (not relevant): There has never been a worse time to sell a home, survey says
2026-08-16 12:45:18,012 [DEBUG]   Filtered (not relevant): Woodstock: 10 famous people who attended the 1969 festival (but didn’t perform)
2026-08-16 12:45:18,013 [DEBUG]   Filtered (not relevant): CNY Inspirations: The light we leave behind
2026-08-16 12:45:18,013 [DEBUG]   Filtered (not relevant): Country singer returns to stage after nearly dying in crash: ‘Saturated with anx
2026-08-16 12:45:18,013 [DEBUG]   Filtered (not relevant): Iconic singer who rose to fame in the 1960s dies at 78: ‘He was a major force’
2026-08-16 12:45:18,014 [DEBUG]   Filtered (not relevant): Popular rock band’s founding member dead at 55: ‘Lost our Brother In Arms’
2026-08-16 12:45:18,014 [DEBUG]   Filtered (not relevant): Country music star was bleeding out from the inside: ‘Knew I was dying’
2026-08-16 12:45:18,015 [DEBUG]   Filtered (not relevant): Dear Abby: Down-on-her-luck 48 year old finds living with her parents crushes he
2026-08-16 12:45:18,015 [DEBUG]   Filtered (not relevant): Country music’s alarming divorce trend: Here are the couples who have split up
2026-08-16 12:45:18,016 [DEBUG]   Filtered (not relevant): R&B legend dead at 79: ‘Her incredible talent touched generations of music lover
2026-08-16 12:45:18,016 [DEBUG]   Filtered (not relevant): Asking Eric: Is it wise to let 80-year-old ophthalmologist do surgery on me?
2026-08-16 12:45:18,017 [DEBUG]   Filtered (not relevant): Powerball: See the winning numbers in Saturday’s $20 million drawing
2026-08-16 12:45:18,017 [DEBUG]   Filtered (not relevant): A devastating mistake, a murder charge and a growing national debate
2026-08-16 12:45:18,018 [DEBUG]   Filtered (not relevant): Experts release early Bills Week 1 predictions & AFC East odds following preseas
2026-08-16 12:45:18,018 [DEBUG]   Filtered (not relevant): A routine Ryanair flight turned terrifying after a loud bang in the sky
2026-08-16 12:45:18,019 [DEBUG]   Filtered (not relevant): Hawaii faces a rare hurricane threat. Lala is getting stronger
2026-08-16 12:45:18,020 [DEBUG]   Filtered (not relevant): Students returning to campus were met with an alarming scene Saturday
2026-08-16 12:45:18,020 [DEBUG]   Filtered (not relevant): $20 Polymarket referral code “CUSE” prepped for traders ahead of UFC 330 on Satu
2026-08-16 12:45:18,020 [DEBUG]   Filtered (not relevant): 5 dead after severe weather sweeps across Indiana
2026-08-16 12:45:18,021 [DEBUG]   Filtered (not relevant): Police have arrested a 19-year-old in connection with Virginia State University 
2026-08-16 12:45:18,021 [DEBUG]   Filtered (not relevant): Where to watch UFC 330 for free on Paramount+ today
2026-08-16 12:45:18,021 [DEBUG]   Filtered (not relevant): Syracuse Latino Festival returns to Clinton Square downtown (photos)
2026-08-16 12:45:18,022 [DEBUG]   Filtered (not relevant): Where to watch Cowboys vs. Seahawks today: NFL Preseason free stream
2026-08-16 12:45:18,024 [INFO] News Scanner Run — 2026-08-16 12:45
==================================================
Articles in feeds: 50
New (not seen before): 50
Saved as records: 0
Filtered (not relevant): 50
Errors: 0

