2026-09-26 16:03:34,182 [INFO] ============================================================
2026-09-26 16:03:34,182 [INFO] News Scanner starting
2026-09-26 16:03:34,183 [INFO] Fetching: Syracuse.com Politics
2026-09-26 16:03:34,679 [INFO]   50 new articles from Syracuse.com Politics
2026-09-26 16:03:34,679 [INFO] Fetching: Syracuse.com Government
2026-09-26 16:03:34,846 [INFO]   0 new articles from Syracuse.com Government
2026-09-26 16:03:34,846 [INFO] Fetching: Syracuse.com Local
2026-09-26 16:03:35,021 [INFO]   0 new articles from Syracuse.com Local
2026-09-26 16:03:35,021 [INFO] Fetching: Syracuse.com Main
2026-09-26 16:03:35,182 [INFO]   0 new articles from Syracuse.com Main
2026-09-26 16:03:35,182 [INFO] Total unique articles across all feeds: 50
2026-09-26 16:03:35,182 [INFO] New articles (not previously processed): 50
2026-09-26 16:03:35,244 [DEBUG]   Filtered (not relevant): Forget stadiums: Popular beer brand is offering to sponsor your garage
2026-09-26 16:03:35,245 [DEBUG]   Filtered (not relevant): Nations League: How to watch England-Spain match today for free
2026-09-26 16:03:35,245 [DEBUG]   Filtered (not relevant): SU women's hoops lands commitment from 4-star NYC guard
2026-09-26 16:03:35,245 [DEBUG]   Filtered (not relevant): Here’s latest on comedian after attempted suicide
2026-09-26 16:03:35,246 [DEBUG]   Filtered (not relevant): Peyton Manning trolls Saban in Alabama scenario for McAfee kick
2026-09-26 16:03:35,246 [DEBUG]   Filtered (not relevant): Dear Annie: Professional counselor may help stressed teacher let go of guilt
2026-09-26 16:03:35,246 [DEBUG]   Filtered (not relevant): Henninger football’s resurgence continues, Black Knights off to best start since
2026-09-26 16:03:35,247 [DEBUG]   Filtered (not relevant): Walmart pilots new health program for customers: What does it include?
2026-09-26 16:03:35,247 [DEBUG]   Filtered (not relevant): Pat McAfee out $100K after college coach’s one throw
2026-09-26 16:03:35,247 [DEBUG]   Filtered (not relevant): Where to watch Wake Forest vs. Louisville Week 4 football for free
2026-09-26 16:03:35,247 [DEBUG]   Filtered (not relevant): Legendary pop singer dead at 91: ‘He was the peoples’ man!’
2026-09-26 16:03:35,248 [DEBUG]   Filtered (not relevant): Oasis is playing Las Vegas in 2027 — here’s how to secure Allegiant Stadium tick
2026-09-26 16:03:35,248 [DEBUG]   Filtered (not relevant): Tennessee fans chant ‘F--k Nick Saban’ after he trolls Vols
2026-09-26 16:03:35,249 [DEBUG]   Filtered (not relevant): Kalshi launches $25 promo code “SYRACUSE” for college football this weekend
2026-09-26 16:03:35,249 [DEBUG]   Filtered (not relevant): Where to watch Colorado vs. Baylor football for free today
2026-09-26 16:03:35,249 [DEBUG]   Filtered (not relevant): College football Polymarket referral code “CUSE” extends $50 bonus to all games
2026-09-26 16:03:35,250 [DEBUG]   Filtered (not relevant): Latest on injury report for big Saturday games
2026-09-26 16:03:35,250 [DEBUG]   Filtered (not relevant): Where to watch Illinois vs. Ohio State college football for free today
2026-09-26 16:03:35,250 [DEBUG]   Filtered (not relevant): Holes-in-one for Central New York golfers (as of Sept. 25)
2026-09-26 16:03:35,251 [DEBUG]   Filtered (not relevant): 4 rescued from collapsed building near Acropolis
2026-09-26 16:03:35,251 [DEBUG]   Filtered (not relevant): 11 dead after suicide bombing at Pakistan checkpoint
2026-09-26 16:03:35,251 [DEBUG]   Filtered (not relevant): Yes, we’re still changing the time this year: Daylight saving ends soon
2026-09-26 16:03:35,252 [DEBUG]   Filtered (not relevant): Where to watch Texas vs. Tennessee college football for free today
2026-09-26 16:03:35,252 [DEBUG]   Filtered (not relevant): Beloved rock band opens up about future after frontman’s death. Here’s the lates
2026-09-26 16:03:35,252 [DEBUG]   Filtered (not relevant): Ask Mayo Clinic: Learn who may benefit from laser therapy for brain tumors
2026-09-26 16:03:35,253 [DEBUG]   Filtered (not relevant): Miss Manners: They make out in common areas while I’m trying to study
2026-09-26 16:03:35,253 [DEBUG]   Filtered (not relevant): Country music star’s fans praying after crash forces him to cancel remaining 202
2026-09-26 16:03:35,253 [DEBUG]   Filtered (not relevant): Average pay for workers in Onondaga County is near an all-time high
2026-09-26 16:03:35,254 [DEBUG]   Filtered (not relevant): Smart glasses sold nationwide on Amazon recalled after consumers report facial b
2026-09-26 16:03:35,254 [DEBUG]   Filtered (not relevant): How Kalshi traders value Syracuse’s season outlook, futures trades ahead of UCon
2026-09-26 16:03:35,254 [DEBUG]   Filtered (not relevant): Popular restaurant chain offers all-you-can-eat pancakes for ridiculously low pr
2026-09-26 16:03:35,255 [DEBUG]   Filtered (not relevant): Which U.S. city is the best to visit for Halloween? Here are the top 5
2026-09-26 16:03:35,255 [DEBUG]   Filtered (not relevant): Popular country music group will be without key member indefinitely: ‘My heart i
2026-09-26 16:03:35,255 [DEBUG]   Filtered (not relevant): Popular musician dead at 60 after diving into lake to save his beloved dog
2026-09-26 16:03:35,255 [DEBUG]   Filtered (not relevant): Section III high school sports schedule for Sept. 26
2026-09-26 16:03:35,256 [DEBUG]   Filtered (not relevant): Rapper turns on Donald Trump after voting for him 3 times: ‘What I got: nothing’
2026-09-26 16:03:35,256 [DEBUG]   Filtered (not relevant): 21K charging devices sold on Amazon recalled after explosions, $2M+ in damages
2026-09-26 16:03:35,256 [DEBUG]   Filtered (not relevant): The shocking true crime case that could become ‘Monster’ season 5 on Netflix
2026-09-26 16:03:35,257 [DEBUG]   Filtered (not relevant): Legendary country music group saying farewell after more than 5 decades of touri
2026-09-26 16:03:35,257 [DEBUG]   Filtered (not relevant): Rock legend reveals heartbreaking medical diagnosis, plans to keep playing
2026-09-26 16:03:35,257 [DEBUG]   Filtered (not relevant): Country music star gives update on cancer fight: ‘Keep fighting like hell’
2026-09-26 16:03:35,257 [DEBUG]   Filtered (not relevant): R&B legend dead at 71 after battling cancer. Here’s the latest
2026-09-26 16:03:35,258 [DEBUG]   Filtered (not relevant): Ozempic, Wegovy users sue over rare, permanent blindness
2026-09-26 16:03:35,258 [DEBUG]   Filtered (not relevant): Actress worries fans after wiping Instagram, posting ‘I give up’
2026-09-26 16:03:35,259 [DEBUG]   Filtered (not relevant): Brooke Hogan says dad’s affair with her friend changed their relationship
2026-09-26 16:03:35,259 [DEBUG]   Filtered (not relevant): Beloved cult film actor dies at 77
2026-09-26 16:03:35,259 [DEBUG]   Filtered (not relevant): Keke Wyatt arrested on 3 charges in Georgia
2026-09-26 16:03:35,260 [DEBUG]   Filtered (not relevant): Say goodbye: Beloved coffee shop closing 250 ‘underperforming’ stores by week’s 
2026-09-26 16:03:35,260 [DEBUG]   Filtered (not relevant): Country music star opens up after walking away from stage at 35: ‘I got my faith
2026-09-26 16:03:35,260 [DEBUG]   Filtered (not relevant): Dolly Parton made desperate final attempt to cure her cancer. Here’s the latest
2026-09-26 16:03:35,262 [INFO] News Scanner Run — 2026-09-26 16:03
==================================================
Articles in feeds: 50
New (not seen before): 50
Saved as records: 0
Filtered (not relevant): 50
Errors: 0

