2026-09-20 15:43:44,212 [INFO] ============================================================
2026-09-20 15:43:44,212 [INFO] News Scanner starting
2026-09-20 15:43:44,213 [INFO] Fetching: Syracuse.com Politics
2026-09-20 15:43:44,843 [INFO]   50 new articles from Syracuse.com Politics
2026-09-20 15:43:44,844 [INFO] Fetching: Syracuse.com Government
2026-09-20 15:43:45,071 [INFO]   0 new articles from Syracuse.com Government
2026-09-20 15:43:45,071 [INFO] Fetching: Syracuse.com Local
2026-09-20 15:43:45,291 [INFO]   0 new articles from Syracuse.com Local
2026-09-20 15:43:45,291 [INFO] Fetching: Syracuse.com Main
2026-09-20 15:43:45,503 [INFO]   0 new articles from Syracuse.com Main
2026-09-20 15:43:45,503 [INFO] Total unique articles across all feeds: 50
2026-09-20 15:43:45,503 [INFO] New articles (not previously processed): 50
2026-09-20 15:43:45,534 [DEBUG]   Filtered (not relevant): ESPN’s ‘College GameDay’ announces Week 4 destination
2026-09-20 15:43:45,534 [DEBUG]   Filtered (not relevant): Dear Annie: I'll help my son in an emergency, but I'm done paying for his lavish
2026-09-20 15:43:45,534 [DEBUG]   Filtered (not relevant): How to watch Steelers vs. Patriots NFL Week 2 for free today
2026-09-20 15:43:45,535 [DEBUG]   Filtered (not relevant): Sept. 19 Powerball results: 31 players come heartbreakingly close to winning the
2026-09-20 15:43:45,535 [DEBUG]   Filtered (not relevant): How to watch Vikings vs. Bears Week 2 football for free today
2026-09-20 15:43:45,535 [DEBUG]   Filtered (not relevant): Income tax brackets changing in 2027: What you can expect
2026-09-20 15:43:45,535 [DEBUG]   Filtered (not relevant): National gym chain to open another location in Onondaga County
2026-09-20 15:43:45,535 [DEBUG]   Filtered (not relevant): How to watch Packers vs. Jets Week 2 football for free today
2026-09-20 15:43:45,536 [DEBUG]   Filtered (not relevant): Cayuga County real estate: See all residential properties sold, Sept. 7-13
2026-09-20 15:43:45,536 [DEBUG]   Filtered (not relevant): Polymarket code “CUSE” launches $50 referral promo for NFL Week 2 games today
2026-09-20 15:43:45,536 [DEBUG]   Filtered (not relevant): What happened after a Walmart shopping cart argument left one man dead
2026-09-20 15:43:45,537 [DEBUG]   Filtered (not relevant): Ask Mayo Clinic: What to expect when a loved one needs surgery for hypertrophic 
2026-09-20 15:43:45,537 [DEBUG]   Filtered (not relevant): 62-year-old man shot on Syracuse’s South Side; suspect arrested
2026-09-20 15:43:45,537 [DEBUG]   Filtered (not relevant): Is ‘Monster’ star Ella Beatty related to actor Warren Beatty?
2026-09-20 15:43:45,537 [DEBUG]   Filtered (not relevant): Streameast alternatives for Week 2 NFL games, where to watch for free
2026-09-20 15:43:45,538 [DEBUG]   Filtered (not relevant): Ole Miss trolls LSU with Kiffin video after beating Tigers
2026-09-20 15:43:45,538 [DEBUG]   Filtered (not relevant): Trinidad Chambliss apologizes for ‘Hotty f---ing Toddy’
2026-09-20 15:43:45,538 [DEBUG]   Filtered (not relevant): Madison County real estate: See all residential properties sold, Sept. 7-13
2026-09-20 15:43:45,538 [DEBUG]   Filtered (not relevant): Kiffin on Ole Miss’ hostile environment: ‘You're welcome'
2026-09-20 15:43:45,538 [DEBUG]   Filtered (not relevant): ‘American Idol’ making massive change to show for upcoming 25th season
2026-09-20 15:43:45,539 [DEBUG]   Filtered (not relevant): Fears of an AI apocalypse, Trump's $5,000 promise: Editorial cartoons for Sept. 
2026-09-20 15:43:45,539 [DEBUG]   Filtered (not relevant): ‘Cry Wolf’: Scientists using AI to figure out what wolves are saying
2026-09-20 15:43:45,539 [DEBUG]   Filtered (not relevant): Syracuse.com’s 2026 fall sports media day coach poll: Best World Cup commentator
2026-09-20 15:43:45,540 [DEBUG]   Filtered (not relevant): $1.1 million for house near Skaneateles Lake: Plus 163 more Onondaga County home
2026-09-20 15:43:45,540 [DEBUG]   Filtered (not relevant): New York creates a new market for small cannabis sellers, but there’s a lot to h
2026-09-20 15:43:45,540 [DEBUG]   Filtered (not relevant): Resist federal government’s efforts to silence free speech (Editorial Board Opin
2026-09-20 15:43:45,540 [DEBUG]   Filtered (not relevant): Trump’s fight with Canada has hurt NY. Could it get worse? (Top stories)
2026-09-20 15:43:45,541 [DEBUG]   Filtered (not relevant): Syracuse.com’s 2026 fall media day girls soccer coach poll: Scoring chance out o
2026-09-20 15:43:45,541 [DEBUG]   Filtered (not relevant): T-mobile customers will have to pay monthly fee for iOS 27 feature
2026-09-20 15:43:45,541 [DEBUG]   Filtered (not relevant): ‘Blue Bloods’ actor had one alarming symptom before terminal cancer diagnosis
2026-09-20 15:43:45,541 [DEBUG]   Filtered (not relevant): Where to watch Atlético Madrid vs. Real Madrid LA Liga soccer for free
2026-09-20 15:43:45,542 [DEBUG]   Filtered (not relevant): Baldwinsville marching band hits the right notes to win ‘Starburst’ show: ‘We th
2026-09-20 15:43:45,542 [DEBUG]   Filtered (not relevant): Bills are 2-0: Here’s what’s encouraging and concerning after win over Lions
2026-09-20 15:43:45,542 [DEBUG]   Filtered (not relevant): Jelly Roll reveals what could make him leave music
2026-09-20 15:43:45,542 [DEBUG]   Filtered (not relevant): Ed Sheeran's early mentor dies at 44
2026-09-20 15:43:45,543 [DEBUG]   Filtered (not relevant): CNY Inspirations: Homage to the ‘Pond Princess’
2026-09-20 15:43:45,543 [DEBUG]   Filtered (not relevant): Today’s horoscope: Leo - Be vocal about your likes and dislikes (Sept. 20, 2026)
2026-09-20 15:43:45,543 [DEBUG]   Filtered (not relevant): Why one record-setting NFL season still matters more than 50 years later
2026-09-20 15:43:45,543 [DEBUG]   Filtered (not relevant): Dear Abby: How can I steer my friends away from constant talk about medical issu
2026-09-20 15:43:45,544 [DEBUG]   Filtered (not relevant): Top automaker recalls thousands of cars over defect that can trap passengers
2026-09-20 15:43:45,544 [DEBUG]   Filtered (not relevant): The full list of Walgreens stores closing in 2026
2026-09-20 15:43:45,544 [DEBUG]   Filtered (not relevant): Country music stars who dislike Donald Trump: Why MAGA wants these singers cance
2026-09-20 15:43:45,544 [DEBUG]   Filtered (not relevant): You can soon order Dunkin' and groceries in one Walmart app trip
2026-09-20 15:43:45,544 [DEBUG]   Filtered (not relevant): Asking Eric: Was it rude to just say hello and keep walking when I saw this big 
2026-09-20 15:43:45,545 [DEBUG]   Filtered (not relevant): Parents are moving away from old favorites, and experts think they know what com
2026-09-20 15:43:45,545 [DEBUG]   Filtered (not relevant): Popular rock singer reveals ‘aggressive brain tumor’ at 47: ‘We’re shocked’
2026-09-20 15:43:45,545 [DEBUG]   Filtered (not relevant): NFL history offers a clear warning for teams that start 0-2
2026-09-20 15:43:45,545 [DEBUG]   Filtered (not relevant): The NFL’s highest-paid quarterbacks in 2026
2026-09-20 15:43:45,546 [DEBUG]   Filtered (not relevant): Police investigate shooting of man on Syracuse’s South Side
2026-09-20 15:43:45,546 [DEBUG]   Filtered (not relevant): What Ed Sheeran told fans before playing a single song in Philadelphia
2026-09-20 15:43:45,547 [INFO] News Scanner Run — 2026-09-20 15:43
==================================================
Articles in feeds: 50
New (not seen before): 50
Saved as records: 0
Filtered (not relevant): 50
Errors: 0

