2026-10-10 17:08:34,645 [INFO] ============================================================
2026-10-10 17:08:34,645 [INFO] News Scanner starting
2026-10-10 17:08:34,646 [INFO] Fetching: Syracuse.com Politics
2026-10-10 17:08:36,378 [INFO]   50 new articles from Syracuse.com Politics
2026-10-10 17:08:36,378 [INFO] Fetching: Syracuse.com Government
2026-10-10 17:08:36,523 [INFO]   0 new articles from Syracuse.com Government
2026-10-10 17:08:36,523 [INFO] Fetching: Syracuse.com Local
2026-10-10 17:08:36,646 [INFO]   0 new articles from Syracuse.com Local
2026-10-10 17:08:36,646 [INFO] Fetching: Syracuse.com Main
2026-10-10 17:08:36,760 [INFO]   0 new articles from Syracuse.com Main
2026-10-10 17:08:36,760 [INFO] Total unique articles across all feeds: 50
2026-10-10 17:08:36,760 [INFO] New articles (not previously processed): 50
2026-10-10 17:08:36,791 [DEBUG]   Filtered (not relevant): Where to watch Stanford vs. Notre Dame college football free stream
2026-10-10 17:08:36,792 [DEBUG]   Filtered (not relevant): Didn’t get Aerosmith Hollywood Bowl tickets? Here’s where you can still buy them
2026-10-10 17:08:36,792 [DEBUG]   Filtered (not relevant): College football Kalshi promo code “SYRACUSE” launches $55 bonus for Saturday ma
2026-10-10 17:08:36,792 [DEBUG]   Filtered (not relevant): Where to watch Ole Miss vs. Vanderbilt college football for free today
2026-10-10 17:08:36,793 [DEBUG]   Filtered (not relevant): College football player charged after teammate killed in car crash
2026-10-10 17:08:36,793 [DEBUG]   Filtered (not relevant): How to watch Texas vs. Oklahoma college football for free today
2026-10-10 17:08:36,793 [DEBUG]   Filtered (not relevant): Saban, Young get physical with McAfee over Alabama pick
2026-10-10 17:08:36,793 [DEBUG]   Filtered (not relevant): DeBoer on Russell and man he credits for run game
2026-10-10 17:08:36,793 [DEBUG]   Filtered (not relevant): Kalen DeBoer responds to Pat McAfee’s ‘loaded’ question
2026-10-10 17:08:36,794 [DEBUG]   Filtered (not relevant): Who would play Saban in movie? ‘GameDay,’ Miss Terry chime in
2026-10-10 17:08:36,794 [DEBUG]   Filtered (not relevant): Dear Annie: Retirement should be peaceful, but I'm still hiding from my high sch
2026-10-10 17:08:36,794 [DEBUG]   Filtered (not relevant): Is Costco open on Columbus Day 2026? Plan ahead before you go to the store
2026-10-10 17:08:36,794 [DEBUG]   Filtered (not relevant): McAfee confronts Saban for calling out ESPN in documentary
2026-10-10 17:08:36,795 [DEBUG]   Filtered (not relevant): Saban calls pulling Hurts for Tua 'most difficult decision'
2026-10-10 17:08:36,795 [DEBUG]   Filtered (not relevant): Are banks open on Columbus Day 2026?
2026-10-10 17:08:36,795 [DEBUG]   Filtered (not relevant): Dianna Russini makes career move following Mike Vrabel scandal
2026-10-10 17:08:36,795 [DEBUG]   Filtered (not relevant): Is Reba McEntire retiring? Here’s what she had to say about it
2026-10-10 17:08:36,795 [DEBUG]   Filtered (not relevant): Why a rock icon stopped touring after 61 years: ‘Wait until you hear what’s comi
2026-10-10 17:08:36,796 [DEBUG]   Filtered (not relevant): Pete Thamel updates Alabama’s Josh Ford status, SEC injuries
2026-10-10 17:08:36,796 [DEBUG]   Filtered (not relevant): College football Polymarket referral code “CUSE” updates $25 bonus for all games
2026-10-10 17:08:36,796 [DEBUG]   Filtered (not relevant): Holes-in-one for Central New York golfers (as of Oct. )
2026-10-10 17:08:36,796 [DEBUG]   Filtered (not relevant): How to watch Manchester United vs. Tottenham soccer for free today
2026-10-10 17:08:36,797 [DEBUG]   Filtered (not relevant): Oct. 9 Mega Millions results: $364 million jackpot on the line
2026-10-10 17:08:36,797 [DEBUG]   Filtered (not relevant): Meet the die-hard Trump fans who waited hours in Syracuse for ‘greatest show on 
2026-10-10 17:08:36,797 [DEBUG]   Filtered (not relevant): 3 wounded by woman in third Poland school attack in a week
2026-10-10 17:08:36,798 [DEBUG]   Filtered (not relevant): No. 3 Notre Dame vs. Stanford prediction: Polymarket parlays, props and picks fo
2026-10-10 17:08:36,798 [DEBUG]   Filtered (not relevant): Where to watch Texas A&M vs. Missouri college football for free today
2026-10-10 17:08:36,798 [DEBUG]   Filtered (not relevant): Ask Mayo Clinic: Here's what your doctor considers when cancer has spread to you
2026-10-10 17:08:36,798 [DEBUG]   Filtered (not relevant): Beloved TV star’s health scare: ‘I had a part of my brain that died’
2026-10-10 17:08:36,799 [DEBUG]   Filtered (not relevant): Live scoreboard, recaps for Saturday’s high school football games (Week 6)
2026-10-10 17:08:36,799 [DEBUG]   Filtered (not relevant): Miss Manners: How do I end my godparent relationship gracefully?
2026-10-10 17:08:36,799 [DEBUG]   Filtered (not relevant): Where to watch Indiana vs. Nebraska college football free live stream
2026-10-10 17:08:36,799 [DEBUG]   Filtered (not relevant): Alex Yankowski wins Salute to the Troops 150 at Oswego
2026-10-10 17:08:36,800 [DEBUG]   Filtered (not relevant): Is Kid Rock really banned from California? Here’s what to know
2026-10-10 17:08:36,800 [DEBUG]   Filtered (not relevant): Who is country music’s hottest hunk? One site just ranked them
2026-10-10 17:08:36,800 [DEBUG]   Filtered (not relevant): Country music legend eyeing retirement: ‘I don’t have another 30 in me’
2026-10-10 17:08:36,800 [DEBUG]   Filtered (not relevant): Trump’s Syracuse stop showed us who we are right now: motivated and divided
2026-10-10 17:08:36,800 [DEBUG]   Filtered (not relevant): How to watch Syracuse vs. Virginia football for free today
2026-10-10 17:08:36,801 [DEBUG]   Filtered (not relevant): Guy Fieri and Andrew and Tristan Tate controversy: Here’s what to know
2026-10-10 17:08:36,801 [DEBUG]   Filtered (not relevant): Bears legend Mike Ditka dies after years of health battles
2026-10-10 17:08:36,801 [DEBUG]   Filtered (not relevant): Rock legend says he is retiring after 2026: ‘Been doing this over 54 years’
2026-10-10 17:08:36,801 [DEBUG]   Filtered (not relevant): A Cowboys loss was frustrating, but one fan changed the mood in seconds
2026-10-10 17:08:36,802 [DEBUG]   Filtered (not relevant): Who is country music’s biggest jerk? A recent ranking might surprise you
2026-10-10 17:08:36,802 [DEBUG]   Filtered (not relevant): Roseanne Barr’s concerning health revelation: ‘Living in hospice. That’s all I w
2026-10-10 17:08:36,802 [DEBUG]   Filtered (not relevant): Best things I heard at SU basketball media day |Axe
2026-10-10 17:08:36,802 [DEBUG]   Filtered (not relevant): Is Walmart open on Columbus Day 2026? What to know before you go to the store
2026-10-10 17:08:36,803 [DEBUG]   Filtered (not relevant): Section III high school sports schedule for Oct. 10
2026-10-10 17:08:36,803 [DEBUG]   Filtered (not relevant): Popular R&B singer had life-saving lung transplant: ‘Couldn’t even get out of be
2026-10-10 17:08:36,803 [DEBUG]   Filtered (not relevant): Park to offer rare chance to explore ‘marvel of engineering’ hidden beneath Cumb
2026-10-10 17:08:36,803 [DEBUG]   Filtered (not relevant): Did a country music star secretly retire? Here’s what we know
2026-10-10 17:08:36,804 [INFO] News Scanner Run — 2026-10-10 17:08
==================================================
Articles in feeds: 50
New (not seen before): 50
Saved as records: 0
Filtered (not relevant): 50
Errors: 0

