2026-10-09 18:09:18,641 [INFO] ============================================================
2026-10-09 18:09:18,641 [INFO] News Scanner starting
2026-10-09 18:09:18,642 [INFO] Fetching: Syracuse.com Politics
2026-10-09 18:09:19,103 [INFO]   50 new articles from Syracuse.com Politics
2026-10-09 18:09:19,103 [INFO] Fetching: Syracuse.com Government
2026-10-09 18:09:19,289 [INFO]   0 new articles from Syracuse.com Government
2026-10-09 18:09:19,289 [INFO] Fetching: Syracuse.com Local
2026-10-09 18:09:19,487 [INFO]   0 new articles from Syracuse.com Local
2026-10-09 18:09:19,487 [INFO] Fetching: Syracuse.com Main
2026-10-09 18:09:19,688 [INFO]   0 new articles from Syracuse.com Main
2026-10-09 18:09:19,688 [INFO] Total unique articles across all feeds: 50
2026-10-09 18:09:19,688 [INFO] New articles (not previously processed): 50
2026-10-09 18:09:19,723 [DEBUG]   Filtered (not relevant): Target just dropped these bright pink Beats Solo 4 headphones to $99.99 and they
2026-10-09 18:09:19,724 [DEBUG]   Filtered (not relevant): Trump in Syracuse: Live updates of the president's campaign rally and counter pr
2026-10-09 18:09:19,724 [DEBUG]   Filtered (not relevant): Country music’s richest singer: You might be surprised by who leads with $1 bill
2026-10-09 18:09:19,724 [DEBUG]   Filtered (not relevant): An AI model sent a fake murder tip to Philadelphia police and it took 2 months t
2026-10-09 18:09:19,725 [DEBUG]   Filtered (not relevant): Creamy mac and cheese with buttered crumbs
2026-10-09 18:09:19,725 [DEBUG]   Filtered (not relevant): Layered apple loaf cake
2026-10-09 18:09:19,725 [DEBUG]   Filtered (not relevant): Clay leads past week home sales, as prices keep rising in Onondaga County
2026-10-09 18:09:19,726 [DEBUG]   Filtered (not relevant): Didn’t get John Mayer Sphere tickets? Here’s where you can still buy them
2026-10-09 18:09:19,726 [DEBUG]   Filtered (not relevant): Al Michaels draws scrutiny after Thursday Night Football broadcast
2026-10-09 18:09:19,726 [DEBUG]   Filtered (not relevant): First in line for Trump rally: Central NY man who spent time in prison for Jan. 
2026-10-09 18:09:19,726 [DEBUG]   Filtered (not relevant): Take a sneak peek inside the room for Trump’s Syracuse rally
2026-10-09 18:09:19,727 [DEBUG]   Filtered (not relevant): Say goodbye: Beloved pizza brand discontinued after 89-year run
2026-10-09 18:09:19,727 [DEBUG]   Filtered (not relevant): ‘Young Sheldon’ star addresses claims that he was ‘difficult’ to work with
2026-10-09 18:09:19,727 [DEBUG]   Filtered (not relevant): Records in suspicious Upstate NY immigration case must be public, judge rules in
2026-10-09 18:09:19,728 [DEBUG]   Filtered (not relevant): Kalshi upgrades $55 promo code “SYRACUSE” for college football this weekend
2026-10-09 18:09:19,728 [DEBUG]   Filtered (not relevant): Gone without warning: These shocking deaths rocked country music in 2026
2026-10-09 18:09:19,728 [DEBUG]   Filtered (not relevant): Foundation problem pushes back Meier's Creek Lake Placid debut
2026-10-09 18:09:19,728 [DEBUG]   Filtered (not relevant): 2 national restaurant chains known for pizza, frozen yogurt to open under same r
2026-10-09 18:09:19,728 [DEBUG]   Filtered (not relevant): Amazon is pushing back on Meta's new AI agent, and the reason matters for every 
2026-10-09 18:09:19,729 [DEBUG]   Filtered (not relevant): NFL reaction to Mike Ditka dead at 86 pours in
2026-10-09 18:09:19,729 [DEBUG]   Filtered (not relevant): Hurricane Isaias bringing ‘life threatening’ storm surge, other issues to Florid
2026-10-09 18:09:19,729 [DEBUG]   Filtered (not relevant): Stephen A. Smith apologizes for Lane Johnson mental health remarks
2026-10-09 18:09:19,730 [DEBUG]   Filtered (not relevant): UGG just dropped a pet collection, and yes, there’s a tiny Classic Boot toy
2026-10-09 18:09:19,730 [DEBUG]   Filtered (not relevant): ‘Boy Meets World’ star hospitalized for ‘badly peeing blood’
2026-10-09 18:09:19,730 [DEBUG]   Filtered (not relevant): Michael Kearns, actor and AIDS activist, dies at 76
2026-10-09 18:09:19,730 [DEBUG]   Filtered (not relevant): ESPN’s Paul Finebaum: ‘Georgia has an Alabama problem’
2026-10-09 18:09:19,731 [DEBUG]   Filtered (not relevant): $6.3 billion Pentagon deal buys more interceptors to shoot down ballistic missil
2026-10-09 18:09:19,731 [DEBUG]   Filtered (not relevant): Starbucks reportedly exploring shocking takeover of beloved burrito chain
2026-10-09 18:09:19,731 [DEBUG]   Filtered (not relevant): Who are the Section III field hockey midseason MVPs? Coaches make their picks
2026-10-09 18:09:19,731 [DEBUG]   Filtered (not relevant): Mike Ditka, legendary Chicago Bears coach, dead at 86
2026-10-09 18:09:19,731 [DEBUG]   Filtered (not relevant): Man fighting over a parking spot in Baltimore charged with killing girl at youth
2026-10-09 18:09:19,732 [DEBUG]   Filtered (not relevant): Is the stock market open on Monday for Columbus Day 2026?
2026-10-09 18:09:19,732 [DEBUG]   Filtered (not relevant): Dear Annie: How can I trust my husband again when he won't even admit he cheated
2026-10-09 18:09:19,732 [DEBUG]   Filtered (not relevant): Secrets to success: How 3 Section III field hockey teams turned around their sea
2026-10-09 18:09:19,732 [DEBUG]   Filtered (not relevant): Former basketball star who inspired Disney movie dies at 54
2026-10-09 18:09:19,732 [DEBUG]   Filtered (not relevant): Over 1,667 flights delayed, 306 canceled amid widespread U.S. travel disruptions
2026-10-09 18:09:19,733 [DEBUG]   Filtered (not relevant): Wayfair’s ‘Practical Magic 2’ curated collection brings witchy, whimsical home d
2026-10-09 18:09:19,733 [DEBUG]   Filtered (not relevant): Cameron Heyward calls out fans over Joey Porter Jr. jersey burnings
2026-10-09 18:09:19,733 [DEBUG]   Filtered (not relevant): Journey's Deen Castronovo hospitalized after medical emergency in Tulsa
2026-10-09 18:09:19,734 [DEBUG]   Filtered (not relevant): ‘Pretty Little Liars’ star Keegan Allen attacked in violent armed robbery
2026-10-09 18:09:19,734 [DEBUG]   Filtered (not relevant): Backstreet Boys Toronto 2027 tickets: How to get seats for Rogers Centre residen
2026-10-09 18:09:19,734 [DEBUG]   Filtered (not relevant): This Upstate NY region is ranked among the best fall foliage spots in the US
2026-10-09 18:09:19,734 [DEBUG]   Filtered (not relevant): Joe Buck trades the broadcast booth for a seat at the judges’ table
2026-10-09 18:09:19,735 [DEBUG]   Filtered (not relevant): Didn’t get Lola Young tickets? Here’s where you can still buy them
2026-10-09 18:09:19,735 [DEBUG]   Filtered (not relevant): Secrets to success: How 7 Section III girls, boys volleyball teams turned around
2026-10-09 18:09:19,735 [DEBUG]   Filtered (not relevant): Gavin Doty on his Syracuse homecoming: GMac and mac-and-cheese (podcast)
2026-10-09 18:09:19,735 [DEBUG]   Filtered (not relevant): Hurricane Isaias now Category 3; What to know before landfall
2026-10-09 18:09:19,736 [DEBUG]   Filtered (not relevant): Walmart Fall Deals is having a sale on La Rosche-Posay skincare: Here’s what I’m
2026-10-09 18:09:19,736 [DEBUG]   Filtered (not relevant): Social Security makes rare payment change in November
2026-10-09 18:09:19,736 [DEBUG]   Filtered (not relevant): Polymarket enhances $25 code “CUSE” through this weekend for all prediction mark
2026-10-09 18:09:19,737 [INFO] News Scanner Run — 2026-10-09 18:09
==================================================
Articles in feeds: 50
New (not seen before): 50
Saved as records: 0
Filtered (not relevant): 50
Errors: 0

