2026-08-14 13:13:47,620 [INFO] ============================================================
2026-08-14 13:13:47,620 [INFO] News Scanner starting
2026-08-14 13:13:47,621 [INFO] Fetching: Syracuse.com Politics
2026-08-14 13:13:47,987 [INFO]   50 new articles from Syracuse.com Politics
2026-08-14 13:13:47,987 [INFO] Fetching: Syracuse.com Government
2026-08-14 13:13:48,273 [INFO]   0 new articles from Syracuse.com Government
2026-08-14 13:13:48,273 [INFO] Fetching: Syracuse.com Local
2026-08-14 13:13:48,561 [INFO]   0 new articles from Syracuse.com Local
2026-08-14 13:13:48,561 [INFO] Fetching: Syracuse.com Main
2026-08-14 13:13:48,733 [INFO]   0 new articles from Syracuse.com Main
2026-08-14 13:13:48,733 [INFO] Total unique articles across all feeds: 50
2026-08-14 13:13:48,733 [INFO] New articles (not previously processed): 50
2026-08-14 13:13:48,789 [DEBUG]   Filtered (not relevant): 8 states tax your Social Security benefits: Here’s the list
2026-08-14 13:13:48,789 [DEBUG]   Filtered (not relevant): Lucky lottery player is $100K richer after buying ticket in Upstate NY
2026-08-14 13:13:48,790 [DEBUG]   Filtered (not relevant): Syracuse Sandwiches: Lyncourt pizza shop is going viral for its chicken sub
2026-08-14 13:13:48,790 [DEBUG]   Filtered (not relevant): Legendary college baseball coach dies at 88: ‘The best to ever fill out a lineup
2026-08-14 13:13:48,791 [DEBUG]   Filtered (not relevant): Costco will not open on Sept. 7. Here’s why
2026-08-14 13:13:48,791 [DEBUG]   Filtered (not relevant): Who are the top returning football offensive scoring leaders ranked by 2025 stat
2026-08-14 13:13:48,791 [DEBUG]   Filtered (not relevant): McMahon buys campaign ad to ‘drown out some of the noise’ (Good Morning CNY)
2026-08-14 13:13:48,792 [DEBUG]   Filtered (not relevant): 7 dead in tunnel collapse at Indian hydropower project
2026-08-14 13:13:48,792 [DEBUG]   Filtered (not relevant): Popular actress got sent to ‘psych ward’ while battling autoimmune disease: ‘Exc
2026-08-14 13:13:48,792 [DEBUG]   Filtered (not relevant): Iconic singer with incurable cancer had weird symptom. Here’s what to know
2026-08-14 13:13:48,793 [DEBUG]   Filtered (not relevant): Syracuse Mets vs Jacksonville game suspended due to rain
2026-08-14 13:13:48,793 [DEBUG]   Filtered (not relevant): The Wild Animal Park grows empire, now with concerts, events, $599+ rooms
2026-08-14 13:13:48,794 [DEBUG]   Filtered (not relevant): Joe Budden’s career is full of plot twists. The latest: A true-crime podcast.
2026-08-14 13:13:48,795 [DEBUG]   Filtered (not relevant): Why children risked snowstorms and highways to flee this Ohio facility
2026-08-14 13:13:48,795 [DEBUG]   Filtered (not relevant): A virus many forgot about just showed up again in the U.S.
2026-08-14 13:13:48,796 [DEBUG]   Filtered (not relevant): Video: Casey Powell on why now is the time to get into college coaching
2026-08-14 13:13:48,796 [DEBUG]   Filtered (not relevant): Popular actor fighting for life in hospital: ‘May be no light at the end of the 
2026-08-14 13:13:48,796 [DEBUG]   Filtered (not relevant): Miss Manners: My brother and I were addressed like a couple on a save-the-date
2026-08-14 13:13:48,797 [DEBUG]   Filtered (not relevant): ‘Delightful’ Cazenovia farmhouse needs a new family to enjoy it
2026-08-14 13:13:48,798 [DEBUG]   Filtered (not relevant): Dear Doctor: A firefighter’s cholesterol hit 199 — was the treatment too aggress
2026-08-14 13:13:48,798 [DEBUG]   Filtered (not relevant): Music icon dead at 54 after breast cancer battle: ‘A true original’
2026-08-14 13:13:48,798 [DEBUG]   Filtered (not relevant): A stunning number of ex-Philadelphia Eagles have died in 2026. Here’s what we kn
2026-08-14 13:13:48,799 [DEBUG]   Filtered (not relevant): Iconic rock singer dead at 79 after Parkinson’s battle: ‘Unforgettable voice’
2026-08-14 13:13:48,799 [DEBUG]   Filtered (not relevant): Legendary rock group could retire after 2026: ‘This will probably be it’
2026-08-14 13:13:48,800 [DEBUG]   Filtered (not relevant): Asking Eric: I’ve lost 3 family members, and now my brother won’t talk to me
2026-08-14 13:13:48,800 [DEBUG]   Filtered (not relevant): Polymarket upgrades new $20 invite code “CUSE” for UFC 330!
2026-08-14 13:13:48,801 [DEBUG]   Filtered (not relevant): New $20 Polymarket invite code “CUSE” updated for NFL Preseason live odds
2026-08-14 13:13:48,801 [DEBUG]   Filtered (not relevant): Truck driver with suspended license strikes railroad bridge in DeWitt, police sa
2026-08-14 13:13:48,802 [DEBUG]   Filtered (not relevant): $20 Polymarket referral code “CUSE” debuted for MLB Friday slate in NY, FL, CA, 
2026-08-14 13:13:48,802 [DEBUG]   Filtered (not relevant): Didn’t get Charli XCX $25 Angel Tickets? Here’s where to still score tickets
2026-08-14 13:13:48,803 [DEBUG]   Filtered (not relevant): Fans mourn Tyler Duckworth after sudden death at age 44
2026-08-14 13:13:48,803 [DEBUG]   Filtered (not relevant): Where to watch the Patriot Games for free today
2026-08-14 13:13:48,804 [DEBUG]   Filtered (not relevant): Overheard at Day 1 of syracuse.com’s 2026 fall sports media day: ‘I have a lot o
2026-08-14 13:13:48,804 [DEBUG]   Filtered (not relevant): Top linebackers in Section 2 New York high school football
2026-08-14 13:13:48,804 [DEBUG]   Filtered (not relevant): Where to watch Titans vs. 49ers today: NFL Preseason free stream
2026-08-14 13:13:48,805 [DEBUG]   Filtered (not relevant): Nickelodeon star known for ‘All That’ dies at 46: ‘Never could have imagined thi
2026-08-14 13:13:48,805 [DEBUG]   Filtered (not relevant): Florida officer arrested after using Flock cameras more than 700 times to track 
2026-08-14 13:13:48,806 [DEBUG]   Filtered (not relevant): Former pro boxer dies at 33 after suffering brain injury during fight
2026-08-14 13:13:48,806 [DEBUG]   Filtered (not relevant): Body found in water-cooling tower at Lotte Biologics in DeWitt
2026-08-14 13:13:48,806 [DEBUG]   Filtered (not relevant): Where to watch Sparks vs. Liberty today: WNBA free live stream
2026-08-14 13:13:48,807 [DEBUG]   Filtered (not relevant): Where to watch Sparks vs. Liberty today: WNBA free live stream
2026-08-14 13:13:48,807 [DEBUG]   Filtered (not relevant): Where to watch Ben Shelton vs. Brandon Nakashima: Tennis free stream
2026-08-14 13:13:48,808 [DEBUG]   Filtered (not relevant): What Josh Allen said about playing in preseason, Connor McGovern’s absence & Bil
2026-08-14 13:13:48,808 [DEBUG]   Filtered (not relevant): Famous comedian addresses daughter’s ‘traumatic’ terminal cancer battle
2026-08-14 13:13:48,808 [DEBUG]   Filtered (not relevant): Florida man accused of attempting to kidnap his ex by hiding in her car
2026-08-14 13:13:48,809 [DEBUG]   Filtered (not relevant): Man pleads guilty to attempted murder in shooting that injured man in Syracuse
2026-08-14 13:13:48,809 [DEBUG]   Filtered (not relevant): Where to watch Packers vs. Steelers today: NFL Preseason free stream
2026-08-14 13:13:48,810 [DEBUG]   Filtered (not relevant): LEGO announces retirement of beloved sets: Here’s what’s leaving the shelves
2026-08-14 13:13:48,810 [DEBUG]   Filtered (not relevant): ‘Camp Rock 3′ premieres tonight: How to watch for free without cable
2026-08-14 13:13:48,811 [DEBUG]   Filtered (not relevant): Date set for Syracuse game vs. St. John’s at Madison Square Garden
2026-08-14 13:13:48,813 [INFO] News Scanner Run — 2026-08-14 13:13
==================================================
Articles in feeds: 50
New (not seen before): 50
Saved as records: 0
Filtered (not relevant): 50
Errors: 0

