2026-08-22 12:45:08,271 [INFO] ============================================================
2026-08-22 12:45:08,271 [INFO] News Scanner starting
2026-08-22 12:45:08,272 [INFO] Fetching: Syracuse.com Politics
2026-08-22 12:45:08,628 [INFO]   50 new articles from Syracuse.com Politics
2026-08-22 12:45:08,629 [INFO] Fetching: Syracuse.com Government
2026-08-22 12:45:08,751 [INFO]   0 new articles from Syracuse.com Government
2026-08-22 12:45:08,752 [INFO] Fetching: Syracuse.com Local
2026-08-22 12:45:08,901 [INFO]   0 new articles from Syracuse.com Local
2026-08-22 12:45:08,901 [INFO] Fetching: Syracuse.com Main
2026-08-22 12:45:09,023 [INFO]   0 new articles from Syracuse.com Main
2026-08-22 12:45:09,023 [INFO] Total unique articles across all feeds: 50
2026-08-22 12:45:09,024 [INFO] New articles (not previously processed): 50
2026-08-22 12:45:09,069 [DEBUG]   Filtered (not relevant): Clay takes a swing at cricket with new field at Meltzer Park
2026-08-22 12:45:09,069 [DEBUG]   Filtered (not relevant): The 5 most anticipated TV releases for September 2026
2026-08-22 12:45:09,069 [DEBUG]   Filtered (not relevant): Country music star undergoes surgery, calls off shows after being injured in wre
2026-08-22 12:45:09,070 [DEBUG]   Filtered (not relevant): Country music star is off the market after recent engagement. Here’s what we kno
2026-08-22 12:45:09,070 [DEBUG]   Filtered (not relevant): Banks will shut down for the entire day Sept. 7: Here’s why
2026-08-22 12:45:09,070 [DEBUG]   Filtered (not relevant): Meghan Markle in talks for Netflix series role (report)
2026-08-22 12:45:09,070 [DEBUG]   Filtered (not relevant): 2 popular young rappers found shot to death in studio. Here’s the latest
2026-08-22 12:45:09,071 [DEBUG]   Filtered (not relevant): Country music singer has had multiple surgeries after ‘accident’. Here’s what we
2026-08-22 12:45:09,071 [DEBUG]   Filtered (not relevant): Rock drummer collapses and dies 2 songs into show: ‘Cold to the touch’
2026-08-22 12:45:09,071 [DEBUG]   Filtered (not relevant): Country music singer returns to stage after nearly dying in crash earlier this y
2026-08-22 12:45:09,071 [DEBUG]   Filtered (not relevant): Beloved rock musician dead at 60: ‘(Expletive) cancer’
2026-08-22 12:45:09,072 [DEBUG]   Filtered (not relevant): Travel advisory issued for popular Caribbean destination, and it’s good news for
2026-08-22 12:45:09,072 [DEBUG]   Filtered (not relevant): Rock legend shares heartbreaking health news: ‘The cancer has returned’
2026-08-22 12:45:09,072 [DEBUG]   Filtered (not relevant): Trump-loving singer ranked atop list of country music’s worst people
2026-08-22 12:45:09,072 [DEBUG]   Filtered (not relevant): Dear Annie: Her long-distance relationship is starting to feel scammy. Time to b
2026-08-22 12:45:09,073 [DEBUG]   Filtered (not relevant): ACC apologist claps back at Saban ‘slinging that SEC BS’
2026-08-22 12:45:09,073 [DEBUG]   Filtered (not relevant): Here’s your guide to the new NBC shows premiering this fall
2026-08-22 12:45:09,073 [DEBUG]   Filtered (not relevant): Pop singer asks fans to mail her their teeth for her collection
2026-08-22 12:45:09,073 [DEBUG]   Filtered (not relevant): MJ Melendez walk-off double gives Syracuse Mets 4-3 victory
2026-08-22 12:45:09,074 [DEBUG]   Filtered (not relevant): Beloved musician wakes from medically induced coma, faces 2 major surgeries
2026-08-22 12:45:09,074 [DEBUG]   Filtered (not relevant): Be aware: All post office locations set to close, mail deliveries delayed
2026-08-22 12:45:09,074 [DEBUG]   Filtered (not relevant): Hollywood reflects after Hayden Panettiere’s death: ‘It’s not normal’
2026-08-22 12:45:09,074 [DEBUG]   Filtered (not relevant): Today’s horoscopes: Aries - Research and source information carefully (Aug. 22, 
2026-08-22 12:45:09,075 [DEBUG]   Filtered (not relevant): The most heartbreaking deaths in country music history: Stars we lost too soon
2026-08-22 12:45:09,075 [DEBUG]   Filtered (not relevant): Miss Manners: Setting boundaries after family was too comfortable with my home
2026-08-22 12:45:09,075 [DEBUG]   Filtered (not relevant): NFL’s first International Pathway player to make 53-man roster retires
2026-08-22 12:45:09,075 [DEBUG]   Filtered (not relevant): Star SEC QB has received hate for being a Donald Trump supporter. Here’s why
2026-08-22 12:45:09,076 [DEBUG]   Filtered (not relevant): Country music has lost its 2 oldest living legends: Their combined age was 207
2026-08-22 12:45:09,076 [DEBUG]   Filtered (not relevant): Dear Abby: Could a shared love of books bridge a 50-year age gap between two lib
2026-08-22 12:45:09,077 [DEBUG]   Filtered (not relevant): Popular musician denies playing a role in ex-girlfriend’s death: ‘Dangerously fa
2026-08-22 12:45:09,077 [DEBUG]   Filtered (not relevant): Asking Eric: She wasn't a real mom to me, but will she expect me to plan her fin
2026-08-22 12:45:09,077 [DEBUG]   Filtered (not relevant): Mega Millions numbers: Are you the lucky winner of Friday’s $113 million jackpot
2026-08-22 12:45:09,078 [DEBUG]   Filtered (not relevant): Experts update Giants vs. Dolphins NFL preseason Week 2 predictions after Malik 
2026-08-22 12:45:09,078 [DEBUG]   Filtered (not relevant): $20 Polymarket referral code “CUSE” enhanced for Giants-Dolphins NFL preseason o
2026-08-22 12:45:09,078 [DEBUG]   Filtered (not relevant): ‘Dateline’ revisits Michelle Hadley case in ‘Simply Diabolical’ tonight: How to 
2026-08-22 12:45:09,079 [DEBUG]   Filtered (not relevant): Coach Outlet is having a major deal on the Ashton Mini Shoulder Bag
2026-08-22 12:45:09,079 [DEBUG]   Filtered (not relevant): How to watch Packers vs. Broncos preseason for free on NFL Network
2026-08-22 12:45:09,079 [DEBUG]   Filtered (not relevant): You can watch ‘Big City Greens’ Season 5 premiere for free tonight — here’s how
2026-08-22 12:45:09,079 [DEBUG]   Filtered (not relevant): State fair reporter shares tips for planning your visit (Letter from the Editor)
2026-08-22 12:45:09,080 [DEBUG]   Filtered (not relevant): Saban reveals best ‘used car salesman’ for ‘this ACC bulls--t’
2026-08-22 12:45:09,080 [DEBUG]   Filtered (not relevant): Pentagon releases sexual assault report: Why most service members don’t report i
2026-08-22 12:45:09,080 [DEBUG]   Filtered (not relevant): Saban shares SEC favorites with McAfee, team under radar
2026-08-22 12:45:09,080 [DEBUG]   Filtered (not relevant): High school football coaches were put on leave, then resigned over group chat
2026-08-22 12:45:09,081 [DEBUG]   Filtered (not relevant): How to watch WWE Friday Night SmackDown! free live stream tonight
2026-08-22 12:45:09,081 [DEBUG]   Filtered (not relevant): Latest on Hayden Panettiere’s death includes new revelations
2026-08-22 12:45:09,081 [DEBUG]   Filtered (not relevant): An Iran-linked oil tanker was seized by pirates off coast of Africa
2026-08-22 12:45:09,082 [DEBUG]   Filtered (not relevant): Former Bills star and fan favorite doesn’t hold back on Nickel City uniforms: ‘N
2026-08-22 12:45:09,082 [DEBUG]   Filtered (not relevant): Where to watch Jets vs. Steelers NFL Preseason for free today
2026-08-22 12:45:09,083 [DEBUG]   Filtered (not relevant): CALPAK drops The Art of Travel collection filled with stylish travel must-haves
2026-08-22 12:45:09,083 [DEBUG]   Filtered (not relevant): Former student armed with a sword attacked his old Swedish high school, seriousl
2026-08-22 12:45:09,084 [INFO] News Scanner Run — 2026-08-22 12:45
==================================================
Articles in feeds: 50
New (not seen before): 50
Saved as records: 0
Filtered (not relevant): 50
Errors: 0

