2026-09-04 16:00:45,550 [INFO] ============================================================
2026-09-04 16:00:45,550 [INFO] News Scanner starting
2026-09-04 16:00:45,551 [INFO] Fetching: Syracuse.com Politics
2026-09-04 16:00:45,920 [INFO]   50 new articles from Syracuse.com Politics
2026-09-04 16:00:45,920 [INFO] Fetching: Syracuse.com Government
2026-09-04 16:00:46,096 [INFO]   0 new articles from Syracuse.com Government
2026-09-04 16:00:46,096 [INFO] Fetching: Syracuse.com Local
2026-09-04 16:00:46,247 [INFO]   0 new articles from Syracuse.com Local
2026-09-04 16:00:46,247 [INFO] Fetching: Syracuse.com Main
2026-09-04 16:00:46,391 [INFO]   0 new articles from Syracuse.com Main
2026-09-04 16:00:46,391 [INFO] Total unique articles across all feeds: 50
2026-09-04 16:00:46,391 [INFO] New articles (not previously processed): 50
2026-09-04 16:00:46,433 [DEBUG]   Filtered (not relevant): How to watch Ipswich vs. Liverpool today: Premier League free stream
2026-09-04 16:00:46,434 [DEBUG]   Filtered (not relevant): Syracuse RB Tylik Hill says he won’t repeat this mistake in opener (9 things to 
2026-09-04 16:00:46,434 [DEBUG]   Filtered (not relevant): Florida man pictured in bloody mugshot after attacking police inside hospital
2026-09-04 16:00:46,434 [DEBUG]   Filtered (not relevant): 20-plus research facilities to close to get ‘costs under control’
2026-09-04 16:00:46,435 [DEBUG]   Filtered (not relevant): Closing NYS Fair for approaching storm was the sensible thing to do (Editorial B
2026-09-04 16:00:46,435 [DEBUG]   Filtered (not relevant): Dear Annie: I bought a nice gift for baby shower. What’s with the additional sid
2026-09-04 16:00:46,436 [DEBUG]   Filtered (not relevant): Holiday wine-braised short ribs
2026-09-04 16:00:46,437 [DEBUG]   Filtered (not relevant): Pistachio polenta cake
2026-09-04 16:00:46,438 [DEBUG]   Filtered (not relevant): Coconut and mango layer cake
2026-09-04 16:00:46,438 [DEBUG]   Filtered (not relevant): Data breach settlement nets victims $75 to $5K
2026-09-04 16:00:46,439 [DEBUG]   Filtered (not relevant): Over 1,990 flights delayed, 78 canceled amid widespread U.S. travel disruptions
2026-09-04 16:00:46,439 [DEBUG]   Filtered (not relevant): Former NFL and college football coach Kippy Brown dies at 71
2026-09-04 16:00:46,439 [DEBUG]   Filtered (not relevant): Comfrt is hosting a Labor Day sale: The iconic Travel Essentials Hoodie has the 
2026-09-04 16:00:46,440 [DEBUG]   Filtered (not relevant): Chrysler recalls 239,131 Ram trucks: What owners need to know
2026-09-04 16:00:46,440 [DEBUG]   Filtered (not relevant): Live scoreboard, recaps for Friday’s high school football games (Week 1)
2026-09-04 16:00:46,441 [DEBUG]   Filtered (not relevant): You don’t have to spend big at the NYS Fair: Try 17 foods under $10
2026-09-04 16:00:46,441 [DEBUG]   Filtered (not relevant): Florida prosecutors make decision after woman fatally shoots man during Walmart 
2026-09-04 16:00:46,441 [DEBUG]   Filtered (not relevant): Section III volleyball team makes history by letting the sun shine in: ‘We can d
2026-09-04 16:00:46,442 [DEBUG]   Filtered (not relevant): Didn’t get Rush tickets for the new tour dates? Here’s where you can still buy t
2026-09-04 16:00:46,443 [DEBUG]   Filtered (not relevant): Polymarket promo code “CUSE” $50 bonus after $10 deposit updated for Friday’s CF
2026-09-04 16:00:46,443 [DEBUG]   Filtered (not relevant): LSU releases statement after judge rules against NCAA
2026-09-04 16:00:46,443 [DEBUG]   Filtered (not relevant): SU women's lax receives commitment from 4-star attack prospect
2026-09-04 16:00:46,443 [DEBUG]   Filtered (not relevant): How to pick up chicks at the NYS Fair
2026-09-04 16:00:46,444 [DEBUG]   Filtered (not relevant): The Michael Kors End of Season Sale ends today - Here are the best last minute d
2026-09-04 16:00:46,445 [DEBUG]   Filtered (not relevant): Experts release new Yankees vs. Padres prediction after latest Max Fried injury 
2026-09-04 16:00:46,445 [DEBUG]   Filtered (not relevant): State again asks judge to force Manlius pediatrician to hand over patient record
2026-09-04 16:00:46,445 [DEBUG]   Filtered (not relevant): Goo Goo Dolls dared Syracuse to keep pace during energetic show (review)
2026-09-04 16:00:46,446 [DEBUG]   Filtered (not relevant): The Texas city that nearly ran out of water is changing how residents live forev
2026-09-04 16:00:46,446 [DEBUG]   Filtered (not relevant): Miss Manners: Family photos are for family, not short-term partners
2026-09-04 16:00:46,447 [DEBUG]   Filtered (not relevant): Dolly Parton died from cancer. These country music stars are also battling the d
2026-09-04 16:00:46,447 [DEBUG]   Filtered (not relevant): Country music stars who got married in 2026: These stars are off the market
2026-09-04 16:00:46,447 [DEBUG]   Filtered (not relevant): Being forced to join a union in New York is an injustice (Guest Opinion by Mark 
2026-09-04 16:00:46,448 [DEBUG]   Filtered (not relevant): Troopers stop truck in North Country illegally taking 25 horses to Canada for sl
2026-09-04 16:00:46,448 [DEBUG]   Filtered (not relevant): Syracuse Sandwiches: This NYS Fair vendor gave me a Knuckle Sandwich, and I’d gl
2026-09-04 16:00:46,449 [DEBUG]   Filtered (not relevant): Northside barbershop gives free haircuts to get Syracuse kids ready for school
2026-09-04 16:00:46,449 [DEBUG]   Filtered (not relevant): Plan ahead: Most banks will close for 24 hours next week
2026-09-04 16:00:46,449 [DEBUG]   Filtered (not relevant): Jelly Roll faced a disturbing accusation earlier this year. Here’s what to know
2026-09-04 16:00:46,450 [DEBUG]   Filtered (not relevant): Onondaga County leaders float a housing crisis fix: Cheap money for builders
2026-09-04 16:00:46,450 [DEBUG]   Filtered (not relevant): CBA football’s streak is over, but the 48 minutes showed the Brothers will be ju
2026-09-04 16:00:46,450 [DEBUG]   Filtered (not relevant): Two tornadoes confirmed in Seneca County; Waterloo hit hard (video)
2026-09-04 16:00:46,451 [DEBUG]   Filtered (not relevant): Section III high school sports schedule for Sept. 4
2026-09-04 16:00:46,451 [DEBUG]   Filtered (not relevant): Rock star with cancer shares graphic pic from hospital: ‘Don’t swipe if you’re s
2026-09-04 16:00:46,451 [DEBUG]   Filtered (not relevant): 2 Dollar General stores in Syracuse face closure: Dead and live mice, gnawed foo
2026-09-04 16:00:46,452 [DEBUG]   Filtered (not relevant): NYS Fair souvenir stories: Simone, the gassy goldfish, is still alive 13 years l
2026-09-04 16:00:46,452 [DEBUG]   Filtered (not relevant): Daylight saving ends soon: Why do we lose daylight so quickly in September?
2026-09-04 16:00:46,453 [DEBUG]   Filtered (not relevant): These 4 things will define the 2026 Syracuse football season | Axe
2026-09-04 16:00:46,453 [DEBUG]   Filtered (not relevant): Is Reba McEntire retiring? Here’s what we know about the country music legend’s 
2026-09-04 16:00:46,453 [DEBUG]   Filtered (not relevant): Is Donna Adelson still in prison? An update on Hulu’s ‘Murder of Dan Markel’ doc
2026-09-04 16:00:46,454 [DEBUG]   Filtered (not relevant): Day 10 at the NYS Fair: Today’s menu includes the 2-cup butter secret behind cre
2026-09-04 16:00:46,454 [DEBUG]   Filtered (not relevant): Syracuse.com’s HS football Game of the Week is streaming live tonight: Elmira at
2026-09-04 16:00:46,456 [INFO] News Scanner Run — 2026-09-04 16:00
==================================================
Articles in feeds: 50
New (not seen before): 50
Saved as records: 0
Filtered (not relevant): 50
Errors: 0

