2026-08-18 12:52:12,047 [INFO] ============================================================
2026-08-18 12:52:12,047 [INFO] News Scanner starting
2026-08-18 12:52:12,049 [INFO] Fetching: Syracuse.com Politics
2026-08-18 12:52:12,494 [INFO]   50 new articles from Syracuse.com Politics
2026-08-18 12:52:12,494 [INFO] Fetching: Syracuse.com Government
2026-08-18 12:52:12,637 [INFO]   0 new articles from Syracuse.com Government
2026-08-18 12:52:12,638 [INFO] Fetching: Syracuse.com Local
2026-08-18 12:52:12,785 [INFO]   0 new articles from Syracuse.com Local
2026-08-18 12:52:12,785 [INFO] Fetching: Syracuse.com Main
2026-08-18 12:52:12,926 [INFO]   0 new articles from Syracuse.com Main
2026-08-18 12:52:12,926 [INFO] Total unique articles across all feeds: 50
2026-08-18 12:52:12,926 [INFO] New articles (not previously processed): 50
2026-08-18 12:52:12,983 [DEBUG]   Filtered (not relevant): FustCharles rehires Kathleen Jackson as senior audit manager
2026-08-18 12:52:12,984 [DEBUG]   Filtered (not relevant): Powerball results for 08/17/26: $1 million winner sold
2026-08-18 12:52:12,984 [DEBUG]   Filtered (not relevant): Central New York gymnasts take over syracuse.com’s 2026 fall media day (photos)
2026-08-18 12:52:12,985 [DEBUG]   Filtered (not relevant): Who is Rep. Claudia Tenney legislating for? Not the people of Oswego County (You
2026-08-18 12:52:12,985 [DEBUG]   Filtered (not relevant): Titanic ride for kids sparks controversy; owner refuses to bow to ‘woke brigade’
2026-08-18 12:52:12,985 [DEBUG]   Filtered (not relevant): How many Top 25 teams will Syracuse football play this year?
2026-08-18 12:52:12,986 [DEBUG]   Filtered (not relevant): How to access Jonas Brothers Spotify presale today for 2026 ‘Burning Up’ tour
2026-08-18 12:52:12,986 [DEBUG]   Filtered (not relevant): Another Onondaga County town is cracking down on short-term rentals after reside
2026-08-18 12:52:12,986 [DEBUG]   Filtered (not relevant): Popular rock band’s founding member dead at 55. Here’s what we know
2026-08-18 12:52:12,987 [DEBUG]   Filtered (not relevant): Central New York cheerleaders take over syracuse.com’s 2026 fall media day (50 p
2026-08-18 12:52:12,987 [DEBUG]   Filtered (not relevant): NJ high school athletic director caught peeping into young girl’s bedroom
2026-08-18 12:52:12,988 [DEBUG]   Filtered (not relevant): Who are the top returning girls soccer scoring leaders and goalies ranked by 202
2026-08-18 12:52:12,988 [DEBUG]   Filtered (not relevant): Remember 12 CDs for 1 cent? Columbia House is finally shutting down
2026-08-18 12:52:12,989 [DEBUG]   Filtered (not relevant): Millions of Social Security payments arrive this week: Are you getting one?
2026-08-18 12:52:12,990 [DEBUG]   Filtered (not relevant): Dear Annie: Tipping rules seem arbitrary. How do I know what’s appropriate?
2026-08-18 12:52:12,990 [DEBUG]   Filtered (not relevant): Central New York football players take over syracuse.com’s 2026 fall football me
2026-08-18 12:52:12,991 [DEBUG]   Filtered (not relevant): Popular cruise line cancels guest itineraries: Here’s why
2026-08-18 12:52:12,991 [DEBUG]   Filtered (not relevant): ‘Disney Adult’ gave birth during Magic Kingdom’s fireworks show
2026-08-18 12:52:12,991 [DEBUG]   Filtered (not relevant): English newlyweds dead after honeymoon helicopter crash in Greece
2026-08-18 12:52:12,992 [DEBUG]   Filtered (not relevant): ‘American Horror Story’ alum reveals childhood exorcism: ‘I was haunted’
2026-08-18 12:52:12,992 [DEBUG]   Filtered (not relevant): Say goodbye: Longtime mall staple quietly closes dozens of stores nationwide
2026-08-18 12:52:12,993 [DEBUG]   Filtered (not relevant): Meet the new NYS Fair vendors (Good Morning CNY for Aug. 18)
2026-08-18 12:52:12,993 [DEBUG]   Filtered (not relevant): Beloved chicken wing chain creates new throwback menu with favorites from early 
2026-08-18 12:52:12,993 [DEBUG]   Filtered (not relevant): CNY Inspirations: The wisdom of listening
2026-08-18 12:52:12,994 [DEBUG]   Filtered (not relevant): Major retailer issues nationwide recall for 10K fans after 11 reports of the bla
2026-08-18 12:52:12,994 [DEBUG]   Filtered (not relevant): Did you receive a ‘free’ gas or grocery card postcard? It’s likely part of this 
2026-08-18 12:52:12,995 [DEBUG]   Filtered (not relevant): A new study finds a surprising way rural communities may reduce partisan hostili
2026-08-18 12:52:12,995 [DEBUG]   Filtered (not relevant): Inside Syracuse football: 6 observations from Week 2 of training camp
2026-08-18 12:52:12,996 [DEBUG]   Filtered (not relevant): NY drops union deal on latest I-81 contract to better chances with Trump for fed
2026-08-18 12:52:12,996 [DEBUG]   Filtered (not relevant): Which Syracuse football players have been the biggest surprises in training camp
2026-08-18 12:52:12,996 [DEBUG]   Filtered (not relevant): Dear Doctor: What are the best ways to approach treatment for long COVID?
2026-08-18 12:52:12,997 [DEBUG]   Filtered (not relevant): Miss Manners: My husband’s look made me question my jewelry decision
2026-08-18 12:52:12,997 [DEBUG]   Filtered (not relevant): Think you’re listening to AI? Now Spotify will tell you for sure
2026-08-18 12:52:12,997 [DEBUG]   Filtered (not relevant): Today’s horoscope: Cancer and Pisces shine bright, Leo and Aquarius urged to kee
2026-08-18 12:52:12,998 [DEBUG]   Filtered (not relevant): Buffalo Bills president says new grass held up well (despite a few divots) in pr
2026-08-18 12:52:12,998 [DEBUG]   Filtered (not relevant): Weather alert active for Western NY until Tuesday morning
2026-08-18 12:52:12,999 [DEBUG]   Filtered (not relevant): The cost of living is highest in these 3 states, research find
2026-08-18 12:52:12,999 [DEBUG]   Filtered (not relevant): Popular rock band says beloved member has died: ‘Lost our soul sister’
2026-08-18 12:52:12,999 [DEBUG]   Filtered (not relevant): Pro wrestling legend battling for life, needs organ transplant after rejection
2026-08-18 12:52:13,000 [DEBUG]   Filtered (not relevant): Dear Abby: I playfully asked if I could see husband’s computer. He immediately b
2026-08-18 12:52:13,001 [DEBUG]   Filtered (not relevant): Buying a home in these 7 major cities is almost as affordable as renting, report
2026-08-18 12:52:13,001 [DEBUG]   Filtered (not relevant): Country music’s biggest jerks: New list ranks the sorriest singers in the game
2026-08-18 12:52:13,002 [DEBUG]   Filtered (not relevant): Prepare for dense fog in North Country until Tuesday morning
2026-08-18 12:52:13,002 [DEBUG]   Filtered (not relevant): Asking Eric: Low-income cleaning service misses the point when I’m charged for c
2026-08-18 12:52:13,003 [DEBUG]   Filtered (not relevant): Brace for dense fog in Mohawk Valley, Capital Region until Tuesday morning
2026-08-18 12:52:13,004 [DEBUG]   Filtered (not relevant): Powerball: See the winning numbers in Monday’s $35 million drawing
2026-08-18 12:52:13,004 [DEBUG]   Filtered (not relevant): The beloved ‘X-Men’ franchise is getting a complete reboot: See new cast
2026-08-18 12:52:13,004 [DEBUG]   Filtered (not relevant): Experts update Yankees vs. Orioles predictions after Cody Bellinger injury updat
2026-08-18 12:52:13,005 [DEBUG]   Filtered (not relevant): Ravens legend, Super Bowl champion dies at 56
2026-08-18 12:52:13,005 [DEBUG]   Filtered (not relevant): How to watch ‘It’s Always Sunny in Philadelphia’ Season 18 premiere for free ton
2026-08-18 12:52:13,007 [INFO] News Scanner Run — 2026-08-18 12:52
==================================================
Articles in feeds: 50
New (not seen before): 50
Saved as records: 0
Filtered (not relevant): 50
Errors: 0

