2026-09-13 15:52:37,575 [INFO] ============================================================
2026-09-13 15:52:37,575 [INFO] News Scanner starting
2026-09-13 15:52:37,576 [INFO] Fetching: Syracuse.com Politics
2026-09-13 15:52:38,315 [INFO]   50 new articles from Syracuse.com Politics
2026-09-13 15:52:38,315 [INFO] Fetching: Syracuse.com Government
2026-09-13 15:52:38,687 [INFO]   0 new articles from Syracuse.com Government
2026-09-13 15:52:38,687 [INFO] Fetching: Syracuse.com Local
2026-09-13 15:52:38,903 [INFO]   0 new articles from Syracuse.com Local
2026-09-13 15:52:38,903 [INFO] Fetching: Syracuse.com Main
2026-09-13 15:52:39,250 [INFO]   0 new articles from Syracuse.com Main
2026-09-13 15:52:39,250 [INFO] Total unique articles across all feeds: 50
2026-09-13 15:52:39,250 [INFO] New articles (not previously processed): 50
2026-09-13 15:52:39,311 [DEBUG]   Filtered (not relevant): Myles Garrett facing extended absence after Rams reveal new injury setback
2026-09-13 15:52:39,311 [DEBUG]   Filtered (not relevant): Inactives: Bills rule out Ty Johnson, T.J. Sanders for Week 1 opener vs. Texans
2026-09-13 15:52:39,312 [DEBUG]   Filtered (not relevant): 3 reasons for Syracuse football to be encouraged; 3 reasons for concern (PFF gra
2026-09-13 15:52:39,312 [DEBUG]   Filtered (not relevant): Finebaum calls Ohio State loss ‘another Ryan Day choke job’
2026-09-13 15:52:39,313 [DEBUG]   Filtered (not relevant): How to watch Alexander Zverev vs. Ben Shelton US Open final for free
2026-09-13 15:52:39,313 [DEBUG]   Filtered (not relevant): Dear Annie: A reminder - Life is precious, relationships matter, and none of us 
2026-09-13 15:52:39,313 [DEBUG]   Filtered (not relevant): Where to watch Jets vs. Titans NFL Week 1 free live stream today
2026-09-13 15:52:39,314 [DEBUG]   Filtered (not relevant): Powerball results for 09/12/26: $235 million jackpot up for grabs
2026-09-13 15:52:39,314 [DEBUG]   Filtered (not relevant): Where to watch Bills vs. Texans Week 1 NFL for free today
2026-09-13 15:52:39,315 [DEBUG]   Filtered (not relevant): Overlooked from Syracuse football’s loss to Cal: ‘We’re gonna cause a lot of pro
2026-09-13 15:52:39,315 [DEBUG]   Filtered (not relevant): Cortland County real estate: See all residential properties sold, Aug. 31-Sept. 
2026-09-13 15:52:39,316 [DEBUG]   Filtered (not relevant): Kalshi updates $25 promo code “SYRACUSE” for Sunday’s Bills vs. Texans
2026-09-13 15:52:39,316 [DEBUG]   Filtered (not relevant): Experts update Bills vs. Texans prediction after latest Kalshi and Polymarket pr
2026-09-13 15:52:39,317 [DEBUG]   Filtered (not relevant): New $50 Polymarket referral code “CUSE” launches for Bills vs. Texans, NFL Week 
2026-09-13 15:52:39,318 [DEBUG]   Filtered (not relevant): Maxx Crosby reportedly turned down Rams interest after Ravens trade collapsed
2026-09-13 15:52:39,318 [DEBUG]   Filtered (not relevant): Steelers’ Joey Porter Jr. faces uncertain future as trade speculation grows befo
2026-09-13 15:52:39,319 [DEBUG]   Filtered (not relevant): Ask Mayo Clinic: How blood-based biomarkers are advancing prostate cancer detect
2026-09-13 15:52:39,319 [DEBUG]   Filtered (not relevant): Update: Putnam and Westchester counties under a flood advisory until Sunday midd
2026-09-13 15:52:39,319 [DEBUG]   Filtered (not relevant): How to watch Man United vs. Man City today: Premier League free stream
2026-09-13 15:52:39,320 [DEBUG]   Filtered (not relevant): Update: Rockland County placed under a flash flood warning Sunday midday caused 
2026-09-13 15:52:39,321 [DEBUG]   Filtered (not relevant): After just 2 games, Syracuse’s offense looks desperate for answers | Carlson
2026-09-13 15:52:39,321 [DEBUG]   Filtered (not relevant): Oswego County real estate: See all residential properties sold, Aug. 31-Sept. 6
2026-09-13 15:52:39,322 [DEBUG]   Filtered (not relevant): Editorial cartoons for Sept. 13, 2026: 9/11 anniversary, rising prices, GOP midt
2026-09-13 15:52:39,322 [DEBUG]   Filtered (not relevant): Travel advisory: Visitors to popular South American mountain destination urged t
2026-09-13 15:52:39,323 [DEBUG]   Filtered (not relevant): Is Dana Chandler still in prison? An update on HBO’s ‘A Killer Story’
2026-09-13 15:52:39,323 [DEBUG]   Filtered (not relevant): Here are 20 best high schools in Syracuse area, according to U.S. News
2026-09-13 15:52:39,324 [DEBUG]   Filtered (not relevant): Update: Westchester County flash flood warning set to expire at 11:30 a.m.
2026-09-13 15:52:39,324 [DEBUG]   Filtered (not relevant): $690,000 for 4 bedroom in DeWitt: Plus 72 more Onondaga County home sales
2026-09-13 15:52:39,325 [DEBUG]   Filtered (not relevant): Syracuse football is already off script for 2026 | Axe
2026-09-13 15:52:39,325 [DEBUG]   Filtered (not relevant): CNY football program turns to one of its own to carry on tradition after legend’
2026-09-13 15:52:39,325 [DEBUG]   Filtered (not relevant): Shoppers of all economic backgrounds are flocking to dollar stores
2026-09-13 15:52:39,326 [DEBUG]   Filtered (not relevant): Section III high school sports schedule for Sept. 13
2026-09-13 15:52:39,326 [DEBUG]   Filtered (not relevant): Syracuse tries to rebuild a shrinking police force (Top stories)
2026-09-13 15:52:39,326 [DEBUG]   Filtered (not relevant): Flood advisory active for Westchester County Sunday morning due to heavy rainfal
2026-09-13 15:52:39,327 [DEBUG]   Filtered (not relevant): Groceries might cost more thanks to growing technology: ‘Price gouging’
2026-09-13 15:52:39,328 [DEBUG]   Filtered (not relevant): Dear Abby: After 20 years, their privacy argument is old enough to have its own 
2026-09-13 15:52:39,328 [DEBUG]   Filtered (not relevant): Everyone followed the same career advice. Now the results are surprising
2026-09-13 15:52:39,329 [DEBUG]   Filtered (not relevant): Today’s horoscope: Cancer - Don’t make promises you can handle something you can
2026-09-13 15:52:39,329 [DEBUG]   Filtered (not relevant): Classic TV actress seen on ‘The Munsters’ dies at 88
2026-09-13 15:52:39,329 [DEBUG]   Filtered (not relevant): B2K singer mourns baby son months after joyful birth announcement
2026-09-13 15:52:39,330 [DEBUG]   Filtered (not relevant): The U.S.’s ‘happiest states’ give people ‘above-average quality of life’
2026-09-13 15:52:39,330 [DEBUG]   Filtered (not relevant): CNY Inspirations: The same rules apply at 5 and 49
2026-09-13 15:52:39,331 [DEBUG]   Filtered (not relevant): Beloved country music singer dead at 56: ‘He will be missed’
2026-09-13 15:52:39,331 [DEBUG]   Filtered (not relevant): ‘Swamp People’ star arrested in Louisiana. Here’s the latest
2026-09-13 15:52:39,332 [DEBUG]   Filtered (not relevant): Asking Eric: How do I move on from 'the one that got away'?
2026-09-13 15:52:39,332 [DEBUG]   Filtered (not relevant): The formula behind the NFL franchise tag explained
2026-09-13 15:52:39,333 [DEBUG]   Filtered (not relevant): The Ravens are ready to spend big. Lamar Jackson is focused on something else
2026-09-13 15:52:39,333 [DEBUG]   Filtered (not relevant): Watch Sark blow off ESPN’s Holly Rowe; Social media reacts
2026-09-13 15:52:39,334 [DEBUG]   Filtered (not relevant): What Mannning, Sark said after Texas upsets Ohio State
2026-09-13 15:52:39,334 [DEBUG]   Filtered (not relevant): Several taken to hospital after crash in Onondaga, section of Route 20 closed
2026-09-13 15:52:39,336 [INFO] News Scanner Run — 2026-09-13 15:52
==================================================
Articles in feeds: 50
New (not seen before): 50
Saved as records: 0
Filtered (not relevant): 50
Errors: 0

