2026-09-21 18:02:26,460 [INFO] ============================================================
2026-09-21 18:02:26,460 [INFO] News Scanner starting
2026-09-21 18:02:26,462 [INFO] Fetching: Syracuse.com Politics
2026-09-21 18:02:26,779 [INFO]   50 new articles from Syracuse.com Politics
2026-09-21 18:02:26,779 [INFO] Fetching: Syracuse.com Government
2026-09-21 18:02:26,957 [INFO]   0 new articles from Syracuse.com Government
2026-09-21 18:02:26,957 [INFO] Fetching: Syracuse.com Local
2026-09-21 18:02:27,124 [INFO]   0 new articles from Syracuse.com Local
2026-09-21 18:02:27,124 [INFO] Fetching: Syracuse.com Main
2026-09-21 18:02:27,285 [INFO]   0 new articles from Syracuse.com Main
2026-09-21 18:02:27,285 [INFO] Total unique articles across all feeds: 50
2026-09-21 18:02:27,285 [INFO] New articles (not previously processed): 50
2026-09-21 18:02:27,327 [DEBUG]   Filtered (not relevant): Best Buy’s Deal of the Day is on this Lenovo Laptop and it’s worth a look
2026-09-21 18:02:27,328 [DEBUG]   Filtered (not relevant): Netflix star addresses shocking cancellation of beloved show after 5 seasons
2026-09-21 18:02:27,328 [DEBUG]   Filtered (not relevant): Apple TV revives series shelved days before debut
2026-09-21 18:02:27,329 [DEBUG]   Filtered (not relevant): ICE agent shoots and wounds man in Austin, Texas, officials say
2026-09-21 18:02:27,329 [DEBUG]   Filtered (not relevant): Teen angler catches huge invasive fish, breaks 9-year-old state record
2026-09-21 18:02:27,329 [DEBUG]   Filtered (not relevant): Illinois police department brags about seizing 650 rolls of toilet paper intende
2026-09-21 18:02:27,330 [DEBUG]   Filtered (not relevant): Act now: Critical deadline for student loan borrowers fast approaching
2026-09-21 18:02:27,330 [DEBUG]   Filtered (not relevant): NASA opens nationwide contest to host its new Space Academy
2026-09-21 18:02:27,330 [DEBUG]   Filtered (not relevant): Dave & Busters is struggling: But will locations close?
2026-09-21 18:02:27,331 [DEBUG]   Filtered (not relevant): You can still get into Gorillaz’s sold-out Madison Square Garden show for under 
2026-09-21 18:02:27,331 [DEBUG]   Filtered (not relevant): Former Fox News producer found dead at 36 in Florida
2026-09-21 18:02:27,331 [DEBUG]   Filtered (not relevant): Trader Joe's new gummy worms had a side effect nobody saw coming — and shoppers 
2026-09-21 18:02:27,332 [DEBUG]   Filtered (not relevant): Risotto with roasted peppers and pecorino
2026-09-21 18:02:27,333 [DEBUG]   Filtered (not relevant): Fresh herb and mozzarella salad
2026-09-21 18:02:27,333 [DEBUG]   Filtered (not relevant): Tofu piccata
2026-09-21 18:02:27,334 [DEBUG]   Filtered (not relevant): SU men's lax receives commitment from 4-star LSM out of Texas
2026-09-21 18:02:27,334 [DEBUG]   Filtered (not relevant): Michigan family came to say goodbye to their mother. Then everything changed
2026-09-21 18:02:27,334 [DEBUG]   Filtered (not relevant): This Upstate NY deli just sold a $50,000 winning Powerball ticket
2026-09-21 18:02:27,335 [DEBUG]   Filtered (not relevant): Indie pop group member to miss part of tour to be with terminally ill mother
2026-09-21 18:02:27,335 [DEBUG]   Filtered (not relevant): Cindy Crawford’s son has died at 27 — and his sister’s recent interview about hi
2026-09-21 18:02:27,335 [DEBUG]   Filtered (not relevant): Kalshi code “SYRACUSE” opens $25 bonus, ready for Giants-Rams on MNF
2026-09-21 18:02:27,336 [DEBUG]   Filtered (not relevant): I-81 Update: State DOT awards contract for new water line along Clinton Square
2026-09-21 18:02:27,336 [DEBUG]   Filtered (not relevant): Living near this large retailer can directly impact the value of your home
2026-09-21 18:02:27,337 [DEBUG]   Filtered (not relevant): Social Security COLA 2027: Most important date of the year for retirees just wee
2026-09-21 18:02:27,337 [DEBUG]   Filtered (not relevant): Cult film actor who wrote with Grateful Dead dies at 77
2026-09-21 18:02:27,337 [DEBUG]   Filtered (not relevant): Military approves almost $1 billion for F-35 and nuclear missile programs
2026-09-21 18:02:27,338 [DEBUG]   Filtered (not relevant): Former fast-food manager charged for allegedly tying employee to grill
2026-09-21 18:02:27,338 [DEBUG]   Filtered (not relevant): What began as a Delaware deer hunt has become a criminal case
2026-09-21 18:02:27,338 [DEBUG]   Filtered (not relevant): Syracuse guard Garwey Dual continues recovery from collarbone injury
2026-09-21 18:02:27,339 [DEBUG]   Filtered (not relevant): Syracuse.com’s 2026 fall media day girls soccer wrap-up: Season outlooks, photos
2026-09-21 18:02:27,339 [DEBUG]   Filtered (not relevant): Popular singer, former ‘The Voice’ star, undergoes life-saving surgery: ‘Don’t g
2026-09-21 18:02:27,340 [DEBUG]   Filtered (not relevant): HOKA’s iconic Clifton 10 everyday running shoe sees a 20% off deal this week
2026-09-21 18:02:27,340 [DEBUG]   Filtered (not relevant): College football quarterback in medically-induced coma after taking hit during g
2026-09-21 18:02:27,340 [DEBUG]   Filtered (not relevant): Buc-ee’s opens even more locations this year and beyond
2026-09-21 18:02:27,341 [DEBUG]   Filtered (not relevant): Presley Gerber’s cause of death revealed, autopsy pending
2026-09-21 18:02:27,341 [DEBUG]   Filtered (not relevant): Check your home: 6 products sold at Walmart, Amazon recalled for poison, shock a
2026-09-21 18:02:27,341 [DEBUG]   Filtered (not relevant): A mysterious disease is sending healthy Texas workers to the hospital
2026-09-21 18:02:27,342 [DEBUG]   Filtered (not relevant): ‘Real Housewives’ star says medical bills left her at ‘rock bottom’
2026-09-21 18:02:27,342 [DEBUG]   Filtered (not relevant): All Things Go NYC & DC are nearly sold out, but here’s how to get last-minute ti
2026-09-21 18:02:27,343 [DEBUG]   Filtered (not relevant): Beloved rock and blues musician called ‘King of Strings’ dead at 60 after cancer
2026-09-21 18:02:27,343 [DEBUG]   Filtered (not relevant): Coach's hilarious reaction to Vegas line on Florida
2026-09-21 18:02:27,343 [DEBUG]   Filtered (not relevant): Woman catches fire from BBQ during her honeymoon in India; 4 arrested
2026-09-21 18:02:27,344 [INFO]   Relevant: Syracuse University Art Museum to host Community Day on Oct. 3
2026-09-21 18:02:27,344 [DEBUG]     → Entities: Syracuse University
2026-09-21 18:02:30,930 [INFO]     Saved: CTX-NEWS-2026-00274 → CTX-NEWS-2026-00274.json
2026-09-21 18:02:30,930 [DEBUG]   Filtered (not relevant): Health officials seek MN woman who handled rabid bat, tried to put it in her bag
2026-09-21 18:02:30,930 [DEBUG]   Filtered (not relevant): iPhone users could get up $95 from settlement
2026-09-21 18:02:30,931 [DEBUG]   Filtered (not relevant): Sitcom star confesses he’s ‘hit rock bottom’ following separation from wife
2026-09-21 18:02:30,931 [DEBUG]   Filtered (not relevant): Autumn officially starts with the fall equinox on Sept. 22, 2026
2026-09-21 18:02:30,931 [DEBUG]   Filtered (not relevant): Sheriff candidate: Onondaga County is turning the tide on opioids (Your Letters)
2026-09-21 18:02:30,932 [DEBUG]   Filtered (not relevant): Your next car deal may not be as easy to find online
2026-09-21 18:02:30,932 [DEBUG]   Filtered (not relevant): Netflix ends 5-season series with 100 million views
2026-09-21 18:02:30,934 [INFO] News Scanner Run — 2026-09-21 18:02
==================================================
Articles in feeds: 50
New (not seen before): 50
Saved as records: 1
Filtered (not relevant): 49
Errors: 0

New records:
  • Syracuse University Art Museum to host Community Day on Oct. 3

