2026-09-16 16:28:16,655 [INFO] ============================================================
2026-09-16 16:28:16,655 [INFO] News Scanner starting
2026-09-16 16:28:16,656 [INFO] Fetching: Syracuse.com Politics
2026-09-16 16:28:17,058 [INFO]   50 new articles from Syracuse.com Politics
2026-09-16 16:28:17,058 [INFO] Fetching: Syracuse.com Government
2026-09-16 16:28:17,245 [INFO]   0 new articles from Syracuse.com Government
2026-09-16 16:28:17,245 [INFO] Fetching: Syracuse.com Local
2026-09-16 16:28:17,413 [INFO]   0 new articles from Syracuse.com Local
2026-09-16 16:28:17,413 [INFO] Fetching: Syracuse.com Main
2026-09-16 16:28:17,600 [INFO]   0 new articles from Syracuse.com Main
2026-09-16 16:28:17,600 [INFO] Total unique articles across all feeds: 50
2026-09-16 16:28:17,600 [INFO] New articles (not previously processed): 50
2026-09-16 16:28:17,663 [DEBUG]   Filtered (not relevant): Original ‘The Voice’ winner found dead in lake
2026-09-16 16:28:17,664 [DEBUG]   Filtered (not relevant): Nephew says he woke up to find aunt dead in Clay home; prosecutors say he killed
2026-09-16 16:28:17,664 [DEBUG]   Filtered (not relevant): Beloved awards show to return this fall after three-year break
2026-09-16 16:28:17,665 [DEBUG]   Filtered (not relevant): Meet the best offensive linemen in New York high school football
2026-09-16 16:28:17,665 [DEBUG]   Filtered (not relevant): Stanley to drop epic Halloween collection: Here’s everything we know
2026-09-16 16:28:17,666 [DEBUG]   Filtered (not relevant): Defending state champ from Section III holds top spot in 1st high school footbal
2026-09-16 16:28:17,666 [DEBUG]   Filtered (not relevant): New York-based Christmas retailer files for bankruptcy
2026-09-16 16:28:17,667 [DEBUG]   Filtered (not relevant): Hayden Panettiere’s ex reportedly leaves brother after motorcycle crash
2026-09-16 16:28:17,667 [DEBUG]   Filtered (not relevant): Former ESPN College GameDay star asking for prayers
2026-09-16 16:28:17,667 [DEBUG]   Filtered (not relevant): One of Charles Manson’s closest followers just became part of the story again
2026-09-16 16:28:17,668 [DEBUG]   Filtered (not relevant): Where to watch Milan vs. Benfica Europa League game today for free
2026-09-16 16:28:17,668 [DEBUG]   Filtered (not relevant): ‘Girls’ star welcomes first baby after facing infertility struggles
2026-09-16 16:28:17,669 [DEBUG]   Filtered (not relevant): New member elected to Cazenovia school board after member’s arrest, resignation
2026-09-16 16:28:17,669 [DEBUG]   Filtered (not relevant): Plan ahead: Everything you need to know about stock market hours for Columbus Da
2026-09-16 16:28:17,669 [DEBUG]   Filtered (not relevant): A Florida couple woke up to find a stranger had been hiding under their hotel be
2026-09-16 16:28:17,670 [DEBUG]   Filtered (not relevant): NJ SNAP beneficiaries among those receiving new EBT cards
2026-09-16 16:28:17,670 [DEBUG]   Filtered (not relevant): Kenny Chesney, Eric Church to play Buffalo’s Highmark in 2027 — with a bonus gue
2026-09-16 16:28:17,670 [DEBUG]   Filtered (not relevant): Tuscarora Golf Club takes home Senior Interclub championship at Vesper Hills
2026-09-16 16:28:17,671 [DEBUG]   Filtered (not relevant): Jelly Roll says he could walk away from music
2026-09-16 16:28:17,671 [DEBUG]   Filtered (not relevant): Mother of man killed by mystery animal says he ‘fought for his life’
2026-09-16 16:28:17,672 [DEBUG]   Filtered (not relevant): Specialty clothing retailer closing stores in 31 states
2026-09-16 16:28:17,672 [DEBUG]   Filtered (not relevant): Syracuse Mets have their manager back and are in the thick of the playoff hunt
2026-09-16 16:28:17,672 [DEBUG]   Filtered (not relevant): She was ordering food. Then a stranger allegedly made a chilling threat
2026-09-16 16:28:17,673 [DEBUG]   Filtered (not relevant): Dear Annie: How do I let go of resentment caused by husband’s travel anxiety?
2026-09-16 16:28:17,673 [DEBUG]   Filtered (not relevant): Bills' Joe Brady sends a message to James Cook after fumble
2026-09-16 16:28:17,674 [DEBUG]   Filtered (not relevant): Famous exes nix on-screen marriage over ‘baggage’
2026-09-16 16:28:17,674 [DEBUG]   Filtered (not relevant): It’s still Lake Ontario to us (Your Letters)
2026-09-16 16:28:17,674 [DEBUG]   Filtered (not relevant): Kelly Osbourne permanently cuts off ‘polar opposite’ sibling 14 months after fat
2026-09-16 16:28:17,675 [DEBUG]   Filtered (not relevant): Florida woman accused of drugging man she met at club, stealing $98K watch
2026-09-16 16:28:17,675 [DEBUG]   Filtered (not relevant): TV anchors announce colleagues killed in news helicopter crash
2026-09-16 16:28:17,675 [DEBUG]   Filtered (not relevant): Over 868 flights delayed, 45 canceled amid widespread U.S. travel disruptions
2026-09-16 16:28:17,676 [DEBUG]   Filtered (not relevant): 8-man star tops 70 fantasy points to lead Section III’s Week 2 fantasy football 
2026-09-16 16:28:17,676 [DEBUG]   Filtered (not relevant): Loafer season is coming back and we think UGG’s Zora Loafer will be the next ‘it
2026-09-16 16:28:17,677 [DEBUG]   Filtered (not relevant): Blind & Bored: Vision loss with a sense of humor (Enable: The Disability Podcast
2026-09-16 16:28:17,677 [DEBUG]   Filtered (not relevant): Stephen A. Smith sees a familiar NFL threat returning
2026-09-16 16:28:17,678 [DEBUG]   Filtered (not relevant): Why NFL fans are furious over Carrie Underwood’s latest NBC change
2026-09-16 16:28:17,678 [DEBUG]   Filtered (not relevant): Experts release updated Syracuse vs. Pitt predictions after Cal loss and QB Stev
2026-09-16 16:28:17,679 [DEBUG]   Filtered (not relevant): State OKs millions to let developer start building Maria Regina apartments
2026-09-16 16:28:17,679 [DEBUG]   Filtered (not relevant): Syracuse.com’s 2026 high school football rankings (Week 2): New No. 1s emerge in
2026-09-16 16:28:17,680 [DEBUG]   Filtered (not relevant): Mega Millions results for 09/15/26: Jackpot worth $227 million
2026-09-16 16:28:17,680 [DEBUG]   Filtered (not relevant): Polymarket extends $50 promo code “CUSE” for Yankees-Twins, MLB Wednesday matine
2026-09-16 16:28:17,681 [DEBUG]   Filtered (not relevant): Nordstrom’s Anniversary Sale is finally here and it’s filled with 125 top deals:
2026-09-16 16:28:17,682 [DEBUG]   Filtered (not relevant): Yankees vs. Twins prediction: Polymarket prices and props as New York looks to s
2026-09-16 16:28:17,682 [DEBUG]   Filtered (not relevant): Taho (sweet silken tofu and tapioca pearls)
2026-09-16 16:28:17,683 [DEBUG]   Filtered (not relevant): Fruit crisp smoothie
2026-09-16 16:28:17,683 [INFO]   Relevant: Syracuse’s Festa Italiana returns for three days of food, music and culture
2026-09-16 16:28:17,683 [DEBUG]     → Keywords: city hall
2026-09-16 16:28:22,107 [INFO]     Saved: CTX-NEWS-2026-00271 → CTX-NEWS-2026-00271.json
2026-09-16 16:28:22,108 [INFO]   Relevant: Trump administration joins Micron’s fight against environmental lawsuit
2026-09-16 16:28:22,108 [DEBUG]     → Entities: Micron Technology
2026-09-16 16:28:26,467 [INFO]     Saved: CTX-NEWS-2026-00272 → CTX-NEWS-2026-00272.json
2026-09-16 16:28:26,468 [DEBUG]   Filtered (not relevant): Miss Manners: My co-worker was barefoot when surprised with a baby shower
2026-09-16 16:28:26,468 [DEBUG]   Filtered (not relevant): Didn’t get Harry Styles tickets? Here’s how to still see the 2027 ‘Together, Tog
2026-09-16 16:28:26,469 [DEBUG]   Filtered (not relevant): Federal judge says ICE likely violated Upstate NY man’s free speech with warning
2026-09-16 16:28:26,471 [INFO] News Scanner Run — 2026-09-16 16:28
==================================================
Articles in feeds: 50
New (not seen before): 50
Saved as records: 2
Filtered (not relevant): 48
Errors: 0

New records:
  • Syracuse’s Festa Italiana returns for three days of food, music and culture
  • Trump administration joins Micron’s fight against environmental lawsuit

