2026-08-01 13:34:58,869 [INFO] ============================================================
2026-08-01 13:34:58,869 [INFO] News Scanner starting
2026-08-01 13:34:58,870 [INFO] Fetching: Syracuse.com Politics
2026-08-01 13:34:59,380 [INFO]   50 new articles from Syracuse.com Politics
2026-08-01 13:34:59,380 [INFO] Fetching: Syracuse.com Government
2026-08-01 13:34:59,594 [INFO]   0 new articles from Syracuse.com Government
2026-08-01 13:34:59,594 [INFO] Fetching: Syracuse.com Local
2026-08-01 13:34:59,826 [INFO]   0 new articles from Syracuse.com Local
2026-08-01 13:34:59,827 [INFO] Fetching: Syracuse.com Main
2026-08-01 13:35:00,069 [INFO]   0 new articles from Syracuse.com Main
2026-08-01 13:35:00,069 [INFO] Total unique articles across all feeds: 50
2026-08-01 13:35:00,069 [INFO] New articles (not previously processed): 50
2026-08-01 13:35:00,125 [DEBUG]   Filtered (not relevant): Holes-in-one for Central New York golfers (as of July 31)
2026-08-01 13:35:00,126 [DEBUG]   Filtered (not relevant): Liberty vs. Mercury prediction: Polymarket positions, props and best bet for WNB
2026-08-01 13:35:00,126 [DEBUG]   Filtered (not relevant): A national chicken chain is bringing 25 locations to Upstate NY, including Syrac
2026-08-01 13:35:00,126 [DEBUG]   Filtered (not relevant): Nevada program waives college costs for Native American students. It’s facing a 
2026-08-01 13:35:00,127 [DEBUG]   Filtered (not relevant): Amazon issues nationwide recall for popular stand after 15 injured
2026-08-01 13:35:00,127 [DEBUG]   Filtered (not relevant): Rock music legend pauses tour after doctor’s warning: ‘Immediate medical interve
2026-08-01 13:35:00,128 [DEBUG]   Filtered (not relevant): Miss Manners: Wedding invite messes up our names, requests attire I can’t fathom
2026-08-01 13:35:00,128 [DEBUG]   Filtered (not relevant): DOJ drops Reflecting Pool case, now says no evidence of damage by vandalism
2026-08-01 13:35:00,129 [DEBUG]   Filtered (not relevant): CNY counties in top 10 in NY for growth in business applications
2026-08-01 13:35:00,129 [DEBUG]   Filtered (not relevant): Country music star cries, ends concert early: ‘Just can’t play this show tonight
2026-08-01 13:35:00,129 [DEBUG]   Filtered (not relevant): New York man wins $1 million from NY Lottery Bonus Crossword scratch-off
2026-08-01 13:35:00,130 [DEBUG]   Filtered (not relevant): After loss to Trump, Harris dishes out advice to Democrats: ‘We need to be ruthl
2026-08-01 13:35:00,130 [DEBUG]   Filtered (not relevant): Here’s how much you need to buy a home in America’s largest metro areas
2026-08-01 13:35:00,130 [DEBUG]   Filtered (not relevant): Rock singer’s plea for help finding missing dad ends in tragedy: ‘No longer with
2026-08-01 13:35:00,131 [DEBUG]   Filtered (not relevant): Beloved rock star who played with iconic band dead at 59: ‘Never be another like
2026-08-01 13:35:00,131 [DEBUG]   Filtered (not relevant): Amazon issues nationwide recall for 60K+ recreation kits after falls, collisions
2026-08-01 13:35:00,131 [DEBUG]   Filtered (not relevant): Dear Annie: I’ve offered to help with dining tab, but daughter’s in-laws won’t h
2026-08-01 13:35:00,132 [DEBUG]   Filtered (not relevant): A Finger Lakes winery is for sale. That could mean changes for the Skaneateles m
2026-08-01 13:35:00,132 [DEBUG]   Filtered (not relevant): Here’s what the average Social Security monthly benefit could look like next yea
2026-08-01 13:35:00,133 [DEBUG]   Filtered (not relevant): Flash flooding possible in Central NY as heavy rain moves in Sunday
2026-08-01 13:35:00,133 [DEBUG]   Filtered (not relevant): Missing musician located after public search
2026-08-01 13:35:00,133 [DEBUG]   Filtered (not relevant): The top 5 states with the best pre-K ‘will benefit in the future’
2026-08-01 13:35:00,134 [DEBUG]   Filtered (not relevant): Is your lawn wildfire-ready? Here’s what to know
2026-08-01 13:35:00,134 [DEBUG]   Filtered (not relevant): Country music marriages on the rocks: Here’s who is getting divorced and why
2026-08-01 13:35:00,135 [DEBUG]   Filtered (not relevant): Skipping iPhone Updates Could Cost You More Than New Features
2026-08-01 13:35:00,135 [DEBUG]   Filtered (not relevant): U.S.’s No. 1 most fun city ‘once defined by its beaches and nightlife’
2026-08-01 13:35:00,135 [DEBUG]   Filtered (not relevant): Rock legend asks fans for help as he battles cancer: ‘The treatment is essential
2026-08-01 13:35:00,136 [DEBUG]   Filtered (not relevant): Prepare for dense fog in Capital Region until Saturday morning
2026-08-01 13:35:00,136 [DEBUG]   Filtered (not relevant): Who is country music’s best looking man? One site has them ranked
2026-08-01 13:35:00,137 [DEBUG]   Filtered (not relevant): Syracuse Mets fall to Rochester Red Wings, 10-1
2026-08-01 13:35:00,137 [DEBUG]   Filtered (not relevant): Country music world rocked by 2 more deaths: List of those lost in 2026 surges t
2026-08-01 13:35:00,138 [DEBUG]   Filtered (not relevant): Dear Abby: Do I reach out or walk away from good friend facing felony charges?
2026-08-01 13:35:00,138 [DEBUG]   Filtered (not relevant): Popular rock band boots member accused of inappropriately messaging a young fan
2026-08-01 13:35:00,138 [DEBUG]   Filtered (not relevant): Former Yankees pitcher dead at 80: ‘One of baseball’s purest what if stories’
2026-08-01 13:35:00,139 [DEBUG]   Filtered (not relevant): Asking Eric: I want to be supportive, but I think my son’s older boyfriend is pl
2026-08-01 13:35:00,139 [DEBUG]   Filtered (not relevant): Mega Millions numbers: Are you the lucky winner of Friday’s $50 million jackpot?
2026-08-01 13:35:00,140 [DEBUG]   Filtered (not relevant): New $20 Polymarket invite code “CUSE” extended through July for all sports!
2026-08-01 13:35:00,140 [DEBUG]   Filtered (not relevant): Courts hand NCAA major loss on 5-year eligibility rule amid SU players' legal ch
2026-08-01 13:35:00,141 [DEBUG]   Filtered (not relevant): Watertown’s Bob Hughes wins 30th NYS Super Senior Amateur Championship in Syracu
2026-08-01 13:35:00,141 [DEBUG]   Filtered (not relevant): Experts update AL East Standings predictions after Shane McClanahan injury news
2026-08-01 13:35:00,142 [DEBUG]   Filtered (not relevant): $20 Polymarket Referral Code “CUSE” Prepared for Liberty-Mercury, Saturday’s WNB
2026-08-01 13:35:00,142 [DEBUG]   Filtered (not relevant): What’s on Shark Week tonight? How to watch ‘Sharkzilla Takes New York’ for free
2026-08-01 13:35:00,142 [DEBUG]   Filtered (not relevant): NBC ‘Dateline’ revisits Dee Warner case tonight: How to watch ‘The Day Dee Disap
2026-08-01 13:35:00,143 [DEBUG]   Filtered (not relevant): Where to watch Red Sox vs. Dodgers today: MLB free live stream
2026-08-01 13:35:00,143 [DEBUG]   Filtered (not relevant): Central NY gun security expert charged after handgun found in bag at Syracuse ai
2026-08-01 13:35:00,144 [DEBUG]   Filtered (not relevant): Where to watch Fever vs. Fire today: WNBA free live stream
2026-08-01 13:35:00,144 [DEBUG]   Filtered (not relevant): Rare coin sold for $170,800 at July auction
2026-08-01 13:35:00,145 [DEBUG]   Filtered (not relevant): How to watch WWE SummerSlam 2026 for free this weekend
2026-08-01 13:35:00,145 [DEBUG]   Filtered (not relevant): New syracuse.com app lets you customize your feed (Letter from the Editor)
2026-08-01 13:35:00,145 [DEBUG]   Filtered (not relevant): You can still get into BTS’s sold-out MetLife Stadium shows for under $200
2026-08-01 13:35:00,147 [INFO] News Scanner Run — 2026-08-01 13:35
==================================================
Articles in feeds: 50
New (not seen before): 50
Saved as records: 0
Filtered (not relevant): 50
Errors: 0

