2026-09-27 16:40:33,053 [INFO] ============================================================
2026-09-27 16:40:33,053 [INFO] News Scanner starting
2026-09-27 16:40:33,055 [INFO] Fetching: Syracuse.com Politics
2026-09-27 16:40:33,452 [INFO]   50 new articles from Syracuse.com Politics
2026-09-27 16:40:33,452 [INFO] Fetching: Syracuse.com Government
2026-09-27 16:40:33,618 [INFO]   0 new articles from Syracuse.com Government
2026-09-27 16:40:33,618 [INFO] Fetching: Syracuse.com Local
2026-09-27 16:40:33,957 [INFO]   0 new articles from Syracuse.com Local
2026-09-27 16:40:33,958 [INFO] Fetching: Syracuse.com Main
2026-09-27 16:40:34,130 [INFO]   0 new articles from Syracuse.com Main
2026-09-27 16:40:34,130 [INFO] Total unique articles across all feeds: 50
2026-09-27 16:40:34,130 [INFO] New articles (not previously processed): 50
2026-09-27 16:40:34,221 [DEBUG]   Filtered (not relevant): Buffalo Bills vs. Los Angeles Chargers: Live score, updates
2026-09-27 16:40:34,222 [DEBUG]   Filtered (not relevant): Where to watch the NASCAR Hollywood Casino 400 today: Free live stream
2026-09-27 16:40:34,222 [DEBUG]   Filtered (not relevant): Oneida County real estate: See all residential properties sold, Sept. 14-20
2026-09-27 16:40:34,223 [DEBUG]   Filtered (not relevant): 2 dead, 12 missing as avalanche sweeps Nepal mountain
2026-09-27 16:40:34,223 [DEBUG]   Filtered (not relevant): Bills’ DJ Moore, Keon Coleman both active vs. Chargers in Week 3
2026-09-27 16:40:34,223 [DEBUG]   Filtered (not relevant): The Mohegan Tribe made an early bet on a WNBA team. Now the Sun is setting
2026-09-27 16:40:34,224 [DEBUG]   Filtered (not relevant): Ravens vs. Cowboys in Brazil highlights our top Week 3 NFL streams to watch
2026-09-27 16:40:34,224 [DEBUG]   Filtered (not relevant): Dear Annie: Should I tell my long-term friend she's a bad listener, or just walk
2026-09-27 16:40:34,225 [DEBUG]   Filtered (not relevant): How to watch Liberty vs. Lynx WNBA Playoffs Game 1 for free today
2026-09-27 16:40:34,225 [DEBUG]   Filtered (not relevant): Where to watch Titans vs. Giants NFL Week 4 for free today
2026-09-27 16:40:34,226 [DEBUG]   Filtered (not relevant): Where to watch Patriots vs. Jaguars NFL Week 3 for free today
2026-09-27 16:40:34,226 [DEBUG]   Filtered (not relevant): Where to watch Chargers vs. Bills NFL Week 4 for free today
2026-09-27 16:40:34,227 [DEBUG]   Filtered (not relevant): NFL Polymarket referral code “CUSE” launches $50 bonus for Week 3
2026-09-27 16:40:34,227 [DEBUG]   Filtered (not relevant): How to watch Jets vs. Lions NFL Week 3 game for free today
2026-09-27 16:40:34,227 [DEBUG]   Filtered (not relevant): Instant impact: 12 Section III cross country runners who are turning heads early
2026-09-27 16:40:34,228 [DEBUG]   Filtered (not relevant): How to watch NFL RedZone for free today: Streaming options for Week 3
2026-09-27 16:40:34,229 [DEBUG]   Filtered (not relevant): Kalshi code “SYRACUSE” updated: $25 - $55 NFL promos, Bills odds update
2026-09-27 16:40:34,229 [DEBUG]   Filtered (not relevant): Ask Mayo Clinic: Treatments for essential tremor range from lifestyle changes to
2026-09-27 16:40:34,230 [DEBUG]   Filtered (not relevant): Which unbeaten NFL teams are the real deal entering Week 3?
2026-09-27 16:40:34,230 [DEBUG]   Filtered (not relevant): Cayuga County real estate: See all residential properties sold, Sept. 14-20
2026-09-27 16:40:34,231 [DEBUG]   Filtered (not relevant): How to watch WNBA Playoffs for free this week
2026-09-27 16:40:34,231 [DEBUG]   Filtered (not relevant): Editorial cartoons: Gas prices, China, the First Amendment
2026-09-27 16:40:34,231 [DEBUG]   Filtered (not relevant): 2 megastars being targeted for Super Bowl halftime show: Here’s what we know
2026-09-27 16:40:34,232 [DEBUG]   Filtered (not relevant): An iconic country music group eyes retirement: 7 more acts doing the same in 202
2026-09-27 16:40:34,232 [DEBUG]   Filtered (not relevant): A $2.8M lakeside estate tops Onondaga County's latest home sales — see who bough
2026-09-27 16:40:34,233 [DEBUG]   Filtered (not relevant): SU leaders: Next 3 years may determine sports fate (Top stories)
2026-09-27 16:40:34,233 [DEBUG]   Filtered (not relevant): Section III high school sports schedule for Sept. 27
2026-09-27 16:40:34,234 [DEBUG]   Filtered (not relevant): Rock icon’s cancer battle will keep her from Rock and Roll Hall of Fame inductio
2026-09-27 16:40:34,234 [DEBUG]   Filtered (not relevant): Nashville teens as young as 13 can now use Waymo
2026-09-27 16:40:34,234 [DEBUG]   Filtered (not relevant): While Trump trolls Canada, ordinary Americans are pushing back (Editorial Board 
2026-09-27 16:40:34,235 [DEBUG]   Filtered (not relevant): Rock music world stunned by 5 deaths in a week. Here’s the latest
2026-09-27 16:40:34,235 [DEBUG]   Filtered (not relevant): Popular restaurant chain making major comeback with 30 new restaurants
2026-09-27 16:40:34,235 [DEBUG]   Filtered (not relevant): Country music’s divorce trend: These popular couples have split up
2026-09-27 16:40:34,236 [DEBUG]   Filtered (not relevant): CNY Inspirations: What are the blinds for?
2026-09-27 16:40:34,236 [DEBUG]   Filtered (not relevant): Dear Abby: My husband slammed his laptop shut - should I worry about what's on i
2026-09-27 16:40:34,236 [DEBUG]   Filtered (not relevant): Some of country music’s top young stars are stepping away from the stage. Here’s
2026-09-27 16:40:34,237 [DEBUG]   Filtered (not relevant): A school in Mass. is America’s No. 1 ‘best college’
2026-09-27 16:40:34,237 [DEBUG]   Filtered (not relevant): Today’s horoscope: Cancer - Nothing is impossible if you are true to yourself (S
2026-09-27 16:40:34,238 [DEBUG]   Filtered (not relevant): Beloved ‘60s actress who turned down major roles dies at 86
2026-09-27 16:40:34,238 [DEBUG]   Filtered (not relevant): Beloved singer speaks out after ex-husband dies at 45
2026-09-27 16:40:34,238 [DEBUG]   Filtered (not relevant): Rock legend known for hit song dead at 77: ‘Knew how to jam with the English lan
2026-09-27 16:40:34,239 [DEBUG]   Filtered (not relevant): NFL history says these teams are in danger, but one could still make the playoff
2026-09-27 16:40:34,239 [DEBUG]   Filtered (not relevant): Was Dolly Parton country music’s richest singer? The answer might surprise you
2026-09-27 16:40:34,240 [DEBUG]   Filtered (not relevant): Popular musician dies suddenly after show: ‘Couldn’t do anything more for him’
2026-09-27 16:40:34,240 [DEBUG]   Filtered (not relevant): Country music stars who have faced satanic accusations: Here’s what we know
2026-09-27 16:40:34,240 [DEBUG]   Filtered (not relevant): Christmas tree and lights company that's been around for 50 years files for bank
2026-09-27 16:40:34,241 [DEBUG]   Filtered (not relevant): Gap turned its iconic hoodie into a tote bag and we have questions — in the best
2026-09-27 16:40:34,241 [DEBUG]   Filtered (not relevant): Scientists finally got a closer look at what dogs see in our faces
2026-09-27 16:40:34,242 [DEBUG]   Filtered (not relevant): Clocks ‘fall back’ for daylight saving time soon
2026-09-27 16:40:34,242 [DEBUG]   Filtered (not relevant): Country music loses another beloved singer: Remembering the stars who died in 20
2026-09-27 16:40:34,244 [INFO] News Scanner Run — 2026-09-27 16:40
==================================================
Articles in feeds: 50
New (not seen before): 50
Saved as records: 0
Filtered (not relevant): 50
Errors: 0

