2026-08-17 12:50:33,862 [INFO] ============================================================
2026-08-17 12:50:33,862 [INFO] News Scanner starting
2026-08-17 12:50:33,863 [INFO] Fetching: Syracuse.com Politics
2026-08-17 12:50:34,352 [INFO]   50 new articles from Syracuse.com Politics
2026-08-17 12:50:34,352 [INFO] Fetching: Syracuse.com Government
2026-08-17 12:50:34,624 [INFO]   0 new articles from Syracuse.com Government
2026-08-17 12:50:34,624 [INFO] Fetching: Syracuse.com Local
2026-08-17 12:50:34,942 [INFO]   0 new articles from Syracuse.com Local
2026-08-17 12:50:34,942 [INFO] Fetching: Syracuse.com Main
2026-08-17 12:50:35,325 [INFO]   0 new articles from Syracuse.com Main
2026-08-17 12:50:35,325 [INFO] Total unique articles across all feeds: 50
2026-08-17 12:50:35,325 [INFO] New articles (not previously processed): 50
2026-08-17 12:50:35,381 [DEBUG]   Filtered (not relevant): Why the Central NY man who killed his parents was free after brutalizing his gir
2026-08-17 12:50:35,382 [DEBUG]   Filtered (not relevant): Wall Street's most unexpected AI winner isn't a chipmaker — it's Best Buy
2026-08-17 12:50:35,382 [DEBUG]   Filtered (not relevant): Syracuse.com’s 2026 fall media day gymnastics roll call (photos)
2026-08-17 12:50:35,383 [DEBUG]   Filtered (not relevant): See homes sold in five Central NY counties, Aug. 3 to 9
2026-08-17 12:50:35,383 [DEBUG]   Filtered (not relevant): 'I ate half the bag for breakfast' — Trader Joe's new frozen treat has a cult fo
2026-08-17 12:50:35,384 [DEBUG]   Filtered (not relevant): What crews discovered as floodwaters began to recede across Hawaii
2026-08-17 12:50:35,384 [DEBUG]   Filtered (not relevant): South Korea found morphine and codeine in Trader Joe's bagel seasoning — now Sin
2026-08-17 12:50:35,384 [DEBUG]   Filtered (not relevant): Syracuse.com’s 2026 fall media day marching band roll call (photos)
2026-08-17 12:50:35,385 [DEBUG]   Filtered (not relevant): Onondaga County agency trims tax breaks for hotel near Micron after Clay officia
2026-08-17 12:50:35,385 [DEBUG]   Filtered (not relevant): 'These are soooo good wow' — Trader Joe's new guava cookies have fans completely
2026-08-17 12:50:35,385 [DEBUG]   Filtered (not relevant): Latest on Hayden Panettiere dead at 36: EMS responded
2026-08-17 12:50:35,386 [DEBUG]   Filtered (not relevant): Farmer gives 6-word response to AI company’s $26M offer for data center
2026-08-17 12:50:35,386 [DEBUG]   Filtered (not relevant): Syracuse.com’s 2026 fall media day cheerleading roll call (32 photos)
2026-08-17 12:50:35,387 [DEBUG]   Filtered (not relevant): Who are the top returning boys soccer scoring leaders and goalies ranked by 2025
2026-08-17 12:50:35,387 [DEBUG]   Filtered (not relevant): Australian man dead in wood chipper accident, found by dad
2026-08-17 12:50:35,387 [DEBUG]   Filtered (not relevant): Diner, restaurant, storage: See 34 latest business, apartment, land sales ($1 to
2026-08-17 12:50:35,388 [DEBUG]   Filtered (not relevant): Funeral is set for Monday for Madison County couple killed by their son
2026-08-17 12:50:35,388 [DEBUG]   Filtered (not relevant): Dear Annie: I’m tired of my daughter reorganizing my kitchen without asking
2026-08-17 12:50:35,388 [DEBUG]   Filtered (not relevant): Indigo Girls, final ‘Bark in the Park,’ Anthony Rodia: 17 things to do this week
2026-08-17 12:50:35,389 [DEBUG]   Filtered (not relevant): Syracuse.com’s 2026 fall media day football roll call (58 photos)
2026-08-17 12:50:35,389 [DEBUG]   Filtered (not relevant): ‘Get it done,’ Trump says, urging Senate to pass permanent daylight saving time 
2026-08-17 12:50:35,390 [DEBUG]   Filtered (not relevant): Otto Sitterly wins record 7th Mr.  Supermodified victory at Oswego
2026-08-17 12:50:35,390 [DEBUG]   Filtered (not relevant): 25 jobs that pay better in CNY than they do in rest of US (Good Morning CNY)
2026-08-17 12:50:35,390 [DEBUG]   Filtered (not relevant): Legendary rock guitarist reunites with band for first time in 33 years
2026-08-17 12:50:35,391 [DEBUG]   Filtered (not relevant): Syracuse airport charges the highest parking fees in Upstate NY. It just raised 
2026-08-17 12:50:35,391 [DEBUG]   Filtered (not relevant): 7 reasons Bills fans should be encouraged and 1 major concern after Buffalo’s pr
2026-08-17 12:50:35,392 [DEBUG]   Filtered (not relevant): The Zika threat hasn’t disappeared. Here’s what expecting mothers should know.
2026-08-17 12:50:35,392 [DEBUG]   Filtered (not relevant): Today’s horoscope: Leo - Explore creative ideas and follow through on intentions
2026-08-17 12:50:35,393 [DEBUG]   Filtered (not relevant): Dear Doctor: A head injury while on blood thinners could easily be fatal
2026-08-17 12:50:35,393 [DEBUG]   Filtered (not relevant): Miss Manners: I’m on time for all my appointments, so why can’t doctors?
2026-08-17 12:50:35,394 [DEBUG]   Filtered (not relevant): The top 5 ‘best states to live in’ boast safety, education
2026-08-17 12:50:35,394 [DEBUG]   Filtered (not relevant): There’s risk and optimism with SU's revamped DL: ‘It’s nice to know we can sic ‘
2026-08-17 12:50:35,395 [DEBUG]   Filtered (not relevant): Dear Abby: Is it tone-deaf to post photos of your mansion under construction?
2026-08-17 12:50:35,395 [DEBUG]   Filtered (not relevant): How will SNAP be impacted by a penny-less world?
2026-08-17 12:50:35,395 [DEBUG]   Filtered (not relevant): Syracuse Mets edge Jumbo Shrimp, 2-1
2026-08-17 12:50:35,396 [DEBUG]   Filtered (not relevant): Asking Eric: Is it wrong to back away from friends who constantly bash their ex-
2026-08-17 12:50:35,396 [DEBUG]   Filtered (not relevant): Hayden Panettiere, star of ‘Nashville’ and ‘Heroes,’ dies at 36: ‘Profound sadne
2026-08-17 12:50:35,396 [DEBUG]   Filtered (not relevant): ‘Heroes’ and ‘Nashville’ actress dead at 36
2026-08-17 12:50:35,397 [DEBUG]   Filtered (not relevant): Experts warn climate shifts may increase future foodborne illness risks
2026-08-17 12:50:35,397 [DEBUG]   Filtered (not relevant): $20 Polymarket referral code “CUSE” set for start of Mets-Padres series on Monda
2026-08-17 12:50:35,398 [DEBUG]   Filtered (not relevant): Christopher Lambert, 68, receives sweet message from co-star following his hospi
2026-08-17 12:50:35,398 [DEBUG]   Filtered (not relevant): Oneida County real estate: See all residential properties sold, Aug. 3-9
2026-08-17 12:50:35,398 [DEBUG]   Filtered (not relevant): How to watch ‘RHOA’ Reunion Part 2 for free tonight featuring Angela’s viral Kel
2026-08-17 12:50:35,399 [DEBUG]   Filtered (not relevant): A summer celebration turned chaotic in seconds. What police say happened in Lexi
2026-08-17 12:50:35,399 [DEBUG]   Filtered (not relevant): Don’t have HBO Max? Here’s how to watch DC Studios’ ‘Lanterns’ for free tonight
2026-08-17 12:50:35,400 [DEBUG]   Filtered (not relevant): Legendary Yankees, Dodgers pitcher dies; issued goodbye message to fans days bef
2026-08-17 12:50:35,400 [DEBUG]   Filtered (not relevant): Bullets hit a Syracuse house and vehicle that was parked in driveway, police say
2026-08-17 12:50:35,401 [DEBUG]   Filtered (not relevant): Oswego County real estate: See all residential properties sold, Aug. 3-9
2026-08-17 12:50:35,401 [DEBUG]   Filtered (not relevant): Where to watch Indiana Fever vs. Atlanta Dream free live stream today
2026-08-17 12:50:35,402 [DEBUG]   Filtered (not relevant): Madison County real estate: See all residential properties sold, Aug. 3-9
2026-08-17 12:50:35,403 [INFO] News Scanner Run — 2026-08-17 12:50
==================================================
Articles in feeds: 50
New (not seen before): 50
Saved as records: 0
Filtered (not relevant): 50
Errors: 0

