2026-09-08 16:18:56,738 [INFO] ============================================================
2026-09-08 16:18:56,739 [INFO] News Scanner starting
2026-09-08 16:18:56,740 [INFO] Fetching: Syracuse.com Politics
2026-09-08 16:18:57,313 [INFO]   50 new articles from Syracuse.com Politics
2026-09-08 16:18:57,313 [INFO] Fetching: Syracuse.com Government
2026-09-08 16:18:57,481 [INFO]   0 new articles from Syracuse.com Government
2026-09-08 16:18:57,481 [INFO] Fetching: Syracuse.com Local
2026-09-08 16:18:57,649 [INFO]   0 new articles from Syracuse.com Local
2026-09-08 16:18:57,649 [INFO] Fetching: Syracuse.com Main
2026-09-08 16:18:57,873 [INFO]   0 new articles from Syracuse.com Main
2026-09-08 16:18:57,873 [INFO] Total unique articles across all feeds: 50
2026-09-08 16:18:57,873 [INFO] New articles (not previously processed): 50
2026-09-08 16:18:57,934 [DEBUG]   Filtered (not relevant): Marines will pay some recruits $15,000 just to sign up
2026-09-08 16:18:57,935 [DEBUG]   Filtered (not relevant): Pamela Anderson opened up about the devastating diagnosis that gave her 10 years
2026-09-08 16:18:57,935 [DEBUG]   Filtered (not relevant): SEC files amendment for authority to expel LSU from league
2026-09-08 16:18:57,936 [DEBUG]   Filtered (not relevant): HOKA hosts huge sale on your favorite running shoes: Clifton, Arahi, Bondi
2026-09-08 16:18:57,936 [DEBUG]   Filtered (not relevant): Beloved gas station chain unveils new 7-flavor sauce bar, secret menu
2026-09-08 16:18:57,937 [DEBUG]   Filtered (not relevant): How to watch Real Madrid vs. Inter today: Champions League live stream
2026-09-08 16:18:57,937 [DEBUG]   Filtered (not relevant): Massively popular SUV recalled as rear coil springs can detach, 328,381 vehicles
2026-09-08 16:18:57,938 [DEBUG]   Filtered (not relevant): Mall staple closes another almost 20 stores
2026-09-08 16:18:57,938 [DEBUG]   Filtered (not relevant): Longtime high school football coach dies after being struck by lightning
2026-09-08 16:18:57,939 [DEBUG]   Filtered (not relevant): Influencer’s death abroad draws international attention
2026-09-08 16:18:57,939 [DEBUG]   Filtered (not relevant): Dear Annie: I love my husband, but his clutter is controlling our home and relat
2026-09-08 16:18:57,940 [DEBUG]   Filtered (not relevant): Las Vegas man says he 'blacked out' during confrontation that left girlfriend an
2026-09-08 16:18:57,940 [DEBUG]   Filtered (not relevant): 4 kids drugged by mom, grandmother in Upstate NY murder-suicide (report)
2026-09-08 16:18:57,941 [DEBUG]   Filtered (not relevant): Wyclef Jean brings the swagger to close out NYS Fair (review, photos)
2026-09-08 16:18:57,941 [DEBUG]   Filtered (not relevant): Climber dies in fatal fall from Colorado mountain
2026-09-08 16:18:57,942 [DEBUG]   Filtered (not relevant): Syracuse.com’s 2026 fall media day marching band wrap-up: Competitors polls, pho
2026-09-08 16:18:57,942 [DEBUG]   Filtered (not relevant): Stanley is having a major sale on it’s fan-favorite items: Here’s what we’re sho
2026-09-08 16:18:57,943 [DEBUG]   Filtered (not relevant): The NYS Fair butter sculpture is toast; now it’s going to power a farm (photos)
2026-09-08 16:18:57,943 [DEBUG]   Filtered (not relevant): Ringleader in Sam Nordquist murder gets life in prison: ‘My brother is gone. Not
2026-09-08 16:18:57,944 [DEBUG]   Filtered (not relevant): How to watch the Champions League for free this week
2026-09-08 16:18:57,944 [DEBUG]   Filtered (not relevant): Over 709 flights delayed, 110 canceled amid widespread U.S. travel disruptions
2026-09-08 16:18:57,944 [DEBUG]   Filtered (not relevant): Former MLB slugger dies at 72
2026-09-08 16:18:57,944 [DEBUG]   Filtered (not relevant): Never do this to your Social Security card, feds warn
2026-09-08 16:18:57,945 [DEBUG]   Filtered (not relevant): Yes, tax refunds were up double-digits this year: How much more money did people
2026-09-08 16:18:57,945 [DEBUG]   Filtered (not relevant): CNY Hospice group offers volunteer training to support patients and families, st
2026-09-08 16:18:57,946 [DEBUG]   Filtered (not relevant): Oregon mother alleges unsafe conditions at popular pumpkin patch
2026-09-08 16:18:57,946 [DEBUG]   Filtered (not relevant): Former NFL lineman, Alabama national champ arrested after dispute over replaceme
2026-09-08 16:18:57,947 [DEBUG]   Filtered (not relevant): What to know about Canada’s escalating trade war with the US
2026-09-08 16:18:57,947 [DEBUG]   Filtered (not relevant): Powerball results for 09/07/26: Jackpot worth $189 million
2026-09-08 16:18:57,948 [DEBUG]   Filtered (not relevant): Walmart’s best-selling $270 PrettyCare Vacuum Cleaner is $70 - Lowest price we’v
2026-09-08 16:18:57,948 [DEBUG]   Filtered (not relevant): Off-duty sheriff’s deputy in Upstate NY faces DWI charge after crash
2026-09-08 16:18:57,949 [DEBUG]   Filtered (not relevant): How benefits admin allegedly siphoned $810K from Upstate NY schools
2026-09-08 16:18:57,950 [DEBUG]   Filtered (not relevant): Experts release updated Yankees vs. Rockies prediction after Aaron Judge return 
2026-09-08 16:18:57,950 [DEBUG]   Filtered (not relevant): Crash in Hudson Valley turns deadly when vehicle bursts into flames
2026-09-08 16:18:57,951 [DEBUG]   Filtered (not relevant): Miss Manners: New friends keep asking about a sensitive topic
2026-09-08 16:18:57,951 [DEBUG]   Filtered (not relevant): Oscar winner says new James Bond actor has already been cast
2026-09-08 16:18:57,951 [DEBUG]   Filtered (not relevant): Syracuse.com’s 2026 fall media day cheerleading wrap-up: Athlete polls, videos, 
2026-09-08 16:18:57,952 [DEBUG]   Filtered (not relevant): 14 hospitalized at concert as superstar headliner remains silent
2026-09-08 16:18:57,952 [DEBUG]   Filtered (not relevant): More than 2 dozen ceremonies planned in Central NY to mark 25th anniversary of 9
2026-09-08 16:18:57,953 [DEBUG]   Filtered (not relevant): Investigation underway after explosion kills 10 at religious event in Mexico
2026-09-08 16:18:57,953 [DEBUG]   Filtered (not relevant): Game of the Week: How to watch Dolgeville at Westmoreland/Oriskany football live
2026-09-08 16:18:57,953 [DEBUG]   Filtered (not relevant): Classes to start an hour later for this Onondaga County high school
2026-09-08 16:18:57,954 [DEBUG]   Filtered (not relevant): SRC Inc. hires new supply chain vice president
2026-09-08 16:18:57,954 [DEBUG]   Filtered (not relevant): See CNY towns with highest and lowest 2025 tax rates; search all NY
2026-09-08 16:18:57,955 [DEBUG]   Filtered (not relevant): All U.S. workers should do this immediately, IRS urges
2026-09-08 16:18:57,955 [DEBUG]   Filtered (not relevant): Six Flags acquires iconic coaster, but at which park?
2026-09-08 16:18:57,955 [DEBUG]   Filtered (not relevant): ACC power rankings: Can Syracuse compete for an ACC championship?
2026-09-08 16:18:57,956 [INFO]   Relevant: Housing proposal in Clay would add 450-plus apartments, along with offices and r
2026-09-08 16:18:57,956 [DEBUG]     → Entities: Micron Technology
2026-09-08 16:19:03,259 [INFO]     Saved: CTX-NEWS-2026-00262 → CTX-NEWS-2026-00262.json
2026-09-08 16:19:03,260 [DEBUG]   Filtered (not relevant): Rock music world rocked by 2 more deaths. List of those lost in 2026 surges towa
2026-09-08 16:19:03,260 [DEBUG]   Filtered (not relevant): Syracuse.com’s 2026 fall media day boys soccer wrap-up: Season outlooks, photos 
2026-09-08 16:19:03,265 [INFO] News Scanner Run — 2026-09-08 16:19
==================================================
Articles in feeds: 50
New (not seen before): 50
Saved as records: 1
Filtered (not relevant): 49
Errors: 0

New records:
  • Housing proposal in Clay would add 450-plus apartments, along with offices and r

