2026-09-09 16:13:35,463 [INFO] ============================================================
2026-09-09 16:13:35,463 [INFO] News Scanner starting
2026-09-09 16:13:35,464 [INFO] Fetching: Syracuse.com Politics
2026-09-09 16:13:35,661 [INFO]   50 new articles from Syracuse.com Politics
2026-09-09 16:13:35,661 [INFO] Fetching: Syracuse.com Government
2026-09-09 16:13:35,809 [INFO]   0 new articles from Syracuse.com Government
2026-09-09 16:13:35,809 [INFO] Fetching: Syracuse.com Local
2026-09-09 16:13:35,945 [INFO]   0 new articles from Syracuse.com Local
2026-09-09 16:13:35,945 [INFO] Fetching: Syracuse.com Main
2026-09-09 16:13:36,104 [INFO]   0 new articles from Syracuse.com Main
2026-09-09 16:13:36,104 [INFO] Total unique articles across all feeds: 50
2026-09-09 16:13:36,104 [INFO] New articles (not previously processed): 50
2026-09-09 16:13:36,148 [DEBUG]   Filtered (not relevant): Bodies found in search for Florida couple, grandkids after plane crash
2026-09-09 16:13:36,148 [DEBUG]   Filtered (not relevant): New NOAA priorities ‘a sharp turn away from science,’ critics say
2026-09-09 16:13:36,149 [DEBUG]   Filtered (not relevant): Patrick Mahomes, Dak Prescott top NFL's highest-paid QBs in 2026: See the list
2026-09-09 16:13:36,149 [DEBUG]   Filtered (not relevant): Syracuse.com’s 2026 fall media day boys country wrap-up: Season outlooks, photos
2026-09-09 16:13:36,150 [DEBUG]   Filtered (not relevant): Urban Outfitters is having a deal on the On Cloudmonster Sneakers, but sizes are
2026-09-09 16:13:36,150 [DEBUG]   Filtered (not relevant): Where to watch NFL Week 1 games for free: TV schedule, free streams
2026-09-09 16:13:36,150 [DEBUG]   Filtered (not relevant): Hersheypark ride ‘takes last voyage’ after 32 years on Labor Day
2026-09-09 16:13:36,151 [DEBUG]   Filtered (not relevant): Amazon issues nationwide furniture recall, citing serious tip-over and entrapmen
2026-09-09 16:13:36,151 [DEBUG]   Filtered (not relevant): ‘Wheel of Fortune’ reveals major gameplay change after longtime announcer fired
2026-09-09 16:13:36,151 [DEBUG]   Filtered (not relevant): Syracuse.com’s 2026 fall media day girls cross country wrap-up: Season outlooks,
2026-09-09 16:13:36,152 [DEBUG]   Filtered (not relevant): Lady Gaga’s inner circle suspects she secretly eloped: report
2026-09-09 16:13:36,152 [DEBUG]   Filtered (not relevant): Popular sandwich chain with toasty subs opens first location in major market
2026-09-09 16:13:36,152 [DEBUG]   Filtered (not relevant): New executive order promises faster VA checks — here’s what actually changes
2026-09-09 16:13:36,153 [DEBUG]   Filtered (not relevant): Masala chicken and chickpeas
2026-09-09 16:13:36,153 [DEBUG]   Filtered (not relevant): Coconut chicken curry with tomatoes and corn
2026-09-09 16:13:36,154 [DEBUG]   Filtered (not relevant): 3 Red Lobsters in Alabama have closed: Less than 500 remain nationwide
2026-09-09 16:13:36,154 [DEBUG]   Filtered (not relevant): New detail emerges after 5-year-old Saylor Hayes was found dead
2026-09-09 16:13:36,154 [DEBUG]   Filtered (not relevant): Martha Stewart reveals haunting conversation she had with ‘90s heartthrob before
2026-09-09 16:13:36,155 [DEBUG]   Filtered (not relevant): Dear Annie: Am I failing my daughter if I don’t limit her time spent on the Snap
2026-09-09 16:13:36,155 [DEBUG]   Filtered (not relevant): How to watch the Apple Event 2026 live for free: Start time, iPhone 18 Pro revea
2026-09-09 16:13:36,155 [DEBUG]   Filtered (not relevant): IEP: What questions should parents ask? What is ABA therapy? (Enable: The Disabi
2026-09-09 16:13:36,156 [DEBUG]   Filtered (not relevant): Mother of 3-year-old killed in drunk driving accident pleads guilty to homicide 
2026-09-09 16:13:36,156 [DEBUG]   Filtered (not relevant): Oscar winner’s $10.5M mansion threatened by massive sinkhole
2026-09-09 16:13:36,156 [DEBUG]   Filtered (not relevant): Remains in North Carolina identified as 15-year-old girl missing since 1977 in c
2026-09-09 16:13:36,156 [DEBUG]   Filtered (not relevant): Over 777 flights delayed, 48 canceled amid widespread U.S. travel disruptions
2026-09-09 16:13:36,157 [DEBUG]   Filtered (not relevant): A national gym chain is closing one of its Onondaga County locations
2026-09-09 16:13:36,157 [DEBUG]   Filtered (not relevant): The North Face has more than 1,000 items cold-weather items on sale for a limite
2026-09-09 16:13:36,157 [DEBUG]   Filtered (not relevant): Section III offensive explosion blows up syracuse.com’s Week 1 fantasy football 
2026-09-09 16:13:36,158 [DEBUG]   Filtered (not relevant): A year’s worth of tornadoes hit Upstate NY in a single day
2026-09-09 16:13:36,158 [DEBUG]   Filtered (not relevant): Popular infant toys sold nationwide recalled over ‘serious injury or death’ risk
2026-09-09 16:13:36,158 [DEBUG]   Filtered (not relevant): A former priest waived his hearing. The accusations involve nearly $750,000
2026-09-09 16:13:36,159 [DEBUG]   Filtered (not relevant): Syracuse football’s Demetres Samuel Jr. pledges cash reward for punt return touc
2026-09-09 16:13:36,159 [DEBUG]   Filtered (not relevant): Syracuse.com will host first debate between John Mannion and Kailee Buller
2026-09-09 16:13:36,159 [DEBUG]   Filtered (not relevant): Syracuse.com’s 2026 high school football rankings (Week 1): Upsets bring new tea
2026-09-09 16:13:36,160 [DEBUG]   Filtered (not relevant): How to watch FC Barcelona vs. Feyenoord Rotterdam UCL soccer today
2026-09-09 16:13:36,160 [DEBUG]   Filtered (not relevant): Mega Millions results for 09/08/26: $193 million jackpot up for grabs
2026-09-09 16:13:36,160 [DEBUG]   Filtered (not relevant): Beach hazards statement affecting Jefferson County until Thursday evening
2026-09-09 16:13:36,161 [DEBUG]   Filtered (not relevant): Beach hazards statement in place for Erie County until Thursday morning
2026-09-09 16:13:36,161 [DEBUG]   Filtered (not relevant): 14 dead, 11 injured in warehouse explosion in Syria
2026-09-09 16:13:36,162 [DEBUG]   Filtered (not relevant): Polymarket updates $50 promo code “CUSE” for Patriots vs Seahawks NFL Week 1 ope
2026-09-09 16:13:36,162 [DEBUG]   Filtered (not relevant): Didn’t get Olivia Rodrigo Silver Star tickets? Here’s how to still see ‘The Unra
2026-09-09 16:13:36,162 [DEBUG]   Filtered (not relevant): UGG’s Labor Day Sale is still live, but not for long - Here’s what we’re adding 
2026-09-09 16:13:36,163 [DEBUG]   Filtered (not relevant): Where to watch Coco Gauff vs. Mirra Andreeva US Open quarterfinal
2026-09-09 16:13:36,163 [DEBUG]   Filtered (not relevant): Experts release updated Patriots vs. Seahawks prediction after latest Polymarket
2026-09-09 16:13:36,164 [DEBUG]   Filtered (not relevant): Casey Powell hires former Denver defenseman to be Le Moyne's DC
2026-09-09 16:13:36,164 [DEBUG]   Filtered (not relevant): Syracuse daycare owner charged with sexually abusing two children
2026-09-09 16:13:36,164 [DEBUG]   Filtered (not relevant): Miss Manners: Was this woman groped or was it just a funny fan photo?
2026-09-09 16:13:36,165 [DEBUG]   Filtered (not relevant): World Trade Center NYC then and now: What WTC looked like prior to 9/11
2026-09-09 16:13:36,165 [DEBUG]   Filtered (not relevant): Some of country music’s brightest young stars have stopped touring in 2026. Here
2026-09-09 16:13:36,165 [DEBUG]   Filtered (not relevant): Major Social Security change could boost benefits for millions of working senior
2026-09-09 16:13:36,166 [INFO] News Scanner Run — 2026-09-09 16:13
==================================================
Articles in feeds: 50
New (not seen before): 50
Saved as records: 0
Filtered (not relevant): 50
Errors: 0

