2026-10-03 15:57:42,344 [INFO] ============================================================
2026-10-03 15:57:42,345 [INFO] News Scanner starting
2026-10-03 15:57:42,346 [INFO] Fetching: Syracuse.com Politics
2026-10-03 15:57:42,761 [INFO]   50 new articles from Syracuse.com Politics
2026-10-03 15:57:42,762 [INFO] Fetching: Syracuse.com Government
2026-10-03 15:57:42,944 [INFO]   0 new articles from Syracuse.com Government
2026-10-03 15:57:42,944 [INFO] Fetching: Syracuse.com Local
2026-10-03 15:57:43,126 [INFO]   0 new articles from Syracuse.com Local
2026-10-03 15:57:43,126 [INFO] Fetching: Syracuse.com Main
2026-10-03 15:57:43,327 [INFO]   0 new articles from Syracuse.com Main
2026-10-03 15:57:43,327 [INFO] Total unique articles across all feeds: 50
2026-10-03 15:57:43,327 [INFO] New articles (not previously processed): 50
2026-10-03 15:57:43,387 [DEBUG]   Filtered (not relevant): New $50 Polymarket referral code “CUSE” launches for Syracuse vs. UConn on Satur
2026-10-03 15:57:43,387 [DEBUG]   Filtered (not relevant): Amari Odom starting at quarterback for Syracuse against UConn
2026-10-03 15:57:43,388 [DEBUG]   Filtered (not relevant): Dear Annie: Did my buddy really mean what he said at group lunch? I may never kn
2026-10-03 15:57:43,388 [DEBUG]   Filtered (not relevant): Ryan Day sends letter to kids at Iowa children’s hospital
2026-10-03 15:57:43,389 [DEBUG]   Filtered (not relevant): Syracuse football vs. UConn: Live score, updates, stats
2026-10-03 15:57:43,389 [DEBUG]   Filtered (not relevant): ‘The Howard Stern Show’ Wack Pack member dead at 64. Here’s what we know
2026-10-03 15:57:43,390 [DEBUG]   Filtered (not relevant): Where to watch White Sox vs. Guardians MLB Playoffs Game 1 for free
2026-10-03 15:57:43,390 [DEBUG]   Filtered (not relevant): Where to watch Vanderbilt vs. Georgia college football for free today
2026-10-03 15:57:43,391 [DEBUG]   Filtered (not relevant): Polymarket announces $25 promo code “CUSE” for all NFL Week 4 Sunday games
2026-10-03 15:57:43,391 [DEBUG]   Filtered (not relevant): Huge video game expo returns to downtown Syracuse for the weekend (photos)
2026-10-03 15:57:43,391 [DEBUG]   Filtered (not relevant): Texas national-championship quarterback dead at 84
2026-10-03 15:57:43,392 [DEBUG]   Filtered (not relevant): Where to watch Alabama vs. Mississippi State college football for free
2026-10-03 15:57:43,392 [DEBUG]   Filtered (not relevant): Holes-in-one for Central New York golfers (as of Oct. 2)
2026-10-03 15:57:43,393 [DEBUG]   Filtered (not relevant): Experts update Bills vs. Patriots prediction as Allen, Maye top Polymarket props
2026-10-03 15:57:43,393 [DEBUG]   Filtered (not relevant): 20 people dead in road crash in Nigeria’s Plateau state
2026-10-03 15:57:43,393 [DEBUG]   Filtered (not relevant): 17 dead, including female Catholic pilgrims, in Kenya crash
2026-10-03 15:57:43,394 [DEBUG]   Filtered (not relevant): Jenny McCarthy reveals mystery illness that caused oozing eye growths, rotting t
2026-10-03 15:57:43,394 [DEBUG]   Filtered (not relevant): Live scoreboard, recaps for Saturday’s high school football games (Week 5)
2026-10-03 15:57:43,395 [DEBUG]   Filtered (not relevant): Ask Mayo Clinic: Targeting tumors with greater precision highlights evolution of
2026-10-03 15:57:43,395 [DEBUG]   Filtered (not relevant): From the clarinet to the Cotton Bowl to the classroom, Dan D'Agostino left a mar
2026-10-03 15:57:43,395 [DEBUG]   Filtered (not relevant): Social Security’s 2027 COLA announcement coming soon: What to expect, Medicare c
2026-10-03 15:57:43,396 [DEBUG]   Filtered (not relevant): Where to watch Notre Dame vs. North Carolina college football for free
2026-10-03 15:57:43,396 [DEBUG]   Filtered (not relevant): Miss Manners: In-laws call my antique bed ‘ugly’ and gift me yard sale finds
2026-10-03 15:57:43,397 [DEBUG]   Filtered (not relevant): Dave Portnoy, Barstool Sports no longer part of ‘Big Noon Kickoff’
2026-10-03 15:57:43,397 [DEBUG]   Filtered (not relevant): Yahoo just named this Syracuse restaurant NY’s biggest ‘cult’ favorite
2026-10-03 15:57:43,397 [DEBUG]   Filtered (not relevant): Best Streameast alternative to watch Syracuse football vs. UConn today
2026-10-03 15:57:43,398 [DEBUG]   Filtered (not relevant): Movie theaters are betting $2.7 billion that major upgrades will bring audiences
2026-10-03 15:57:43,398 [DEBUG]   Filtered (not relevant): Can the Orange cover -7.0 on the road? Experts release final Syracuse vs. UConn 
2026-10-03 15:57:43,399 [DEBUG]   Filtered (not relevant): Country music singer battling cancer at 35 shares update: ‘Headed to Vegas’
2026-10-03 15:57:43,399 [DEBUG]   Filtered (not relevant): Many churches are disappearing. What comes next may surprise you
2026-10-03 15:57:43,400 [DEBUG]   Filtered (not relevant): Country star says he accidentally broke a fan’s arm: ‘I felt horrible’
2026-10-03 15:57:43,400 [DEBUG]   Filtered (not relevant): Walmart recalls: Return these 3 products ASAP
2026-10-03 15:57:43,400 [DEBUG]   Filtered (not relevant): Pop icon dies just 8 days after celebrating birthday: ‘He was the peoples man’
2026-10-03 15:57:43,401 [DEBUG]   Filtered (not relevant): Popular country music singer, 45, reveals rare cancer diagnosis
2026-10-03 15:57:43,401 [DEBUG]   Filtered (not relevant): Rock musician, ex-college football player has 14-hour cancer surgery. Here’s the
2026-10-03 15:57:43,401 [DEBUG]   Filtered (not relevant): Country music star lost massive amount of blood in ‘life-threatening’ emergency
2026-10-03 15:57:43,402 [DEBUG]   Filtered (not relevant): The Trader Joe's Halloween tote craze is real — here's what all the fuss is abou
2026-10-03 15:57:43,402 [DEBUG]   Filtered (not relevant): Popular musician collapses and dies at 58 backstage after show. Here’s the lates
2026-10-03 15:57:43,402 [DEBUG]   Filtered (not relevant): ‘Animal House’ star dead at 79
2026-10-03 15:57:43,403 [DEBUG]   Filtered (not relevant): TSA made a change at security checkpoints. Not everyone agrees it will help
2026-10-03 15:57:43,403 [DEBUG]   Filtered (not relevant): Beloved BET personality and radio host, dies at 58
2026-10-03 15:57:43,403 [DEBUG]   Filtered (not relevant): Al Roker explains sudden ‘Today’ exit
2026-10-03 15:57:43,404 [DEBUG]   Filtered (not relevant): Health insurers paying millions in costs thanks to AI, report says
2026-10-03 15:57:43,404 [DEBUG]   Filtered (not relevant): Today’s horoscope: Cancer - Discipline helps avoid loss and regret (Oct. 3, 2026
2026-10-03 15:57:43,405 [DEBUG]   Filtered (not relevant): Country music star breaks social media silence after medical emergency: ‘I’m so 
2026-10-03 15:57:43,405 [DEBUG]   Filtered (not relevant): California’s home to the U.S.’s top 3 ‘greenest cities’
2026-10-03 15:57:43,405 [DEBUG]   Filtered (not relevant): Dear Abby: Adult nephew's emotionally draining behavior has us at our wits end
2026-10-03 15:57:43,406 [DEBUG]   Filtered (not relevant): Beloved rock musician dead at 73: ‘His memory will live on’
2026-10-03 15:57:43,406 [DEBUG]   Filtered (not relevant): Country music star killed in helicopter crash at 69. Here’s what we know
2026-10-03 15:57:43,406 [DEBUG]   Filtered (not relevant): Beloved rock singer vows to ‘fight like hell’ after leukemia diagnosis
2026-10-03 15:57:43,408 [INFO] News Scanner Run — 2026-10-03 15:57
==================================================
Articles in feeds: 50
New (not seen before): 50
Saved as records: 0
Filtered (not relevant): 50
Errors: 0

