2026-07-25 13:42:10,491 [INFO] ============================================================
2026-07-25 13:42:10,492 [INFO] News Scanner starting
2026-07-25 13:42:10,493 [INFO] Fetching: Syracuse.com Politics
2026-07-25 13:42:10,871 [INFO]   50 new articles from Syracuse.com Politics
2026-07-25 13:42:10,871 [INFO] Fetching: Syracuse.com Government
2026-07-25 13:42:11,068 [INFO]   0 new articles from Syracuse.com Government
2026-07-25 13:42:11,068 [INFO] Fetching: Syracuse.com Local
2026-07-25 13:42:11,240 [INFO]   0 new articles from Syracuse.com Local
2026-07-25 13:42:11,240 [INFO] Fetching: Syracuse.com Main
2026-07-25 13:42:11,408 [INFO]   0 new articles from Syracuse.com Main
2026-07-25 13:42:11,408 [INFO] Total unique articles across all feeds: 50
2026-07-25 13:42:11,408 [INFO] New articles (not previously processed): 50
2026-07-25 13:42:11,462 [DEBUG]   Filtered (not relevant): Holes-in-one for Central New York golfers (as of July 24)
2026-07-25 13:42:11,463 [DEBUG]   Filtered (not relevant): MAGA rages after actor says Trump is a rapist: ‘Sue this simpleton into oblivion
2026-07-25 13:42:11,464 [DEBUG]   Filtered (not relevant): New York City FC vs. Chicago Fire FC prediction: Polymarket prices, props for ML
2026-07-25 13:42:11,464 [DEBUG]   Filtered (not relevant): Country star with cancer returning after spitting up blood to sing: ‘Back on the
2026-07-25 13:42:11,464 [DEBUG]   Filtered (not relevant): Will there be a season 2 of ‘The Five-Star Weekend’?
2026-07-25 13:42:11,465 [DEBUG]   Filtered (not relevant): Mega Millions results for 07/24/26: Did anyone win the $743 million jackpot?
2026-07-25 13:42:11,465 [DEBUG]   Filtered (not relevant): Rare antique boats fill Clift Park at Skaneateles boat show this weekend (photos
2026-07-25 13:42:11,466 [DEBUG]   Filtered (not relevant): ‘Broke and sick’ rock star cancels upcoming tour, selling personal belongings
2026-07-25 13:42:11,466 [DEBUG]   Filtered (not relevant): Cyclosporiasis outbreak sickens 2,000 across 9 states, CDC said: Recalls, sympto
2026-07-25 13:42:11,466 [DEBUG]   Filtered (not relevant): Country singer warns of ‘descent into fracture’ after fans walk out on song abou
2026-07-25 13:42:11,467 [DEBUG]   Filtered (not relevant): Country music pioneer dead at 88: ‘Welcomed you into Rock and Roll Heaven with o
2026-07-25 13:42:11,467 [DEBUG]   Filtered (not relevant): This teenager just inked the biggest signing bonus for a high school player in M
2026-07-25 13:42:11,468 [DEBUG]   Filtered (not relevant): Country music star’s fans demand he never play one city again: ‘Don’t go back’
2026-07-25 13:42:11,468 [DEBUG]   Filtered (not relevant): Country legend’s kids vow to make him pay for ‘family obligations he walked away
2026-07-25 13:42:11,468 [DEBUG]   Filtered (not relevant): These states have the most ‘at-risk youth’ in the U.S.
2026-07-25 13:42:11,469 [DEBUG]   Filtered (not relevant): Dear Annie: My left-out daughter’s needs come first. How do I explain this to fa
2026-07-25 13:42:11,469 [DEBUG]   Filtered (not relevant): Bobcats found living in Arizona home after woman heard noises for days: ‘Complet
2026-07-25 13:42:11,470 [DEBUG]   Filtered (not relevant): Roman Reigns’ retirement plans: WWE star opens up about his future
2026-07-25 13:42:11,470 [DEBUG]   Filtered (not relevant): After backlash, Upstate NY school district pauses plan to add humanoid robot to 
2026-07-25 13:42:11,470 [DEBUG]   Filtered (not relevant): Country music mourns as Nashville legend dies following show at church
2026-07-25 13:42:11,471 [DEBUG]   Filtered (not relevant): Rocker who banned Trump fans from shows forced to postpone tour: ‘War economy is
2026-07-25 13:42:11,471 [DEBUG]   Filtered (not relevant): Enjoy Saturday’s pleasant weather because multiple rounds of storms are heading 
2026-07-25 13:42:11,471 [DEBUG]   Filtered (not relevant): Surprising fast-food chain beats iconic burger joints for best fries
2026-07-25 13:42:11,472 [DEBUG]   Filtered (not relevant): Officials need help locating family after rabid bat interrupts restaurant meal
2026-07-25 13:42:11,473 [DEBUG]   Filtered (not relevant): Beloved ‘80s metal band announces first album in 34 years
2026-07-25 13:42:11,473 [DEBUG]   Filtered (not relevant): Can Bills' Bradley Chubb succeed where Bosa & Miller didn’t?
2026-07-25 13:42:11,473 [DEBUG]   Filtered (not relevant): Legendary singer welcomes baby no. 8 at 57
2026-07-25 13:42:11,474 [DEBUG]   Filtered (not relevant): Country music star married in secretive ceremony after cancelling tour
2026-07-25 13:42:11,474 [DEBUG]   Filtered (not relevant): Popular CBS show is heading to the big screen
2026-07-25 13:42:11,474 [DEBUG]   Filtered (not relevant): These are the best and worst cities for renters; surprise Midwest city comes in 
2026-07-25 13:42:11,475 [DEBUG]   Filtered (not relevant): Beloved young musician dies in quarry outside of Nashville, police investigating
2026-07-25 13:42:11,475 [DEBUG]   Filtered (not relevant): Miss Manners: Why are people so rude when interacting with volunteers?
2026-07-25 13:42:11,475 [DEBUG]   Filtered (not relevant): These are the top 5 QBs entering the 2026 NFL season, according to AP
2026-07-25 13:42:11,476 [DEBUG]   Filtered (not relevant): Syracuse Mets beat RailRiders 8-1 behind Mauricio’s 4 RBIs
2026-07-25 13:42:11,476 [DEBUG]   Filtered (not relevant): Former Dallas Cowboys QB returning to team in new role
2026-07-25 13:42:11,476 [DEBUG]   Filtered (not relevant): Super Bowl-winning former New England Patriots starter dead at 38
2026-07-25 13:42:11,477 [DEBUG]   Filtered (not relevant): Rock music world mourns death of beloved frontman at 59: ‘Impact can’t be unders
2026-07-25 13:42:11,477 [DEBUG]   Filtered (not relevant): Rocker who played with iconic band dies after cancer battle: ‘Never be another l
2026-07-25 13:42:11,477 [DEBUG]   Filtered (not relevant): Donald Trump accused of being a rapist by popular actor: ‘You (expletive) pedoph
2026-07-25 13:42:11,478 [DEBUG]   Filtered (not relevant): Dear Abby: Could I be lucky enough to rekindle a cherished love from 40 years ag
2026-07-25 13:42:11,478 [DEBUG]   Filtered (not relevant): Asking Eric: My sister’s insistence that everyday is a good day to celebrate Hal
2026-07-25 13:42:11,479 [DEBUG]   Filtered (not relevant): Top NFL, CFB headlines this week July 20-24: ICYMI
2026-07-25 13:42:11,479 [DEBUG]   Filtered (not relevant): Mega Millions numbers: Are you the lucky winner of Friday’s $743 million jackpot
2026-07-25 13:42:11,480 [DEBUG]   Filtered (not relevant): Rare half cent fetches $5,856 at auction
2026-07-25 13:42:11,480 [DEBUG]   Filtered (not relevant): Beloved rock frontman dies at 59 after cancer battle: ‘He can finally rest’
2026-07-25 13:42:11,480 [DEBUG]   Filtered (not relevant): Experts update NBA Championship odds after LeBron picks Philadelphia
2026-07-25 13:42:11,481 [DEBUG]   Filtered (not relevant): Fire damages unoccupied Syracuse home
2026-07-25 13:42:11,481 [DEBUG]   Filtered (not relevant): Live Mega Millions numbers for 07/24/26: Jackpot worth $743 million
2026-07-25 13:42:11,482 [DEBUG]   Filtered (not relevant): $20 Polymarket referral code “CUSE” launches for MLB games this weekend
2026-07-25 13:42:11,482 [DEBUG]   Filtered (not relevant): NBC ‘Dateline: The Mushroom Mystery’ airs tonight: How to watch for free
2026-07-25 13:42:11,484 [INFO] News Scanner Run — 2026-07-25 13:42
==================================================
Articles in feeds: 50
New (not seen before): 50
Saved as records: 0
Filtered (not relevant): 50
Errors: 0

