2026-08-15 12:43:05,765 [INFO] ============================================================
2026-08-15 12:43:05,766 [INFO] News Scanner starting
2026-08-15 12:43:05,767 [INFO] Fetching: Syracuse.com Politics
2026-08-15 12:43:06,338 [INFO]   50 new articles from Syracuse.com Politics
2026-08-15 12:43:06,338 [INFO] Fetching: Syracuse.com Government
2026-08-15 12:43:06,677 [INFO]   0 new articles from Syracuse.com Government
2026-08-15 12:43:06,677 [INFO] Fetching: Syracuse.com Local
2026-08-15 12:43:06,893 [INFO]   0 new articles from Syracuse.com Local
2026-08-15 12:43:06,894 [INFO] Fetching: Syracuse.com Main
2026-08-15 12:43:07,112 [INFO]   0 new articles from Syracuse.com Main
2026-08-15 12:43:07,112 [INFO] Total unique articles across all feeds: 50
2026-08-15 12:43:07,112 [INFO] New articles (not previously processed): 50
2026-08-15 12:43:07,153 [DEBUG]   Filtered (not relevant): When does ‘Saturday Night Live’ start again?
2026-08-15 12:43:07,153 [DEBUG]   Filtered (not relevant): Bucs’ Baker Mayfield eyes Browns matchup in Week 2: ‘Time to show them which hom
2026-08-15 12:43:07,154 [DEBUG]   Filtered (not relevant): R&B star is battling leukemia at 44. Here’s what to know
2026-08-15 12:43:07,154 [DEBUG]   Filtered (not relevant): Rock music icon now asking fans for help in cancer fight: ‘Treatment is essentia
2026-08-15 12:43:07,154 [DEBUG]   Filtered (not relevant): Country music star battling cancer at 33 gives update: ‘Here’s to showing up’
2026-08-15 12:43:07,155 [DEBUG]   Filtered (not relevant): Country and rock musician undergoes multiple surgeries at 24 after ‘accident’
2026-08-15 12:43:07,155 [DEBUG]   Filtered (not relevant): Country singer battling cancer updates fans on scans: ‘Some might call me (curse
2026-08-15 12:43:07,155 [DEBUG]   Filtered (not relevant): Popular rock musician dead at 66 after battle with leukemia: ‘Very special man’
2026-08-15 12:43:07,156 [DEBUG]   Filtered (not relevant): Social Security’s retirement age changed this year: What you need to know
2026-08-15 12:43:07,156 [DEBUG]   Filtered (not relevant): A big toy store in Clay closed 8 years ago. It’s about to become something compl
2026-08-15 12:43:07,157 [DEBUG]   Filtered (not relevant): Stop using ASAP: Walmart, Amazon furniture recalled after consumers suffer head,
2026-08-15 12:43:07,157 [DEBUG]   Filtered (not relevant): NJ grandfather intoxicated when boat crash killed grandkids
2026-08-15 12:43:07,157 [DEBUG]   Filtered (not relevant): Controversial rock star cancels upcoming tour: ‘Tough times. Been sick."
2026-08-15 12:43:07,158 [DEBUG]   Filtered (not relevant): Syracuse Mets lose doubleheader to Jacksonville Jumbo Shrimp
2026-08-15 12:43:07,158 [DEBUG]   Filtered (not relevant): A remote Pacific island remains central to one of aviation’s greatest mysteries
2026-08-15 12:43:07,159 [DEBUG]   Filtered (not relevant): Fans mourn 4 beloved TV & movie figures who died this week
2026-08-15 12:43:07,159 [DEBUG]   Filtered (not relevant): 26-year-old hit rapper reveals heart condition, says he has one more tour in him
2026-08-15 12:43:07,159 [DEBUG]   Filtered (not relevant): Former MLB outfielder who honored Jackie Robinson dies at 54
2026-08-15 12:43:07,160 [DEBUG]   Filtered (not relevant): U.S. courts to show when government uses spyware
2026-08-15 12:43:07,160 [DEBUG]   Filtered (not relevant): Rock legend says 2026 is his last year performing: ‘Been doing this over 54 year
2026-08-15 12:43:07,161 [DEBUG]   Filtered (not relevant): Miss Manners: I feel anxious when strangers crowd me at the supermarket
2026-08-15 12:43:07,161 [DEBUG]   Filtered (not relevant): Country music fans might not see these popular acts again after 2026
2026-08-15 12:43:07,161 [DEBUG]   Filtered (not relevant): Country music star recently got married in secretive ceremony
2026-08-15 12:43:07,161 [DEBUG]   Filtered (not relevant): Country music star suffers broken shoulder in tour bus crash. Here’s what we kno
2026-08-15 12:43:07,162 [DEBUG]   Filtered (not relevant): Country music singer who said Trump, MAGA are not Christian claims his life is a
2026-08-15 12:43:07,163 [DEBUG]   Filtered (not relevant): Dear Abby: I never thought I’d be competing with toddlers for my husband’s atten
2026-08-15 12:43:07,163 [DEBUG]   Filtered (not relevant): Country star says his sister ‘terminated’ him from band: ‘The day after my birth
2026-08-15 12:43:07,163 [DEBUG]   Filtered (not relevant): Country music star refuses to eat at one restaurant: ‘I can’t do it’
2026-08-15 12:43:07,164 [DEBUG]   Filtered (not relevant): Be prepared for dense fog in North Country until Saturday morning
2026-08-15 12:43:07,165 [DEBUG]   Filtered (not relevant): Expect dense fog in Mohawk Valley, Capital Region until Saturday morning
2026-08-15 12:43:07,166 [DEBUG]   Filtered (not relevant): Asking Eric: Did I blow up second chance with first love when I did a background
2026-08-15 12:43:07,166 [DEBUG]   Filtered (not relevant): Mega Millions numbers: Are you the lucky winner of Friday’s $90 million jackpot?
2026-08-15 12:43:07,167 [DEBUG]   Filtered (not relevant): Polymarket MLB code “CUSE” extends $20 invite bonus to UFC 330 this weekend
2026-08-15 12:43:07,167 [DEBUG]   Filtered (not relevant): Polymarket extends nationwide $20 invite code “CUSE” through UFC 330!
2026-08-15 12:43:07,168 [DEBUG]   Filtered (not relevant): Syracuse football in talks with Justus Ross-Simmons to rejoin team for 5th year
2026-08-15 12:43:07,168 [DEBUG]   Filtered (not relevant): Company beats Lockheed, Bell for $10 billion pilot-training contract through 205
2026-08-15 12:43:07,168 [DEBUG]   Filtered (not relevant): Experts update Saints vs. Jaguars NFL preseason Week 1 predictions after Jordyn 
2026-08-15 12:43:07,169 [INFO]   Relevant: Man stabbed in chest at Parkside Commons in Syracuse
2026-08-15 12:43:07,169 [DEBUG]     → Departments: Syracuse Police Department
2026-08-15 12:43:07,169 [DEBUG]     → Keywords: syracuse police
2026-08-15 12:43:11,075 [INFO]     Saved: CTX-NEWS-2026-00246 → CTX-NEWS-2026-00246.json
2026-08-15 12:43:11,076 [DEBUG]   Filtered (not relevant): Bills reportedly among teams pursuing Vita Vea from Tampa Bay
2026-08-15 12:43:11,076 [DEBUG]   Filtered (not relevant): $20 Polymarket referral code “CUSE” ready for Atlanta United FC vs. New York Red
2026-08-15 12:43:11,077 [DEBUG]   Filtered (not relevant): VA says AI helps staff serve veterans faster, answers 53,000 questions since Apr
2026-08-15 12:43:11,077 [DEBUG]   Filtered (not relevant): Polymarket invite code “CUSE” extends $20 invite bonus to MLB on Friday
2026-08-15 12:43:11,078 [DEBUG]   Filtered (not relevant): Be prepared for strong thunderstorms in Putnam County Friday evening — gusts up 
2026-08-15 12:43:11,078 [DEBUG]   Filtered (not relevant): Judge rules no fraud in Syracuse legislative race, after messy hearing
2026-08-15 12:43:11,078 [DEBUG]   Filtered (not relevant): Journalist Spotlight: Rylee Kirk (Letter from the Editor)
2026-08-15 12:43:11,079 [DEBUG]   Filtered (not relevant): Bills defensive tackle firmly on roster bubble player suspended 3 games
2026-08-15 12:43:11,079 [DEBUG]   Filtered (not relevant): Case of the measles in unvaccinated person confirmed in Madison County
2026-08-15 12:43:11,080 [DEBUG]   Filtered (not relevant): How to watch WWE Friday Night SmackDown! free live stream tonight
2026-08-15 12:43:11,080 [DEBUG]   Filtered (not relevant): See trooper rush into burning Upstate NY home to help rescue man (video)
2026-08-15 12:43:11,081 [DEBUG]   Filtered (not relevant): Buffalo Bills to host Section III’s best flag football players, coaches for scri
2026-08-15 12:43:11,082 [INFO] News Scanner Run — 2026-08-15 12:43
==================================================
Articles in feeds: 50
New (not seen before): 50
Saved as records: 1
Filtered (not relevant): 49
Errors: 0

New records:
  • Man stabbed in chest at Parkside Commons in Syracuse

