2026-09-30 18:06:14,163 [INFO] === Agenda Scanner  — 2026 ===
2026-09-30 18:06:14,164 [INFO] Already processed: 14 agendas
2026-09-30 18:06:14,201 [INFO] Fetching agenda listing page for 2026...
2026-09-30 18:06:20,941 [INFO]   Found 23 meeting page(s) for 2026
2026-09-30 18:06:23,626 [DEBUG]   Common Council Regular Meeting: no agenda PDF found
2026-09-30 18:06:26,355 [DEBUG]   Common Council Study Session: no agenda PDF found
2026-09-30 18:06:29,165 [DEBUG]   Common Council Study Session: no agenda PDF found
2026-09-30 18:06:31,861 [DEBUG]   2026-06-01 Common Council Regular Meeting (2026-06-01): already processed
2026-09-30 18:06:34,594 [DEBUG]   2026-06-01 Common Council Study Session (2026-06-01): already processed
2026-09-30 18:06:37,521 [DEBUG]   2026-05-27 Common Council Special Meeting (2026-05-27): already processed
2026-09-30 18:06:40,319 [DEBUG]   2026-05-27 Common Council Study Session (2026-06-01): already processed
2026-09-30 18:06:43,150 [DEBUG]   2026-05-18 Common Council Regular Meeting (2026-05-18): already processed
2026-09-30 18:06:46,060 [DEBUG]   2026-05-18 Common Council Study Session (2026-05-18): already processed
2026-09-30 18:06:48,872 [DEBUG]   2026-05-13 Common Council Study Session (2026-05-18): already processed
2026-09-30 18:06:51,796 [DEBUG]   2026-05-08 Common Council SPECIAL MEETING (2026-05-08): already processed
2026-09-30 18:06:54,646 [DEBUG]   2026-05-04 Common Council Regular Meeting (2026-05-04): already processed
2026-09-30 18:06:57,315 [DEBUG]   2026-05-04 Common Council Study Session (2026-05-04): already processed
2026-09-30 18:07:00,099 [DEBUG]   2026-04-29 Common Council Study Session (2026-05-04): already processed
2026-09-30 18:07:02,712 [DEBUG]   2026-04-20 Common Council Regular Meeting (2026-04-20): already processed
2026-09-30 18:07:05,438 [DEBUG]   2026-04-20 Common Council Study Session (2026-04-20): already processed
2026-09-30 18:07:08,205 [DEBUG]   2026-04-15 Common Council Study Session (2026-04-20): already processed
2026-09-30 18:07:11,055 [DEBUG]   2026-04-06 Common Council Regular Meeting (2026-04-06): already processed
2026-09-30 18:07:13,709 [DEBUG]   2026-04-06 Common Council Study Session (2026-04-06): already processed
2026-09-30 18:07:16,420 [DEBUG]   2026-04-01 Common Council Study Session (2026-04-06): already processed
2026-09-30 18:07:19,088 [DEBUG]   2026-03-23 Common Council Regular Meeting (2026-03-23): already processed
2026-09-30 18:07:21,836 [DEBUG]   2026-03-23 Common Council Study Session (2026-03-23): already processed
2026-09-30 18:07:24,482 [DEBUG]   2026-03-18 Common Council Study Session (2026-03-23): already processed
2026-09-30 18:07:24,482 [INFO] 
==================================================
2026-09-30 18:07:24,482 [INFO] AGENDA SCANNER SUMMARY 
2026-09-30 18:07:24,482 [INFO]   Meeting pages checked: 23
2026-09-30 18:07:24,482 [INFO]   New agendas parsed: 0
2026-09-30 18:07:24,482 [INFO]   Skipped (already processed or no PDF): 23
