2026-08-08 13:26:59,737 [INFO] === Agenda Scanner  — 2026 ===
2026-08-08 13:26:59,737 [INFO] Already processed: 14 agendas
2026-08-08 13:26:59,774 [INFO] Fetching agenda listing page for 2026...
2026-08-08 13:27:05,522 [INFO]   Found 33 meeting page(s) for 2026
2026-08-08 13:27:08,345 [DEBUG]   2026-06-01 Common Council Regular Meeting (2026-06-01): already processed
2026-08-08 13:27:11,166 [DEBUG]   2026-06-01 Common Council Study Session (2026-06-01): already processed
2026-08-08 13:27:14,182 [DEBUG]   2026-05-27 Common Council Special Meeting (2026-05-27): already processed
2026-08-08 13:27:16,918 [DEBUG]   2026-05-27 Common Council Study Session (2026-06-01): already processed
2026-08-08 13:27:19,547 [DEBUG]   2026-05-18 Common Council Regular Meeting (2026-05-18): already processed
2026-08-08 13:27:22,911 [DEBUG]   2026-05-18 Common Council Study Session (2026-05-18): already processed
2026-08-08 13:27:25,988 [DEBUG]   2026-05-13 Common Council Study Session (2026-05-18): already processed
2026-08-08 13:27:28,819 [DEBUG]   2026-05-08 Common Council SPECIAL MEETING (2026-05-08): already processed
2026-08-08 13:27:31,431 [DEBUG]   2026-05-04 Common Council Regular Meeting (2026-05-04): already processed
2026-08-08 13:27:34,174 [DEBUG]   2026-05-04 Common Council Study Session (2026-05-04): already processed
2026-08-08 13:27:37,008 [DEBUG]   2026-04-29 Common Council Study Session (2026-05-04): already processed
2026-08-08 13:27:39,886 [DEBUG]   2026-04-20 Common Council Regular Meeting (2026-04-20): already processed
2026-08-08 13:27:42,822 [DEBUG]   2026-04-20 Common Council Study Session (2026-04-20): already processed
2026-08-08 13:27:45,590 [DEBUG]   2026-04-15 Common Council Study Session (2026-04-20): already processed
2026-08-08 13:27:48,467 [DEBUG]   2026-04-06 Common Council Regular Meeting (2026-04-06): already processed
2026-08-08 13:27:51,404 [DEBUG]   2026-04-06 Common Council Study Session (2026-04-06): already processed
2026-08-08 13:27:54,009 [DEBUG]   2026-04-01 Common Council Study Session (2026-04-06): already processed
2026-08-08 13:27:57,133 [DEBUG]   2026-03-23 Common Council Regular Meeting (2026-03-23): already processed
2026-08-08 13:27:59,953 [DEBUG]   2026-03-23 Common Council Study Session (2026-03-23): already processed
2026-08-08 13:28:02,666 [DEBUG]   2026-03-18 Common Council Study Session (2026-03-23): already processed
2026-08-08 13:28:05,475 [DEBUG]   2026-03-09 Common Council Public Hearing: no agenda PDF found
2026-08-08 13:28:08,339 [DEBUG]   2026-03-09 Common Council Regular Meeting (2026-03-09): already processed
2026-08-08 13:28:11,120 [DEBUG]   2026-03-09 Common Council Study Session (2026-03-09): already processed
2026-08-08 13:28:13,726 [DEBUG]   2026-03-04 Common Council Study Session (2026-03-09): already processed
2026-08-08 13:28:16,371 [DEBUG]   2026-02-23 Common Council Regular Meeting (2026-02-23): already processed
2026-08-08 13:28:19,276 [DEBUG]   2026-02-23 Common Council Study Session (2026-02-23): already processed
2026-08-08 13:28:21,970 [DEBUG]   2026-02-19 Common Council Town Hall: no agenda PDF found
2026-08-08 13:28:24,684 [DEBUG]   2026-02-18 Common Council Study Session (2026-02-23): already processed
2026-08-08 13:28:27,456 [DEBUG]   2026-02-09 Common Council Regular Meeting (2026-02-09): already processed
2026-08-08 13:28:30,412 [DEBUG]   2026-02-09 Common Council Study Session (2026-02-09): already processed
2026-08-08 13:28:33,185 [DEBUG]   2026-02-04 Common Council Study Session (2026-02-09): already processed
2026-08-08 13:28:35,862 [DEBUG]   2026-01-26 Common Council Public Hearing: no agenda PDF found
2026-08-08 13:28:38,563 [DEBUG]   2026-01-26 Common Council Regular Meeting (2026-01-26): already processed
2026-08-08 13:28:38,563 [INFO] 
==================================================
2026-08-08 13:28:38,563 [INFO] AGENDA SCANNER SUMMARY 
2026-08-08 13:28:38,563 [INFO]   Meeting pages checked: 33
2026-08-08 13:28:38,563 [INFO]   New agendas parsed: 0
2026-08-08 13:28:38,563 [INFO]   Skipped (already processed or no PDF): 33
