2026-08-09 13:31:04,296 [INFO] === Agenda Scanner  — 2026 ===
2026-08-09 13:31:04,297 [INFO] Already processed: 14 agendas
2026-08-09 13:31:04,332 [INFO] Fetching agenda listing page for 2026...
2026-08-09 13:31:10,106 [INFO]   Found 32 meeting page(s) for 2026
2026-08-09 13:31:13,190 [DEBUG]   2026-06-01 Common Council Regular Meeting (2026-06-01): already processed
2026-08-09 13:31:15,896 [DEBUG]   2026-06-01 Common Council Study Session (2026-06-01): already processed
2026-08-09 13:31:18,576 [DEBUG]   2026-05-27 Common Council Special Meeting (2026-05-27): already processed
2026-08-09 13:31:21,518 [DEBUG]   2026-05-27 Common Council Study Session (2026-06-01): already processed
2026-08-09 13:31:24,164 [DEBUG]   2026-05-18 Common Council Regular Meeting (2026-05-18): already processed
2026-08-09 13:31:26,901 [DEBUG]   2026-05-18 Common Council Study Session (2026-05-18): already processed
2026-08-09 13:31:29,591 [DEBUG]   2026-05-13 Common Council Study Session (2026-05-18): already processed
2026-08-09 13:31:32,398 [DEBUG]   2026-05-08 Common Council SPECIAL MEETING (2026-05-08): already processed
2026-08-09 13:31:35,147 [DEBUG]   2026-05-04 Common Council Regular Meeting (2026-05-04): already processed
2026-08-09 13:31:37,969 [DEBUG]   2026-05-04 Common Council Study Session (2026-05-04): already processed
2026-08-09 13:31:40,849 [DEBUG]   2026-04-29 Common Council Study Session (2026-05-04): already processed
2026-08-09 13:31:43,618 [DEBUG]   2026-04-20 Common Council Regular Meeting (2026-04-20): already processed
2026-08-09 13:31:46,305 [DEBUG]   2026-04-20 Common Council Study Session (2026-04-20): already processed
2026-08-09 13:31:48,911 [DEBUG]   2026-04-15 Common Council Study Session (2026-04-20): already processed
2026-08-09 13:31:51,648 [DEBUG]   2026-04-06 Common Council Regular Meeting (2026-04-06): already processed
2026-08-09 13:31:54,484 [DEBUG]   2026-04-06 Common Council Study Session (2026-04-06): already processed
2026-08-09 13:31:57,112 [DEBUG]   2026-04-01 Common Council Study Session (2026-04-06): already processed
2026-08-09 13:31:59,996 [DEBUG]   2026-03-23 Common Council Regular Meeting (2026-03-23): already processed
2026-08-09 13:32:02,801 [DEBUG]   2026-03-23 Common Council Study Session (2026-03-23): already processed
2026-08-09 13:32:06,008 [DEBUG]   2026-03-18 Common Council Study Session (2026-03-23): already processed
2026-08-09 13:32:08,696 [DEBUG]   2026-03-09 Common Council Public Hearing: no agenda PDF found
2026-08-09 13:32:11,367 [DEBUG]   2026-03-09 Common Council Regular Meeting (2026-03-09): already processed
2026-08-09 13:32:14,160 [DEBUG]   2026-03-09 Common Council Study Session (2026-03-09): already processed
2026-08-09 13:32:16,817 [DEBUG]   2026-03-04 Common Council Study Session (2026-03-09): already processed
2026-08-09 13:32:19,468 [DEBUG]   2026-02-23 Common Council Regular Meeting (2026-02-23): already processed
2026-08-09 13:32:22,324 [DEBUG]   2026-02-23 Common Council Study Session (2026-02-23): already processed
2026-08-09 13:32:25,059 [DEBUG]   2026-02-19 Common Council Town Hall: no agenda PDF found
2026-08-09 13:32:27,900 [DEBUG]   2026-02-18 Common Council Study Session (2026-02-23): already processed
2026-08-09 13:32:30,501 [DEBUG]   2026-02-09 Common Council Regular Meeting (2026-02-09): already processed
2026-08-09 13:32:33,365 [DEBUG]   2026-02-09 Common Council Study Session (2026-02-09): already processed
2026-08-09 13:32:36,259 [DEBUG]   2026-02-04 Common Council Study Session (2026-02-09): already processed
2026-08-09 13:32:39,154 [DEBUG]   2026-01-26 Common Council Public Hearing: no agenda PDF found
2026-08-09 13:32:39,154 [INFO] 
==================================================
2026-08-09 13:32:39,154 [INFO] AGENDA SCANNER SUMMARY 
2026-08-09 13:32:39,154 [INFO]   Meeting pages checked: 32
2026-08-09 13:32:39,154 [INFO]   New agendas parsed: 0
2026-08-09 13:32:39,154 [INFO]   Skipped (already processed or no PDF): 32
