2026-09-04 16:32:21,495 [INFO] === Agenda Scanner  — 2026 ===
2026-09-04 16:32:21,495 [INFO] Already processed: 14 agendas
2026-09-04 16:32:21,533 [INFO] Fetching agenda listing page for 2026...
2026-09-04 16:32:26,857 [INFO]   Found 30 meeting page(s) for 2026
2026-09-04 16:32:30,118 [DEBUG]   2026-06-01 Common Council Regular Meeting (2026-06-01): already processed
2026-09-04 16:32:33,042 [DEBUG]   2026-06-01 Common Council Study Session (2026-06-01): already processed
2026-09-04 16:32:36,195 [DEBUG]   2026-05-27 Common Council Special Meeting (2026-05-27): already processed
2026-09-04 16:32:39,202 [DEBUG]   2026-05-27 Common Council Study Session (2026-06-01): already processed
2026-09-04 16:32:42,241 [DEBUG]   2026-05-18 Common Council Regular Meeting (2026-05-18): already processed
2026-09-04 16:32:45,298 [DEBUG]   2026-05-18 Common Council Study Session (2026-05-18): already processed
2026-09-04 16:32:48,222 [DEBUG]   2026-05-13 Common Council Study Session (2026-05-18): already processed
2026-09-04 16:32:51,482 [DEBUG]   2026-05-08 Common Council SPECIAL MEETING (2026-05-08): already processed
2026-09-04 16:32:54,264 [DEBUG]   2026-05-04 Common Council Regular Meeting (2026-05-04): already processed
2026-09-04 16:32:57,306 [DEBUG]   2026-05-04 Common Council Study Session (2026-05-04): already processed
2026-09-04 16:33:00,523 [DEBUG]   2026-04-29 Common Council Study Session (2026-05-04): already processed
2026-09-04 16:33:03,754 [DEBUG]   2026-04-20 Common Council Regular Meeting (2026-04-20): already processed
2026-09-04 16:33:06,697 [DEBUG]   2026-04-20 Common Council Study Session (2026-04-20): already processed
2026-09-04 16:33:09,500 [DEBUG]   2026-04-15 Common Council Study Session (2026-04-20): already processed
2026-09-04 16:33:12,555 [DEBUG]   2026-04-06 Common Council Regular Meeting (2026-04-06): already processed
2026-09-04 16:33:15,321 [DEBUG]   2026-04-06 Common Council Study Session (2026-04-06): already processed
2026-09-04 16:33:18,238 [DEBUG]   2026-04-01 Common Council Study Session (2026-04-06): already processed
2026-09-04 16:33:21,102 [DEBUG]   2026-03-23 Common Council Regular Meeting (2026-03-23): already processed
2026-09-04 16:33:24,017 [DEBUG]   2026-03-23 Common Council Study Session (2026-03-23): already processed
2026-09-04 16:33:27,201 [DEBUG]   2026-03-18 Common Council Study Session (2026-03-23): already processed
2026-09-04 16:33:30,241 [DEBUG]   2026-03-09 Common Council Public Hearing: no agenda PDF found
2026-09-04 16:33:33,351 [DEBUG]   2026-03-09 Common Council Regular Meeting (2026-03-09): already processed
2026-09-04 16:33:36,135 [DEBUG]   2026-03-09 Common Council Study Session (2026-03-09): already processed
2026-09-04 16:33:39,150 [DEBUG]   2026-03-04 Common Council Study Session (2026-03-09): already processed
2026-09-04 16:33:42,016 [DEBUG]   2026-02-23 Common Council Regular Meeting (2026-02-23): already processed
2026-09-04 16:33:44,878 [DEBUG]   2026-02-23 Common Council Study Session (2026-02-23): already processed
2026-09-04 16:33:47,819 [DEBUG]   2026-02-19 Common Council Town Hall: no agenda PDF found
2026-09-04 16:33:50,577 [DEBUG]   2026-02-18 Common Council Study Session (2026-02-23): already processed
2026-09-04 16:33:53,291 [DEBUG]   2026-02-09 Common Council Regular Meeting (2026-02-09): already processed
2026-09-04 16:33:56,069 [DEBUG]   2026-02-09 Common Council Study Session (2026-02-09): already processed
2026-09-04 16:33:56,069 [INFO] 
==================================================
2026-09-04 16:33:56,070 [INFO] AGENDA SCANNER SUMMARY 
2026-09-04 16:33:56,070 [INFO]   Meeting pages checked: 30
2026-09-04 16:33:56,070 [INFO]   New agendas parsed: 0
2026-09-04 16:33:56,070 [INFO]   Skipped (already processed or no PDF): 30
