2026-10-04 16:56:42,521 [INFO] === Agenda Scanner  — 2026 ===
2026-10-04 16:56:42,522 [INFO] Already processed: 14 agendas
2026-10-04 16:56:42,551 [INFO] Fetching agenda listing page for 2026...
2026-10-04 16:56:48,376 [INFO]   Found 23 meeting page(s) for 2026
2026-10-04 16:56:50,968 [DEBUG]   Common Council Regular Meeting: no agenda PDF found
2026-10-04 16:56:53,403 [DEBUG]   Common Council Study Session: no agenda PDF found
2026-10-04 16:56:55,872 [DEBUG]   Common Council Study Session: no agenda PDF found
2026-10-04 16:56:58,451 [DEBUG]   2026-06-01 Common Council Regular Meeting (2026-06-01): already processed
2026-10-04 16:57:02,213 [DEBUG]   2026-06-01 Common Council Study Session (2026-06-01): already processed
2026-10-04 16:57:04,924 [DEBUG]   2026-05-27 Common Council Special Meeting (2026-05-27): already processed
2026-10-04 16:57:07,370 [DEBUG]   2026-05-27 Common Council Study Session (2026-06-01): already processed
2026-10-04 16:57:09,896 [DEBUG]   2026-05-18 Common Council Regular Meeting (2026-05-18): already processed
2026-10-04 16:57:12,491 [DEBUG]   2026-05-18 Common Council Study Session (2026-05-18): already processed
2026-10-04 16:57:15,048 [DEBUG]   2026-05-13 Common Council Study Session (2026-05-18): already processed
2026-10-04 16:57:17,492 [DEBUG]   2026-05-08 Common Council SPECIAL MEETING (2026-05-08): already processed
2026-10-04 16:57:19,884 [DEBUG]   2026-05-04 Common Council Regular Meeting (2026-05-04): already processed
2026-10-04 16:57:22,311 [DEBUG]   2026-05-04 Common Council Study Session (2026-05-04): already processed
2026-10-04 16:57:24,736 [DEBUG]   2026-04-29 Common Council Study Session (2026-05-04): already processed
2026-10-04 16:57:27,336 [DEBUG]   2026-04-20 Common Council Regular Meeting (2026-04-20): already processed
2026-10-04 16:57:29,760 [DEBUG]   2026-04-20 Common Council Study Session (2026-04-20): already processed
2026-10-04 16:57:32,226 [DEBUG]   2026-04-15 Common Council Study Session (2026-04-20): already processed
2026-10-04 16:57:34,925 [DEBUG]   2026-04-06 Common Council Regular Meeting (2026-04-06): already processed
2026-10-04 16:57:37,528 [DEBUG]   2026-04-06 Common Council Study Session (2026-04-06): already processed
2026-10-04 16:57:39,978 [DEBUG]   2026-04-01 Common Council Study Session (2026-04-06): already processed
2026-10-04 16:57:42,436 [DEBUG]   2026-03-23 Common Council Regular Meeting (2026-03-23): already processed
2026-10-04 16:57:44,888 [DEBUG]   2026-03-23 Common Council Study Session (2026-03-23): already processed
2026-10-04 16:57:47,340 [DEBUG]   2026-03-18 Common Council Study Session (2026-03-23): already processed
2026-10-04 16:57:47,340 [INFO] 
==================================================
2026-10-04 16:57:47,340 [INFO] AGENDA SCANNER SUMMARY 
2026-10-04 16:57:47,340 [INFO]   Meeting pages checked: 23
2026-10-04 16:57:47,340 [INFO]   New agendas parsed: 0
2026-10-04 16:57:47,340 [INFO]   Skipped (already processed or no PDF): 23
