2026-09-23 17:23:01,512 [INFO] === Agenda Scanner  — 2026 ===
2026-09-23 17:23:01,512 [INFO] Already processed: 14 agendas
2026-09-23 17:23:01,549 [INFO] Fetching agenda listing page for 2026...
2026-09-23 17:23:08,348 [INFO]   Found 23 meeting page(s) for 2026
2026-09-23 17:23:11,436 [DEBUG]   2026-06-01 Common Council Regular Meeting (2026-06-01): already processed
2026-09-23 17:23:14,072 [DEBUG]   2026-06-01 Common Council Study Session (2026-06-01): already processed
2026-09-23 17:23:16,919 [DEBUG]   2026-05-27 Common Council Special Meeting (2026-05-27): already processed
2026-09-23 17:23:19,641 [DEBUG]   2026-05-27 Common Council Study Session (2026-06-01): already processed
2026-09-23 17:23:22,397 [DEBUG]   2026-05-18 Common Council Regular Meeting (2026-05-18): already processed
2026-09-23 17:23:25,180 [DEBUG]   2026-05-18 Common Council Study Session (2026-05-18): already processed
2026-09-23 17:23:27,894 [DEBUG]   2026-05-13 Common Council Study Session (2026-05-18): already processed
2026-09-23 17:23:30,616 [DEBUG]   2026-05-08 Common Council SPECIAL MEETING (2026-05-08): already processed
2026-09-23 17:23:33,221 [DEBUG]   2026-05-04 Common Council Regular Meeting (2026-05-04): already processed
2026-09-23 17:23:36,979 [DEBUG]   2026-05-04 Common Council Study Session (2026-05-04): already processed
2026-09-23 17:23:39,794 [DEBUG]   2026-04-29 Common Council Study Session (2026-05-04): already processed
2026-09-23 17:23:42,485 [DEBUG]   2026-04-20 Common Council Regular Meeting (2026-04-20): already processed
2026-09-23 17:23:45,280 [DEBUG]   2026-04-20 Common Council Study Session (2026-04-20): already processed
2026-09-23 17:23:48,026 [DEBUG]   2026-04-15 Common Council Study Session (2026-04-20): already processed
2026-09-23 17:23:50,723 [DEBUG]   2026-04-06 Common Council Regular Meeting (2026-04-06): already processed
2026-09-23 17:23:54,333 [DEBUG]   2026-04-06 Common Council Study Session (2026-04-06): already processed
2026-09-23 17:23:57,917 [DEBUG]   2026-04-01 Common Council Study Session (2026-04-06): already processed
2026-09-23 17:24:00,634 [DEBUG]   2026-03-23 Common Council Regular Meeting (2026-03-23): already processed
2026-09-23 17:24:03,417 [DEBUG]   2026-03-23 Common Council Study Session (2026-03-23): already processed
2026-09-23 17:24:06,224 [DEBUG]   2026-03-18 Common Council Study Session (2026-03-23): already processed
2026-09-23 17:24:08,928 [DEBUG]   2026-03-09 Common Council Public Hearing: no agenda PDF found
2026-09-23 17:24:11,526 [DEBUG]   2026-03-09 Common Council Regular Meeting (2026-03-09): already processed
2026-09-23 17:24:41,969 [WARNING]   Failed to load meeting page: Page.goto: Timeout 30000ms exceeded.
Call log:
  - navigating to "https://www.syr.gov/Departments/Common-Council/Meetings-and-Agendas/2026/2026-03-09-Common-Council-Study-Session", waiting until "networkidle"

2026-09-23 17:24:42,268 [DEBUG]   2026-03-09 Common Council Study Session: no agenda PDF found
2026-09-23 17:24:42,268 [INFO] 
==================================================
2026-09-23 17:24:42,268 [INFO] AGENDA SCANNER SUMMARY 
2026-09-23 17:24:42,268 [INFO]   Meeting pages checked: 23
2026-09-23 17:24:42,268 [INFO]   New agendas parsed: 0
2026-09-23 17:24:42,268 [INFO]   Skipped (already processed or no PDF): 23
