2026-08-14 13:53:44,951 [INFO] === Agenda Scanner  — 2026 ===
2026-08-14 13:53:44,952 [INFO] Already processed: 14 agendas
2026-08-14 13:53:44,988 [INFO] Fetching agenda listing page for 2026...
2026-08-14 13:53:51,106 [INFO]   Found 31 meeting page(s) for 2026
2026-08-14 13:53:54,080 [DEBUG]   2026-06-01 Common Council Regular Meeting (2026-06-01): already processed
2026-08-14 13:53:56,681 [DEBUG]   2026-06-01 Common Council Study Session (2026-06-01): already processed
2026-08-14 13:53:59,838 [DEBUG]   2026-05-27 Common Council Special Meeting (2026-05-27): already processed
2026-08-14 13:54:02,405 [DEBUG]   2026-05-27 Common Council Study Session (2026-06-01): already processed
2026-08-14 13:54:04,955 [DEBUG]   2026-05-18 Common Council Regular Meeting (2026-05-18): already processed
2026-08-14 13:54:08,023 [DEBUG]   2026-05-18 Common Council Study Session (2026-05-18): already processed
2026-08-14 13:54:11,182 [DEBUG]   2026-05-13 Common Council Study Session (2026-05-18): already processed
2026-08-14 13:54:14,026 [DEBUG]   2026-05-08 Common Council SPECIAL MEETING (2026-05-08): already processed
2026-08-14 13:54:16,519 [DEBUG]   2026-05-04 Common Council Regular Meeting (2026-05-04): already processed
2026-08-14 13:54:19,092 [DEBUG]   2026-05-04 Common Council Study Session (2026-05-04): already processed
2026-08-14 13:54:22,074 [DEBUG]   2026-04-29 Common Council Study Session (2026-05-04): already processed
2026-08-14 13:54:25,295 [DEBUG]   2026-04-20 Common Council Regular Meeting (2026-04-20): already processed
2026-08-14 13:54:27,852 [DEBUG]   2026-04-20 Common Council Study Session (2026-04-20): already processed
2026-08-14 13:54:30,504 [DEBUG]   2026-04-15 Common Council Study Session (2026-04-20): already processed
2026-08-14 13:54:33,366 [DEBUG]   2026-04-06 Common Council Regular Meeting (2026-04-06): already processed
2026-08-14 13:54:35,890 [DEBUG]   2026-04-06 Common Council Study Session (2026-04-06): already processed
2026-08-14 13:54:38,400 [DEBUG]   2026-04-01 Common Council Study Session (2026-04-06): already processed
2026-08-14 13:54:41,359 [DEBUG]   2026-03-23 Common Council Regular Meeting (2026-03-23): already processed
2026-08-14 13:54:44,326 [DEBUG]   2026-03-23 Common Council Study Session (2026-03-23): already processed
2026-08-14 13:54:46,978 [DEBUG]   2026-03-18 Common Council Study Session (2026-03-23): already processed
2026-08-14 13:54:49,900 [DEBUG]   2026-03-09 Common Council Public Hearing: no agenda PDF found
2026-08-14 13:54:52,526 [DEBUG]   2026-03-09 Common Council Regular Meeting (2026-03-09): already processed
2026-08-14 13:54:55,535 [DEBUG]   2026-03-09 Common Council Study Session (2026-03-09): already processed
2026-08-14 13:54:58,341 [DEBUG]   2026-03-04 Common Council Study Session (2026-03-09): already processed
2026-08-14 13:55:01,000 [DEBUG]   2026-02-23 Common Council Regular Meeting (2026-02-23): already processed
2026-08-14 13:55:03,808 [DEBUG]   2026-02-23 Common Council Study Session (2026-02-23): already processed
2026-08-14 13:55:06,415 [DEBUG]   2026-02-19 Common Council Town Hall: no agenda PDF found
2026-08-14 13:55:09,149 [DEBUG]   2026-02-18 Common Council Study Session (2026-02-23): already processed
2026-08-14 13:55:11,715 [DEBUG]   2026-02-09 Common Council Regular Meeting (2026-02-09): already processed
2026-08-14 13:55:14,405 [DEBUG]   2026-02-09 Common Council Study Session (2026-02-09): already processed
2026-08-14 13:55:16,986 [DEBUG]   2026-02-04 Common Council Study Session (2026-02-09): already processed
2026-08-14 13:55:16,986 [INFO] 
==================================================
2026-08-14 13:55:16,986 [INFO] AGENDA SCANNER SUMMARY 
2026-08-14 13:55:16,986 [INFO]   Meeting pages checked: 31
2026-08-14 13:55:16,986 [INFO]   New agendas parsed: 0
2026-08-14 13:55:16,986 [INFO]   Skipped (already processed or no PDF): 31
