2026-08-23 13:11:17,521 [INFO] === Agenda Scanner  — 2026 ===
2026-08-23 13:11:17,521 [INFO] Already processed: 14 agendas
2026-08-23 13:11:17,551 [INFO] Fetching agenda listing page for 2026...
2026-08-23 13:11:24,756 [INFO]   Found 31 meeting page(s) for 2026
2026-08-23 13:11:28,066 [DEBUG]   2026-06-01 Common Council Regular Meeting (2026-06-01): already processed
2026-08-23 13:11:30,416 [DEBUG]   2026-06-01 Common Council Study Session (2026-06-01): already processed
2026-08-23 13:11:33,097 [DEBUG]   2026-05-27 Common Council Special Meeting (2026-05-27): already processed
2026-08-23 13:11:36,179 [DEBUG]   2026-05-27 Common Council Study Session (2026-06-01): already processed
2026-08-23 13:11:38,769 [DEBUG]   2026-05-18 Common Council Regular Meeting (2026-05-18): already processed
2026-08-23 13:11:41,538 [DEBUG]   2026-05-18 Common Council Study Session (2026-05-18): already processed
2026-08-23 13:11:44,099 [DEBUG]   2026-05-13 Common Council Study Session (2026-05-18): already processed
2026-08-23 13:11:47,344 [DEBUG]   2026-05-08 Common Council SPECIAL MEETING (2026-05-08): already processed
2026-08-23 13:11:49,769 [DEBUG]   2026-05-04 Common Council Regular Meeting (2026-05-04): already processed
2026-08-23 13:11:52,446 [DEBUG]   2026-05-04 Common Council Study Session (2026-05-04): already processed
2026-08-23 13:11:55,139 [DEBUG]   2026-04-29 Common Council Study Session (2026-05-04): already processed
2026-08-23 13:11:58,135 [DEBUG]   2026-04-20 Common Council Regular Meeting (2026-04-20): already processed
2026-08-23 13:12:00,569 [DEBUG]   2026-04-20 Common Council Study Session (2026-04-20): already processed
2026-08-23 13:12:03,268 [DEBUG]   2026-04-15 Common Council Study Session (2026-04-20): already processed
2026-08-23 13:12:05,908 [DEBUG]   2026-04-06 Common Council Regular Meeting (2026-04-06): already processed
2026-08-23 13:12:08,330 [DEBUG]   2026-04-06 Common Council Study Session (2026-04-06): already processed
2026-08-23 13:12:10,749 [DEBUG]   2026-04-01 Common Council Study Session (2026-04-06): already processed
2026-08-23 13:12:13,856 [DEBUG]   2026-03-23 Common Council Regular Meeting (2026-03-23): already processed
2026-08-23 13:12:16,747 [DEBUG]   2026-03-23 Common Council Study Session (2026-03-23): already processed
2026-08-23 13:12:19,155 [DEBUG]   2026-03-18 Common Council Study Session (2026-03-23): already processed
2026-08-23 13:12:21,880 [DEBUG]   2026-03-09 Common Council Public Hearing: no agenda PDF found
2026-08-23 13:12:24,752 [DEBUG]   2026-03-09 Common Council Regular Meeting (2026-03-09): already processed
2026-08-23 13:12:27,192 [DEBUG]   2026-03-09 Common Council Study Session (2026-03-09): already processed
2026-08-23 13:12:29,726 [DEBUG]   2026-03-04 Common Council Study Session (2026-03-09): already processed
2026-08-23 13:12:32,394 [DEBUG]   2026-02-23 Common Council Regular Meeting (2026-02-23): already processed
2026-08-23 13:12:34,860 [DEBUG]   2026-02-23 Common Council Study Session (2026-02-23): already processed
2026-08-23 13:12:37,915 [DEBUG]   2026-02-19 Common Council Town Hall: no agenda PDF found
2026-08-23 13:12:40,360 [DEBUG]   2026-02-18 Common Council Study Session (2026-02-23): already processed
2026-08-23 13:12:42,732 [DEBUG]   2026-02-09 Common Council Regular Meeting (2026-02-09): already processed
2026-08-23 13:12:45,642 [DEBUG]   2026-02-09 Common Council Study Session (2026-02-09): already processed
2026-08-23 13:12:48,224 [DEBUG]   2026-02-04 Common Council Study Session (2026-02-09): already processed
2026-08-23 13:12:48,224 [INFO] 
==================================================
2026-08-23 13:12:48,224 [INFO] AGENDA SCANNER SUMMARY 
2026-08-23 13:12:48,224 [INFO]   Meeting pages checked: 31
2026-08-23 13:12:48,224 [INFO]   New agendas parsed: 0
2026-08-23 13:12:48,224 [INFO]   Skipped (already processed or no PDF): 31
