2026-08-24 13:30:49,235 [INFO] === Agenda Scanner  — 2026 ===
2026-08-24 13:30:49,236 [INFO] Already processed: 14 agendas
2026-08-24 13:30:49,272 [INFO] Fetching agenda listing page for 2026...
2026-08-24 13:30:55,492 [INFO]   Found 31 meeting page(s) for 2026
2026-08-24 13:30:58,224 [DEBUG]   2026-06-01 Common Council Regular Meeting (2026-06-01): already processed
2026-08-24 13:31:01,240 [DEBUG]   2026-06-01 Common Council Study Session (2026-06-01): already processed
2026-08-24 13:31:03,992 [DEBUG]   2026-05-27 Common Council Special Meeting (2026-05-27): already processed
2026-08-24 13:31:06,734 [DEBUG]   2026-05-27 Common Council Study Session (2026-06-01): already processed
2026-08-24 13:31:09,647 [DEBUG]   2026-05-18 Common Council Regular Meeting (2026-05-18): already processed
2026-08-24 13:31:12,748 [DEBUG]   2026-05-18 Common Council Study Session (2026-05-18): already processed
2026-08-24 13:31:15,741 [DEBUG]   2026-05-13 Common Council Study Session (2026-05-18): already processed
2026-08-24 13:31:18,320 [DEBUG]   2026-05-08 Common Council SPECIAL MEETING (2026-05-08): already processed
2026-08-24 13:31:20,918 [DEBUG]   2026-05-04 Common Council Regular Meeting (2026-05-04): already processed
2026-08-24 13:31:23,658 [DEBUG]   2026-05-04 Common Council Study Session (2026-05-04): already processed
2026-08-24 13:31:26,486 [DEBUG]   2026-04-29 Common Council Study Session (2026-05-04): already processed
2026-08-24 13:31:29,161 [DEBUG]   2026-04-20 Common Council Regular Meeting (2026-04-20): already processed
2026-08-24 13:31:32,412 [DEBUG]   2026-04-20 Common Council Study Session (2026-04-20): already processed
2026-08-24 13:31:35,112 [DEBUG]   2026-04-15 Common Council Study Session (2026-04-20): already processed
2026-08-24 13:31:38,050 [DEBUG]   2026-04-06 Common Council Regular Meeting (2026-04-06): already processed
2026-08-24 13:31:41,005 [DEBUG]   2026-04-06 Common Council Study Session (2026-04-06): already processed
2026-08-24 13:31:43,760 [DEBUG]   2026-04-01 Common Council Study Session (2026-04-06): already processed
2026-08-24 13:31:46,365 [DEBUG]   2026-03-23 Common Council Regular Meeting (2026-03-23): already processed
2026-08-24 13:31:49,233 [DEBUG]   2026-03-23 Common Council Study Session (2026-03-23): already processed
2026-08-24 13:31:52,040 [DEBUG]   2026-03-18 Common Council Study Session (2026-03-23): already processed
2026-08-24 13:31:54,880 [DEBUG]   2026-03-09 Common Council Public Hearing: no agenda PDF found
2026-08-24 13:31:57,548 [DEBUG]   2026-03-09 Common Council Regular Meeting (2026-03-09): already processed
2026-08-24 13:32:00,107 [DEBUG]   2026-03-09 Common Council Study Session (2026-03-09): already processed
2026-08-24 13:32:02,674 [DEBUG]   2026-03-04 Common Council Study Session (2026-03-09): already processed
2026-08-24 13:32:05,475 [DEBUG]   2026-02-23 Common Council Regular Meeting (2026-02-23): already processed
2026-08-24 13:32:08,121 [DEBUG]   2026-02-23 Common Council Study Session (2026-02-23): already processed
2026-08-24 13:32:11,447 [DEBUG]   2026-02-19 Common Council Town Hall: no agenda PDF found
2026-08-24 13:32:14,233 [DEBUG]   2026-02-18 Common Council Study Session (2026-02-23): already processed
2026-08-24 13:32:17,028 [DEBUG]   2026-02-09 Common Council Regular Meeting (2026-02-09): already processed
2026-08-24 13:32:19,868 [DEBUG]   2026-02-09 Common Council Study Session (2026-02-09): already processed
2026-08-24 13:32:22,669 [DEBUG]   2026-02-04 Common Council Study Session (2026-02-09): already processed
2026-08-24 13:32:22,669 [INFO] 
==================================================
2026-08-24 13:32:22,669 [INFO] AGENDA SCANNER SUMMARY 
2026-08-24 13:32:22,669 [INFO]   Meeting pages checked: 31
2026-08-24 13:32:22,669 [INFO]   New agendas parsed: 0
2026-08-24 13:32:22,669 [INFO]   Skipped (already processed or no PDF): 31
