2026-08-21 13:26:28,460 [INFO] === Agenda Scanner  — 2026 ===
2026-08-21 13:26:28,461 [INFO] Already processed: 14 agendas
2026-08-21 13:26:28,496 [INFO] Fetching agenda listing page for 2026...
2026-08-21 13:26:33,395 [INFO]   Found 32 meeting page(s) for 2026
2026-08-21 13:26:36,092 [DEBUG]   2026-06-01 Common Council Regular Meeting (2026-06-01): already processed
2026-08-21 13:26:38,699 [DEBUG]   2026-06-01 Common Council Study Session (2026-06-01): already processed
2026-08-21 13:26:41,670 [DEBUG]   2026-05-27 Common Council Special Meeting (2026-05-27): already processed
2026-08-21 13:26:44,546 [DEBUG]   2026-05-27 Common Council Study Session (2026-06-01): already processed
2026-08-21 13:26:47,255 [DEBUG]   2026-05-18 Common Council Regular Meeting (2026-05-18): already processed
2026-08-21 13:26:50,465 [DEBUG]   2026-05-18 Common Council Study Session (2026-05-18): already processed
2026-08-21 13:26:53,299 [DEBUG]   2026-05-13 Common Council Study Session (2026-05-18): already processed
2026-08-21 13:26:56,147 [DEBUG]   2026-05-08 Common Council SPECIAL MEETING (2026-05-08): already processed
2026-08-21 13:26:58,875 [DEBUG]   2026-05-04 Common Council Regular Meeting (2026-05-04): already processed
2026-08-21 13:27:01,751 [DEBUG]   2026-05-04 Common Council Study Session (2026-05-04): already processed
2026-08-21 13:27:04,558 [DEBUG]   2026-04-29 Common Council Study Session (2026-05-04): already processed
2026-08-21 13:27:07,381 [DEBUG]   2026-04-20 Common Council Regular Meeting (2026-04-20): already processed
2026-08-21 13:27:10,188 [DEBUG]   2026-04-20 Common Council Study Session (2026-04-20): already processed
2026-08-21 13:27:12,888 [DEBUG]   2026-04-15 Common Council Study Session (2026-04-20): already processed
2026-08-21 13:27:15,544 [DEBUG]   2026-04-06 Common Council Regular Meeting (2026-04-06): already processed
2026-08-21 13:27:18,293 [DEBUG]   2026-04-06 Common Council Study Session (2026-04-06): already processed
2026-08-21 13:27:21,140 [DEBUG]   2026-04-01 Common Council Study Session (2026-04-06): already processed
2026-08-21 13:27:23,850 [DEBUG]   2026-03-23 Common Council Regular Meeting (2026-03-23): already processed
2026-08-21 13:27:26,515 [DEBUG]   2026-03-23 Common Council Study Session (2026-03-23): already processed
2026-08-21 13:27:29,367 [DEBUG]   2026-03-18 Common Council Study Session (2026-03-23): already processed
2026-08-21 13:27:32,143 [DEBUG]   2026-03-09 Common Council Public Hearing: no agenda PDF found
2026-08-21 13:27:34,795 [DEBUG]   2026-03-09 Common Council Regular Meeting (2026-03-09): already processed
2026-08-21 13:27:37,650 [DEBUG]   2026-03-09 Common Council Study Session (2026-03-09): already processed
2026-08-21 13:27:40,451 [DEBUG]   2026-03-04 Common Council Study Session (2026-03-09): already processed
2026-08-21 13:27:43,052 [DEBUG]   2026-02-23 Common Council Regular Meeting (2026-02-23): already processed
2026-08-21 13:28:13,515 [WARNING]   Failed to load meeting page: Page.goto: Timeout 30000ms exceeded.
Call log:
  - navigating to "https://www.syr.gov/Departments/Common-Council/Meetings-and-Agendas/2026/2026-02-23-Common-Council-Study-Session", waiting until "networkidle"

2026-08-21 13:28:13,808 [DEBUG]   2026-02-23 Common Council Study Session: no agenda PDF found
2026-08-21 13:28:16,500 [DEBUG]   2026-02-19 Common Council Town Hall: no agenda PDF found
2026-08-21 13:28:19,256 [DEBUG]   2026-02-18 Common Council Study Session (2026-02-23): already processed
2026-08-21 13:28:21,935 [DEBUG]   2026-02-09 Common Council Regular Meeting (2026-02-09): already processed
2026-08-21 13:28:24,538 [DEBUG]   2026-02-09 Common Council Study Session (2026-02-09): already processed
2026-08-21 13:28:27,212 [DEBUG]   2026-02-04 Common Council Study Session (2026-02-09): already processed
2026-08-21 13:28:29,818 [DEBUG]   2026-01-26 Common Council Public Hearing: no agenda PDF found
2026-08-21 13:28:29,818 [INFO] 
==================================================
2026-08-21 13:28:29,818 [INFO] AGENDA SCANNER SUMMARY 
2026-08-21 13:28:29,818 [INFO]   Meeting pages checked: 32
2026-08-21 13:28:29,818 [INFO]   New agendas parsed: 0
2026-08-21 13:28:29,818 [INFO]   Skipped (already processed or no PDF): 32
