2026-09-19 16:00:11,986 [INFO] === Agenda Scanner  — 2026 ===
2026-09-19 16:00:11,987 [INFO] Already processed: 14 agendas
2026-09-19 16:00:12,024 [INFO] Fetching agenda listing page for 2026...
2026-09-19 16:00:21,173 [INFO]   Found 23 meeting page(s) for 2026
2026-09-19 16:00:24,192 [DEBUG]   2026-06-01 Common Council Regular Meeting (2026-06-01): already processed
2026-09-19 16:00:27,215 [DEBUG]   2026-06-01 Common Council Study Session (2026-06-01): already processed
2026-09-19 16:00:29,866 [DEBUG]   2026-05-27 Common Council Special Meeting (2026-05-27): already processed
2026-09-19 16:00:32,386 [DEBUG]   2026-05-27 Common Council Study Session (2026-06-01): already processed
2026-09-19 16:00:35,338 [DEBUG]   2026-05-18 Common Council Regular Meeting (2026-05-18): already processed
2026-09-19 16:00:38,059 [DEBUG]   2026-05-18 Common Council Study Session (2026-05-18): already processed
2026-09-19 16:00:40,784 [DEBUG]   2026-05-13 Common Council Study Session (2026-05-18): already processed
2026-09-19 16:00:43,637 [DEBUG]   2026-05-08 Common Council SPECIAL MEETING (2026-05-08): already processed
2026-09-19 16:00:46,288 [DEBUG]   2026-05-04 Common Council Regular Meeting (2026-05-04): already processed
2026-09-19 16:00:49,505 [DEBUG]   2026-05-04 Common Council Study Session (2026-05-04): already processed
2026-09-19 16:00:52,470 [DEBUG]   2026-04-29 Common Council Study Session (2026-05-04): already processed
2026-09-19 16:00:55,687 [DEBUG]   2026-04-20 Common Council Regular Meeting (2026-04-20): already processed
2026-09-19 16:00:58,488 [DEBUG]   2026-04-20 Common Council Study Session (2026-04-20): already processed
2026-09-19 16:01:01,322 [DEBUG]   2026-04-15 Common Council Study Session (2026-04-20): already processed
2026-09-19 16:01:04,083 [DEBUG]   2026-04-06 Common Council Regular Meeting (2026-04-06): already processed
2026-09-19 16:01:06,967 [DEBUG]   2026-04-06 Common Council Study Session (2026-04-06): already processed
2026-09-19 16:01:09,582 [DEBUG]   2026-04-01 Common Council Study Session (2026-04-06): already processed
2026-09-19 16:01:12,317 [DEBUG]   2026-03-23 Common Council Regular Meeting (2026-03-23): already processed
2026-09-19 16:01:15,332 [DEBUG]   2026-03-23 Common Council Study Session (2026-03-23): already processed
2026-09-19 16:01:17,886 [DEBUG]   2026-03-18 Common Council Study Session (2026-03-23): already processed
2026-09-19 16:01:20,835 [DEBUG]   2026-03-09 Common Council Public Hearing: no agenda PDF found
2026-09-19 16:01:24,041 [DEBUG]   2026-03-09 Common Council Regular Meeting (2026-03-09): already processed
2026-09-19 16:01:26,701 [DEBUG]   2026-03-09 Common Council Study Session (2026-03-09): already processed
2026-09-19 16:01:26,702 [INFO] 
==================================================
2026-09-19 16:01:26,702 [INFO] AGENDA SCANNER SUMMARY 
2026-09-19 16:01:26,702 [INFO]   Meeting pages checked: 23
2026-09-19 16:01:26,702 [INFO]   New agendas parsed: 0
2026-09-19 16:01:26,702 [INFO]   Skipped (already processed or no PDF): 23
