2026-10-07 19:04:33,419 [INFO] === Agenda Scanner  — 2026 ===
2026-10-07 19:04:33,419 [INFO] Already processed: 14 agendas
2026-10-07 19:04:33,488 [INFO] Fetching agenda listing page for 2026...
2026-10-07 19:04:40,238 [INFO]   Found 23 meeting page(s) for 2026
2026-10-07 19:04:42,563 [DEBUG]   Common Council Regular Meeting: no agenda PDF found
2026-10-07 19:04:45,050 [DEBUG]   Common Council Study Session: no agenda PDF found
2026-10-07 19:04:47,525 [DEBUG]   Common Council Study Session: no agenda PDF found
2026-10-07 19:04:50,707 [DEBUG]   2026-06-01 Common Council Regular Meeting (2026-06-01): already processed
2026-10-07 19:04:53,432 [DEBUG]   2026-06-01 Common Council Study Session (2026-06-01): already processed
2026-10-07 19:04:56,427 [DEBUG]   2026-05-27 Common Council Special Meeting (2026-05-27): already processed
2026-10-07 19:04:59,192 [DEBUG]   2026-05-27 Common Council Study Session (2026-06-01): already processed
2026-10-07 19:05:01,566 [DEBUG]   2026-05-18 Common Council Regular Meeting (2026-05-18): already processed
2026-10-07 19:05:04,271 [DEBUG]   2026-05-18 Common Council Study Session (2026-05-18): already processed
2026-10-07 19:05:06,954 [DEBUG]   2026-05-13 Common Council Study Session (2026-05-18): already processed
2026-10-07 19:05:15,739 [DEBUG]   2026-05-08 Common Council SPECIAL MEETING (2026-05-08): already processed
2026-10-07 19:05:25,137 [DEBUG]   2026-05-04 Common Council Regular Meeting (2026-05-04): already processed
2026-10-07 19:05:27,770 [DEBUG]   2026-05-04 Common Council Study Session (2026-05-04): already processed
2026-10-07 19:05:30,325 [DEBUG]   2026-04-29 Common Council Study Session (2026-05-04): already processed
2026-10-07 19:05:33,270 [DEBUG]   2026-04-20 Common Council Regular Meeting (2026-04-20): already processed
2026-10-07 19:05:35,901 [DEBUG]   2026-04-20 Common Council Study Session (2026-04-20): already processed
2026-10-07 19:05:38,830 [DEBUG]   2026-04-15 Common Council Study Session (2026-04-20): already processed
2026-10-07 19:05:41,560 [DEBUG]   2026-04-06 Common Council Regular Meeting (2026-04-06): already processed
2026-10-07 19:05:44,058 [DEBUG]   2026-04-06 Common Council Study Session (2026-04-06): already processed
2026-10-07 19:05:46,523 [DEBUG]   2026-04-01 Common Council Study Session (2026-04-06): already processed
2026-10-07 19:05:49,026 [DEBUG]   2026-03-23 Common Council Regular Meeting (2026-03-23): already processed
2026-10-07 19:05:51,524 [DEBUG]   2026-03-23 Common Council Study Session (2026-03-23): already processed
2026-10-07 19:05:53,883 [DEBUG]   2026-03-18 Common Council Study Session (2026-03-23): already processed
2026-10-07 19:05:53,883 [INFO] 
==================================================
2026-10-07 19:05:53,883 [INFO] AGENDA SCANNER SUMMARY 
2026-10-07 19:05:53,883 [INFO]   Meeting pages checked: 23
2026-10-07 19:05:53,883 [INFO]   New agendas parsed: 0
2026-10-07 19:05:53,883 [INFO]   Skipped (already processed or no PDF): 23
