2026-08-22 13:09:51,066 [INFO] === Agenda Scanner  — 2026 ===
2026-08-22 13:09:51,066 [INFO] Already processed: 14 agendas
2026-08-22 13:09:51,104 [INFO] Fetching agenda listing page for 2026...
2026-08-22 13:09:56,094 [INFO]   Found 32 meeting page(s) for 2026
2026-08-22 13:09:59,348 [DEBUG]   2026-06-01 Common Council Regular Meeting (2026-06-01): already processed
2026-08-22 13:10:02,040 [DEBUG]   2026-06-01 Common Council Study Session (2026-06-01): already processed
2026-08-22 13:10:05,463 [DEBUG]   2026-05-27 Common Council Special Meeting (2026-05-27): already processed
2026-08-22 13:10:08,322 [DEBUG]   2026-05-27 Common Council Study Session (2026-06-01): already processed
2026-08-22 13:10:11,158 [DEBUG]   2026-05-18 Common Council Regular Meeting (2026-05-18): already processed
2026-08-22 13:10:13,923 [DEBUG]   2026-05-18 Common Council Study Session (2026-05-18): already processed
2026-08-22 13:10:16,527 [DEBUG]   2026-05-13 Common Council Study Session (2026-05-18): already processed
2026-08-22 13:10:19,429 [DEBUG]   2026-05-08 Common Council SPECIAL MEETING (2026-05-08): already processed
2026-08-22 13:10:22,476 [DEBUG]   2026-05-04 Common Council Regular Meeting (2026-05-04): already processed
2026-08-22 13:10:25,103 [DEBUG]   2026-05-04 Common Council Study Session (2026-05-04): already processed
2026-08-22 13:10:28,336 [DEBUG]   2026-04-29 Common Council Study Session (2026-05-04): already processed
2026-08-22 13:10:31,309 [DEBUG]   2026-04-20 Common Council Regular Meeting (2026-04-20): already processed
2026-08-22 13:10:34,596 [DEBUG]   2026-04-20 Common Council Study Session (2026-04-20): already processed
2026-08-22 13:10:37,369 [DEBUG]   2026-04-15 Common Council Study Session (2026-04-20): already processed
2026-08-22 13:10:40,034 [DEBUG]   2026-04-06 Common Council Regular Meeting (2026-04-06): already processed
2026-08-22 13:10:42,973 [DEBUG]   2026-04-06 Common Council Study Session (2026-04-06): already processed
2026-08-22 13:10:45,859 [DEBUG]   2026-04-01 Common Council Study Session (2026-04-06): already processed
2026-08-22 13:10:48,688 [DEBUG]   2026-03-23 Common Council Regular Meeting (2026-03-23): already processed
2026-08-22 13:10:51,491 [DEBUG]   2026-03-23 Common Council Study Session (2026-03-23): already processed
2026-08-22 13:10:54,124 [DEBUG]   2026-03-18 Common Council Study Session (2026-03-23): already processed
2026-08-22 13:10:56,933 [DEBUG]   2026-03-09 Common Council Public Hearing: no agenda PDF found
2026-08-22 13:10:59,891 [DEBUG]   2026-03-09 Common Council Regular Meeting (2026-03-09): already processed
2026-08-22 13:11:02,628 [DEBUG]   2026-03-09 Common Council Study Session (2026-03-09): already processed
2026-08-22 13:11:05,126 [DEBUG]   2026-03-04 Common Council Study Session (2026-03-09): already processed
2026-08-22 13:11:07,637 [DEBUG]   2026-02-23 Common Council Regular Meeting (2026-02-23): already processed
2026-08-22 13:11:10,086 [DEBUG]   2026-02-23 Common Council Study Session (2026-02-23): already processed
2026-08-22 13:11:12,650 [DEBUG]   2026-02-19 Common Council Town Hall: no agenda PDF found
2026-08-22 13:11:15,553 [DEBUG]   2026-02-18 Common Council Study Session (2026-02-23): already processed
2026-08-22 13:11:18,492 [DEBUG]   2026-02-09 Common Council Regular Meeting (2026-02-09): already processed
2026-08-22 13:11:21,268 [DEBUG]   2026-02-09 Common Council Study Session (2026-02-09): already processed
2026-08-22 13:11:23,995 [DEBUG]   2026-02-04 Common Council Study Session (2026-02-09): already processed
2026-08-22 13:11:26,490 [DEBUG]   2026-01-26 Common Council Public Hearing: no agenda PDF found
2026-08-22 13:11:26,490 [INFO] 
==================================================
2026-08-22 13:11:26,490 [INFO] AGENDA SCANNER SUMMARY 
2026-08-22 13:11:26,490 [INFO]   Meeting pages checked: 32
2026-08-22 13:11:26,491 [INFO]   New agendas parsed: 0
2026-08-22 13:11:26,491 [INFO]   Skipped (already processed or no PDF): 32
