2026-08-19 13:25:27,732 [INFO] === Agenda Scanner  — 2026 ===
2026-08-19 13:25:27,733 [INFO] Already processed: 14 agendas
2026-08-19 13:25:27,768 [INFO] Fetching agenda listing page for 2026...
2026-08-19 13:25:34,378 [INFO]   Found 31 meeting page(s) for 2026
2026-08-19 13:25:37,099 [DEBUG]   2026-06-01 Common Council Regular Meeting (2026-06-01): already processed
2026-08-19 13:25:39,759 [DEBUG]   2026-06-01 Common Council Study Session (2026-06-01): already processed
2026-08-19 13:25:42,586 [DEBUG]   2026-05-27 Common Council Special Meeting (2026-05-27): already processed
2026-08-19 13:25:45,175 [DEBUG]   2026-05-27 Common Council Study Session (2026-06-01): already processed
2026-08-19 13:25:47,877 [DEBUG]   2026-05-18 Common Council Regular Meeting (2026-05-18): already processed
2026-08-19 13:25:50,675 [DEBUG]   2026-05-18 Common Council Study Session (2026-05-18): already processed
2026-08-19 13:25:53,822 [DEBUG]   2026-05-13 Common Council Study Session (2026-05-18): already processed
2026-08-19 13:25:56,502 [DEBUG]   2026-05-08 Common Council SPECIAL MEETING (2026-05-08): already processed
2026-08-19 13:25:59,247 [DEBUG]   2026-05-04 Common Council Regular Meeting (2026-05-04): already processed
2026-08-19 13:26:02,003 [DEBUG]   2026-05-04 Common Council Study Session (2026-05-04): already processed
2026-08-19 13:26:04,799 [DEBUG]   2026-04-29 Common Council Study Session (2026-05-04): already processed
2026-08-19 13:26:07,511 [DEBUG]   2026-04-20 Common Council Regular Meeting (2026-04-20): already processed
2026-08-19 13:26:10,494 [DEBUG]   2026-04-20 Common Council Study Session (2026-04-20): already processed
2026-08-19 13:26:13,232 [DEBUG]   2026-04-15 Common Council Study Session (2026-04-20): already processed
2026-08-19 13:26:15,857 [DEBUG]   2026-04-06 Common Council Regular Meeting (2026-04-06): already processed
2026-08-19 13:26:18,520 [DEBUG]   2026-04-06 Common Council Study Session (2026-04-06): already processed
2026-08-19 13:26:21,188 [DEBUG]   2026-04-01 Common Council Study Session (2026-04-06): already processed
2026-08-19 13:26:23,875 [DEBUG]   2026-03-23 Common Council Regular Meeting (2026-03-23): already processed
2026-08-19 13:26:26,680 [DEBUG]   2026-03-23 Common Council Study Session (2026-03-23): already processed
2026-08-19 13:26:29,418 [DEBUG]   2026-03-18 Common Council Study Session (2026-03-23): already processed
2026-08-19 13:26:32,146 [DEBUG]   2026-03-09 Common Council Public Hearing: no agenda PDF found
2026-08-19 13:26:34,835 [DEBUG]   2026-03-09 Common Council Regular Meeting (2026-03-09): already processed
2026-08-19 13:26:37,761 [DEBUG]   2026-03-09 Common Council Study Session (2026-03-09): already processed
2026-08-19 13:26:40,364 [DEBUG]   2026-03-04 Common Council Study Session (2026-03-09): already processed
2026-08-19 13:26:43,005 [DEBUG]   2026-02-23 Common Council Regular Meeting (2026-02-23): already processed
2026-08-19 13:26:45,752 [DEBUG]   2026-02-23 Common Council Study Session (2026-02-23): already processed
2026-08-19 13:26:48,474 [DEBUG]   2026-02-19 Common Council Town Hall: no agenda PDF found
2026-08-19 13:26:51,122 [DEBUG]   2026-02-18 Common Council Study Session (2026-02-23): already processed
2026-08-19 13:26:54,017 [DEBUG]   2026-02-09 Common Council Regular Meeting (2026-02-09): already processed
2026-08-19 13:26:56,690 [DEBUG]   2026-02-09 Common Council Study Session (2026-02-09): already processed
2026-08-19 13:26:59,571 [DEBUG]   2026-02-04 Common Council Study Session (2026-02-09): already processed
2026-08-19 13:26:59,571 [INFO] 
==================================================
2026-08-19 13:26:59,571 [INFO] AGENDA SCANNER SUMMARY 
2026-08-19 13:26:59,571 [INFO]   Meeting pages checked: 31
2026-08-19 13:26:59,571 [INFO]   New agendas parsed: 0
2026-08-19 13:26:59,571 [INFO]   Skipped (already processed or no PDF): 31
