2026-09-03 16:37:09,099 [INFO] === Agenda Scanner  — 2026 ===
2026-09-03 16:37:09,099 [INFO] Already processed: 14 agendas
2026-09-03 16:37:09,135 [INFO] Fetching agenda listing page for 2026...
2026-09-03 16:37:14,220 [INFO]   Found 30 meeting page(s) for 2026
2026-09-03 16:37:17,192 [DEBUG]   2026-06-01 Common Council Regular Meeting (2026-06-01): already processed
2026-09-03 16:37:20,129 [DEBUG]   2026-06-01 Common Council Study Session (2026-06-01): already processed
2026-09-03 16:37:22,941 [DEBUG]   2026-05-27 Common Council Special Meeting (2026-05-27): already processed
2026-09-03 16:37:25,906 [DEBUG]   2026-05-27 Common Council Study Session (2026-06-01): already processed
2026-09-03 16:37:28,756 [DEBUG]   2026-05-18 Common Council Regular Meeting (2026-05-18): already processed
2026-09-03 16:37:31,805 [DEBUG]   2026-05-18 Common Council Study Session (2026-05-18): already processed
2026-09-03 16:37:34,677 [DEBUG]   2026-05-13 Common Council Study Session (2026-05-18): already processed
2026-09-03 16:37:37,699 [DEBUG]   2026-05-08 Common Council SPECIAL MEETING (2026-05-08): already processed
2026-09-03 16:37:40,421 [DEBUG]   2026-05-04 Common Council Regular Meeting (2026-05-04): already processed
2026-09-03 16:37:43,458 [DEBUG]   2026-05-04 Common Council Study Session (2026-05-04): already processed
2026-09-03 16:37:46,354 [DEBUG]   2026-04-29 Common Council Study Session (2026-05-04): already processed
2026-09-03 16:37:49,305 [DEBUG]   2026-04-20 Common Council Regular Meeting (2026-04-20): already processed
2026-09-03 16:37:52,357 [DEBUG]   2026-04-20 Common Council Study Session (2026-04-20): already processed
2026-09-03 16:37:55,755 [DEBUG]   2026-04-15 Common Council Study Session (2026-04-20): already processed
2026-09-03 16:37:58,542 [DEBUG]   2026-04-06 Common Council Regular Meeting (2026-04-06): already processed
2026-09-03 16:38:01,349 [DEBUG]   2026-04-06 Common Council Study Session (2026-04-06): already processed
2026-09-03 16:38:04,042 [DEBUG]   2026-04-01 Common Council Study Session (2026-04-06): already processed
2026-09-03 16:38:06,960 [DEBUG]   2026-03-23 Common Council Regular Meeting (2026-03-23): already processed
2026-09-03 16:38:09,811 [DEBUG]   2026-03-23 Common Council Study Session (2026-03-23): already processed
2026-09-03 16:38:12,578 [DEBUG]   2026-03-18 Common Council Study Session (2026-03-23): already processed
2026-09-03 16:38:15,420 [DEBUG]   2026-03-09 Common Council Public Hearing: no agenda PDF found
2026-09-03 16:38:18,410 [DEBUG]   2026-03-09 Common Council Regular Meeting (2026-03-09): already processed
2026-09-03 16:38:21,271 [DEBUG]   2026-03-09 Common Council Study Session (2026-03-09): already processed
2026-09-03 16:38:24,154 [DEBUG]   2026-03-04 Common Council Study Session (2026-03-09): already processed
2026-09-03 16:38:27,021 [DEBUG]   2026-02-23 Common Council Regular Meeting (2026-02-23): already processed
2026-09-03 16:38:29,806 [DEBUG]   2026-02-23 Common Council Study Session (2026-02-23): already processed
2026-09-03 16:38:32,596 [DEBUG]   2026-02-19 Common Council Town Hall: no agenda PDF found
2026-09-03 16:38:35,316 [DEBUG]   2026-02-18 Common Council Study Session (2026-02-23): already processed
2026-09-03 16:38:38,065 [DEBUG]   2026-02-09 Common Council Regular Meeting (2026-02-09): already processed
2026-09-03 16:38:41,815 [DEBUG]   2026-02-09 Common Council Study Session (2026-02-09): already processed
2026-09-03 16:38:41,815 [INFO] 
==================================================
2026-09-03 16:38:41,815 [INFO] AGENDA SCANNER SUMMARY 
2026-09-03 16:38:41,815 [INFO]   Meeting pages checked: 30
2026-09-03 16:38:41,816 [INFO]   New agendas parsed: 0
2026-09-03 16:38:41,816 [INFO]   Skipped (already processed or no PDF): 30
