2026-09-27 17:10:41,627 [INFO] === Agenda Scanner  — 2026 ===
2026-09-27 17:10:41,627 [INFO] Already processed: 14 agendas
2026-09-27 17:10:41,654 [INFO] Fetching agenda listing page for 2026...
2026-09-27 17:10:48,224 [INFO]   Found 23 meeting page(s) for 2026
2026-09-27 17:10:50,856 [DEBUG]   Common Council Regular Meeting: no agenda PDF found
2026-09-27 17:10:53,947 [DEBUG]   Common Council Study Session: no agenda PDF found
2026-09-27 17:10:56,502 [DEBUG]   Common Council Study Session: no agenda PDF found
2026-09-27 17:10:59,278 [DEBUG]   2026-06-01 Common Council Regular Meeting (2026-06-01): already processed
2026-09-27 17:11:02,126 [DEBUG]   2026-06-01 Common Council Study Session (2026-06-01): already processed
2026-09-27 17:11:05,096 [DEBUG]   2026-05-27 Common Council Special Meeting (2026-05-27): already processed
2026-09-27 17:11:07,698 [DEBUG]   2026-05-27 Common Council Study Session (2026-06-01): already processed
2026-09-27 17:11:10,595 [DEBUG]   2026-05-18 Common Council Regular Meeting (2026-05-18): already processed
2026-09-27 17:11:13,346 [DEBUG]   2026-05-18 Common Council Study Session (2026-05-18): already processed
2026-09-27 17:11:15,859 [DEBUG]   2026-05-13 Common Council Study Session (2026-05-18): already processed
2026-09-27 17:11:18,748 [DEBUG]   2026-05-08 Common Council SPECIAL MEETING (2026-05-08): already processed
2026-09-27 17:11:21,218 [DEBUG]   2026-05-04 Common Council Regular Meeting (2026-05-04): already processed
2026-09-27 17:11:24,249 [DEBUG]   2026-05-04 Common Council Study Session (2026-05-04): already processed
2026-09-27 17:11:28,211 [DEBUG]   2026-04-29 Common Council Study Session (2026-05-04): already processed
2026-09-27 17:11:30,874 [DEBUG]   2026-04-20 Common Council Regular Meeting (2026-04-20): already processed
2026-09-27 17:11:33,352 [DEBUG]   2026-04-20 Common Council Study Session (2026-04-20): already processed
2026-09-27 17:11:35,918 [DEBUG]   2026-04-15 Common Council Study Session (2026-04-20): already processed
2026-09-27 17:11:38,932 [DEBUG]   2026-04-06 Common Council Regular Meeting (2026-04-06): already processed
2026-09-27 17:11:42,041 [DEBUG]   2026-04-06 Common Council Study Session (2026-04-06): already processed
2026-09-27 17:11:44,631 [DEBUG]   2026-04-01 Common Council Study Session (2026-04-06): already processed
2026-09-27 17:11:47,173 [DEBUG]   2026-03-23 Common Council Regular Meeting (2026-03-23): already processed
2026-09-27 17:11:50,118 [DEBUG]   2026-03-23 Common Council Study Session (2026-03-23): already processed
2026-09-27 17:11:52,866 [DEBUG]   2026-03-18 Common Council Study Session (2026-03-23): already processed
2026-09-27 17:11:52,866 [INFO] 
==================================================
2026-09-27 17:11:52,866 [INFO] AGENDA SCANNER SUMMARY 
2026-09-27 17:11:52,866 [INFO]   Meeting pages checked: 23
2026-09-27 17:11:52,866 [INFO]   New agendas parsed: 0
2026-09-27 17:11:52,866 [INFO]   Skipped (already processed or no PDF): 23
