2026-08-05 14:55:51,704 [INFO] === Agenda Scanner  — 2026 ===
2026-08-05 14:55:51,704 [INFO] Already processed: 14 agendas
2026-08-05 14:55:51,741 [INFO] Fetching agenda listing page for 2026...
2026-08-05 14:56:00,997 [INFO]   Found 35 meeting page(s) for 2026
2026-08-05 14:56:04,398 [DEBUG]   2026-06-01 Common Council Regular Meeting (2026-06-01): already processed
2026-08-05 14:56:08,380 [DEBUG]   2026-06-01 Common Council Study Session (2026-06-01): already processed
2026-08-05 14:56:12,370 [DEBUG]   2026-05-27 Common Council Special Meeting (2026-05-27): already processed
2026-08-05 14:56:16,272 [DEBUG]   2026-05-27 Common Council Study Session (2026-06-01): already processed
2026-08-05 14:56:20,285 [DEBUG]   2026-05-18 Common Council Regular Meeting (2026-05-18): already processed
2026-08-05 14:56:23,540 [DEBUG]   2026-05-18 Common Council Study Session (2026-05-18): already processed
2026-08-05 14:56:26,708 [DEBUG]   2026-05-13 Common Council Study Session (2026-05-18): already processed
2026-08-05 14:56:30,439 [DEBUG]   2026-05-08 Common Council SPECIAL MEETING (2026-05-08): already processed
2026-08-05 14:56:34,672 [DEBUG]   2026-05-04 Common Council Regular Meeting (2026-05-04): already processed
2026-08-05 14:56:38,015 [DEBUG]   2026-05-04 Common Council Study Session (2026-05-04): already processed
2026-08-05 14:56:42,359 [DEBUG]   2026-04-29 Common Council Study Session (2026-05-04): already processed
2026-08-05 14:56:45,645 [DEBUG]   2026-04-20 Common Council Regular Meeting (2026-04-20): already processed
2026-08-05 14:56:50,036 [DEBUG]   2026-04-20 Common Council Study Session (2026-04-20): already processed
2026-08-05 14:56:53,823 [DEBUG]   2026-04-15 Common Council Study Session (2026-04-20): already processed
2026-08-05 14:56:57,817 [DEBUG]   2026-04-06 Common Council Regular Meeting (2026-04-06): already processed
2026-08-05 14:57:01,814 [DEBUG]   2026-04-06 Common Council Study Session (2026-04-06): already processed
2026-08-05 14:57:04,951 [DEBUG]   2026-04-01 Common Council Study Session (2026-04-06): already processed
2026-08-05 14:57:08,795 [DEBUG]   2026-03-23 Common Council Regular Meeting (2026-03-23): already processed
2026-08-05 14:57:12,249 [DEBUG]   2026-03-23 Common Council Study Session (2026-03-23): already processed
2026-08-05 14:57:15,391 [DEBUG]   2026-03-18 Common Council Study Session (2026-03-23): already processed
2026-08-05 14:57:19,520 [DEBUG]   2026-03-09 Common Council Public Hearing: no agenda PDF found
2026-08-05 14:57:23,452 [DEBUG]   2026-03-09 Common Council Regular Meeting (2026-03-09): already processed
2026-08-05 14:57:27,789 [DEBUG]   2026-03-09 Common Council Study Session (2026-03-09): already processed
2026-08-05 14:57:30,991 [DEBUG]   2026-03-04 Common Council Study Session (2026-03-09): already processed
2026-08-05 14:57:34,101 [DEBUG]   2026-02-23 Common Council Regular Meeting (2026-02-23): already processed
2026-08-05 14:57:37,223 [DEBUG]   2026-02-23 Common Council Study Session (2026-02-23): already processed
2026-08-05 14:57:41,174 [DEBUG]   2026-02-19 Common Council Town Hall: no agenda PDF found
2026-08-05 14:57:46,386 [DEBUG]   2026-02-18 Common Council Study Session (2026-02-23): already processed
2026-08-05 14:57:49,572 [DEBUG]   2026-02-09 Common Council Regular Meeting (2026-02-09): already processed
2026-08-05 14:57:52,659 [DEBUG]   2026-02-09 Common Council Study Session (2026-02-09): already processed
2026-08-05 14:57:55,967 [DEBUG]   2026-02-04 Common Council Study Session (2026-02-09): already processed
2026-08-05 14:57:59,077 [DEBUG]   2026-01-26 Common Council Public Hearing: no agenda PDF found
2026-08-05 14:58:02,302 [DEBUG]   2026-01-26 Common Council Regular Meeting (2026-01-26): already processed
2026-08-05 14:58:06,007 [DEBUG]   2026-01-26 Common Council Study Session (2026-01-26): already processed
2026-08-05 14:58:09,244 [DEBUG]   2026-01-21 Common Council Study Session (2026-01-26): already processed
2026-08-05 14:58:09,244 [INFO] 
==================================================
2026-08-05 14:58:09,244 [INFO] AGENDA SCANNER SUMMARY 
2026-08-05 14:58:09,244 [INFO]   Meeting pages checked: 35
2026-08-05 14:58:09,244 [INFO]   New agendas parsed: 0
2026-08-05 14:58:09,244 [INFO]   Skipped (already processed or no PDF): 35
