2026-07-29 14:42:27,924 [INFO] === Agenda Scanner  — 2026 ===
2026-07-29 14:42:27,925 [INFO] Already processed: 14 agendas
2026-07-29 14:42:27,961 [INFO] Fetching agenda listing page for 2026...
2026-07-29 14:42:34,406 [INFO]   Found 35 meeting page(s) for 2026
2026-07-29 14:42:37,380 [DEBUG]   2026-06-01 Common Council Regular Meeting (2026-06-01): already processed
2026-07-29 14:42:40,162 [DEBUG]   2026-06-01 Common Council Study Session (2026-06-01): already processed
2026-07-29 14:42:42,690 [DEBUG]   2026-05-27 Common Council Special Meeting (2026-05-27): already processed
2026-07-29 14:42:45,490 [DEBUG]   2026-05-27 Common Council Study Session (2026-06-01): already processed
2026-07-29 14:42:48,057 [DEBUG]   2026-05-18 Common Council Regular Meeting (2026-05-18): already processed
2026-07-29 14:42:50,811 [DEBUG]   2026-05-18 Common Council Study Session (2026-05-18): already processed
2026-07-29 14:42:53,237 [DEBUG]   2026-05-13 Common Council Study Session (2026-05-18): already processed
2026-07-29 14:42:56,162 [DEBUG]   2026-05-08 Common Council SPECIAL MEETING (2026-05-08): already processed
2026-07-29 14:42:58,721 [DEBUG]   2026-05-04 Common Council Regular Meeting (2026-05-04): already processed
2026-07-29 14:43:01,515 [DEBUG]   2026-05-04 Common Council Study Session (2026-05-04): already processed
2026-07-29 14:43:04,524 [DEBUG]   2026-04-29 Common Council Study Session (2026-05-04): already processed
2026-07-29 14:43:07,194 [DEBUG]   2026-04-20 Common Council Regular Meeting (2026-04-20): already processed
2026-07-29 14:43:09,958 [DEBUG]   2026-04-20 Common Council Study Session (2026-04-20): already processed
2026-07-29 14:43:12,659 [DEBUG]   2026-04-15 Common Council Study Session (2026-04-20): already processed
2026-07-29 14:43:15,239 [DEBUG]   2026-04-06 Common Council Regular Meeting (2026-04-06): already processed
2026-07-29 14:43:18,219 [DEBUG]   2026-04-06 Common Council Study Session (2026-04-06): already processed
2026-07-29 14:43:21,378 [DEBUG]   2026-04-01 Common Council Study Session (2026-04-06): already processed
2026-07-29 14:43:24,099 [DEBUG]   2026-03-23 Common Council Regular Meeting (2026-03-23): already processed
2026-07-29 14:43:26,912 [DEBUG]   2026-03-23 Common Council Study Session (2026-03-23): already processed
2026-07-29 14:43:29,769 [DEBUG]   2026-03-18 Common Council Study Session (2026-03-23): already processed
2026-07-29 14:43:32,801 [DEBUG]   2026-03-09 Common Council Public Hearing: no agenda PDF found
2026-07-29 14:43:35,281 [DEBUG]   2026-03-09 Common Council Regular Meeting (2026-03-09): already processed
2026-07-29 14:43:37,732 [DEBUG]   2026-03-09 Common Council Study Session (2026-03-09): already processed
2026-07-29 14:43:40,181 [DEBUG]   2026-03-04 Common Council Study Session (2026-03-09): already processed
2026-07-29 14:43:43,167 [DEBUG]   2026-02-23 Common Council Regular Meeting (2026-02-23): already processed
2026-07-29 14:43:45,863 [DEBUG]   2026-02-23 Common Council Study Session (2026-02-23): already processed
2026-07-29 14:43:48,293 [DEBUG]   2026-02-19 Common Council Town Hall: no agenda PDF found
2026-07-29 14:43:51,058 [DEBUG]   2026-02-18 Common Council Study Session (2026-02-23): already processed
2026-07-29 14:43:53,573 [DEBUG]   2026-02-09 Common Council Regular Meeting (2026-02-09): already processed
2026-07-29 14:43:55,931 [DEBUG]   2026-02-09 Common Council Study Session (2026-02-09): already processed
2026-07-29 14:43:58,303 [DEBUG]   2026-02-04 Common Council Study Session (2026-02-09): already processed
2026-07-29 14:44:00,706 [DEBUG]   2026-01-26 Common Council Public Hearing: no agenda PDF found
2026-07-29 14:44:03,308 [DEBUG]   2026-01-26 Common Council Regular Meeting (2026-01-26): already processed
2026-07-29 14:44:05,716 [DEBUG]   2026-01-26 Common Council Study Session (2026-01-26): already processed
2026-07-29 14:44:08,214 [DEBUG]   2026-01-21 Common Council Study Session (2026-01-26): already processed
2026-07-29 14:44:08,214 [INFO] 
==================================================
2026-07-29 14:44:08,214 [INFO] AGENDA SCANNER SUMMARY 
2026-07-29 14:44:08,214 [INFO]   Meeting pages checked: 35
2026-07-29 14:44:08,214 [INFO]   New agendas parsed: 0
2026-07-29 14:44:08,214 [INFO]   Skipped (already processed or no PDF): 35
