2026-09-11 16:41:20,502 [INFO] === Agenda Scanner  — 2026 ===
2026-09-11 16:41:20,502 [INFO] Already processed: 14 agendas
2026-09-11 16:41:20,540 [INFO] Fetching agenda listing page for 2026...
2026-09-11 16:41:27,013 [INFO]   Found 30 meeting page(s) for 2026
2026-09-11 16:41:29,680 [DEBUG]   2026-06-01 Common Council Regular Meeting (2026-06-01): already processed
2026-09-11 16:41:32,897 [DEBUG]   2026-06-01 Common Council Study Session (2026-06-01): already processed
2026-09-11 16:41:35,552 [DEBUG]   2026-05-27 Common Council Special Meeting (2026-05-27): already processed
2026-09-11 16:41:38,516 [DEBUG]   2026-05-27 Common Council Study Session (2026-06-01): already processed
2026-09-11 16:41:41,606 [DEBUG]   2026-05-18 Common Council Regular Meeting (2026-05-18): already processed
2026-09-11 16:41:44,498 [DEBUG]   2026-05-18 Common Council Study Session (2026-05-18): already processed
2026-09-11 16:41:47,302 [DEBUG]   2026-05-13 Common Council Study Session (2026-05-18): already processed
2026-09-11 16:41:50,314 [DEBUG]   2026-05-08 Common Council SPECIAL MEETING (2026-05-08): already processed
2026-09-11 16:41:53,136 [DEBUG]   2026-05-04 Common Council Regular Meeting (2026-05-04): already processed
2026-09-11 16:41:56,069 [DEBUG]   2026-05-04 Common Council Study Session (2026-05-04): already processed
2026-09-11 16:41:59,030 [DEBUG]   2026-04-29 Common Council Study Session (2026-05-04): already processed
2026-09-11 16:42:02,058 [DEBUG]   2026-04-20 Common Council Regular Meeting (2026-04-20): already processed
2026-09-11 16:42:04,802 [DEBUG]   2026-04-20 Common Council Study Session (2026-04-20): already processed
2026-09-11 16:42:07,760 [DEBUG]   2026-04-15 Common Council Study Session (2026-04-20): already processed
2026-09-11 16:42:10,650 [DEBUG]   2026-04-06 Common Council Regular Meeting (2026-04-06): already processed
2026-09-11 16:42:13,310 [DEBUG]   2026-04-06 Common Council Study Session (2026-04-06): already processed
2026-09-11 16:42:16,391 [DEBUG]   2026-04-01 Common Council Study Session (2026-04-06): already processed
2026-09-11 16:42:19,039 [DEBUG]   2026-03-23 Common Council Regular Meeting (2026-03-23): already processed
2026-09-11 16:42:22,377 [DEBUG]   2026-03-23 Common Council Study Session (2026-03-23): already processed
2026-09-11 16:42:25,851 [DEBUG]   2026-03-18 Common Council Study Session (2026-03-23): already processed
2026-09-11 16:42:28,821 [DEBUG]   2026-03-09 Common Council Public Hearing: no agenda PDF found
2026-09-11 16:42:31,676 [DEBUG]   2026-03-09 Common Council Regular Meeting (2026-03-09): already processed
2026-09-11 16:42:34,344 [DEBUG]   2026-03-09 Common Council Study Session (2026-03-09): already processed
2026-09-11 16:42:36,955 [DEBUG]   2026-03-04 Common Council Study Session (2026-03-09): already processed
2026-09-11 16:42:40,103 [DEBUG]   2026-02-23 Common Council Regular Meeting (2026-02-23): already processed
2026-09-11 16:42:42,721 [DEBUG]   2026-02-23 Common Council Study Session (2026-02-23): already processed
2026-09-11 16:42:45,482 [DEBUG]   2026-02-19 Common Council Town Hall: no agenda PDF found
2026-09-11 16:42:48,074 [DEBUG]   2026-02-18 Common Council Study Session (2026-02-23): already processed
2026-09-11 16:42:50,988 [DEBUG]   2026-02-09 Common Council Regular Meeting (2026-02-09): already processed
2026-09-11 16:42:54,098 [DEBUG]   2026-02-09 Common Council Study Session (2026-02-09): already processed
2026-09-11 16:42:54,098 [INFO] 
==================================================
2026-09-11 16:42:54,098 [INFO] AGENDA SCANNER SUMMARY 
2026-09-11 16:42:54,098 [INFO]   Meeting pages checked: 30
2026-09-11 16:42:54,098 [INFO]   New agendas parsed: 0
2026-09-11 16:42:54,098 [INFO]   Skipped (already processed or no PDF): 30
