2026-07-26 14:09:04,043 [INFO] === Agenda Scanner  — 2026 ===
2026-07-26 14:09:04,044 [INFO] Already processed: 14 agendas
2026-07-26 14:09:04,080 [INFO] Fetching agenda listing page for 2026...
2026-07-26 14:09:09,478 [INFO]   Found 38 meeting page(s) for 2026
2026-07-26 14:09:12,097 [DEBUG]   2026-06-01 Common Council Regular Meeting (2026-06-01): already processed
2026-07-26 14:09:14,771 [DEBUG]   2026-06-01 Common Council Study Session (2026-06-01): already processed
2026-07-26 14:09:18,169 [DEBUG]   2026-05-27 Common Council Special Meeting (2026-05-27): already processed
2026-07-26 14:09:20,838 [DEBUG]   2026-05-27 Common Council Study Session (2026-06-01): already processed
2026-07-26 14:09:23,640 [DEBUG]   2026-05-18 Common Council Regular Meeting (2026-05-18): already processed
2026-07-26 14:09:26,320 [DEBUG]   2026-05-18 Common Council Study Session (2026-05-18): already processed
2026-07-26 14:09:29,164 [DEBUG]   2026-05-13 Common Council Study Session (2026-05-18): already processed
2026-07-26 14:09:31,817 [DEBUG]   2026-05-08 Common Council SPECIAL MEETING (2026-05-08): already processed
2026-07-26 14:09:34,364 [DEBUG]   2026-05-04 Common Council Regular Meeting (2026-05-04): already processed
2026-07-26 14:09:37,015 [DEBUG]   2026-05-04 Common Council Study Session (2026-05-04): already processed
2026-07-26 14:09:39,623 [DEBUG]   2026-04-29 Common Council Study Session (2026-05-04): already processed
2026-07-26 14:09:42,406 [DEBUG]   2026-04-20 Common Council Regular Meeting (2026-04-20): already processed
2026-07-26 14:09:45,216 [DEBUG]   2026-04-20 Common Council Study Session (2026-04-20): already processed
2026-07-26 14:09:48,331 [DEBUG]   2026-04-15 Common Council Study Session (2026-04-20): already processed
2026-07-26 14:09:51,245 [DEBUG]   2026-04-06 Common Council Regular Meeting (2026-04-06): already processed
2026-07-26 14:09:53,859 [DEBUG]   2026-04-06 Common Council Study Session (2026-04-06): already processed
2026-07-26 14:09:56,444 [DEBUG]   2026-04-01 Common Council Study Session (2026-04-06): already processed
2026-07-26 14:09:59,350 [DEBUG]   2026-03-23 Common Council Regular Meeting (2026-03-23): already processed
2026-07-26 14:10:02,018 [DEBUG]   2026-03-23 Common Council Study Session (2026-03-23): already processed
2026-07-26 14:10:05,219 [DEBUG]   2026-03-18 Common Council Study Session (2026-03-23): already processed
2026-07-26 14:10:08,148 [DEBUG]   2026-03-09 Common Council Public Hearing: no agenda PDF found
2026-07-26 14:10:10,815 [DEBUG]   2026-03-09 Common Council Regular Meeting (2026-03-09): already processed
2026-07-26 14:10:13,584 [DEBUG]   2026-03-09 Common Council Study Session (2026-03-09): already processed
2026-07-26 14:10:16,189 [DEBUG]   2026-03-04 Common Council Study Session (2026-03-09): already processed
2026-07-26 14:10:18,950 [DEBUG]   2026-02-23 Common Council Regular Meeting (2026-02-23): already processed
2026-07-26 14:10:21,542 [DEBUG]   2026-02-23 Common Council Study Session (2026-02-23): already processed
2026-07-26 14:10:24,075 [DEBUG]   2026-02-19 Common Council Town Hall: no agenda PDF found
2026-07-26 14:10:26,714 [DEBUG]   2026-02-18 Common Council Study Session (2026-02-23): already processed
2026-07-26 14:10:30,383 [DEBUG]   2026-02-09 Common Council Regular Meeting (2026-02-09): already processed
2026-07-26 14:10:33,080 [DEBUG]   2026-02-09 Common Council Study Session (2026-02-09): already processed
2026-07-26 14:10:35,991 [DEBUG]   2026-02-04 Common Council Study Session (2026-02-09): already processed
2026-07-26 14:10:38,619 [DEBUG]   2026-01-26 Common Council Public Hearing: no agenda PDF found
2026-07-26 14:10:41,588 [DEBUG]   2026-01-26 Common Council Regular Meeting (2026-01-26): already processed
2026-07-26 14:10:44,238 [DEBUG]   2026-01-26 Common Council Study Session (2026-01-26): already processed
2026-07-26 14:10:46,799 [DEBUG]   2026-01-21 Common Council Study Session (2026-01-26): already processed
2026-07-26 14:10:49,664 [DEBUG]   2026-01-12 Common Council Regular Meeting (2026-01-12): already processed
2026-07-26 14:10:52,223 [DEBUG]   2026-01-12 Common Council Study Session (2026-01-12): already processed
2026-07-26 14:10:54,802 [DEBUG]   2026-01-07 Common Council Study Session (2026-01-12): already processed
2026-07-26 14:10:54,802 [INFO] 
==================================================
2026-07-26 14:10:54,802 [INFO] AGENDA SCANNER SUMMARY 
2026-07-26 14:10:54,802 [INFO]   Meeting pages checked: 38
2026-07-26 14:10:54,802 [INFO]   New agendas parsed: 0
2026-07-26 14:10:54,802 [INFO]   Skipped (already processed or no PDF): 38
