2026-08-30 16:55:04,607 [INFO] === Agenda Scanner  — 2026 ===
2026-08-30 16:55:04,608 [INFO] Already processed: 14 agendas
2026-08-30 16:55:04,644 [INFO] Fetching agenda listing page for 2026...
2026-08-30 16:55:11,189 [INFO]   Found 31 meeting page(s) for 2026
2026-08-30 16:55:13,975 [DEBUG]   2026-06-01 Common Council Regular Meeting (2026-06-01): already processed
2026-08-30 16:55:16,735 [DEBUG]   2026-06-01 Common Council Study Session (2026-06-01): already processed
2026-08-30 16:55:19,741 [DEBUG]   2026-05-27 Common Council Special Meeting (2026-05-27): already processed
2026-08-30 16:55:23,085 [DEBUG]   2026-05-27 Common Council Study Session (2026-06-01): already processed
2026-08-30 16:55:25,989 [DEBUG]   2026-05-18 Common Council Regular Meeting (2026-05-18): already processed
2026-08-30 16:55:28,828 [DEBUG]   2026-05-18 Common Council Study Session (2026-05-18): already processed
2026-08-30 16:55:31,658 [DEBUG]   2026-05-13 Common Council Study Session (2026-05-18): already processed
2026-08-30 16:55:34,452 [DEBUG]   2026-05-08 Common Council SPECIAL MEETING (2026-05-08): already processed
2026-08-30 16:55:37,095 [DEBUG]   2026-05-04 Common Council Regular Meeting (2026-05-04): already processed
2026-08-30 16:55:40,210 [DEBUG]   2026-05-04 Common Council Study Session (2026-05-04): already processed
2026-08-30 16:55:43,252 [DEBUG]   2026-04-29 Common Council Study Session (2026-05-04): already processed
2026-08-30 16:55:46,109 [DEBUG]   2026-04-20 Common Council Regular Meeting (2026-04-20): already processed
2026-08-30 16:55:48,989 [DEBUG]   2026-04-20 Common Council Study Session (2026-04-20): already processed
2026-08-30 16:55:51,763 [DEBUG]   2026-04-15 Common Council Study Session (2026-04-20): already processed
2026-08-30 16:55:54,516 [DEBUG]   2026-04-06 Common Council Regular Meeting (2026-04-06): already processed
2026-08-30 16:55:57,182 [DEBUG]   2026-04-06 Common Council Study Session (2026-04-06): already processed
2026-08-30 16:55:59,939 [DEBUG]   2026-04-01 Common Council Study Session (2026-04-06): already processed
2026-08-30 16:56:02,739 [DEBUG]   2026-03-23 Common Council Regular Meeting (2026-03-23): already processed
2026-08-30 16:56:05,471 [DEBUG]   2026-03-23 Common Council Study Session (2026-03-23): already processed
2026-08-30 16:56:08,133 [DEBUG]   2026-03-18 Common Council Study Session (2026-03-23): already processed
2026-08-30 16:56:10,938 [DEBUG]   2026-03-09 Common Council Public Hearing: no agenda PDF found
2026-08-30 16:56:13,671 [DEBUG]   2026-03-09 Common Council Regular Meeting (2026-03-09): already processed
2026-08-30 16:56:16,508 [DEBUG]   2026-03-09 Common Council Study Session (2026-03-09): already processed
2026-08-30 16:56:19,246 [DEBUG]   2026-03-04 Common Council Study Session (2026-03-09): already processed
2026-08-30 16:56:21,918 [DEBUG]   2026-02-23 Common Council Regular Meeting (2026-02-23): already processed
2026-08-30 16:56:24,840 [DEBUG]   2026-02-23 Common Council Study Session (2026-02-23): already processed
2026-08-30 16:56:27,578 [DEBUG]   2026-02-19 Common Council Town Hall: no agenda PDF found
2026-08-30 16:56:30,272 [DEBUG]   2026-02-18 Common Council Study Session (2026-02-23): already processed
2026-08-30 16:56:32,995 [DEBUG]   2026-02-09 Common Council Regular Meeting (2026-02-09): already processed
2026-08-30 16:56:36,002 [DEBUG]   2026-02-09 Common Council Study Session (2026-02-09): already processed
2026-08-30 16:56:38,870 [DEBUG]   2026-02-04 Common Council Study Session (2026-02-09): already processed
2026-08-30 16:56:38,870 [INFO] 
==================================================
2026-08-30 16:56:38,870 [INFO] AGENDA SCANNER SUMMARY 
2026-08-30 16:56:38,870 [INFO]   Meeting pages checked: 31
2026-08-30 16:56:38,870 [INFO]   New agendas parsed: 0
2026-08-30 16:56:38,870 [INFO]   Skipped (already processed or no PDF): 31
