2026-08-31 19:12:27,957 [INFO] === Agenda Scanner  — 2026 ===
2026-08-31 19:12:27,957 [INFO] Already processed: 14 agendas
2026-08-31 19:12:27,988 [INFO] Fetching agenda listing page for 2026...
2026-08-31 19:12:33,754 [INFO]   Found 31 meeting page(s) for 2026
2026-08-31 19:12:36,551 [DEBUG]   2026-06-01 Common Council Regular Meeting (2026-06-01): already processed
2026-08-31 19:12:39,319 [DEBUG]   2026-06-01 Common Council Study Session (2026-06-01): already processed
2026-08-31 19:12:42,093 [DEBUG]   2026-05-27 Common Council Special Meeting (2026-05-27): already processed
2026-08-31 19:12:44,844 [DEBUG]   2026-05-27 Common Council Study Session (2026-06-01): already processed
2026-08-31 19:12:47,482 [DEBUG]   2026-05-18 Common Council Regular Meeting (2026-05-18): already processed
2026-08-31 19:12:50,246 [DEBUG]   2026-05-18 Common Council Study Session (2026-05-18): already processed
2026-08-31 19:12:53,418 [DEBUG]   2026-05-13 Common Council Study Session (2026-05-18): already processed
2026-08-31 19:12:56,418 [DEBUG]   2026-05-08 Common Council SPECIAL MEETING (2026-05-08): already processed
2026-08-31 19:12:59,492 [DEBUG]   2026-05-04 Common Council Regular Meeting (2026-05-04): already processed
2026-08-31 19:13:02,686 [DEBUG]   2026-05-04 Common Council Study Session (2026-05-04): already processed
2026-08-31 19:13:05,502 [DEBUG]   2026-04-29 Common Council Study Session (2026-05-04): already processed
2026-08-31 19:13:08,526 [DEBUG]   2026-04-20 Common Council Regular Meeting (2026-04-20): already processed
2026-08-31 19:13:11,482 [DEBUG]   2026-04-20 Common Council Study Session (2026-04-20): already processed
2026-08-31 19:13:14,418 [DEBUG]   2026-04-15 Common Council Study Session (2026-04-20): already processed
2026-08-31 19:13:17,023 [DEBUG]   2026-04-06 Common Council Regular Meeting (2026-04-06): already processed
2026-08-31 19:13:19,840 [DEBUG]   2026-04-06 Common Council Study Session (2026-04-06): already processed
2026-08-31 19:13:22,635 [DEBUG]   2026-04-01 Common Council Study Session (2026-04-06): already processed
2026-08-31 19:13:25,231 [DEBUG]   2026-03-23 Common Council Regular Meeting (2026-03-23): already processed
2026-08-31 19:13:28,247 [DEBUG]   2026-03-23 Common Council Study Session (2026-03-23): already processed
2026-08-31 19:13:30,921 [DEBUG]   2026-03-18 Common Council Study Session (2026-03-23): already processed
2026-08-31 19:13:33,601 [DEBUG]   2026-03-09 Common Council Public Hearing: no agenda PDF found
2026-08-31 19:13:36,321 [DEBUG]   2026-03-09 Common Council Regular Meeting (2026-03-09): already processed
2026-08-31 19:13:39,010 [DEBUG]   2026-03-09 Common Council Study Session (2026-03-09): already processed
2026-08-31 19:13:41,725 [DEBUG]   2026-03-04 Common Council Study Session (2026-03-09): already processed
2026-08-31 19:13:44,500 [DEBUG]   2026-02-23 Common Council Regular Meeting (2026-02-23): already processed
2026-08-31 19:13:47,176 [DEBUG]   2026-02-23 Common Council Study Session (2026-02-23): already processed
2026-08-31 19:13:49,743 [DEBUG]   2026-02-19 Common Council Town Hall: no agenda PDF found
2026-08-31 19:13:52,705 [DEBUG]   2026-02-18 Common Council Study Session (2026-02-23): already processed
2026-08-31 19:14:00,506 [DEBUG]   2026-02-09 Common Council Regular Meeting (2026-02-09): already processed
2026-08-31 19:14:03,245 [DEBUG]   2026-02-09 Common Council Study Session (2026-02-09): already processed
2026-08-31 19:14:05,943 [DEBUG]   2026-02-04 Common Council Study Session (2026-02-09): already processed
2026-08-31 19:14:05,944 [INFO] 
==================================================
2026-08-31 19:14:05,944 [INFO] AGENDA SCANNER SUMMARY 
2026-08-31 19:14:05,944 [INFO]   Meeting pages checked: 31
2026-08-31 19:14:05,944 [INFO]   New agendas parsed: 0
2026-08-31 19:14:05,944 [INFO]   Skipped (already processed or no PDF): 31
