2026-10-01 18:32:22,679 [INFO] === Agenda Scanner  — 2026 ===
2026-10-01 18:32:22,680 [INFO] Already processed: 14 agendas
2026-10-01 18:32:22,713 [INFO] Fetching agenda listing page for 2026...
2026-10-01 18:32:30,495 [INFO]   Found 23 meeting page(s) for 2026
2026-10-01 18:32:33,102 [DEBUG]   Common Council Regular Meeting: no agenda PDF found
2026-10-01 18:32:35,986 [DEBUG]   Common Council Study Session: no agenda PDF found
2026-10-01 18:32:38,544 [DEBUG]   Common Council Study Session: no agenda PDF found
2026-10-01 18:32:41,566 [DEBUG]   2026-06-01 Common Council Regular Meeting (2026-06-01): already processed
2026-10-01 18:32:44,753 [DEBUG]   2026-06-01 Common Council Study Session (2026-06-01): already processed
2026-10-01 18:32:48,058 [DEBUG]   2026-05-27 Common Council Special Meeting (2026-05-27): already processed
2026-10-01 18:32:50,803 [DEBUG]   2026-05-27 Common Council Study Session (2026-06-01): already processed
2026-10-01 18:32:53,400 [DEBUG]   2026-05-18 Common Council Regular Meeting (2026-05-18): already processed
2026-10-01 18:32:56,013 [DEBUG]   2026-05-18 Common Council Study Session (2026-05-18): already processed
2026-10-01 18:32:58,795 [DEBUG]   2026-05-13 Common Council Study Session (2026-05-18): already processed
2026-10-01 18:33:01,269 [DEBUG]   2026-05-08 Common Council SPECIAL MEETING (2026-05-08): already processed
2026-10-01 18:33:04,111 [DEBUG]   2026-05-04 Common Council Regular Meeting (2026-05-04): already processed
2026-10-01 18:33:06,929 [DEBUG]   2026-05-04 Common Council Study Session (2026-05-04): already processed
2026-10-01 18:33:09,596 [DEBUG]   2026-04-29 Common Council Study Session (2026-05-04): already processed
2026-10-01 18:33:12,457 [DEBUG]   2026-04-20 Common Council Regular Meeting (2026-04-20): already processed
2026-10-01 18:33:15,194 [DEBUG]   2026-04-20 Common Council Study Session (2026-04-20): already processed
2026-10-01 18:33:18,126 [DEBUG]   2026-04-15 Common Council Study Session (2026-04-20): already processed
2026-10-01 18:33:20,957 [DEBUG]   2026-04-06 Common Council Regular Meeting (2026-04-06): already processed
2026-10-01 18:33:23,701 [DEBUG]   2026-04-06 Common Council Study Session (2026-04-06): already processed
2026-10-01 18:33:26,349 [DEBUG]   2026-04-01 Common Council Study Session (2026-04-06): already processed
2026-10-01 18:33:29,114 [DEBUG]   2026-03-23 Common Council Regular Meeting (2026-03-23): already processed
2026-10-01 18:33:32,073 [DEBUG]   2026-03-23 Common Council Study Session (2026-03-23): already processed
2026-10-01 18:33:35,154 [DEBUG]   2026-03-18 Common Council Study Session (2026-03-23): already processed
2026-10-01 18:33:35,154 [INFO] 
==================================================
2026-10-01 18:33:35,154 [INFO] AGENDA SCANNER SUMMARY 
2026-10-01 18:33:35,154 [INFO]   Meeting pages checked: 23
2026-10-01 18:33:35,154 [INFO]   New agendas parsed: 0
2026-10-01 18:33:35,154 [INFO]   Skipped (already processed or no PDF): 23
