2026-09-10 16:36:13,961 [INFO] === Agenda Scanner  — 2026 ===
2026-09-10 16:36:13,962 [INFO] Already processed: 14 agendas
2026-09-10 16:36:13,991 [INFO] Fetching agenda listing page for 2026...
2026-09-10 16:36:19,800 [INFO]   Found 30 meeting page(s) for 2026
2026-09-10 16:36:22,792 [DEBUG]   2026-06-01 Common Council Regular Meeting (2026-06-01): already processed
2026-09-10 16:36:25,723 [DEBUG]   2026-06-01 Common Council Study Session (2026-06-01): already processed
2026-09-10 16:36:28,174 [DEBUG]   2026-05-27 Common Council Special Meeting (2026-05-27): already processed
2026-09-10 16:36:31,089 [DEBUG]   2026-05-27 Common Council Study Session (2026-06-01): already processed
2026-09-10 16:36:34,201 [DEBUG]   2026-05-18 Common Council Regular Meeting (2026-05-18): already processed
2026-09-10 16:36:37,377 [DEBUG]   2026-05-18 Common Council Study Session (2026-05-18): already processed
2026-09-10 16:36:40,076 [DEBUG]   2026-05-13 Common Council Study Session (2026-05-18): already processed
2026-09-10 16:36:42,722 [DEBUG]   2026-05-08 Common Council SPECIAL MEETING (2026-05-08): already processed
2026-09-10 16:36:45,584 [DEBUG]   2026-05-04 Common Council Regular Meeting (2026-05-04): already processed
2026-09-10 16:36:48,284 [DEBUG]   2026-05-04 Common Council Study Session (2026-05-04): already processed
2026-09-10 16:36:50,866 [DEBUG]   2026-04-29 Common Council Study Session (2026-05-04): already processed
2026-09-10 16:36:54,184 [DEBUG]   2026-04-20 Common Council Regular Meeting (2026-04-20): already processed
2026-09-10 16:36:56,819 [DEBUG]   2026-04-20 Common Council Study Session (2026-04-20): already processed
2026-09-10 16:36:59,723 [DEBUG]   2026-04-15 Common Council Study Session (2026-04-20): already processed
2026-09-10 16:37:02,709 [DEBUG]   2026-04-06 Common Council Regular Meeting (2026-04-06): already processed
2026-09-10 16:37:05,656 [DEBUG]   2026-04-06 Common Council Study Session (2026-04-06): already processed
2026-09-10 16:37:08,077 [DEBUG]   2026-04-01 Common Council Study Session (2026-04-06): already processed
2026-09-10 16:37:10,860 [DEBUG]   2026-03-23 Common Council Regular Meeting (2026-03-23): already processed
2026-09-10 16:37:13,517 [DEBUG]   2026-03-23 Common Council Study Session (2026-03-23): already processed
2026-09-10 16:37:16,234 [DEBUG]   2026-03-18 Common Council Study Session (2026-03-23): already processed
2026-09-10 16:37:19,096 [DEBUG]   2026-03-09 Common Council Public Hearing: no agenda PDF found
2026-09-10 16:37:22,167 [DEBUG]   2026-03-09 Common Council Regular Meeting (2026-03-09): already processed
2026-09-10 16:37:25,095 [DEBUG]   2026-03-09 Common Council Study Session (2026-03-09): already processed
2026-09-10 16:37:27,770 [DEBUG]   2026-03-04 Common Council Study Session (2026-03-09): already processed
2026-09-10 16:37:30,838 [DEBUG]   2026-02-23 Common Council Regular Meeting (2026-02-23): already processed
2026-09-10 16:37:33,278 [DEBUG]   2026-02-23 Common Council Study Session (2026-02-23): already processed
2026-09-10 16:37:35,854 [DEBUG]   2026-02-19 Common Council Town Hall: no agenda PDF found
2026-09-10 16:37:38,551 [DEBUG]   2026-02-18 Common Council Study Session (2026-02-23): already processed
2026-09-10 16:37:41,040 [DEBUG]   2026-02-09 Common Council Regular Meeting (2026-02-09): already processed
2026-09-10 16:37:43,877 [DEBUG]   2026-02-09 Common Council Study Session (2026-02-09): already processed
2026-09-10 16:37:43,877 [INFO] 
==================================================
2026-09-10 16:37:43,877 [INFO] AGENDA SCANNER SUMMARY 
2026-09-10 16:37:43,877 [INFO]   Meeting pages checked: 30
2026-09-10 16:37:43,877 [INFO]   New agendas parsed: 0
2026-09-10 16:37:43,877 [INFO]   Skipped (already processed or no PDF): 30
