2026-09-08 16:47:45,163 [INFO] === Agenda Scanner  — 2026 ===
2026-09-08 16:47:45,164 [INFO] Already processed: 14 agendas
2026-09-08 16:47:45,200 [INFO] Fetching agenda listing page for 2026...
2026-09-08 16:47:49,914 [INFO]   Found 30 meeting page(s) for 2026
2026-09-08 16:47:52,682 [DEBUG]   2026-06-01 Common Council Regular Meeting (2026-06-01): already processed
2026-09-08 16:47:55,309 [DEBUG]   2026-06-01 Common Council Study Session (2026-06-01): already processed
2026-09-08 16:47:58,094 [DEBUG]   2026-05-27 Common Council Special Meeting (2026-05-27): already processed
2026-09-08 16:48:00,832 [DEBUG]   2026-05-27 Common Council Study Session (2026-06-01): already processed
2026-09-08 16:48:03,684 [DEBUG]   2026-05-18 Common Council Regular Meeting (2026-05-18): already processed
2026-09-08 16:48:06,531 [DEBUG]   2026-05-18 Common Council Study Session (2026-05-18): already processed
2026-09-08 16:48:09,204 [DEBUG]   2026-05-13 Common Council Study Session (2026-05-18): already processed
2026-09-08 16:48:11,848 [DEBUG]   2026-05-08 Common Council SPECIAL MEETING (2026-05-08): already processed
2026-09-08 16:48:14,413 [DEBUG]   2026-05-04 Common Council Regular Meeting (2026-05-04): already processed
2026-09-08 16:48:17,061 [DEBUG]   2026-05-04 Common Council Study Session (2026-05-04): already processed
2026-09-08 16:48:19,756 [DEBUG]   2026-04-29 Common Council Study Session (2026-05-04): already processed
2026-09-08 16:48:22,370 [DEBUG]   2026-04-20 Common Council Regular Meeting (2026-04-20): already processed
2026-09-08 16:48:25,020 [DEBUG]   2026-04-20 Common Council Study Session (2026-04-20): already processed
2026-09-08 16:48:27,679 [DEBUG]   2026-04-15 Common Council Study Session (2026-04-20): already processed
2026-09-08 16:48:30,419 [DEBUG]   2026-04-06 Common Council Regular Meeting (2026-04-06): already processed
2026-09-08 16:48:33,173 [DEBUG]   2026-04-06 Common Council Study Session (2026-04-06): already processed
2026-09-08 16:48:35,867 [DEBUG]   2026-04-01 Common Council Study Session (2026-04-06): already processed
2026-09-08 16:48:39,235 [DEBUG]   2026-03-23 Common Council Regular Meeting (2026-03-23): already processed
2026-09-08 16:48:41,870 [DEBUG]   2026-03-23 Common Council Study Session (2026-03-23): already processed
2026-09-08 16:48:44,567 [DEBUG]   2026-03-18 Common Council Study Session (2026-03-23): already processed
2026-09-08 16:48:47,169 [DEBUG]   2026-03-09 Common Council Public Hearing: no agenda PDF found
2026-09-08 16:48:49,941 [DEBUG]   2026-03-09 Common Council Regular Meeting (2026-03-09): already processed
2026-09-08 16:48:52,836 [DEBUG]   2026-03-09 Common Council Study Session (2026-03-09): already processed
2026-09-08 16:48:55,576 [DEBUG]   2026-03-04 Common Council Study Session (2026-03-09): already processed
2026-09-08 16:48:58,387 [DEBUG]   2026-02-23 Common Council Regular Meeting (2026-02-23): already processed
2026-09-08 16:49:01,074 [DEBUG]   2026-02-23 Common Council Study Session (2026-02-23): already processed
2026-09-08 16:49:03,725 [DEBUG]   2026-02-19 Common Council Town Hall: no agenda PDF found
2026-09-08 16:49:06,387 [DEBUG]   2026-02-18 Common Council Study Session (2026-02-23): already processed
2026-09-08 16:49:09,093 [DEBUG]   2026-02-09 Common Council Regular Meeting (2026-02-09): already processed
2026-09-08 16:49:11,800 [DEBUG]   2026-02-09 Common Council Study Session (2026-02-09): already processed
2026-09-08 16:49:11,800 [INFO] 
==================================================
2026-09-08 16:49:11,800 [INFO] AGENDA SCANNER SUMMARY 
2026-09-08 16:49:11,800 [INFO]   Meeting pages checked: 30
2026-09-08 16:49:11,800 [INFO]   New agendas parsed: 0
2026-09-08 16:49:11,800 [INFO]   Skipped (already processed or no PDF): 30
