2026-07-28 14:59:44,819 [INFO] === Agenda Scanner  — 2026 ===
2026-07-28 14:59:44,819 [INFO] Already processed: 14 agendas
2026-07-28 14:59:44,850 [INFO] Fetching agenda listing page for 2026...
2026-07-28 14:59:52,517 [INFO]   Found 38 meeting page(s) for 2026
2026-07-28 14:59:55,433 [DEBUG]   2026-06-01 Common Council Regular Meeting (2026-06-01): already processed
2026-07-28 14:59:58,183 [DEBUG]   2026-06-01 Common Council Study Session (2026-06-01): already processed
2026-07-28 15:00:00,831 [DEBUG]   2026-05-27 Common Council Special Meeting (2026-05-27): already processed
2026-07-28 15:00:03,689 [DEBUG]   2026-05-27 Common Council Study Session (2026-06-01): already processed
2026-07-28 15:00:07,932 [DEBUG]   2026-05-18 Common Council Regular Meeting (2026-05-18): already processed
2026-07-28 15:00:11,523 [DEBUG]   2026-05-18 Common Council Study Session (2026-05-18): already processed
2026-07-28 15:00:14,565 [DEBUG]   2026-05-13 Common Council Study Session (2026-05-18): already processed
2026-07-28 15:00:17,754 [DEBUG]   2026-05-08 Common Council SPECIAL MEETING (2026-05-08): already processed
2026-07-28 15:00:20,231 [DEBUG]   2026-05-04 Common Council Regular Meeting (2026-05-04): already processed
2026-07-28 15:00:23,423 [DEBUG]   2026-05-04 Common Council Study Session (2026-05-04): already processed
2026-07-28 15:00:26,448 [DEBUG]   2026-04-29 Common Council Study Session (2026-05-04): already processed
2026-07-28 15:00:29,303 [DEBUG]   2026-04-20 Common Council Regular Meeting (2026-04-20): already processed
2026-07-28 15:00:32,220 [DEBUG]   2026-04-20 Common Council Study Session (2026-04-20): already processed
2026-07-28 15:00:35,499 [DEBUG]   2026-04-15 Common Council Study Session (2026-04-20): already processed
2026-07-28 15:00:38,522 [DEBUG]   2026-04-06 Common Council Regular Meeting (2026-04-06): already processed
2026-07-28 15:00:42,155 [DEBUG]   2026-04-06 Common Council Study Session (2026-04-06): already processed
2026-07-28 15:00:45,127 [DEBUG]   2026-04-01 Common Council Study Session (2026-04-06): already processed
2026-07-28 15:00:48,150 [DEBUG]   2026-03-23 Common Council Regular Meeting (2026-03-23): already processed
2026-07-28 15:00:51,452 [DEBUG]   2026-03-23 Common Council Study Session (2026-03-23): already processed
2026-07-28 15:00:54,231 [DEBUG]   2026-03-18 Common Council Study Session (2026-03-23): already processed
2026-07-28 15:00:57,024 [DEBUG]   2026-03-09 Common Council Public Hearing: no agenda PDF found
2026-07-28 15:01:27,443 [WARNING]   Failed to load meeting page: Page.goto: Timeout 30000ms exceeded.
Call log:
  - navigating to "https://www.syr.gov/Departments/Common-Council/Meetings-and-Agendas/2026/2026-03-09-Common-Council-Regular-Meeting", waiting until "networkidle"

2026-07-28 15:01:27,604 [DEBUG]   2026-03-09 Common Council Regular Meeting: no agenda PDF found
2026-07-28 15:01:30,886 [DEBUG]   2026-03-09 Common Council Study Session (2026-03-09): already processed
2026-07-28 15:01:33,439 [DEBUG]   2026-03-04 Common Council Study Session (2026-03-09): already processed
2026-07-28 15:01:35,892 [DEBUG]   2026-02-23 Common Council Regular Meeting (2026-02-23): already processed
2026-07-28 15:01:38,440 [DEBUG]   2026-02-23 Common Council Study Session (2026-02-23): already processed
2026-07-28 15:01:40,978 [DEBUG]   2026-02-19 Common Council Town Hall: no agenda PDF found
2026-07-28 15:01:43,956 [DEBUG]   2026-02-18 Common Council Study Session (2026-02-23): already processed
2026-07-28 15:01:46,691 [DEBUG]   2026-02-09 Common Council Regular Meeting (2026-02-09): already processed
2026-07-28 15:01:49,953 [DEBUG]   2026-02-09 Common Council Study Session (2026-02-09): already processed
2026-07-28 15:01:53,629 [DEBUG]   2026-02-04 Common Council Study Session (2026-02-09): already processed
2026-07-28 15:01:56,428 [DEBUG]   2026-01-26 Common Council Public Hearing: no agenda PDF found
2026-07-28 15:01:59,319 [DEBUG]   2026-01-26 Common Council Regular Meeting (2026-01-26): already processed
2026-07-28 15:02:01,969 [DEBUG]   2026-01-26 Common Council Study Session (2026-01-26): already processed
2026-07-28 15:02:04,637 [DEBUG]   2026-01-21 Common Council Study Session (2026-01-26): already processed
2026-07-28 15:02:07,616 [DEBUG]   2026-01-12 Common Council Regular Meeting (2026-01-12): already processed
2026-07-28 15:02:10,241 [DEBUG]   2026-01-12 Common Council Study Session (2026-01-12): already processed
2026-07-28 15:02:12,888 [DEBUG]   2026-01-07 Common Council Study Session (2026-01-12): already processed
2026-07-28 15:02:12,888 [INFO] 
==================================================
2026-07-28 15:02:12,888 [INFO] AGENDA SCANNER SUMMARY 
2026-07-28 15:02:12,888 [INFO]   Meeting pages checked: 38
2026-07-28 15:02:12,888 [INFO]   New agendas parsed: 0
2026-07-28 15:02:12,889 [INFO]   Skipped (already processed or no PDF): 38
