2026-08-26 13:35:01,738 [INFO] === Agenda Scanner  — 2026 ===
2026-08-26 13:35:01,738 [INFO] Already processed: 14 agendas
2026-08-26 13:35:01,776 [INFO] Fetching agenda listing page for 2026...
2026-08-26 13:35:08,953 [INFO]   Found 31 meeting page(s) for 2026
2026-08-26 13:35:11,758 [DEBUG]   2026-06-01 Common Council Regular Meeting (2026-06-01): already processed
2026-08-26 13:35:14,616 [DEBUG]   2026-06-01 Common Council Study Session (2026-06-01): already processed
2026-08-26 13:35:17,570 [DEBUG]   2026-05-27 Common Council Special Meeting (2026-05-27): already processed
2026-08-26 13:35:20,368 [DEBUG]   2026-05-27 Common Council Study Session (2026-06-01): already processed
2026-08-26 13:35:23,227 [DEBUG]   2026-05-18 Common Council Regular Meeting (2026-05-18): already processed
2026-08-26 13:35:26,174 [DEBUG]   2026-05-18 Common Council Study Session (2026-05-18): already processed
2026-08-26 13:35:29,448 [DEBUG]   2026-05-13 Common Council Study Session (2026-05-18): already processed
2026-08-26 13:35:32,174 [DEBUG]   2026-05-08 Common Council SPECIAL MEETING (2026-05-08): already processed
2026-08-26 13:35:34,918 [DEBUG]   2026-05-04 Common Council Regular Meeting (2026-05-04): already processed
2026-08-26 13:35:37,531 [DEBUG]   2026-05-04 Common Council Study Session (2026-05-04): already processed
2026-08-26 13:35:40,569 [DEBUG]   2026-04-29 Common Council Study Session (2026-05-04): already processed
2026-08-26 13:35:43,419 [DEBUG]   2026-04-20 Common Council Regular Meeting (2026-04-20): already processed
2026-08-26 13:35:46,548 [DEBUG]   2026-04-20 Common Council Study Session (2026-04-20): already processed
2026-08-26 13:35:49,147 [DEBUG]   2026-04-15 Common Council Study Session (2026-04-20): already processed
2026-08-26 13:35:51,988 [DEBUG]   2026-04-06 Common Council Regular Meeting (2026-04-06): already processed
2026-08-26 13:35:54,718 [DEBUG]   2026-04-06 Common Council Study Session (2026-04-06): already processed
2026-08-26 13:35:57,405 [DEBUG]   2026-04-01 Common Council Study Session (2026-04-06): already processed
2026-08-26 13:36:00,259 [DEBUG]   2026-03-23 Common Council Regular Meeting (2026-03-23): already processed
2026-08-26 13:36:02,903 [DEBUG]   2026-03-23 Common Council Study Session (2026-03-23): already processed
2026-08-26 13:36:05,714 [DEBUG]   2026-03-18 Common Council Study Session (2026-03-23): already processed
2026-08-26 13:36:08,366 [DEBUG]   2026-03-09 Common Council Public Hearing: no agenda PDF found
2026-08-26 13:36:11,157 [DEBUG]   2026-03-09 Common Council Regular Meeting (2026-03-09): already processed
2026-08-26 13:36:14,023 [DEBUG]   2026-03-09 Common Council Study Session (2026-03-09): already processed
2026-08-26 13:36:16,781 [DEBUG]   2026-03-04 Common Council Study Session (2026-03-09): already processed
2026-08-26 13:36:19,798 [DEBUG]   2026-02-23 Common Council Regular Meeting (2026-02-23): already processed
2026-08-26 13:36:22,750 [DEBUG]   2026-02-23 Common Council Study Session (2026-02-23): already processed
2026-08-26 13:36:25,271 [DEBUG]   2026-02-19 Common Council Town Hall: no agenda PDF found
2026-08-26 13:36:27,890 [DEBUG]   2026-02-18 Common Council Study Session (2026-02-23): already processed
2026-08-26 13:36:30,581 [DEBUG]   2026-02-09 Common Council Regular Meeting (2026-02-09): already processed
2026-08-26 13:36:33,427 [DEBUG]   2026-02-09 Common Council Study Session (2026-02-09): already processed
2026-08-26 13:36:36,305 [DEBUG]   2026-02-04 Common Council Study Session (2026-02-09): already processed
2026-08-26 13:36:36,305 [INFO] 
==================================================
2026-08-26 13:36:36,306 [INFO] AGENDA SCANNER SUMMARY 
2026-08-26 13:36:36,306 [INFO]   Meeting pages checked: 31
2026-08-26 13:36:36,306 [INFO]   New agendas parsed: 0
2026-08-26 13:36:36,306 [INFO]   Skipped (already processed or no PDF): 31
