2026-07-25 14:10:22,309 [INFO] === Agenda Scanner  — 2026 ===
2026-07-25 14:10:22,310 [INFO] Already processed: 14 agendas
2026-07-25 14:10:22,345 [INFO] Fetching agenda listing page for 2026...
2026-07-25 14:10:28,379 [INFO]   Found 38 meeting page(s) for 2026
2026-07-25 14:10:31,277 [DEBUG]   2026-06-01 Common Council Regular Meeting (2026-06-01): already processed
2026-07-25 14:10:33,744 [DEBUG]   2026-06-01 Common Council Study Session (2026-06-01): already processed
2026-07-25 14:10:36,650 [DEBUG]   2026-05-27 Common Council Special Meeting (2026-05-27): already processed
2026-07-25 14:10:39,135 [DEBUG]   2026-05-27 Common Council Study Session (2026-06-01): already processed
2026-07-25 14:10:42,119 [DEBUG]   2026-05-18 Common Council Regular Meeting (2026-05-18): already processed
2026-07-25 14:10:45,839 [DEBUG]   2026-05-18 Common Council Study Session (2026-05-18): already processed
2026-07-25 14:10:48,624 [DEBUG]   2026-05-13 Common Council Study Session (2026-05-18): already processed
2026-07-25 14:10:51,519 [DEBUG]   2026-05-08 Common Council SPECIAL MEETING (2026-05-08): already processed
2026-07-25 14:10:54,123 [DEBUG]   2026-05-04 Common Council Regular Meeting (2026-05-04): already processed
2026-07-25 14:10:56,944 [DEBUG]   2026-05-04 Common Council Study Session (2026-05-04): already processed
2026-07-25 14:10:59,941 [DEBUG]   2026-04-29 Common Council Study Session (2026-05-04): already processed
2026-07-25 14:11:02,444 [DEBUG]   2026-04-20 Common Council Regular Meeting (2026-04-20): already processed
2026-07-25 14:11:05,132 [DEBUG]   2026-04-20 Common Council Study Session (2026-04-20): already processed
2026-07-25 14:11:07,635 [DEBUG]   2026-04-15 Common Council Study Session (2026-04-20): already processed
2026-07-25 14:11:10,369 [DEBUG]   2026-04-06 Common Council Regular Meeting (2026-04-06): already processed
2026-07-25 14:11:13,030 [DEBUG]   2026-04-06 Common Council Study Session (2026-04-06): already processed
2026-07-25 14:11:15,605 [DEBUG]   2026-04-01 Common Council Study Session (2026-04-06): already processed
2026-07-25 14:11:18,144 [DEBUG]   2026-03-23 Common Council Regular Meeting (2026-03-23): already processed
2026-07-25 14:11:20,657 [DEBUG]   2026-03-23 Common Council Study Session (2026-03-23): already processed
2026-07-25 14:11:23,691 [DEBUG]   2026-03-18 Common Council Study Session (2026-03-23): already processed
2026-07-25 14:11:26,228 [DEBUG]   2026-03-09 Common Council Public Hearing: no agenda PDF found
2026-07-25 14:11:28,750 [DEBUG]   2026-03-09 Common Council Regular Meeting (2026-03-09): already processed
2026-07-25 14:11:31,442 [DEBUG]   2026-03-09 Common Council Study Session (2026-03-09): already processed
2026-07-25 14:11:33,928 [DEBUG]   2026-03-04 Common Council Study Session (2026-03-09): already processed
2026-07-25 14:11:36,528 [DEBUG]   2026-02-23 Common Council Regular Meeting (2026-02-23): already processed
2026-07-25 14:11:39,169 [DEBUG]   2026-02-23 Common Council Study Session (2026-02-23): already processed
2026-07-25 14:11:41,772 [DEBUG]   2026-02-19 Common Council Town Hall: no agenda PDF found
2026-07-25 14:11:44,266 [DEBUG]   2026-02-18 Common Council Study Session (2026-02-23): already processed
2026-07-25 14:11:46,979 [DEBUG]   2026-02-09 Common Council Regular Meeting (2026-02-09): already processed
2026-07-25 14:11:49,665 [DEBUG]   2026-02-09 Common Council Study Session (2026-02-09): already processed
2026-07-25 14:11:52,282 [DEBUG]   2026-02-04 Common Council Study Session (2026-02-09): already processed
2026-07-25 14:11:54,989 [DEBUG]   2026-01-26 Common Council Public Hearing: no agenda PDF found
2026-07-25 14:11:57,476 [DEBUG]   2026-01-26 Common Council Regular Meeting (2026-01-26): already processed
2026-07-25 14:12:00,194 [DEBUG]   2026-01-26 Common Council Study Session (2026-01-26): already processed
2026-07-25 14:12:02,746 [DEBUG]   2026-01-21 Common Council Study Session (2026-01-26): already processed
2026-07-25 14:12:05,281 [DEBUG]   2026-01-12 Common Council Regular Meeting (2026-01-12): already processed
2026-07-25 14:12:07,994 [DEBUG]   2026-01-12 Common Council Study Session (2026-01-12): already processed
2026-07-25 14:12:10,572 [DEBUG]   2026-01-07 Common Council Study Session (2026-01-12): already processed
2026-07-25 14:12:10,572 [INFO] 
==================================================
2026-07-25 14:12:10,572 [INFO] AGENDA SCANNER SUMMARY 
2026-07-25 14:12:10,572 [INFO]   Meeting pages checked: 38
2026-07-25 14:12:10,572 [INFO]   New agendas parsed: 0
2026-07-25 14:12:10,572 [INFO]   Skipped (already processed or no PDF): 38
