2026-09-18 16:38:23,626 [INFO] === Agenda Scanner  — 2026 ===
2026-09-18 16:38:23,626 [INFO] Already processed: 14 agendas
2026-09-18 16:38:23,653 [INFO] Fetching agenda listing page for 2026...
2026-09-18 16:38:30,756 [INFO]   Found 23 meeting page(s) for 2026
2026-09-18 16:38:33,550 [DEBUG]   2026-06-01 Common Council Regular Meeting (2026-06-01): already processed
2026-09-18 16:38:36,289 [DEBUG]   2026-06-01 Common Council Study Session (2026-06-01): already processed
2026-09-18 16:38:39,017 [DEBUG]   2026-05-27 Common Council Special Meeting (2026-05-27): already processed
2026-09-18 16:38:41,776 [DEBUG]   2026-05-27 Common Council Study Session (2026-06-01): already processed
2026-09-18 16:38:44,466 [DEBUG]   2026-05-18 Common Council Regular Meeting (2026-05-18): already processed
2026-09-18 16:38:47,095 [DEBUG]   2026-05-18 Common Council Study Session (2026-05-18): already processed
2026-09-18 16:38:49,746 [DEBUG]   2026-05-13 Common Council Study Session (2026-05-18): already processed
2026-09-18 16:38:52,214 [DEBUG]   2026-05-08 Common Council SPECIAL MEETING (2026-05-08): already processed
2026-09-18 16:38:54,718 [DEBUG]   2026-05-04 Common Council Regular Meeting (2026-05-04): already processed
2026-09-18 16:38:57,494 [DEBUG]   2026-05-04 Common Council Study Session (2026-05-04): already processed
2026-09-18 16:39:00,179 [DEBUG]   2026-04-29 Common Council Study Session (2026-05-04): already processed
2026-09-18 16:39:02,663 [DEBUG]   2026-04-20 Common Council Regular Meeting (2026-04-20): already processed
2026-09-18 16:39:05,157 [DEBUG]   2026-04-20 Common Council Study Session (2026-04-20): already processed
2026-09-18 16:39:08,015 [DEBUG]   2026-04-15 Common Council Study Session (2026-04-20): already processed
2026-09-18 16:39:10,820 [DEBUG]   2026-04-06 Common Council Regular Meeting (2026-04-06): already processed
2026-09-18 16:39:13,532 [DEBUG]   2026-04-06 Common Council Study Session (2026-04-06): already processed
2026-09-18 16:39:16,005 [DEBUG]   2026-04-01 Common Council Study Session (2026-04-06): already processed
2026-09-18 16:39:18,767 [DEBUG]   2026-03-23 Common Council Regular Meeting (2026-03-23): already processed
2026-09-18 16:39:21,582 [DEBUG]   2026-03-23 Common Council Study Session (2026-03-23): already processed
2026-09-18 16:39:24,434 [DEBUG]   2026-03-18 Common Council Study Session (2026-03-23): already processed
2026-09-18 16:39:27,244 [DEBUG]   2026-03-09 Common Council Public Hearing: no agenda PDF found
2026-09-18 16:39:29,961 [DEBUG]   2026-03-09 Common Council Regular Meeting (2026-03-09): already processed
2026-09-18 16:39:32,495 [DEBUG]   2026-03-09 Common Council Study Session (2026-03-09): already processed
2026-09-18 16:39:32,495 [INFO] 
==================================================
2026-09-18 16:39:32,495 [INFO] AGENDA SCANNER SUMMARY 
2026-09-18 16:39:32,495 [INFO]   Meeting pages checked: 23
2026-09-18 16:39:32,495 [INFO]   New agendas parsed: 0
2026-09-18 16:39:32,495 [INFO]   Skipped (already processed or no PDF): 23
