2026-10-03 16:36:03,863 [INFO] === Agenda Scanner  — 2026 ===
2026-10-03 16:36:03,864 [INFO] Already processed: 14 agendas
2026-10-03 16:36:03,891 [INFO] Fetching agenda listing page for 2026...
2026-10-03 16:36:09,953 [INFO]   Found 23 meeting page(s) for 2026
2026-10-03 16:36:12,542 [DEBUG]   Common Council Regular Meeting: no agenda PDF found
2026-10-03 16:36:15,203 [DEBUG]   Common Council Study Session: no agenda PDF found
2026-10-03 16:36:17,740 [DEBUG]   Common Council Study Session: no agenda PDF found
2026-10-03 16:36:20,346 [DEBUG]   2026-06-01 Common Council Regular Meeting (2026-06-01): already processed
2026-10-03 16:36:23,673 [DEBUG]   2026-06-01 Common Council Study Session (2026-06-01): already processed
2026-10-03 16:36:26,541 [DEBUG]   2026-05-27 Common Council Special Meeting (2026-05-27): already processed
2026-10-03 16:36:29,369 [DEBUG]   2026-05-27 Common Council Study Session (2026-06-01): already processed
2026-10-03 16:36:31,960 [DEBUG]   2026-05-18 Common Council Regular Meeting (2026-05-18): already processed
2026-10-03 16:36:34,746 [DEBUG]   2026-05-18 Common Council Study Session (2026-05-18): already processed
2026-10-03 16:36:37,451 [DEBUG]   2026-05-13 Common Council Study Session (2026-05-18): already processed
2026-10-03 16:36:40,034 [DEBUG]   2026-05-08 Common Council SPECIAL MEETING (2026-05-08): already processed
2026-10-03 16:36:42,752 [DEBUG]   2026-05-04 Common Council Regular Meeting (2026-05-04): already processed
2026-10-03 16:36:45,613 [DEBUG]   2026-05-04 Common Council Study Session (2026-05-04): already processed
2026-10-03 16:36:48,441 [DEBUG]   2026-04-29 Common Council Study Session (2026-05-04): already processed
2026-10-03 16:36:51,475 [DEBUG]   2026-04-20 Common Council Regular Meeting (2026-04-20): already processed
2026-10-03 16:36:54,647 [DEBUG]   2026-04-20 Common Council Study Session (2026-04-20): already processed
2026-10-03 16:36:57,438 [DEBUG]   2026-04-15 Common Council Study Session (2026-04-20): already processed
2026-10-03 16:37:00,143 [DEBUG]   2026-04-06 Common Council Regular Meeting (2026-04-06): already processed
2026-10-03 16:37:02,770 [DEBUG]   2026-04-06 Common Council Study Session (2026-04-06): already processed
2026-10-03 16:37:05,149 [DEBUG]   2026-04-01 Common Council Study Session (2026-04-06): already processed
2026-10-03 16:37:07,858 [DEBUG]   2026-03-23 Common Council Regular Meeting (2026-03-23): already processed
2026-10-03 16:37:10,720 [DEBUG]   2026-03-23 Common Council Study Session (2026-03-23): already processed
2026-10-03 16:37:13,357 [DEBUG]   2026-03-18 Common Council Study Session (2026-03-23): already processed
2026-10-03 16:37:13,357 [INFO] 
==================================================
2026-10-03 16:37:13,357 [INFO] AGENDA SCANNER SUMMARY 
2026-10-03 16:37:13,357 [INFO]   Meeting pages checked: 23
2026-10-03 16:37:13,357 [INFO]   New agendas parsed: 0
2026-10-03 16:37:13,357 [INFO]   Skipped (already processed or no PDF): 23
