2026-09-25 17:26:32,775 [INFO] === Agenda Scanner  — 2026 ===
2026-09-25 17:26:32,776 [INFO] Already processed: 14 agendas
2026-09-25 17:26:32,811 [INFO] Fetching agenda listing page for 2026...
2026-09-25 17:26:38,784 [INFO]   Found 23 meeting page(s) for 2026
2026-09-25 17:26:41,533 [DEBUG]   Common Council Regular Meeting: no agenda PDF found
2026-09-25 17:26:44,247 [DEBUG]   Common Council Study Session: no agenda PDF found
2026-09-25 17:26:47,282 [DEBUG]   Common Council Study Session: no agenda PDF found
2026-09-25 17:26:50,024 [DEBUG]   2026-06-01 Common Council Regular Meeting (2026-06-01): already processed
2026-09-25 17:26:52,798 [DEBUG]   2026-06-01 Common Council Study Session (2026-06-01): already processed
2026-09-25 17:26:56,183 [DEBUG]   2026-05-27 Common Council Special Meeting (2026-05-27): already processed
2026-09-25 17:26:59,192 [DEBUG]   2026-05-27 Common Council Study Session (2026-06-01): already processed
2026-09-25 17:27:02,169 [DEBUG]   2026-05-18 Common Council Regular Meeting (2026-05-18): already processed
2026-09-25 17:27:04,935 [DEBUG]   2026-05-18 Common Council Study Session (2026-05-18): already processed
2026-09-25 17:27:07,648 [DEBUG]   2026-05-13 Common Council Study Session (2026-05-18): already processed
2026-09-25 17:27:10,298 [DEBUG]   2026-05-08 Common Council SPECIAL MEETING (2026-05-08): already processed
2026-09-25 17:27:13,095 [DEBUG]   2026-05-04 Common Council Regular Meeting (2026-05-04): already processed
2026-09-25 17:27:16,483 [DEBUG]   2026-05-04 Common Council Study Session (2026-05-04): already processed
2026-09-25 17:27:19,156 [DEBUG]   2026-04-29 Common Council Study Session (2026-05-04): already processed
2026-09-25 17:27:21,986 [DEBUG]   2026-04-20 Common Council Regular Meeting (2026-04-20): already processed
2026-09-25 17:27:24,985 [DEBUG]   2026-04-20 Common Council Study Session (2026-04-20): already processed
2026-09-25 17:27:27,706 [DEBUG]   2026-04-15 Common Council Study Session (2026-04-20): already processed
2026-09-25 17:27:30,402 [DEBUG]   2026-04-06 Common Council Regular Meeting (2026-04-06): already processed
2026-09-25 17:27:33,051 [DEBUG]   2026-04-06 Common Council Study Session (2026-04-06): already processed
2026-09-25 17:27:35,795 [DEBUG]   2026-04-01 Common Council Study Session (2026-04-06): already processed
2026-09-25 17:27:38,515 [DEBUG]   2026-03-23 Common Council Regular Meeting (2026-03-23): already processed
2026-09-25 17:27:41,427 [DEBUG]   2026-03-23 Common Council Study Session (2026-03-23): already processed
2026-09-25 17:27:44,075 [DEBUG]   2026-03-18 Common Council Study Session (2026-03-23): already processed
2026-09-25 17:27:44,076 [INFO] 
==================================================
2026-09-25 17:27:44,076 [INFO] AGENDA SCANNER SUMMARY 
2026-09-25 17:27:44,076 [INFO]   Meeting pages checked: 23
2026-09-25 17:27:44,076 [INFO]   New agendas parsed: 0
2026-09-25 17:27:44,076 [INFO]   Skipped (already processed or no PDF): 23
