2026-10-08 18:57:50,199 [INFO] === Agenda Scanner  — 2026 ===
2026-10-08 18:57:50,200 [INFO] Already processed: 14 agendas
2026-10-08 18:57:50,223 [INFO] Fetching agenda listing page for 2026...
2026-10-08 18:57:57,696 [INFO]   Found 23 meeting page(s) for 2026
2026-10-08 18:58:00,437 [DEBUG]   Common Council Regular Meeting: no agenda PDF found
2026-10-08 18:58:03,262 [DEBUG]   Common Council Study Session: no agenda PDF found
2026-10-08 18:58:05,515 [DEBUG]   Common Council Study Session: no agenda PDF found
2026-10-08 18:58:08,334 [DEBUG]   2026-06-01 Common Council Regular Meeting (2026-06-01): already processed
2026-10-08 18:58:11,047 [DEBUG]   2026-06-01 Common Council Study Session (2026-06-01): already processed
2026-10-08 18:58:13,845 [DEBUG]   2026-05-27 Common Council Special Meeting (2026-05-27): already processed
2026-10-08 18:58:16,558 [DEBUG]   2026-05-27 Common Council Study Session (2026-06-01): already processed
2026-10-08 18:58:18,774 [DEBUG]   2026-05-18 Common Council Regular Meeting (2026-05-18): already processed
2026-10-08 18:58:21,039 [DEBUG]   2026-05-18 Common Council Study Session (2026-05-18): already processed
2026-10-08 18:58:23,286 [DEBUG]   2026-05-13 Common Council Study Session (2026-05-18): already processed
2026-10-08 18:58:25,460 [DEBUG]   2026-05-08 Common Council SPECIAL MEETING (2026-05-08): already processed
2026-10-08 18:58:27,761 [DEBUG]   2026-05-04 Common Council Regular Meeting (2026-05-04): already processed
2026-10-08 18:58:30,385 [DEBUG]   2026-05-04 Common Council Study Session (2026-05-04): already processed
2026-10-08 18:58:33,296 [DEBUG]   2026-04-29 Common Council Study Session (2026-05-04): already processed
2026-10-08 18:58:36,187 [DEBUG]   2026-04-20 Common Council Regular Meeting (2026-04-20): already processed
2026-10-08 18:58:38,529 [DEBUG]   2026-04-20 Common Council Study Session (2026-04-20): already processed
2026-10-08 18:58:41,163 [DEBUG]   2026-04-15 Common Council Study Session (2026-04-20): already processed
2026-10-08 18:58:43,451 [DEBUG]   2026-04-06 Common Council Regular Meeting (2026-04-06): already processed
2026-10-08 18:58:46,532 [DEBUG]   2026-04-06 Common Council Study Session (2026-04-06): already processed
2026-10-08 18:58:49,082 [DEBUG]   2026-04-01 Common Council Study Session (2026-04-06): already processed
2026-10-08 18:58:51,782 [DEBUG]   2026-03-23 Common Council Regular Meeting (2026-03-23): already processed
2026-10-08 18:58:54,486 [DEBUG]   2026-03-23 Common Council Study Session (2026-03-23): already processed
2026-10-08 18:58:56,778 [DEBUG]   2026-03-18 Common Council Study Session (2026-03-23): already processed
2026-10-08 18:58:56,778 [INFO] 
==================================================
2026-10-08 18:58:56,778 [INFO] AGENDA SCANNER SUMMARY 
2026-10-08 18:58:56,778 [INFO]   Meeting pages checked: 23
2026-10-08 18:58:56,778 [INFO]   New agendas parsed: 0
2026-10-08 18:58:56,778 [INFO]   Skipped (already processed or no PDF): 23
