2026-10-08 18:50:07,038 [INFO] ============================================================
2026-10-08 18:50:07,038 [INFO] Website Monitor starting
2026-10-08 18:50:08,579 [INFO] Scanning: News (https://www.syr.gov/News)
2026-10-08 18:50:08,579 [INFO]   Navigating to https://www.syr.gov/News
2026-10-08 18:50:13,299 [INFO]   Found 9 article links in News
2026-10-08 18:50:18,300 [DEBUG]   Fetching: https://www.syr.gov/News/Traffic-Infrastructure-News/Traffic-Infrastructure-2026/2026-10-08-infostructure-news-11AM
2026-10-08 18:50:30,583 [WARNING]     Tag issue: Unknown tag 'maintenance' not in taxonomy
2026-10-08 18:50:30,591 [INFO]     Saved: CTX-WEB-2026-00178 → CTX-WEB-2026-00178.json
2026-10-08 18:50:30,591 [INFO] Scanning: Announcements (https://www.syr.gov/Announcements)
2026-10-08 18:50:30,591 [INFO]   Navigating to https://www.syr.gov/Announcements
2026-10-08 18:50:33,639 [INFO]   Found 0 article links in Announcements
2026-10-08 18:50:38,639 [INFO] Scanning: Public Notices (https://www.syr.gov/Public-Notices)
2026-10-08 18:50:38,639 [INFO]   Navigating to https://www.syr.gov/Public-Notices
2026-10-08 18:50:41,732 [INFO]   Found 0 article links in Public Notices
2026-10-08 18:50:46,767 [INFO] Website Monitor Run — 2026-10-08 18:50
==================================================
Sections scanned: 3
New pages found: 1
Saved as records: 1
Already processed: 8
Errors: 0

New records:
  • Water Department to Conduct Scheduled Maintenance on Water Main Valves

