2026-07-31 14:32:55,030 [INFO] ============================================================
2026-07-31 14:32:55,030 [INFO] Website Monitor starting
2026-07-31 14:32:55,521 [INFO] Scanning: News (https://www.syr.gov/News)
2026-07-31 14:32:55,521 [INFO]   Navigating to https://www.syr.gov/News
2026-07-31 14:33:00,534 [INFO]   Found 10 article links in News
2026-07-31 14:33:05,534 [DEBUG]   Fetching: https://www.syr.gov/News/Parks-News/Parks-2026/2026-07-28-Parks-News
2026-07-31 14:33:18,732 [INFO]     Saved: CTX-WEB-2026-00164 → CTX-WEB-2026-00164.json
2026-07-31 14:33:18,732 [INFO] Scanning: Announcements (https://www.syr.gov/Announcements)
2026-07-31 14:33:18,732 [INFO]   Navigating to https://www.syr.gov/Announcements
2026-07-31 14:33:22,017 [INFO]   Found 0 article links in Announcements
2026-07-31 14:33:27,017 [INFO] Scanning: Public Notices (https://www.syr.gov/Public-Notices)
2026-07-31 14:33:27,017 [INFO]   Navigating to https://www.syr.gov/Public-Notices
2026-07-31 14:33:30,223 [INFO]   Found 0 article links in Public Notices
2026-07-31 14:33:35,268 [INFO] Website Monitor Run — 2026-07-31 14:33
==================================================
Sections scanned: 3
New pages found: 1
Saved as records: 1
Already processed: 9
Errors: 0

New records:
  • City Parks Announces Pass Arboretum Accreditation

