2026-08-10 13:42:01,853 [INFO] ============================================================
2026-08-10 13:42:01,853 [INFO] Website Monitor starting
2026-08-10 13:42:02,474 [INFO] Scanning: News (https://www.syr.gov/News)
2026-08-10 13:42:02,474 [INFO]   Navigating to https://www.syr.gov/News
2026-08-10 13:42:07,098 [INFO]   Found 10 article links in News
2026-08-10 13:42:12,098 [DEBUG]   Fetching: https://www.syr.gov/News/City-News/City-2026/2026-08-10-Mayors-Office-News-930AM
2026-08-10 13:42:26,189 [WARNING]     Tag issue: Unknown tag 'safety-culture' not in taxonomy
2026-08-10 13:42:26,200 [INFO]     Saved: CTX-WEB-2026-00167 → CTX-WEB-2026-00167.json
2026-08-10 13:42:26,200 [INFO] Scanning: Announcements (https://www.syr.gov/Announcements)
2026-08-10 13:42:26,200 [INFO]   Navigating to https://www.syr.gov/Announcements
2026-08-10 13:42:29,513 [INFO]   Found 0 article links in Announcements
2026-08-10 13:42:34,513 [INFO] Scanning: Public Notices (https://www.syr.gov/Public-Notices)
2026-08-10 13:42:34,513 [INFO]   Navigating to https://www.syr.gov/Public-Notices
2026-08-10 13:42:37,674 [INFO]   Found 0 article links in Public Notices
2026-08-10 13:42:42,723 [INFO] Website Monitor Run — 2026-08-10 13:42
==================================================
Sections scanned: 3
New pages found: 1
Saved as records: 1
Already processed: 9
Errors: 0

New records:
  • City Sees Improvements in Employee Safety Through Various Initiatives

