2026-08-21 13:09:20,712 [INFO] ============================================================
2026-08-21 13:09:20,712 [INFO] Website Monitor starting
2026-08-21 13:09:21,318 [INFO] Scanning: News (https://www.syr.gov/News)
2026-08-21 13:09:21,318 [INFO]   Navigating to https://www.syr.gov/News
2026-08-21 13:09:28,098 [INFO]   Found 10 article links in News
2026-08-21 13:09:33,098 [DEBUG]   Fetching: https://www.syr.gov/News/Traffic-Infrastructure-News/Traffic-Infrastructure-2026/2026-08-20-Infrastructure-News-3-PM
2026-08-21 13:09:46,487 [INFO]     Saved: CTX-WEB-2026-00168 → CTX-WEB-2026-00168.json
2026-08-21 13:09:46,488 [INFO] Scanning: Announcements (https://www.syr.gov/Announcements)
2026-08-21 13:09:46,488 [INFO]   Navigating to https://www.syr.gov/Announcements
2026-08-21 13:09:49,843 [INFO]   Found 0 article links in Announcements
2026-08-21 13:09:54,843 [INFO] Scanning: Public Notices (https://www.syr.gov/Public-Notices)
2026-08-21 13:09:54,843 [INFO]   Navigating to https://www.syr.gov/Public-Notices
2026-08-21 13:09:58,209 [INFO]   Found 0 article links in Public Notices
2026-08-21 13:10:03,249 [INFO] Website Monitor Run — 2026-08-21 13:10
==================================================
Sections scanned: 3
New pages found: 1
Saved as records: 1
Already processed: 9
Errors: 0

New records:
  • Syracuse Meets EPA Lead Standard for the 4th Consecutive Period

