2026-09-12 15:30:09,712 [INFO] ============================================================
2026-09-12 15:30:09,713 [INFO] Website Monitor starting
2026-09-12 15:30:10,202 [INFO] Scanning: News (https://www.syr.gov/News)
2026-09-12 15:30:10,202 [INFO]   Navigating to https://www.syr.gov/News
2026-09-12 15:30:14,821 [INFO]   Found 10 article links in News
2026-09-12 15:30:19,821 [DEBUG]   Fetching: https://www.syr.gov/News/Traffic-Infrastructure-News/Traffic-Infrastructure-2026/2026-09-11-Infrastructure-News-215-PM
2026-09-12 15:30:29,886 [INFO]     Saved: CTX-WEB-2026-00173 → CTX-WEB-2026-00173.json
2026-09-12 15:30:29,886 [INFO] Scanning: Announcements (https://www.syr.gov/Announcements)
2026-09-12 15:30:29,887 [INFO]   Navigating to https://www.syr.gov/Announcements
2026-09-12 15:30:33,151 [INFO]   Found 0 article links in Announcements
2026-09-12 15:30:38,151 [INFO] Scanning: Public Notices (https://www.syr.gov/Public-Notices)
2026-09-12 15:30:38,152 [INFO]   Navigating to https://www.syr.gov/Public-Notices
2026-09-12 15:30:41,420 [INFO]   Found 0 article links in Public Notices
2026-09-12 15:30:46,457 [INFO] Website Monitor Run — 2026-09-12 15:30
==================================================
Sections scanned: 3
New pages found: 1
Saved as records: 1
Already processed: 9
Errors: 0

New records:
  • Department of Engineering Announces Northbound Lane Closure

